[2025-08-28T13:41:56.760+0000][1099278][info][gc,init] CardTable entry size: 512
[2025-08-28T13:41:56.760+0000][1099278][info][gc     ] Using G1
[2025-08-28T13:41:56.770+0000][1099278][info][gc,init] Version: 21.0.2+13-58 (release)
[2025-08-28T13:41:56.770+0000][1099278][info][gc,init] CPUs: 48 total, 48 available
[2025-08-28T13:41:56.770+0000][1099278][info][gc,init] Memory: 377G
[2025-08-28T13:41:56.770+0000][1099278][info][gc,init] Large Page Support: Disabled
[2025-08-28T13:41:56.770+0000][1099278][info][gc,init] NUMA Support: Disabled
[2025-08-28T13:41:56.770+0000][1099278][info][gc,init] Compressed Oops: Enabled (32-bit)
[2025-08-28T13:41:56.770+0000][1099278][info][gc,init] Heap Region Size: 4M
[2025-08-28T13:41:56.770+0000][1099278][info][gc,init] Heap Min Capacity: 512M
[2025-08-28T13:41:56.770+0000][1099278][info][gc,init] Heap Initial Capacity: 512M
[2025-08-28T13:41:56.770+0000][1099278][info][gc,init] Heap Max Capacity: 512M
[2025-08-28T13:41:56.770+0000][1099278][info][gc,init] Pre-touch: Enabled
[2025-08-28T13:41:56.770+0000][1099278][info][gc,init] Parallel Workers: 33
[2025-08-28T13:41:56.770+0000][1099278][info][gc,init] Concurrent Workers: 8
[2025-08-28T13:41:56.770+0000][1099278][info][gc,init] Concurrent Refinement Workers: 33
[2025-08-28T13:41:56.770+0000][1099278][info][gc,init] Periodic GC: Disabled
[2025-08-28T13:41:56.776+0000][1099278][info][gc,metaspace] CDS archive(s) mapped at: [0x000014d127000000-0x000014d127ca6000-0x000014d127ca6000), size 13262848, SharedBaseAddress: 0x000014d127000000, ArchiveRelocationMode: 1.
[2025-08-28T13:41:56.776+0000][1099278][info][gc,metaspace] Compressed class space mapped at: 0x000014d128000000-0x000014d168000000, reserved size: 1073741824
[2025-08-28T13:41:56.776+0000][1099278][info][gc,metaspace] Narrow klass base: 0x000014d127000000, Narrow klass shift: 0, Narrow klass range: 0x100000000
[2025-08-28T13:41:56.878+0000][1099278][info][gc,start    ] GC(0) Pause Young (Normal) (G1 Evacuation Pause)
[2025-08-28T13:41:56.878+0000][1099278][info][gc,task     ] GC(0) Using 12 workers of 33 for evacuation
[2025-08-28T13:41:56.878+0000][1099278][debug][gc,age      ] GC(0) Desired survivor size 2097152 bytes, new threshold 15 (max threshold 15)
[2025-08-28T13:41:56.878+0000][1099278][info ][gc,phases   ] GC(0)   Pre Evacuate Collection Set: 0.1ms
[2025-08-28T13:41:56.878+0000][1099278][info ][gc,phases   ] GC(0)   Merge Heap Roots: 0.0ms
[2025-08-28T13:41:56.878+0000][1099278][info ][gc,phases   ] GC(0)   Evacuate Collection Set: 0.3ms
[2025-08-28T13:41:56.878+0000][1099278][info ][gc,phases   ] GC(0)   Post Evacuate Collection Set: 0.2ms
[2025-08-28T13:41:56.878+0000][1099278][info ][gc,phases   ] GC(0)   Other: 0.0ms
[2025-08-28T13:41:56.878+0000][1099278][trace][gc,age      ] GC(0) Age table with threshold 15 (max threshold 15)
[2025-08-28T13:41:56.878+0000][1099278][trace][gc,age      ] GC(0) - age   1:     760992 bytes,     760992 total
[2025-08-28T13:41:56.879+0000][1099278][info ][gc,heap     ] GC(0) Eden regions: 6->0(23)
[2025-08-28T13:41:56.879+0000][1099278][info ][gc,heap     ] GC(0) Survivor regions: 0->1(1)
[2025-08-28T13:41:56.879+0000][1099278][info ][gc,heap     ] GC(0) Old regions: 1->1
[2025-08-28T13:41:56.879+0000][1099278][info ][gc,heap     ] GC(0) Humongous regions: 0->0
[2025-08-28T13:41:56.879+0000][1099278][info ][gc,metaspace] GC(0) Metaspace: 891K(1024K)->891K(1024K) NonClass: 830K(896K)->830K(896K) Class: 60K(128K)->60K(128K)
[2025-08-28T13:41:56.879+0000][1099278][info ][gc          ] GC(0) Pause Young (Normal) (G1 Evacuation Pause) 24M->2M(512M) 0.816ms
[2025-08-28T13:41:56.879+0000][1099278][info ][gc,cpu      ] GC(0) User=0.00s Sys=0.00s Real=0.00s
[2025-08-28T13:41:56.879+0000][1099278][info ][safepoint   ] Safepoint "G1CollectForAllocation", Time since last: 98396355 ns, Reaching safepoint: 3916 ns, Cleanup: 126229 ns, At safepoint: 862046 ns, Total: 992191 ns
[2025-08-28T13:41:57.019+0000][1099278][info ][safepoint   ] Safepoint "ICBufferFull", Time since last: 140799181 ns, Reaching safepoint: 5117 ns, Cleanup: 136265 ns, At safepoint: 6119 ns, Total: 147501 ns
[2025-08-28T13:41:57.172+0000][1099278][info ][safepoint   ] Safepoint "ICBufferFull", Time since last: 151961734 ns, Reaching safepoint: 3546 ns, Cleanup: 165558 ns, At safepoint: 1533 ns, Total: 170637 ns
[2025-08-28T13:41:57.333+0000][1099278][info ][safepoint   ] Safepoint "ICBufferFull", Time since last: 161519085 ns, Reaching safepoint: 4177 ns, Cleanup: 153650 ns, At safepoint: 1433 ns, Total: 159260 ns
[2025-08-28T13:41:57.467+0000][1099278][info ][safepoint   ] Safepoint "ICBufferFull", Time since last: 133250648 ns, Reaching safepoint: 71527 ns, Cleanup: 160471 ns, At safepoint: 5629 ns, Total: 237627 ns
[2025-08-28T13:41:57.663+0000][1099278][info ][gc,start    ] GC(1) Pause Young (Normal) (G1 Evacuation Pause)
[2025-08-28T13:41:57.663+0000][1099278][info ][gc,task     ] GC(1) Using 12 workers of 33 for evacuation
[2025-08-28T13:41:57.663+0000][1099278][debug][gc,age      ] GC(1) Desired survivor size 6291456 bytes, new threshold 15 (max threshold 15)
[2025-08-28T13:41:57.667+0000][1099278][info ][gc,phases   ] GC(1)   Pre Evacuate Collection Set: 0.1ms
[2025-08-28T13:41:57.667+0000][1099278][info ][gc,phases   ] GC(1)   Merge Heap Roots: 0.0ms
[2025-08-28T13:41:57.667+0000][1099278][info ][gc,phases   ] GC(1)   Evacuate Collection Set: 3.0ms
[2025-08-28T13:41:57.667+0000][1099278][info ][gc,phases   ] GC(1)   Post Evacuate Collection Set: 0.7ms
[2025-08-28T13:41:57.667+0000][1099278][info ][gc,phases   ] GC(1)   Other: 0.0ms
[2025-08-28T13:41:57.667+0000][1099278][trace][gc,age      ] GC(1) Age table with threshold 15 (max threshold 15)
[2025-08-28T13:41:57.667+0000][1099278][trace][gc,age      ] GC(1) - age   1:    8459216 bytes,    8459216 total
[2025-08-28T13:41:57.667+0000][1099278][trace][gc,age      ] GC(1) - age   2:     741192 bytes,    9200408 total
[2025-08-28T13:41:57.667+0000][1099278][info ][gc,heap     ] GC(1) Eden regions: 23->0(24)
[2025-08-28T13:41:57.667+0000][1099278][info ][gc,heap     ] GC(1) Survivor regions: 1->3(3)
[2025-08-28T13:41:57.667+0000][1099278][info ][gc,heap     ] GC(1) Old regions: 1->1
[2025-08-28T13:41:57.667+0000][1099278][info ][gc,heap     ] GC(1) Humongous regions: 0->0
[2025-08-28T13:41:57.667+0000][1099278][info ][gc,metaspace] GC(1) Metaspace: 20338K(20928K)->20338K(20928K) NonClass: 18068K(18432K)->18068K(18432K) Class: 2270K(2496K)->2270K(2496K)
[2025-08-28T13:41:57.667+0000][1099278][info ][gc          ] GC(1) Pause Young (Normal) (G1 Evacuation Pause) 94M->10M(512M) 3.955ms
[2025-08-28T13:41:57.667+0000][1099278][info ][gc,cpu      ] GC(1) User=0.04s Sys=0.00s Real=0.00s
[2025-08-28T13:41:57.667+0000][1099278][info ][safepoint   ] Safepoint "G1CollectForAllocation", Time since last: 195656051 ns, Reaching safepoint: 4998 ns, Cleanup: 148603 ns, At safepoint: 4004157 ns, Total: 4157758 ns
[2025-08-28T13:41:57.830+0000][1099278][info ][safepoint   ] Safepoint "ICBufferFull", Time since last: 163649426 ns, Reaching safepoint: 4888 ns, Cleanup: 172269 ns, At safepoint: 5448 ns, Total: 182605 ns
[2025-08-28T13:41:57.833+0000][1099278][info ][gc,start    ] GC(2) Pause Young (Concurrent Start) (Metadata GC Threshold)
[2025-08-28T13:41:57.833+0000][1099278][info ][gc,task     ] GC(2) Using 12 workers of 33 for evacuation
[2025-08-28T13:41:57.833+0000][1099278][debug][gc,age      ] GC(2) Desired survivor size 8388608 bytes, new threshold 1 (max threshold 15)
[2025-08-28T13:41:57.837+0000][1099278][info ][gc,phases   ] GC(2)   Pre Evacuate Collection Set: 0.2ms
[2025-08-28T13:41:57.837+0000][1099278][info ][gc,phases   ] GC(2)   Merge Heap Roots: 0.0ms
[2025-08-28T13:41:57.837+0000][1099278][info ][gc,phases   ] GC(2)   Evacuate Collection Set: 2.6ms
[2025-08-28T13:41:57.837+0000][1099278][info ][gc,phases   ] GC(2)   Post Evacuate Collection Set: 0.5ms
[2025-08-28T13:41:57.837+0000][1099278][info ][gc,phases   ] GC(2)   Other: 0.1ms
[2025-08-28T13:41:57.837+0000][1099278][trace][gc,age      ] GC(2) Age table with threshold 1 (max threshold 15)
[2025-08-28T13:41:57.837+0000][1099278][trace][gc,age      ] GC(2) - age   1:     929592 bytes,     929592 total
[2025-08-28T13:41:57.837+0000][1099278][info ][gc,heap     ] GC(2) Eden regions: 14->0(29)
[2025-08-28T13:41:57.837+0000][1099278][info ][gc,heap     ] GC(2) Survivor regions: 3->1(4)
[2025-08-28T13:41:57.837+0000][1099278][info ][gc,heap     ] GC(2) Old regions: 1->4
[2025-08-28T13:41:57.837+0000][1099278][info ][gc,heap     ] GC(2) Humongous regions: 0->0
[2025-08-28T13:41:57.837+0000][1099278][info ][gc,metaspace] GC(2) Metaspace: 20977K(21504K)->20977K(21504K) NonClass: 18657K(18944K)->18657K(18944K) Class: 2319K(2560K)->2319K(2560K)
[2025-08-28T13:41:57.837+0000][1099278][info ][gc          ] GC(2) Pause Young (Concurrent Start) (Metadata GC Threshold) 65M->10M(512M) 3.483ms
[2025-08-28T13:41:57.837+0000][1099278][info ][gc,cpu      ] GC(2) User=0.03s Sys=0.01s Real=0.00s
[2025-08-28T13:41:57.837+0000][1099278][info ][gc          ] GC(3) Concurrent Mark Cycle
[2025-08-28T13:41:57.837+0000][1099278][info ][gc,marking  ] GC(3) Concurrent Scan Root Regions
[2025-08-28T13:41:57.837+0000][1099278][info ][safepoint   ] Safepoint "CollectForMetadataAllocation", Time since last: 2890233 ns, Reaching safepoint: 68523 ns, Cleanup: 15393 ns, At safepoint: 3588783 ns, Total: 3672699 ns
[2025-08-28T13:41:57.839+0000][1099278][info ][gc,marking  ] GC(3) Concurrent Scan Root Regions 1.617ms
[2025-08-28T13:41:57.839+0000][1099278][info ][gc,marking  ] GC(3) Concurrent Mark
[2025-08-28T13:41:57.839+0000][1099278][info ][gc,marking  ] GC(3) Concurrent Mark From Roots
[2025-08-28T13:41:57.839+0000][1099278][info ][gc,task     ] GC(3) Using 8 workers of 8 for marking
[2025-08-28T13:41:57.842+0000][1099278][info ][gc,marking  ] GC(3) Concurrent Mark From Roots 3.034ms
[2025-08-28T13:41:57.842+0000][1099278][info ][gc,marking  ] GC(3) Concurrent Preclean
[2025-08-28T13:41:57.842+0000][1099278][info ][gc,marking  ] GC(3) Concurrent Preclean 0.006ms
[2025-08-28T13:41:57.842+0000][1099278][info ][gc,start    ] GC(3) Pause Remark
[2025-08-28T13:41:57.843+0000][1099278][info ][gc          ] GC(3) Pause Remark 12M->12M(512M) 1.425ms
[2025-08-28T13:41:57.843+0000][1099278][info ][gc,cpu      ] GC(3) User=0.01s Sys=0.00s Real=0.00s
[2025-08-28T13:41:57.843+0000][1099278][info ][safepoint   ] Safepoint "G1PauseRemark", Time since last: 4665480 ns, Reaching safepoint: 66380 ns, Cleanup: 9945 ns, At safepoint: 1462317 ns, Total: 1538642 ns
[2025-08-28T13:41:57.843+0000][1099278][info ][gc,marking  ] GC(3) Concurrent Mark 4.625ms
[2025-08-28T13:41:57.843+0000][1099278][info ][gc,marking  ] GC(3) Concurrent Rebuild Remembered Sets and Scrub Regions
[2025-08-28T13:41:57.846+0000][1099278][info ][gc,marking  ] GC(3) Concurrent Rebuild Remembered Sets and Scrub Regions 2.605ms
[2025-08-28T13:41:57.846+0000][1099278][info ][gc,start    ] GC(3) Pause Cleanup
[2025-08-28T13:41:57.846+0000][1099278][info ][gc          ] GC(3) Pause Cleanup 13M->13M(512M) 0.028ms
[2025-08-28T13:41:57.846+0000][1099278][info ][gc,cpu      ] GC(3) User=0.00s Sys=0.00s Real=0.00s
[2025-08-28T13:41:57.846+0000][1099278][info ][safepoint   ] Safepoint "G1PauseCleanup", Time since last: 2635931 ns, Reaching safepoint: 67622 ns, Cleanup: 22383 ns, At safepoint: 46410 ns, Total: 136415 ns
[2025-08-28T13:41:57.846+0000][1099278][info ][gc,marking  ] GC(3) Concurrent Clear Claimed Marks
[2025-08-28T13:41:57.846+0000][1099278][info ][gc,marking  ] GC(3) Concurrent Clear Claimed Marks 0.011ms
[2025-08-28T13:41:57.846+0000][1099278][info ][gc,marking  ] GC(3) Concurrent Cleanup for Next Mark
[2025-08-28T13:41:57.846+0000][1099278][info ][gc,marking  ] GC(3) Concurrent Cleanup for Next Mark 0.091ms
[2025-08-28T13:41:57.846+0000][1099278][info ][gc          ] GC(3) Concurrent Mark Cycle 9.169ms
[2025-08-28T13:41:58.015+0000][1099278][info ][gc,start    ] GC(4) Pause Young (Prepare Mixed) (G1 Evacuation Pause)
[2025-08-28T13:41:58.015+0000][1099278][info ][gc,task     ] GC(4) Using 12 workers of 33 for evacuation
[2025-08-28T13:41:58.015+0000][1099278][debug][gc,age      ] GC(4) Desired survivor size 8388608 bytes, new threshold 15 (max threshold 15)
[2025-08-28T13:41:58.016+0000][1099278][info ][gc,phases   ] GC(4)   Pre Evacuate Collection Set: 0.1ms
[2025-08-28T13:41:58.016+0000][1099278][info ][gc,phases   ] GC(4)   Merge Heap Roots: 0.0ms
[2025-08-28T13:41:58.016+0000][1099278][info ][gc,phases   ] GC(4)   Evacuate Collection Set: 0.5ms
[2025-08-28T13:41:58.016+0000][1099278][info ][gc,phases   ] GC(4)   Post Evacuate Collection Set: 0.3ms
[2025-08-28T13:41:58.016+0000][1099278][info ][gc,phases   ] GC(4)   Other: 0.0ms
[2025-08-28T13:41:58.016+0000][1099278][trace][gc,age      ] GC(4) Age table with threshold 15 (max threshold 15)
[2025-08-28T13:41:58.016+0000][1099278][trace][gc,age      ] GC(4) - age   1:    1852624 bytes,    1852624 total
[2025-08-28T13:41:58.016+0000][1099278][trace][gc,age      ] GC(4) - age   2:     920256 bytes,    2772880 total
[2025-08-28T13:41:58.016+0000][1099278][info ][gc,heap     ] GC(4) Eden regions: 29->0(72)
[2025-08-28T13:41:58.016+0000][1099278][info ][gc,heap     ] GC(4) Survivor regions: 1->1(4)
[2025-08-28T13:41:58.016+0000][1099278][info ][gc,heap     ] GC(4) Old regions: 4->4
[2025-08-28T13:41:58.016+0000][1099278][info ][gc,heap     ] GC(4) Humongous regions: 0->0
[2025-08-28T13:41:58.016+0000][1099278][info ][gc,metaspace] GC(4) Metaspace: 22792K(23424K)->22792K(23424K) NonClass: 20265K(20608K)->20265K(20608K) Class: 2527K(2816K)->2527K(2816K)
[2025-08-28T13:41:58.016+0000][1099278][info ][gc          ] GC(4) Pause Young (Prepare Mixed) (G1 Evacuation Pause) 126M->11M(512M) 1.093ms
[2025-08-28T13:41:58.016+0000][1099278][info ][gc,cpu      ] GC(4) User=0.01s Sys=0.01s Real=0.00s
[2025-08-28T13:41:58.017+0000][1099278][info ][safepoint   ] Safepoint "G1CollectForAllocation", Time since last: 169177944 ns, Reaching safepoint: 70506 ns, Cleanup: 126150 ns, At safepoint: 1144079 ns, Total: 1340735 ns
[2025-08-28T13:41:58.272+0000][1099278][info ][safepoint   ] Safepoint "ICBufferFull", Time since last: 254837580 ns, Reaching safepoint: 3876 ns, Cleanup: 183756 ns, At safepoint: 4717 ns, Total: 192349 ns
[2025-08-28T13:41:58.503+0000][1099278][info ][gc,start    ] GC(5) Pause Young (Mixed) (G1 Evacuation Pause)
[2025-08-28T13:41:58.503+0000][1099278][info ][gc,task     ] GC(5) Using 12 workers of 33 for evacuation
[2025-08-28T13:41:58.503+0000][1099278][debug][gc,age      ] GC(5) Desired survivor size 20971520 bytes, new threshold 15 (max threshold 15)
[2025-08-28T13:41:58.507+0000][1099278][info ][gc,phases   ] GC(5)   Pre Evacuate Collection Set: 0.1ms
[2025-08-28T13:41:58.507+0000][1099278][info ][gc,phases   ] GC(5)   Merge Heap Roots: 0.1ms
[2025-08-28T13:41:58.507+0000][1099278][info ][gc,phases   ] GC(5)   Evacuate Collection Set: 3.3ms
[2025-08-28T13:41:58.508+0000][1099278][info ][gc,phases   ] GC(5)   Post Evacuate Collection Set: 0.7ms
[2025-08-28T13:41:58.508+0000][1099278][info ][gc,phases   ] GC(5)   Other: 0.1ms
[2025-08-28T13:41:58.508+0000][1099278][trace][gc,age      ] GC(5) Age table with threshold 15 (max threshold 15)
[2025-08-28T13:41:58.508+0000][1099278][trace][gc,age      ] GC(5) - age   1:    9747992 bytes,    9747992 total
[2025-08-28T13:41:58.508+0000][1099278][trace][gc,age      ] GC(5) - age   2:    1835832 bytes,   11583824 total
[2025-08-28T13:41:58.508+0000][1099278][trace][gc,age      ] GC(5) - age   3:     919960 bytes,   12503784 total
[2025-08-28T13:41:58.508+0000][1099278][info ][gc,heap     ] GC(5) Eden regions: 72->0(72)
[2025-08-28T13:41:58.508+0000][1099278][info ][gc,heap     ] GC(5) Survivor regions: 1->4(10)
[2025-08-28T13:41:58.508+0000][1099278][info ][gc,heap     ] GC(5) Old regions: 4->3
[2025-08-28T13:41:58.508+0000][1099278][info ][gc,heap     ] GC(5) Humongous regions: 0->0
[2025-08-28T13:41:58.508+0000][1099278][info ][gc,metaspace] GC(5) Metaspace: 29867K(30592K)->29867K(30592K) NonClass: 26467K(26880K)->26467K(26880K) Class: 3400K(3712K)->3400K(3712K)
[2025-08-28T13:41:58.508+0000][1099278][info ][gc          ] GC(5) Pause Young (Mixed) (G1 Evacuation Pause) 299M->21M(512M) 4.303ms
[2025-08-28T13:41:58.508+0000][1099278][info ][gc,cpu      ] GC(5) User=0.03s Sys=0.00s Real=0.00s
[2025-08-28T13:41:58.508+0000][1099278][info ][safepoint   ] Safepoint "G1CollectForAllocation", Time since last: 231527691 ns, Reaching safepoint: 5298 ns, Cleanup: 155193 ns, At safepoint: 4358892 ns, Total: 4519383 ns
[2025-08-28T13:41:58.719+0000][1099278][info ][gc,start    ] GC(6) Pause Young (Normal) (G1 Evacuation Pause)
[2025-08-28T13:41:58.719+0000][1099278][info ][gc,task     ] GC(6) Using 12 workers of 33 for evacuation
[2025-08-28T13:41:58.719+0000][1099278][debug][gc,age      ] GC(6) Desired survivor size 20971520 bytes, new threshold 15 (max threshold 15)
[2025-08-28T13:41:58.721+0000][1099278][info ][gc,phases   ] GC(6)   Pre Evacuate Collection Set: 0.1ms
[2025-08-28T13:41:58.721+0000][1099278][info ][gc,phases   ] GC(6)   Merge Heap Roots: 0.0ms
[2025-08-28T13:41:58.721+0000][1099278][info ][gc,phases   ] GC(6)   Evacuate Collection Set: 1.2ms
[2025-08-28T13:41:58.721+0000][1099278][info ][gc,phases   ] GC(6)   Post Evacuate Collection Set: 0.4ms
[2025-08-28T13:41:58.721+0000][1099278][info ][gc,phases   ] GC(6)   Other: 0.0ms
[2025-08-28T13:41:58.721+0000][1099278][trace][gc,age      ] GC(6) Age table with threshold 15 (max threshold 15)
[2025-08-28T13:41:58.721+0000][1099278][trace][gc,age      ] GC(6) - age   1:    3006296 bytes,    3006296 total
[2025-08-28T13:41:58.721+0000][1099278][trace][gc,age      ] GC(6) - age   2:    7676360 bytes,   10682656 total
[2025-08-28T13:41:58.721+0000][1099278][trace][gc,age      ] GC(6) - age   3:    1834296 bytes,   12516952 total
[2025-08-28T13:41:58.721+0000][1099278][trace][gc,age      ] GC(6) - age   4:     919928 bytes,   13436880 total
[2025-08-28T13:41:58.721+0000][1099278][info ][gc,heap     ] GC(6) Eden regions: 72->0(72)
[2025-08-28T13:41:58.721+0000][1099278][info ][gc,heap     ] GC(6) Survivor regions: 4->4(10)
[2025-08-28T13:41:58.721+0000][1099278][info ][gc,heap     ] GC(6) Old regions: 3->3
[2025-08-28T13:41:58.721+0000][1099278][info ][gc,heap     ] GC(6) Humongous regions: 0->0
[2025-08-28T13:41:58.721+0000][1099278][info ][gc,metaspace] GC(6) Metaspace: 30574K(31360K)->30574K(31360K) NonClass: 27076K(27520K)->27076K(27520K) Class: 3497K(3840K)->3497K(3840K)
[2025-08-28T13:41:58.721+0000][1099278][info ][gc          ] GC(6) Pause Young (Normal) (G1 Evacuation Pause) 309M->23M(512M) 1.948ms
[2025-08-28T13:41:58.721+0000][1099278][info ][gc,cpu      ] GC(6) User=0.02s Sys=0.00s Real=0.01s
[2025-08-28T13:41:58.721+0000][1099278][info ][safepoint   ] Safepoint "G1CollectForAllocation", Time since last: 211543475 ns, Reaching safepoint: 5328 ns, Cleanup: 76806 ns, At safepoint: 2011062 ns, Total: 2093196 ns
[2025-08-28T13:41:58.899+0000][1099278][info ][gc,start    ] GC(7) Pause Young (Concurrent Start) (Metadata GC Threshold)
[2025-08-28T13:41:58.899+0000][1099278][info ][gc,task     ] GC(7) Using 12 workers of 33 for evacuation
[2025-08-28T13:41:58.899+0000][1099278][debug][gc,age      ] GC(7) Desired survivor size 20971520 bytes, new threshold 15 (max threshold 15)
[2025-08-28T13:41:58.901+0000][1099278][info ][gc,phases   ] GC(7)   Pre Evacuate Collection Set: 0.2ms
[2025-08-28T13:41:58.901+0000][1099278][info ][gc,phases   ] GC(7)   Merge Heap Roots: 0.0ms
[2025-08-28T13:41:58.901+0000][1099278][info ][gc,phases   ] GC(7)   Evacuate Collection Set: 1.9ms
[2025-08-28T13:41:58.901+0000][1099278][info ][gc,phases   ] GC(7)   Post Evacuate Collection Set: 0.4ms
[2025-08-28T13:41:58.901+0000][1099278][info ][gc,phases   ] GC(7)   Other: 0.1ms
[2025-08-28T13:41:58.901+0000][1099278][trace][gc,age      ] GC(7) Age table with threshold 15 (max threshold 15)
[2025-08-28T13:41:58.901+0000][1099278][trace][gc,age      ] GC(7) - age   1:    2614208 bytes,    2614208 total
[2025-08-28T13:41:58.901+0000][1099278][trace][gc,age      ] GC(7) - age   2:    2352016 bytes,    4966224 total
[2025-08-28T13:41:58.901+0000][1099278][trace][gc,age      ] GC(7) - age   3:    7675288 bytes,   12641512 total
[2025-08-28T13:41:58.901+0000][1099278][trace][gc,age      ] GC(7) - age   4:    1834296 bytes,   14475808 total
[2025-08-28T13:41:58.901+0000][1099278][trace][gc,age      ] GC(7) - age   5:     919784 bytes,   15395592 total
[2025-08-28T13:41:58.901+0000][1099278][info ][gc,heap     ] GC(7) Eden regions: 14->0(72)
[2025-08-28T13:41:58.901+0000][1099278][info ][gc,heap     ] GC(7) Survivor regions: 4->4(10)
[2025-08-28T13:41:58.901+0000][1099278][info ][gc,heap     ] GC(7) Old regions: 3->3
[2025-08-28T13:41:58.901+0000][1099278][info ][gc,heap     ] GC(7) Humongous regions: 0->0
[2025-08-28T13:41:58.901+0000][1099278][info ][gc,metaspace] GC(7) Metaspace: 35276K(36096K)->35276K(36096K) NonClass: 31301K(31808K)->31301K(31808K) Class: 3975K(4288K)->3975K(4288K)
[2025-08-28T13:41:58.901+0000][1099278][info ][gc          ] GC(7) Pause Young (Concurrent Start) (Metadata GC Threshold) 77M->24M(512M) 2.661ms
[2025-08-28T13:41:58.901+0000][1099278][info ][gc,cpu      ] GC(7) User=0.02s Sys=0.00s Real=0.01s
[2025-08-28T13:41:58.901+0000][1099278][info ][gc          ] GC(8) Concurrent Mark Cycle
[2025-08-28T13:41:58.901+0000][1099278][info ][gc,marking  ] GC(8) Concurrent Scan Root Regions
[2025-08-28T13:41:58.901+0000][1099278][info ][safepoint   ] Safepoint "CollectForMetadataAllocation", Time since last: 177257845 ns, Reaching safepoint: 3525 ns, Cleanup: 104097 ns, At safepoint: 2744966 ns, Total: 2852588 ns
[2025-08-28T13:41:58.902+0000][1099278][info ][gc,marking  ] GC(8) Concurrent Scan Root Regions 1.079ms
[2025-08-28T13:41:58.902+0000][1099278][info ][gc,marking  ] GC(8) Concurrent Mark
[2025-08-28T13:41:58.902+0000][1099278][info ][gc,marking  ] GC(8) Concurrent Mark From Roots
[2025-08-28T13:41:58.902+0000][1099278][info ][gc,task     ] GC(8) Using 8 workers of 8 for marking
[2025-08-28T13:41:58.905+0000][1099278][info ][gc,marking  ] GC(8) Concurrent Mark From Roots 2.450ms
[2025-08-28T13:41:58.905+0000][1099278][info ][gc,marking  ] GC(8) Concurrent Preclean
[2025-08-28T13:41:58.905+0000][1099278][info ][gc,marking  ] GC(8) Concurrent Preclean 0.097ms
[2025-08-28T13:41:58.905+0000][1099278][info ][gc,start    ] GC(8) Pause Remark
[2025-08-28T13:41:58.910+0000][1099278][info ][gc          ] GC(8) Pause Remark 27M->27M(512M) 5.236ms
[2025-08-28T13:41:58.910+0000][1099278][info ][gc,cpu      ] GC(8) User=0.05s Sys=0.00s Real=0.00s
[2025-08-28T13:41:58.910+0000][1099278][info ][safepoint   ] Safepoint "G1PauseRemark", Time since last: 3648573 ns, Reaching safepoint: 67442 ns, Cleanup: 6429 ns, At safepoint: 5280597 ns, Total: 5354468 ns
[2025-08-28T13:41:58.910+0000][1099278][info ][gc,marking  ] GC(8) Concurrent Mark 7.936ms
[2025-08-28T13:41:58.910+0000][1099278][info ][gc,marking  ] GC(8) Concurrent Rebuild Remembered Sets and Scrub Regions
[2025-08-28T13:41:58.912+0000][1099278][info ][gc,marking  ] GC(8) Concurrent Rebuild Remembered Sets and Scrub Regions 1.380ms
[2025-08-28T13:41:58.912+0000][1099278][info ][gc,start    ] GC(8) Pause Cleanup
[2025-08-28T13:41:58.912+0000][1099278][info ][gc          ] GC(8) Pause Cleanup 27M->27M(512M) 0.030ms
[2025-08-28T13:41:58.912+0000][1099278][info ][gc,cpu      ] GC(8) User=0.00s Sys=0.00s Real=0.00s
[2025-08-28T13:41:58.912+0000][1099278][info ][safepoint   ] Safepoint "G1PauseCleanup", Time since last: 1414897 ns, Reaching safepoint: 66810 ns, Cleanup: 3806 ns, At safepoint: 44006 ns, Total: 114622 ns
[2025-08-28T13:41:58.912+0000][1099278][info ][gc,marking  ] GC(8) Concurrent Clear Claimed Marks
[2025-08-28T13:41:58.912+0000][1099278][info ][gc,marking  ] GC(8) Concurrent Clear Claimed Marks 0.012ms
[2025-08-28T13:41:58.912+0000][1099278][info ][gc,marking  ] GC(8) Concurrent Cleanup for Next Mark
[2025-08-28T13:41:58.912+0000][1099278][info ][gc,marking  ] GC(8) Concurrent Cleanup for Next Mark 0.090ms
[2025-08-28T13:41:58.912+0000][1099278][info ][gc          ] GC(8) Concurrent Mark Cycle 10.692ms
[2025-08-28T13:41:59.226+0000][1099278][info ][gc,start    ] GC(9) Pause Young (Normal) (G1 Evacuation Pause)
[2025-08-28T13:41:59.226+0000][1099278][info ][gc,task     ] GC(9) Using 12 workers of 33 for evacuation
[2025-08-28T13:41:59.226+0000][1099278][debug][gc,age      ] GC(9) Desired survivor size 20971520 bytes, new threshold 15 (max threshold 15)
[2025-08-28T13:41:59.229+0000][1099278][info ][gc,phases   ] GC(9)   Pre Evacuate Collection Set: 0.1ms
[2025-08-28T13:41:59.229+0000][1099278][info ][gc,phases   ] GC(9)   Merge Heap Roots: 0.1ms
[2025-08-28T13:41:59.229+0000][1099278][info ][gc,phases   ] GC(9)   Evacuate Collection Set: 2.1ms
[2025-08-28T13:41:59.229+0000][1099278][info ][gc,phases   ] GC(9)   Post Evacuate Collection Set: 0.5ms
[2025-08-28T13:41:59.229+0000][1099278][info ][gc,phases   ] GC(9)   Other: 0.1ms
[2025-08-28T13:41:59.229+0000][1099278][trace][gc,age      ] GC(9) Age table with threshold 15 (max threshold 15)
[2025-08-28T13:41:59.229+0000][1099278][trace][gc,age      ] GC(9) - age   1:    7028560 bytes,    7028560 total
[2025-08-28T13:41:59.229+0000][1099278][trace][gc,age      ] GC(9) - age   2:    2597352 bytes,    9625912 total
[2025-08-28T13:41:59.229+0000][1099278][trace][gc,age      ] GC(9) - age   3:    2350496 bytes,   11976408 total
[2025-08-28T13:41:59.229+0000][1099278][trace][gc,age      ] GC(9) - age   4:    7665648 bytes,   19642056 total
[2025-08-28T13:41:59.229+0000][1099278][trace][gc,age      ] GC(9) - age   5:    1831096 bytes,   21473152 total
[2025-08-28T13:41:59.229+0000][1099278][trace][gc,age      ] GC(9) - age   6:     919688 bytes,   22392840 total
[2025-08-28T13:41:59.229+0000][1099278][info ][gc,heap     ] GC(9) Eden regions: 72->0(70)
[2025-08-28T13:41:59.229+0000][1099278][info ][gc,heap     ] GC(9) Survivor regions: 4->6(10)
[2025-08-28T13:41:59.229+0000][1099278][info ][gc,heap     ] GC(9) Old regions: 3->3
[2025-08-28T13:41:59.229+0000][1099278][info ][gc,heap     ] GC(9) Humongous regions: 0->0
[2025-08-28T13:41:59.229+0000][1099278][info ][gc,metaspace] GC(9) Metaspace: 37462K(38400K)->37462K(38400K) NonClass: 33194K(33728K)->33194K(33728K) Class: 4267K(4672K)->4267K(4672K)
[2025-08-28T13:41:59.229+0000][1099278][info ][gc          ] GC(9) Pause Young (Normal) (G1 Evacuation Pause) 312M->32M(512M) 2.929ms
[2025-08-28T13:41:59.229+0000][1099278][info ][gc,cpu      ] GC(9) User=0.04s Sys=0.00s Real=0.00s
[2025-08-28T13:41:59.229+0000][1099278][info ][safepoint   ] Safepoint "G1CollectForAllocation", Time since last: 313866985 ns, Reaching safepoint: 5218 ns, Cleanup: 133651 ns, At safepoint: 2988732 ns, Total: 3127601 ns
[2025-08-28T13:41:59.437+0000][1099278][info ][gc,start    ] GC(10) Pause Young (Normal) (G1 Evacuation Pause)
[2025-08-28T13:41:59.437+0000][1099278][info ][gc,task     ] GC(10) Using 12 workers of 33 for evacuation
[2025-08-28T13:41:59.437+0000][1099278][debug][gc,age      ] GC(10) Desired survivor size 20971520 bytes, new threshold 5 (max threshold 15)
[2025-08-28T13:41:59.439+0000][1099278][info ][gc,phases   ] GC(10)   Pre Evacuate Collection Set: 0.1ms
[2025-08-28T13:41:59.439+0000][1099278][info ][gc,phases   ] GC(10)   Merge Heap Roots: 0.0ms
[2025-08-28T13:41:59.439+0000][1099278][info ][gc,phases   ] GC(10)   Evacuate Collection Set: 1.8ms
[2025-08-28T13:41:59.439+0000][1099278][info ][gc,phases   ] GC(10)   Post Evacuate Collection Set: 0.5ms
[2025-08-28T13:41:59.439+0000][1099278][info ][gc,phases   ] GC(10)   Other: 0.0ms
[2025-08-28T13:41:59.439+0000][1099278][trace][gc,age      ] GC(10) Age table with threshold 5 (max threshold 15)
[2025-08-28T13:41:59.439+0000][1099278][trace][gc,age      ] GC(10) - age   1:    3618912 bytes,    3618912 total
[2025-08-28T13:41:59.439+0000][1099278][trace][gc,age      ] GC(10) - age   2:    5640080 bytes,    9258992 total
[2025-08-28T13:41:59.439+0000][1099278][trace][gc,age      ] GC(10) - age   3:    2597352 bytes,   11856344 total
[2025-08-28T13:41:59.439+0000][1099278][trace][gc,age      ] GC(10) - age   4:    2350368 bytes,   14206712 total
[2025-08-28T13:41:59.439+0000][1099278][trace][gc,age      ] GC(10) - age   5:    7663520 bytes,   21870232 total
[2025-08-28T13:41:59.439+0000][1099278][info ][gc,heap     ] GC(10) Eden regions: 70->0(70)
[2025-08-28T13:41:59.439+0000][1099278][info ][gc,heap     ] GC(10) Survivor regions: 6->6(10)
[2025-08-28T13:41:59.439+0000][1099278][info ][gc,heap     ] GC(10) Old regions: 3->3
[2025-08-28T13:41:59.439+0000][1099278][info ][gc,heap     ] GC(10) Humongous regions: 0->0
[2025-08-28T13:41:59.439+0000][1099278][info ][gc,metaspace] GC(10) Metaspace: 38167K(39168K)->38167K(39168K) NonClass: 33798K(34368K)->33798K(34368K) Class: 4368K(4800K)->4368K(4800K)
[2025-08-28T13:41:59.439+0000][1099278][info ][gc          ] GC(10) Pause Young (Normal) (G1 Evacuation Pause) 312M->35M(512M) 2.526ms
[2025-08-28T13:41:59.439+0000][1099278][info ][gc,cpu      ] GC(10) User=0.02s Sys=0.00s Real=0.00s
[2025-08-28T13:41:59.439+0000][1099278][info ][safepoint   ] Safepoint "G1CollectForAllocation", Time since last: 207899268 ns, Reaching safepoint: 4387 ns, Cleanup: 43536 ns, At safepoint: 2571234 ns, Total: 2619157 ns
[2025-08-28T13:41:59.740+0000][1099278][info ][safepoint   ] Safepoint "ICBufferFull", Time since last: 300835660 ns, Reaching safepoint: 4336 ns, Cleanup: 129415 ns, At safepoint: 1893 ns, Total: 135644 ns
[2025-08-28T13:42:00.081+0000][1099278][info ][gc,start    ] GC(11) Pause Young (Normal) (G1 Evacuation Pause)
[2025-08-28T13:42:00.081+0000][1099278][info ][gc,task     ] GC(11) Using 12 workers of 33 for evacuation
[2025-08-28T13:42:00.081+0000][1099278][debug][gc,age      ] GC(11) Desired survivor size 20971520 bytes, new threshold 5 (max threshold 15)
[2025-08-28T13:42:00.085+0000][1099278][info ][gc,phases   ] GC(11)   Pre Evacuate Collection Set: 0.1ms
[2025-08-28T13:42:00.085+0000][1099278][info ][gc,phases   ] GC(11)   Merge Heap Roots: 0.1ms
[2025-08-28T13:42:00.085+0000][1099278][info ][gc,phases   ] GC(11)   Evacuate Collection Set: 2.9ms
[2025-08-28T13:42:00.085+0000][1099278][info ][gc,phases   ] GC(11)   Post Evacuate Collection Set: 0.6ms
[2025-08-28T13:42:00.085+0000][1099278][info ][gc,phases   ] GC(11)   Other: 0.0ms
[2025-08-28T13:42:00.085+0000][1099278][trace][gc,age      ] GC(11) Age table with threshold 5 (max threshold 15)
[2025-08-28T13:42:00.085+0000][1099278][trace][gc,age      ] GC(11) - age   1:    4825544 bytes,    4825544 total
[2025-08-28T13:42:00.085+0000][1099278][trace][gc,age      ] GC(11) - age   2:    3353640 bytes,    8179184 total
[2025-08-28T13:42:00.085+0000][1099278][trace][gc,age      ] GC(11) - age   3:    5616104 bytes,   13795288 total
[2025-08-28T13:42:00.085+0000][1099278][trace][gc,age      ] GC(11) - age   4:    2594936 bytes,   16390224 total
[2025-08-28T13:42:00.085+0000][1099278][trace][gc,age      ] GC(11) - age   5:    2343024 bytes,   18733248 total
[2025-08-28T13:42:00.085+0000][1099278][info ][gc,heap     ] GC(11) Eden regions: 70->0(71)
[2025-08-28T13:42:00.085+0000][1099278][info ][gc,heap     ] GC(11) Survivor regions: 6->5(10)
[2025-08-28T13:42:00.085+0000][1099278][info ][gc,heap     ] GC(11) Old regions: 3->5
[2025-08-28T13:42:00.085+0000][1099278][info ][gc,heap     ] GC(11) Humongous regions: 0->0
[2025-08-28T13:42:00.085+0000][1099278][info ][gc,metaspace] GC(11) Metaspace: 49250K(50496K)->49250K(50496K) NonClass: 43493K(44224K)->43493K(44224K) Class: 5757K(6272K)->5757K(6272K)
[2025-08-28T13:42:00.085+0000][1099278][info ][gc          ] GC(11) Pause Young (Normal) (G1 Evacuation Pause) 315M->39M(512M) 3.729ms
[2025-08-28T13:42:00.085+0000][1099278][info ][gc,cpu      ] GC(11) User=0.03s Sys=0.00s Real=0.00s
[2025-08-28T13:42:00.085+0000][1099278][info ][safepoint   ] Safepoint "G1CollectForAllocation", Time since last: 340666925 ns, Reaching safepoint: 3746 ns, Cleanup: 135103 ns, At safepoint: 3775414 ns, Total: 3914263 ns
[2025-08-28T13:42:01.190+0000][1099278][info ][gc,start    ] GC(12) Pause Young (Concurrent Start) (Metadata GC Threshold)
[2025-08-28T13:42:01.190+0000][1099278][info ][gc,task     ] GC(12) Using 12 workers of 33 for evacuation
[2025-08-28T13:42:01.190+0000][1099278][debug][gc,age      ] GC(12) Desired survivor size 20971520 bytes, new threshold 15 (max threshold 15)
[2025-08-28T13:42:01.194+0000][1099278][info ][gc,phases   ] GC(12)   Pre Evacuate Collection Set: 0.1ms
[2025-08-28T13:42:01.194+0000][1099278][info ][gc,phases   ] GC(12)   Merge Heap Roots: 0.0ms
[2025-08-28T13:42:01.194+0000][1099278][info ][gc,phases   ] GC(12)   Evacuate Collection Set: 3.3ms
[2025-08-28T13:42:01.194+0000][1099278][info ][gc,phases   ] GC(12)   Post Evacuate Collection Set: 0.7ms
[2025-08-28T13:42:01.194+0000][1099278][info ][gc,phases   ] GC(12)   Other: 0.1ms
[2025-08-28T13:42:01.194+0000][1099278][trace][gc,age      ] GC(12) Age table with threshold 15 (max threshold 15)
[2025-08-28T13:42:01.194+0000][1099278][trace][gc,age      ] GC(12) - age   1:    2158648 bytes,    2158648 total
[2025-08-28T13:42:01.194+0000][1099278][trace][gc,age      ] GC(12) - age   2:    4636344 bytes,    6794992 total
[2025-08-28T13:42:01.194+0000][1099278][trace][gc,age      ] GC(12) - age   3:    3352392 bytes,   10147384 total
[2025-08-28T13:42:01.194+0000][1099278][trace][gc,age      ] GC(12) - age   4:    5613616 bytes,   15761000 total
[2025-08-28T13:42:01.194+0000][1099278][trace][gc,age      ] GC(12) - age   5:    2594936 bytes,   18355936 total
[2025-08-28T13:42:01.194+0000][1099278][trace][gc,age      ] GC(12) - age   6:    2342416 bytes,   20698352 total
[2025-08-28T13:42:01.194+0000][1099278][info ][gc,heap     ] GC(12) Eden regions: 22->0(70)
[2025-08-28T13:42:01.194+0000][1099278][info ][gc,heap     ] GC(12) Survivor regions: 5->6(10)
[2025-08-28T13:42:01.194+0000][1099278][info ][gc,heap     ] GC(12) Old regions: 5->5
[2025-08-28T13:42:01.194+0000][1099278][info ][gc,heap     ] GC(12) Humongous regions: 0->0
[2025-08-28T13:42:01.194+0000][1099278][info ][gc,metaspace] GC(12) Metaspace: 59231K(60480K)->59231K(60480K) NonClass: 51951K(52672K)->51951K(52672K) Class: 7279K(7808K)->7279K(7808K)
[2025-08-28T13:42:01.194+0000][1099278][info ][gc          ] GC(12) Pause Young (Concurrent Start) (Metadata GC Threshold) 127M->41M(512M) 4.445ms
[2025-08-28T13:42:01.194+0000][1099278][info ][gc,cpu      ] GC(12) User=0.04s Sys=0.00s Real=0.01s
[2025-08-28T13:42:01.194+0000][1099278][info ][gc          ] GC(13) Concurrent Mark Cycle
[2025-08-28T13:42:01.194+0000][1099278][info ][gc,marking  ] GC(13) Concurrent Scan Root Regions
[2025-08-28T13:42:01.194+0000][1099278][info ][safepoint   ] Safepoint "CollectForMetadataAllocation", Time since last: 1104601243 ns, Reaching safepoint: 3044 ns, Cleanup: 97607 ns, At safepoint: 4559153 ns, Total: 4659804 ns
[2025-08-28T13:42:01.195+0000][1099278][info ][gc,marking  ] GC(13) Concurrent Scan Root Regions 1.238ms
[2025-08-28T13:42:01.195+0000][1099278][info ][gc,marking  ] GC(13) Concurrent Mark
[2025-08-28T13:42:01.195+0000][1099278][info ][gc,marking  ] GC(13) Concurrent Mark From Roots
[2025-08-28T13:42:01.195+0000][1099278][info ][gc,task     ] GC(13) Using 8 workers of 8 for marking
[2025-08-28T13:42:01.199+0000][1099278][info ][gc,marking  ] GC(13) Concurrent Mark From Roots 3.362ms
[2025-08-28T13:42:01.199+0000][1099278][info ][gc,marking  ] GC(13) Concurrent Preclean
[2025-08-28T13:42:01.199+0000][1099278][info ][gc,marking  ] GC(13) Concurrent Preclean 0.063ms
[2025-08-28T13:42:01.199+0000][1099278][info ][gc,start    ] GC(13) Pause Remark
[2025-08-28T13:42:01.202+0000][1099278][info ][gc          ] GC(13) Pause Remark 45M->45M(512M) 2.936ms
[2025-08-28T13:42:01.202+0000][1099278][info ][gc,cpu      ] GC(13) User=0.02s Sys=0.00s Real=0.01s
[2025-08-28T13:42:01.202+0000][1099278][info ][safepoint   ] Safepoint "G1PauseRemark", Time since last: 4649187 ns, Reaching safepoint: 66520 ns, Cleanup: 5348 ns, At safepoint: 2991596 ns, Total: 3063464 ns
[2025-08-28T13:42:01.202+0000][1099278][info ][gc,marking  ] GC(13) Concurrent Mark 6.527ms
[2025-08-28T13:42:01.202+0000][1099278][info ][gc,marking  ] GC(13) Concurrent Rebuild Remembered Sets and Scrub Regions
[2025-08-28T13:42:01.203+0000][1099278][info ][gc,marking  ] GC(13) Concurrent Rebuild Remembered Sets and Scrub Regions 1.191ms
[2025-08-28T13:42:01.203+0000][1099278][info ][gc,start    ] GC(13) Pause Cleanup
[2025-08-28T13:42:01.203+0000][1099278][info ][gc          ] GC(13) Pause Cleanup 45M->45M(512M) 0.030ms
[2025-08-28T13:42:01.203+0000][1099278][info ][gc,cpu      ] GC(13) User=0.00s Sys=0.00s Real=0.00s
[2025-08-28T13:42:01.203+0000][1099278][info ][safepoint   ] Safepoint "G1PauseCleanup", Time since last: 1225793 ns, Reaching safepoint: 2173 ns, Cleanup: 12849 ns, At safepoint: 45619 ns, Total: 60641 ns
[2025-08-28T13:42:01.203+0000][1099278][info ][gc,marking  ] GC(13) Concurrent Clear Claimed Marks
[2025-08-28T13:42:01.203+0000][1099278][info ][gc,marking  ] GC(13) Concurrent Clear Claimed Marks 0.055ms
[2025-08-28T13:42:01.203+0000][1099278][info ][gc,marking  ] GC(13) Concurrent Cleanup for Next Mark
[2025-08-28T13:42:01.203+0000][1099278][info ][gc,marking  ] GC(13) Concurrent Cleanup for Next Mark 0.098ms
[2025-08-28T13:42:01.203+0000][1099278][info ][gc          ] GC(13) Concurrent Mark Cycle 9.243ms
[2025-08-28T13:42:01.565+0000][1099278][info ][safepoint   ] Safepoint "ICBufferFull", Time since last: 362050835 ns, Reaching safepoint: 4857 ns, Cleanup: 156275 ns, At safepoint: 3856 ns, Total: 164988 ns
[2025-08-28T13:42:02.037+0000][1099278][info ][gc,start    ] GC(14) Pause Young (Normal) (G1 Evacuation Pause)
[2025-08-28T13:42:02.037+0000][1099278][info ][gc,task     ] GC(14) Using 12 workers of 33 for evacuation
[2025-08-28T13:42:02.037+0000][1099278][debug][gc,age      ] GC(14) Desired survivor size 20971520 bytes, new threshold 15 (max threshold 15)
[2025-08-28T13:42:02.042+0000][1099278][info ][gc,phases   ] GC(14)   Pre Evacuate Collection Set: 0.1ms
[2025-08-28T13:42:02.042+0000][1099278][info ][gc,phases   ] GC(14)   Merge Heap Roots: 0.1ms
[2025-08-28T13:42:02.042+0000][1099278][info ][gc,phases   ] GC(14)   Evacuate Collection Set: 4.1ms
[2025-08-28T13:42:02.042+0000][1099278][info ][gc,phases   ] GC(14)   Post Evacuate Collection Set: 0.7ms
[2025-08-28T13:42:02.042+0000][1099278][info ][gc,phases   ] GC(14)   Other: 0.1ms
[2025-08-28T13:42:02.042+0000][1099278][trace][gc,age      ] GC(14) Age table with threshold 15 (max threshold 15)
[2025-08-28T13:42:02.042+0000][1099278][trace][gc,age      ] GC(14) - age   1:    7408232 bytes,    7408232 total
[2025-08-28T13:42:02.042+0000][1099278][trace][gc,age      ] GC(14) - age   2:    1996640 bytes,    9404872 total
[2025-08-28T13:42:02.042+0000][1099278][trace][gc,age      ] GC(14) - age   3:    4573248 bytes,   13978120 total
[2025-08-28T13:42:02.042+0000][1099278][trace][gc,age      ] GC(14) - age   4:    3339896 bytes,   17318016 total
[2025-08-28T13:42:02.042+0000][1099278][trace][gc,age      ] GC(14) - age   5:    5593368 bytes,   22911384 total
[2025-08-28T13:42:02.042+0000][1099278][trace][gc,age      ] GC(14) - age   6:    2590048 bytes,   25501432 total
[2025-08-28T13:42:02.042+0000][1099278][trace][gc,age      ] GC(14) - age   7:    2326984 bytes,   27828416 total
[2025-08-28T13:42:02.042+0000][1099278][info ][gc,heap     ] GC(14) Eden regions: 70->0(68)
[2025-08-28T13:42:02.042+0000][1099278][info ][gc,heap     ] GC(14) Survivor regions: 6->8(10)
[2025-08-28T13:42:02.042+0000][1099278][info ][gc,heap     ] GC(14) Old regions: 5->5
[2025-08-28T13:42:02.042+0000][1099278][info ][gc,heap     ] GC(14) Humongous regions: 0->0
[2025-08-28T13:42:02.042+0000][1099278][info ][gc,metaspace] GC(14) Metaspace: 67470K(69120K)->67470K(69120K) NonClass: 58925K(59904K)->58925K(59904K) Class: 8545K(9216K)->8545K(9216K)
[2025-08-28T13:42:02.042+0000][1099278][info ][gc          ] GC(14) Pause Young (Normal) (G1 Evacuation Pause) 321M->48M(512M) 5.189ms
[2025-08-28T13:42:02.042+0000][1099278][info ][gc,cpu      ] GC(14) User=0.06s Sys=0.00s Real=0.01s
[2025-08-28T13:42:02.042+0000][1099278][info ][safepoint   ] Safepoint "G1CollectForAllocation", Time since last: 471437471 ns, Reaching safepoint: 6249 ns, Cleanup: 97046 ns, At safepoint: 5244512 ns, Total: 5347807 ns
[2025-08-28T13:42:02.272+0000][1099278][info ][safepoint   ] Safepoint "ICBufferFull", Time since last: 229770591 ns, Reaching safepoint: 5017 ns, Cleanup: 145329 ns, At safepoint: 6219 ns, Total: 156565 ns
[2025-08-28T13:42:02.536+0000][1099278][info ][gc,start    ] GC(15) Pause Young (Normal) (G1 Evacuation Pause)
[2025-08-28T13:42:02.536+0000][1099278][info ][gc,task     ] GC(15) Using 12 workers of 33 for evacuation
[2025-08-28T13:42:02.536+0000][1099278][debug][gc,age      ] GC(15) Desired survivor size 20971520 bytes, new threshold 5 (max threshold 15)
[2025-08-28T13:42:02.542+0000][1099278][info ][gc,phases   ] GC(15)   Pre Evacuate Collection Set: 0.2ms
[2025-08-28T13:42:02.542+0000][1099278][info ][gc,phases   ] GC(15)   Merge Heap Roots: 0.1ms
[2025-08-28T13:42:02.542+0000][1099278][info ][gc,phases   ] GC(15)   Evacuate Collection Set: 4.7ms
[2025-08-28T13:42:02.542+0000][1099278][info ][gc,phases   ] GC(15)   Post Evacuate Collection Set: 0.8ms
[2025-08-28T13:42:02.542+0000][1099278][info ][gc,phases   ] GC(15)   Other: 0.1ms
[2025-08-28T13:42:02.542+0000][1099278][trace][gc,age      ] GC(15) Age table with threshold 5 (max threshold 15)
[2025-08-28T13:42:02.542+0000][1099278][trace][gc,age      ] GC(15) - age   1:    3775392 bytes,    3775392 total
[2025-08-28T13:42:02.542+0000][1099278][trace][gc,age      ] GC(15) - age   2:    6436504 bytes,   10211896 total
[2025-08-28T13:42:02.542+0000][1099278][trace][gc,age      ] GC(15) - age   3:    1968704 bytes,   12180600 total
[2025-08-28T13:42:02.542+0000][1099278][trace][gc,age      ] GC(15) - age   4:    4539104 bytes,   16719704 total
[2025-08-28T13:42:02.542+0000][1099278][trace][gc,age      ] GC(15) - age   5:    3301240 bytes,   20020944 total
[2025-08-28T13:42:02.542+0000][1099278][info ][gc,heap     ] GC(15) Eden regions: 68->0(70)
[2025-08-28T13:42:02.542+0000][1099278][info ][gc,heap     ] GC(15) Survivor regions: 8->6(10)
[2025-08-28T13:42:02.542+0000][1099278][info ][gc,heap     ] GC(15) Old regions: 5->8
[2025-08-28T13:42:02.542+0000][1099278][info ][gc,heap     ] GC(15) Humongous regions: 0->0
[2025-08-28T13:42:02.542+0000][1099278][info ][gc,metaspace] GC(15) Metaspace: 72274K(73920K)->72274K(73920K) NonClass: 62980K(63936K)->62980K(63936K) Class: 9294K(9984K)->9294K(9984K)
[2025-08-28T13:42:02.542+0000][1099278][info ][gc          ] GC(15) Pause Young (Normal) (G1 Evacuation Pause) 320M->51M(512M) 5.963ms
[2025-08-28T13:42:02.542+0000][1099278][info ][gc,cpu      ] GC(15) User=0.05s Sys=0.01s Real=0.01s
[2025-08-28T13:42:02.542+0000][1099278][info ][safepoint   ] Safepoint "G1CollectForAllocation", Time since last: 264148029 ns, Reaching safepoint: 20181 ns, Cleanup: 60440 ns, At safepoint: 6015532 ns, Total: 6096153 ns
[2025-08-28T13:42:02.947+0000][1099278][info ][safepoint   ] Safepoint "ICBufferFull", Time since last: 403977129 ns, Reaching safepoint: 69494 ns, Cleanup: 157317 ns, At safepoint: 3405 ns, Total: 230216 ns
[2025-08-28T13:42:03.537+0000][1099278][info ][gc,start    ] GC(16) Pause Young (Normal) (G1 Evacuation Pause)
[2025-08-28T13:42:03.538+0000][1099278][info ][gc,task     ] GC(16) Using 12 workers of 33 for evacuation
[2025-08-28T13:42:03.538+0000][1099278][debug][gc,age      ] GC(16) Desired survivor size 20971520 bytes, new threshold 15 (max threshold 15)
[2025-08-28T13:42:03.544+0000][1099278][info ][gc,phases   ] GC(16)   Pre Evacuate Collection Set: 0.1ms
[2025-08-28T13:42:03.544+0000][1099278][info ][gc,phases   ] GC(16)   Merge Heap Roots: 0.0ms
[2025-08-28T13:42:03.544+0000][1099278][info ][gc,phases   ] GC(16)   Evacuate Collection Set: 5.9ms
[2025-08-28T13:42:03.544+0000][1099278][info ][gc,phases   ] GC(16)   Post Evacuate Collection Set: 0.8ms
[2025-08-28T13:42:03.544+0000][1099278][info ][gc,phases   ] GC(16)   Other: 0.0ms
[2025-08-28T13:42:03.544+0000][1099278][trace][gc,age      ] GC(16) Age table with threshold 15 (max threshold 15)
[2025-08-28T13:42:03.544+0000][1099278][trace][gc,age      ] GC(16) - age   1:    6031344 bytes,    6031344 total
[2025-08-28T13:42:03.544+0000][1099278][trace][gc,age      ] GC(16) - age   2:    3686144 bytes,    9717488 total
[2025-08-28T13:42:03.544+0000][1099278][trace][gc,age      ] GC(16) - age   3:    6425320 bytes,   16142808 total
[2025-08-28T13:42:03.544+0000][1099278][trace][gc,age      ] GC(16) - age   4:    1957464 bytes,   18100272 total
[2025-08-28T13:42:03.544+0000][1099278][trace][gc,age      ] GC(16) - age   5:    4395752 bytes,   22496024 total
[2025-08-28T13:42:03.544+0000][1099278][trace][gc,age      ] GC(16) - age   6:    3298752 bytes,   25794776 total
[2025-08-28T13:42:03.544+0000][1099278][info ][gc,heap     ] GC(16) Eden regions: 70->0(69)
[2025-08-28T13:42:03.544+0000][1099278][info ][gc,heap     ] GC(16) Survivor regions: 6->7(10)
[2025-08-28T13:42:03.544+0000][1099278][info ][gc,heap     ] GC(16) Old regions: 8->8
[2025-08-28T13:42:03.544+0000][1099278][info ][gc,heap     ] GC(16) Humongous regions: 0->0
[2025-08-28T13:42:03.544+0000][1099278][info ][gc,metaspace] GC(16) Metaspace: 85685K(87488K)->85685K(87488K) NonClass: 74620K(75648K)->74620K(75648K) Class: 11064K(11840K)->11064K(11840K)
[2025-08-28T13:42:03.544+0000][1099278][info ][gc          ] GC(16) Pause Young (Normal) (G1 Evacuation Pause) 331M->57M(512M) 7.008ms
[2025-08-28T13:42:03.544+0000][1099278][info ][gc,cpu      ] GC(16) User=0.08s Sys=0.00s Real=0.01s
[2025-08-28T13:42:03.544+0000][1099278][info ][safepoint   ] Safepoint "G1CollectForAllocation", Time since last: 590759529 ns, Reaching safepoint: 4978 ns, Cleanup: 107772 ns, At safepoint: 7058348 ns, Total: 7171098 ns
[2025-08-28T13:42:04.076+0000][1099278][info ][safepoint   ] Safepoint "ICBufferFull", Time since last: 531520104 ns, Reaching safepoint: 70947 ns, Cleanup: 136675 ns, At safepoint: 4387 ns, Total: 212009 ns
[2025-08-28T13:42:04.127+0000][1099278][info ][gc,start    ] GC(17) Pause Young (Concurrent Start) (Metadata GC Threshold)
[2025-08-28T13:42:04.127+0000][1099278][info ][gc,task     ] GC(17) Using 12 workers of 33 for evacuation
[2025-08-28T13:42:04.127+0000][1099278][debug][gc,age      ] GC(17) Desired survivor size 20971520 bytes, new threshold 5 (max threshold 15)
[2025-08-28T13:42:04.134+0000][1099278][info ][gc,phases   ] GC(17)   Pre Evacuate Collection Set: 0.3ms
[2025-08-28T13:42:04.134+0000][1099278][info ][gc,phases   ] GC(17)   Merge Heap Roots: 0.0ms
[2025-08-28T13:42:04.134+0000][1099278][info ][gc,phases   ] GC(17)   Evacuate Collection Set: 6.4ms
[2025-08-28T13:42:04.134+0000][1099278][info ][gc,phases   ] GC(17)   Post Evacuate Collection Set: 0.8ms
[2025-08-28T13:42:04.134+0000][1099278][info ][gc,phases   ] GC(17)   Other: 0.1ms
[2025-08-28T13:42:04.134+0000][1099278][trace][gc,age      ] GC(17) Age table with threshold 5 (max threshold 15)
[2025-08-28T13:42:04.134+0000][1099278][trace][gc,age      ] GC(17) - age   1:    4387080 bytes,    4387080 total
[2025-08-28T13:42:04.134+0000][1099278][trace][gc,age      ] GC(17) - age   2:    5763288 bytes,   10150368 total
[2025-08-28T13:42:04.134+0000][1099278][trace][gc,age      ] GC(17) - age   3:    3662936 bytes,   13813304 total
[2025-08-28T13:42:04.134+0000][1099278][trace][gc,age      ] GC(17) - age   4:    6418064 bytes,   20231368 total
[2025-08-28T13:42:04.134+0000][1099278][trace][gc,age      ] GC(17) - age   5:    1955160 bytes,   22186528 total
[2025-08-28T13:42:04.134+0000][1099278][info ][gc,heap     ] GC(17) Eden regions: 37->0(70)
[2025-08-28T13:42:04.134+0000][1099278][info ][gc,heap     ] GC(17) Survivor regions: 7->6(10)
[2025-08-28T13:42:04.135+0000][1099278][info ][gc,heap     ] GC(17) Old regions: 8->10
[2025-08-28T13:42:04.135+0000][1099278][info ][gc,heap     ] GC(17) Humongous regions: 0->0
[2025-08-28T13:42:04.135+0000][1099278][info ][gc,metaspace] GC(17) Metaspace: 99197K(101120K)->99197K(101120K) NonClass: 86317K(87360K)->86317K(87360K) Class: 12880K(13760K)->12880K(13760K)
[2025-08-28T13:42:04.135+0000][1099278][info ][gc          ] GC(17) Pause Young (Concurrent Start) (Metadata GC Threshold) 205M->61M(512M) 7.686ms
[2025-08-28T13:42:04.135+0000][1099278][info ][gc,cpu      ] GC(17) User=0.07s Sys=0.01s Real=0.01s
[2025-08-28T13:42:04.135+0000][1099278][info ][gc          ] GC(18) Concurrent Mark Cycle
[2025-08-28T13:42:04.135+0000][1099278][info ][gc,marking  ] GC(18) Concurrent Scan Root Regions
[2025-08-28T13:42:04.135+0000][1099278][info ][safepoint   ] Safepoint "CollectForMetadataAllocation", Time since last: 50556355 ns, Reaching safepoint: 4436 ns, Cleanup: 22735 ns, At safepoint: 7802757 ns, Total: 7829928 ns
[2025-08-28T13:42:04.137+0000][1099278][info ][gc,marking  ] GC(18) Concurrent Scan Root Regions 2.465ms
[2025-08-28T13:42:04.137+0000][1099278][info ][gc,marking  ] GC(18) Concurrent Mark
[2025-08-28T13:42:04.137+0000][1099278][info ][gc,marking  ] GC(18) Concurrent Mark From Roots
[2025-08-28T13:42:04.137+0000][1099278][info ][gc,task     ] GC(18) Using 8 workers of 8 for marking
[2025-08-28T13:42:04.140+0000][1099278][info ][gc,marking  ] GC(18) Concurrent Mark From Roots 3.336ms
[2025-08-28T13:42:04.140+0000][1099278][info ][gc,marking  ] GC(18) Concurrent Preclean
[2025-08-28T13:42:04.141+0000][1099278][info ][gc,marking  ] GC(18) Concurrent Preclean 0.108ms
[2025-08-28T13:42:04.141+0000][1099278][info ][gc,start    ] GC(18) Pause Remark
[2025-08-28T13:42:04.144+0000][1099278][info ][gc          ] GC(18) Pause Remark 63M->63M(512M) 3.578ms
[2025-08-28T13:42:04.144+0000][1099278][info ][gc,cpu      ] GC(18) User=0.02s Sys=0.00s Real=0.00s
[2025-08-28T13:42:04.144+0000][1099278][info ][safepoint   ] Safepoint "G1PauseRemark", Time since last: 5932617 ns, Reaching safepoint: 26900 ns, Cleanup: 9014 ns, At safepoint: 3605108 ns, Total: 3641022 ns
[2025-08-28T13:42:04.144+0000][1099278][info ][gc,marking  ] GC(18) Concurrent Mark 7.121ms
[2025-08-28T13:42:04.144+0000][1099278][info ][gc,marking  ] GC(18) Concurrent Rebuild Remembered Sets and Scrub Regions
[2025-08-28T13:42:04.146+0000][1099278][info ][gc,marking  ] GC(18) Concurrent Rebuild Remembered Sets and Scrub Regions 1.349ms
[2025-08-28T13:42:04.146+0000][1099278][info ][gc,start    ] GC(18) Pause Cleanup
[2025-08-28T13:42:04.146+0000][1099278][info ][gc          ] GC(18) Pause Cleanup 63M->63M(512M) 0.031ms
[2025-08-28T13:42:04.146+0000][1099278][info ][gc,cpu      ] GC(18) User=0.00s Sys=0.00s Real=0.00s
[2025-08-28T13:42:04.146+0000][1099278][info ][safepoint   ] Safepoint "G1PauseCleanup", Time since last: 1385873 ns, Reaching safepoint: 65569 ns, Cleanup: 11637 ns, At safepoint: 44066 ns, Total: 121272 ns
[2025-08-28T13:42:04.146+0000][1099278][info ][gc,marking  ] GC(18) Concurrent Clear Claimed Marks
[2025-08-28T13:42:04.146+0000][1099278][info ][gc,marking  ] GC(18) Concurrent Clear Claimed Marks 0.091ms
[2025-08-28T13:42:04.146+0000][1099278][info ][gc,marking  ] GC(18) Concurrent Cleanup for Next Mark
[2025-08-28T13:42:04.146+0000][1099278][info ][gc,marking  ] GC(18) Concurrent Cleanup for Next Mark 0.249ms
[2025-08-28T13:42:04.146+0000][1099278][info ][gc          ] GC(18) Concurrent Mark Cycle 11.501ms
[2025-08-28T13:42:04.356+0000][1099278][info ][safepoint   ] Safepoint "ICBufferFull", Time since last: 210480288 ns, Reaching safepoint: 4346 ns, Cleanup: 141072 ns, At safepoint: 4557 ns, Total: 149975 ns
[2025-08-28T13:42:04.827+0000][1099278][info ][safepoint   ] Safepoint "ICBufferFull", Time since last: 470600753 ns, Reaching safepoint: 4537 ns, Cleanup: 138248 ns, At safepoint: 2985 ns, Total: 145770 ns
[2025-08-28T13:42:05.057+0000][1099278][info ][safepoint   ] Safepoint "ICBufferFull", Time since last: 229485401 ns, Reaching safepoint: 4076 ns, Cleanup: 158068 ns, At safepoint: 4577 ns, Total: 166721 ns
[2025-08-28T13:42:06.107+0000][1099278][info ][safepoint   ] Safepoint "Cleanup", Time since last: 1050366890 ns, Reaching safepoint: 6039 ns, Cleanup: 78838 ns, At safepoint: 1863 ns, Total: 86740 ns
[2025-08-28T13:42:08.107+0000][1099278][info ][safepoint   ] Safepoint "Cleanup", Time since last: 2000147070 ns, Reaching safepoint: 6389 ns, Cleanup: 17767 ns, At safepoint: 2454 ns, Total: 26610 ns
[2025-08-28T13:42:09.107+0000][1099278][info ][safepoint   ] Safepoint "Cleanup", Time since last: 1000048062 ns, Reaching safepoint: 4196 ns, Cleanup: 6119 ns, At safepoint: 1883 ns, Total: 12198 ns
[2025-08-28T13:42:11.108+0000][1099278][info ][safepoint   ] Safepoint "Cleanup", Time since last: 2000117285 ns, Reaching safepoint: 7691 ns, Cleanup: 11348 ns, At safepoint: 2543 ns, Total: 21582 ns
[2025-08-28T13:42:13.108+0000][1099278][info ][safepoint   ] Safepoint "Cleanup", Time since last: 2000169584 ns, Reaching safepoint: 6710 ns, Cleanup: 11017 ns, At safepoint: 2593 ns, Total: 20320 ns
[2025-08-28T13:42:14.108+0000][1099278][info ][safepoint   ] Safepoint "Cleanup", Time since last: 1000101783 ns, Reaching safepoint: 7151 ns, Cleanup: 10075 ns, At safepoint: 2524 ns, Total: 19750 ns
[2025-08-28T13:42:15.285+0000][1099278][info ][safepoint   ] Safepoint "ICBufferFull", Time since last: 1177041899 ns, Reaching safepoint: 12609 ns, Cleanup: 230807 ns, At safepoint: 1733 ns, Total: 245149 ns
[2025-08-28T13:42:15.437+0000][1099278][info ][safepoint   ] Safepoint "ICBufferFull", Time since last: 151610888 ns, Reaching safepoint: 76445 ns, Cleanup: 254262 ns, At safepoint: 10596 ns, Total: 341303 ns
[2025-08-28T13:42:15.735+0000][1099278][info ][gc,start    ] GC(19) Pause Young (Normal) (G1 Evacuation Pause)
[2025-08-28T13:42:15.735+0000][1099278][info ][gc,task     ] GC(19) Using 12 workers of 33 for evacuation
[2025-08-28T13:42:15.735+0000][1099278][debug][gc,age      ] GC(19) Desired survivor size 20971520 bytes, new threshold 5 (max threshold 15)
[2025-08-28T13:42:15.746+0000][1099278][info ][gc,phases   ] GC(19)   Pre Evacuate Collection Set: 0.2ms
[2025-08-28T13:42:15.746+0000][1099278][info ][gc,phases   ] GC(19)   Merge Heap Roots: 0.1ms
[2025-08-28T13:42:15.746+0000][1099278][info ][gc,phases   ] GC(19)   Evacuate Collection Set: 9.6ms
[2025-08-28T13:42:15.746+0000][1099278][info ][gc,phases   ] GC(19)   Post Evacuate Collection Set: 1.3ms
[2025-08-28T13:42:15.746+0000][1099278][info ][gc,phases   ] GC(19)   Other: 0.1ms
[2025-08-28T13:42:15.746+0000][1099278][trace][gc,age      ] GC(19) Age table with threshold 5 (max threshold 15)
[2025-08-28T13:42:15.746+0000][1099278][trace][gc,age      ] GC(19) - age   1:   17968952 bytes,   17968952 total
[2025-08-28T13:42:15.746+0000][1099278][trace][gc,age      ] GC(19) - age   2:    4145032 bytes,   22113984 total
[2025-08-28T13:42:15.746+0000][1099278][trace][gc,age      ] GC(19) - age   3:    5726376 bytes,   27840360 total
[2025-08-28T13:42:15.746+0000][1099278][trace][gc,age      ] GC(19) - age   4:    3625896 bytes,   31466256 total
[2025-08-28T13:42:15.746+0000][1099278][trace][gc,age      ] GC(19) - age   5:    6288856 bytes,   37755112 total
[2025-08-28T13:42:15.746+0000][1099278][info ][gc,heap     ] GC(19) Eden regions: 70->0(66)
[2025-08-28T13:42:15.746+0000][1099278][info ][gc,heap     ] GC(19) Survivor regions: 6->10(10)
[2025-08-28T13:42:15.746+0000][1099278][info ][gc,heap     ] GC(19) Old regions: 10->11
[2025-08-28T13:42:15.746+0000][1099278][info ][gc,heap     ] GC(19) Humongous regions: 0->0
[2025-08-28T13:42:15.746+0000][1099278][info ][gc,metaspace] GC(19) Metaspace: 131610K(135424K)->131610K(135424K) NonClass: 113570K(115584K)->113570K(115584K) Class: 18040K(19840K)->18040K(19840K)
[2025-08-28T13:42:15.746+0000][1099278][info ][gc          ] GC(19) Pause Young (Normal) (G1 Evacuation Pause) 341M->79M(512M) 11.402ms
[2025-08-28T13:42:15.746+0000][1099278][info ][gc,cpu      ] GC(19) User=0.11s Sys=0.00s Real=0.01s
[2025-08-28T13:42:15.746+0000][1099278][info ][safepoint   ] Safepoint "G1CollectForAllocation", Time since last: 297609881 ns, Reaching safepoint: 16315 ns, Cleanup: 184667 ns, At safepoint: 11487035 ns, Total: 11688017 ns
[2025-08-28T13:42:16.194+0000][1099278][info ][safepoint   ] Safepoint "ICBufferFull", Time since last: 447288816 ns, Reaching safepoint: 11247 ns, Cleanup: 230116 ns, At safepoint: 6349 ns, Total: 247712 ns
[2025-08-28T13:42:16.679+0000][1099278][info ][safepoint   ] Safepoint "ICBufferFull", Time since last: 485189560 ns, Reaching safepoint: 15904 ns, Cleanup: 134572 ns, At safepoint: 4828 ns, Total: 155304 ns
[2025-08-28T13:42:17.034+0000][1099278][info ][safepoint   ] Safepoint "ICBufferFull", Time since last: 355034810 ns, Reaching safepoint: 10656 ns, Cleanup: 159940 ns, At safepoint: 5649 ns, Total: 176245 ns
[2025-08-28T13:42:17.234+0000][1099278][info ][safepoint   ] Safepoint "ICBufferFull", Time since last: 199401866 ns, Reaching safepoint: 10606 ns, Cleanup: 162074 ns, At safepoint: 3675 ns, Total: 176355 ns
[2025-08-28T13:42:17.514+0000][1099278][info ][safepoint   ] Safepoint "ICBufferFull", Time since last: 280087536 ns, Reaching safepoint: 20221 ns, Cleanup: 165899 ns, At safepoint: 3846 ns, Total: 189966 ns
[2025-08-28T13:42:17.696+0000][1099278][info ][gc,start    ] GC(20) Pause Young (Normal) (G1 Evacuation Pause)
[2025-08-28T13:42:17.696+0000][1099278][info ][gc,task     ] GC(20) Using 12 workers of 33 for evacuation
[2025-08-28T13:42:17.696+0000][1099278][debug][gc,age      ] GC(20) Desired survivor size 20971520 bytes, new threshold 2 (max threshold 15)
[2025-08-28T13:42:17.707+0000][1099278][info ][gc,phases   ] GC(20)   Pre Evacuate Collection Set: 0.2ms
[2025-08-28T13:42:17.707+0000][1099278][info ][gc,phases   ] GC(20)   Merge Heap Roots: 0.1ms
[2025-08-28T13:42:17.707+0000][1099278][info ][gc,phases   ] GC(20)   Evacuate Collection Set: 10.0ms
[2025-08-28T13:42:17.707+0000][1099278][info ][gc,phases   ] GC(20)   Post Evacuate Collection Set: 1.3ms
[2025-08-28T13:42:17.707+0000][1099278][info ][gc,phases   ] GC(20)   Other: 0.1ms
[2025-08-28T13:42:17.707+0000][1099278][trace][gc,age      ] GC(20) Age table with threshold 2 (max threshold 15)
[2025-08-28T13:42:17.707+0000][1099278][trace][gc,age      ] GC(20) - age   1:   18389608 bytes,   18389608 total
[2025-08-28T13:42:17.707+0000][1099278][trace][gc,age      ] GC(20) - age   2:   17361832 bytes,   35751440 total
[2025-08-28T13:42:17.707+0000][1099278][info ][gc,heap     ] GC(20) Eden regions: 66->0(66)
[2025-08-28T13:42:17.707+0000][1099278][info ][gc,heap     ] GC(20) Survivor regions: 10->10(10)
[2025-08-28T13:42:17.707+0000][1099278][info ][gc,heap     ] GC(20) Old regions: 11->16
[2025-08-28T13:42:17.707+0000][1099278][info ][gc,heap     ] GC(20) Humongous regions: 0->0
[2025-08-28T13:42:17.707+0000][1099278][info ][gc,metaspace] GC(20) Metaspace: 136345K(140224K)->136345K(140224K) NonClass: 117737K(119744K)->117737K(119744K) Class: 18608K(20480K)->18608K(20480K)
[2025-08-28T13:42:17.707+0000][1099278][info ][gc          ] GC(20) Pause Young (Normal) (G1 Evacuation Pause) 343M->98M(512M) 11.795ms
[2025-08-28T13:42:17.707+0000][1099278][info ][gc,cpu      ] GC(20) User=0.11s Sys=0.01s Real=0.01s
[2025-08-28T13:42:17.707+0000][1099278][info ][safepoint   ] Safepoint "G1CollectForAllocation", Time since last: 181156013 ns, Reaching safepoint: 12730 ns, Cleanup: 79018 ns, At safepoint: 11889380 ns, Total: 11981128 ns
[2025-08-28T13:42:18.717+0000][1099278][info ][safepoint   ] Safepoint "Cleanup", Time since last: 1009243883 ns, Reaching safepoint: 71177 ns, Cleanup: 154552 ns, At safepoint: 3085 ns, Total: 228814 ns
[2025-08-28T13:42:19.417+0000][1099278][info ][gc,start    ] GC(21) Pause Young (Normal) (G1 Evacuation Pause)
[2025-08-28T13:42:19.417+0000][1099278][info ][gc,task     ] GC(21) Using 12 workers of 33 for evacuation
[2025-08-28T13:42:19.417+0000][1099278][debug][gc,age      ] GC(21) Desired survivor size 20971520 bytes, new threshold 2 (max threshold 15)
[2025-08-28T13:42:19.425+0000][1099278][info ][gc,phases   ] GC(21)   Pre Evacuate Collection Set: 0.1ms
[2025-08-28T13:42:19.425+0000][1099278][info ][gc,phases   ] GC(21)   Merge Heap Roots: 0.1ms
[2025-08-28T13:42:19.425+0000][1099278][info ][gc,phases   ] GC(21)   Evacuate Collection Set: 6.8ms
[2025-08-28T13:42:19.425+0000][1099278][info ][gc,phases   ] GC(21)   Post Evacuate Collection Set: 0.6ms
[2025-08-28T13:42:19.425+0000][1099278][info ][gc,phases   ] GC(21)   Other: 0.1ms
[2025-08-28T13:42:19.425+0000][1099278][trace][gc,age      ] GC(21) Age table with threshold 2 (max threshold 15)
[2025-08-28T13:42:19.425+0000][1099278][trace][gc,age      ] GC(21) - age   1:    1251544 bytes,    1251544 total
[2025-08-28T13:42:19.425+0000][1099278][trace][gc,age      ] GC(21) - age   2:   17028464 bytes,   18280008 total
[2025-08-28T13:42:19.425+0000][1099278][info ][gc,heap     ] GC(21) Eden regions: 66->0(70)
[2025-08-28T13:42:19.425+0000][1099278][info ][gc,heap     ] GC(21) Survivor regions: 10->6(10)
[2025-08-28T13:42:19.425+0000][1099278][info ][gc,heap     ] GC(21) Old regions: 16->20
[2025-08-28T13:42:19.425+0000][1099278][info ][gc,heap     ] GC(21) Humongous regions: 0->0
[2025-08-28T13:42:19.425+0000][1099278][info ][gc,metaspace] GC(21) Metaspace: 136517K(140352K)->136517K(140352K) NonClass: 117909K(119872K)->117909K(119872K) Class: 18608K(20480K)->18608K(20480K)
[2025-08-28T13:42:19.425+0000][1099278][info ][gc          ] GC(21) Pause Young (Normal) (G1 Evacuation Pause) 362M->101M(512M) 7.847ms
[2025-08-28T13:42:19.425+0000][1099278][info ][gc,cpu      ] GC(21) User=0.05s Sys=0.00s Real=0.01s
[2025-08-28T13:42:19.425+0000][1099278][info ][safepoint   ] Safepoint "G1CollectForAllocation", Time since last: 700295900 ns, Reaching safepoint: 10786 ns, Cleanup: 50516 ns, At safepoint: 7954786 ns, Total: 8016088 ns
[2025-08-28T13:42:20.973+0000][1099278][info ][safepoint   ] Safepoint "Cleanup", Time since last: 1547347461 ns, Reaching safepoint: 72870 ns, Cleanup: 70656 ns, At safepoint: 3665 ns, Total: 147191 ns
[2025-08-28T13:42:21.251+0000][1099278][info ][gc,start    ] GC(22) Pause Young (Normal) (G1 Evacuation Pause)
[2025-08-28T13:42:21.251+0000][1099278][info ][gc,task     ] GC(22) Using 12 workers of 33 for evacuation
[2025-08-28T13:42:21.251+0000][1099278][debug][gc,age      ] GC(22) Desired survivor size 20971520 bytes, new threshold 15 (max threshold 15)
[2025-08-28T13:42:21.254+0000][1099278][info ][gc,phases   ] GC(22)   Pre Evacuate Collection Set: 0.1ms
[2025-08-28T13:42:21.254+0000][1099278][info ][gc,phases   ] GC(22)   Merge Heap Roots: 0.1ms
[2025-08-28T13:42:21.254+0000][1099278][info ][gc,phases   ] GC(22)   Evacuate Collection Set: 2.8ms
[2025-08-28T13:42:21.254+0000][1099278][info ][gc,phases   ] GC(22)   Post Evacuate Collection Set: 0.5ms
[2025-08-28T13:42:21.254+0000][1099278][info ][gc,phases   ] GC(22)   Other: 0.1ms
[2025-08-28T13:42:21.254+0000][1099278][trace][gc,age      ] GC(22) Age table with threshold 15 (max threshold 15)
[2025-08-28T13:42:21.254+0000][1099278][trace][gc,age      ] GC(22) - age   1:     446192 bytes,     446192 total
[2025-08-28T13:42:21.254+0000][1099278][trace][gc,age      ] GC(22) - age   2:       7336 bytes,     453528 total
[2025-08-28T13:42:21.254+0000][1099278][trace][gc,age      ] GC(22) - age   3:   17028464 bytes,   17481992 total
[2025-08-28T13:42:21.254+0000][1099278][info ][gc,heap     ] GC(22) Eden regions: 70->0(70)
[2025-08-28T13:42:21.254+0000][1099278][info ][gc,heap     ] GC(22) Survivor regions: 6->6(10)
[2025-08-28T13:42:21.254+0000][1099278][info ][gc,heap     ] GC(22) Old regions: 20->20
[2025-08-28T13:42:21.254+0000][1099278][info ][gc,heap     ] GC(22) Humongous regions: 0->0
[2025-08-28T13:42:21.254+0000][1099278][info ][gc,metaspace] GC(22) Metaspace: 136623K(140544K)->136623K(140544K) NonClass: 118015K(120064K)->118015K(120064K) Class: 18608K(20480K)->18608K(20480K)
[2025-08-28T13:42:21.254+0000][1099278][info ][gc          ] GC(22) Pause Young (Normal) (G1 Evacuation Pause) 381M->99M(512M) 3.642ms
[2025-08-28T13:42:21.254+0000][1099278][info ][gc,cpu      ] GC(22) User=0.03s Sys=0.00s Real=0.00s
[2025-08-28T13:42:21.254+0000][1099278][info ][safepoint   ] Safepoint "G1CollectForAllocation", Time since last: 277923794 ns, Reaching safepoint: 10977 ns, Cleanup: 26650 ns, At safepoint: 3744638 ns, Total: 3782265 ns
[2025-08-28T13:42:22.538+0000][1099278][info ][safepoint   ] Safepoint "Cleanup", Time since last: 1282959722 ns, Reaching safepoint: 99149 ns, Cleanup: 47651 ns, At safepoint: 4037 ns, Total: 150837 ns
[2025-08-28T13:42:23.079+0000][1099278][info ][gc,start    ] GC(23) Pause Young (Normal) (G1 Evacuation Pause)
[2025-08-28T13:42:23.079+0000][1099278][info ][gc,task     ] GC(23) Using 12 workers of 33 for evacuation
[2025-08-28T13:42:23.079+0000][1099278][debug][gc,age      ] GC(23) Desired survivor size 20971520 bytes, new threshold 15 (max threshold 15)
[2025-08-28T13:42:23.085+0000][1099278][info ][gc,phases   ] GC(23)   Pre Evacuate Collection Set: 0.2ms
[2025-08-28T13:42:23.085+0000][1099278][info ][gc,phases   ] GC(23)   Merge Heap Roots: 0.1ms
[2025-08-28T13:42:23.085+0000][1099278][info ][gc,phases   ] GC(23)   Evacuate Collection Set: 4.7ms
[2025-08-28T13:42:23.085+0000][1099278][info ][gc,phases   ] GC(23)   Post Evacuate Collection Set: 0.8ms
[2025-08-28T13:42:23.085+0000][1099278][info ][gc,phases   ] GC(23)   Other: 0.1ms
[2025-08-28T13:42:23.085+0000][1099278][trace][gc,age      ] GC(23) Age table with threshold 15 (max threshold 15)
[2025-08-28T13:42:23.085+0000][1099278][trace][gc,age      ] GC(23) - age   1:    1042504 bytes,    1042504 total
[2025-08-28T13:42:23.085+0000][1099278][trace][gc,age      ] GC(23) - age   2:       3840 bytes,    1046344 total
[2025-08-28T13:42:23.085+0000][1099278][trace][gc,age      ] GC(23) - age   3:       6592 bytes,    1052936 total
[2025-08-28T13:42:23.085+0000][1099278][trace][gc,age      ] GC(23) - age   4:   16998256 bytes,   18051192 total
[2025-08-28T13:42:23.085+0000][1099278][info ][gc,heap     ] GC(23) Eden regions: 70->0(71)
[2025-08-28T13:42:23.085+0000][1099278][info ][gc,heap     ] GC(23) Survivor regions: 6->5(10)
[2025-08-28T13:42:23.085+0000][1099278][info ][gc,heap     ] GC(23) Old regions: 20->20
[2025-08-28T13:42:23.085+0000][1099278][info ][gc,heap     ] GC(23) Humongous regions: 0->0
[2025-08-28T13:42:23.085+0000][1099278][info ][gc,metaspace] GC(23) Metaspace: 136682K(140608K)->136682K(140608K) NonClass: 118074K(120128K)->118074K(120128K) Class: 18608K(20480K)->18608K(20480K)
[2025-08-28T13:42:23.085+0000][1099278][info ][gc          ] GC(23) Pause Young (Normal) (G1 Evacuation Pause) 379M->97M(512M) 6.267ms
[2025-08-28T13:42:23.085+0000][1099278][info ][gc,cpu      ] GC(23) User=0.01s Sys=0.03s Real=0.01s
[2025-08-28T13:42:23.085+0000][1099278][info ][safepoint   ] Safepoint "G1CollectForAllocation", Time since last: 541072661 ns, Reaching safepoint: 14792 ns, Cleanup: 10085 ns, At safepoint: 6354170 ns, Total: 6379047 ns
[2025-08-28T13:42:24.436+0000][1099278][info ][safepoint   ] Safepoint "Cleanup", Time since last: 1350693495 ns, Reaching safepoint: 15443 ns, Cleanup: 31167 ns, At safepoint: 2884 ns, Total: 49494 ns
[2025-08-28T13:42:24.953+0000][1099278][info ][gc,start    ] GC(24) Pause Young (Normal) (G1 Evacuation Pause)
[2025-08-28T13:42:24.953+0000][1099278][info ][gc,task     ] GC(24) Using 12 workers of 33 for evacuation
[2025-08-28T13:42:24.953+0000][1099278][debug][gc,age      ] GC(24) Desired survivor size 20971520 bytes, new threshold 15 (max threshold 15)
[2025-08-28T13:42:24.957+0000][1099278][info ][gc,phases   ] GC(24)   Pre Evacuate Collection Set: 0.2ms
[2025-08-28T13:42:24.957+0000][1099278][info ][gc,phases   ] GC(24)   Merge Heap Roots: 0.1ms
[2025-08-28T13:42:24.957+0000][1099278][info ][gc,phases   ] GC(24)   Evacuate Collection Set: 3.5ms
[2025-08-28T13:42:24.957+0000][1099278][info ][gc,phases   ] GC(24)   Post Evacuate Collection Set: 0.6ms
[2025-08-28T13:42:24.957+0000][1099278][info ][gc,phases   ] GC(24)   Other: 0.1ms
[2025-08-28T13:42:24.957+0000][1099278][trace][gc,age      ] GC(24) Age table with threshold 15 (max threshold 15)
[2025-08-28T13:42:24.957+0000][1099278][trace][gc,age      ] GC(24) - age   1:    1225760 bytes,    1225760 total
[2025-08-28T13:42:24.957+0000][1099278][trace][gc,age      ] GC(24) - age   2:       6208 bytes,    1231968 total
[2025-08-28T13:42:24.957+0000][1099278][trace][gc,age      ] GC(24) - age   3:       3496 bytes,    1235464 total
[2025-08-28T13:42:24.957+0000][1099278][trace][gc,age      ] GC(24) - age   4:       6592 bytes,    1242056 total
[2025-08-28T13:42:24.957+0000][1099278][trace][gc,age      ] GC(24) - age   5:   16998088 bytes,   18240144 total
[2025-08-28T13:42:24.958+0000][1099278][info ][gc,heap     ] GC(24) Eden regions: 71->0(70)
[2025-08-28T13:42:24.958+0000][1099278][info ][gc,heap     ] GC(24) Survivor regions: 5->6(10)
[2025-08-28T13:42:24.958+0000][1099278][info ][gc,heap     ] GC(24) Old regions: 20->20
[2025-08-28T13:42:24.958+0000][1099278][info ][gc,heap     ] GC(24) Humongous regions: 0->0
[2025-08-28T13:42:24.958+0000][1099278][info ][gc,metaspace] GC(24) Metaspace: 136713K(140608K)->136713K(140608K) NonClass: 118104K(120128K)->118104K(120128K) Class: 18608K(20480K)->18608K(20480K)
[2025-08-28T13:42:24.958+0000][1099278][info ][gc          ] GC(24) Pause Young (Normal) (G1 Evacuation Pause) 381M->99M(512M) 4.542ms
[2025-08-28T13:42:24.958+0000][1099278][info ][gc,cpu      ] GC(24) User=0.03s Sys=0.00s Real=0.00s
[2025-08-28T13:42:24.958+0000][1099278][info ][safepoint   ] Safepoint "G1CollectForAllocation", Time since last: 517140391 ns, Reaching safepoint: 15644 ns, Cleanup: 33070 ns, At safepoint: 4660154 ns, Total: 4708868 ns
[2025-08-28T13:42:25.356+0000][1099278][info ][safepoint   ] Safepoint "ICBufferFull", Time since last: 397724942 ns, Reaching safepoint: 15704 ns, Cleanup: 266440 ns, At safepoint: 3045 ns, Total: 285189 ns
[2025-08-28T13:42:25.844+0000][1099278][info ][safepoint   ] Safepoint "ICBufferFull", Time since last: 488046213 ns, Reaching safepoint: 16906 ns, Cleanup: 221382 ns, At safepoint: 2885 ns, Total: 241173 ns
[2025-08-28T13:42:27.054+0000][1099278][info ][safepoint   ] Safepoint "Cleanup", Time since last: 1209711982 ns, Reaching safepoint: 36585 ns, Cleanup: 168974 ns, At safepoint: 3184 ns, Total: 208743 ns
[2025-08-28T13:42:27.138+0000][1099278][info ][gc,start    ] GC(25) Pause Young (Normal) (G1 Evacuation Pause)
[2025-08-28T13:42:27.138+0000][1099278][info ][gc,task     ] GC(25) Using 12 workers of 33 for evacuation
[2025-08-28T13:42:27.138+0000][1099278][debug][gc,age      ] GC(25) Desired survivor size 20971520 bytes, new threshold 15 (max threshold 15)
[2025-08-28T13:42:27.143+0000][1099278][info ][gc,phases   ] GC(25)   Pre Evacuate Collection Set: 0.2ms
[2025-08-28T13:42:27.143+0000][1099278][info ][gc,phases   ] GC(25)   Merge Heap Roots: 0.1ms
[2025-08-28T13:42:27.143+0000][1099278][info ][gc,phases   ] GC(25)   Evacuate Collection Set: 3.8ms
[2025-08-28T13:42:27.143+0000][1099278][info ][gc,phases   ] GC(25)   Post Evacuate Collection Set: 0.8ms
[2025-08-28T13:42:27.143+0000][1099278][info ][gc,phases   ] GC(25)   Other: 0.1ms
[2025-08-28T13:42:27.143+0000][1099278][trace][gc,age      ] GC(25) Age table with threshold 15 (max threshold 15)
[2025-08-28T13:42:27.143+0000][1099278][trace][gc,age      ] GC(25) - age   1:    2990840 bytes,    2990840 total
[2025-08-28T13:42:27.143+0000][1099278][trace][gc,age      ] GC(25) - age   2:       1704 bytes,    2992544 total
[2025-08-28T13:42:27.143+0000][1099278][trace][gc,age      ] GC(25) - age   3:       3072 bytes,    2995616 total
[2025-08-28T13:42:27.143+0000][1099278][trace][gc,age      ] GC(25) - age   4:       2376 bytes,    2997992 total
[2025-08-28T13:42:27.143+0000][1099278][trace][gc,age      ] GC(25) - age   5:       5040 bytes,    3003032 total
[2025-08-28T13:42:27.143+0000][1099278][trace][gc,age      ] GC(25) - age   6:   13545792 bytes,   16548824 total
[2025-08-28T13:42:27.143+0000][1099278][info ][gc,heap     ] GC(25) Eden regions: 70->0(71)
[2025-08-28T13:42:27.143+0000][1099278][info ][gc,heap     ] GC(25) Survivor regions: 6->5(10)
[2025-08-28T13:42:27.143+0000][1099278][info ][gc,heap     ] GC(25) Old regions: 20->20
[2025-08-28T13:42:27.143+0000][1099278][info ][gc,heap     ] GC(25) Humongous regions: 0->0
[2025-08-28T13:42:27.143+0000][1099278][info ][gc,metaspace] GC(25) Metaspace: 138860K(142784K)->138860K(142784K) NonClass: 119950K(121984K)->119950K(121984K) Class: 18909K(20800K)->18909K(20800K)
[2025-08-28T13:42:27.143+0000][1099278][info ][gc          ] GC(25) Pause Young (Normal) (G1 Evacuation Pause) 379M->95M(512M) 5.051ms
[2025-08-28T13:42:27.143+0000][1099278][info ][gc,cpu      ] GC(25) User=0.04s Sys=0.00s Real=0.01s
[2025-08-28T13:42:27.143+0000][1099278][info ][safepoint   ] Safepoint "G1CollectForAllocation", Time since last: 83916115 ns, Reaching safepoint: 272199 ns, Cleanup: 6039 ns, At safepoint: 5149800 ns, Total: 5428038 ns
[2025-08-28T13:42:28.436+0000][1099278][info ][safepoint   ] Safepoint "Cleanup", Time since last: 1293241736 ns, Reaching safepoint: 16715 ns, Cleanup: 19118 ns, At safepoint: 3506 ns, Total: 39339 ns
[2025-08-28T13:42:29.855+0000][1099278][info ][gc,start    ] GC(26) Pause Young (Normal) (G1 Evacuation Pause)
[2025-08-28T13:42:29.855+0000][1099278][info ][gc,task     ] GC(26) Using 12 workers of 33 for evacuation
[2025-08-28T13:42:29.855+0000][1099278][debug][gc,age      ] GC(26) Desired survivor size 20971520 bytes, new threshold 15 (max threshold 15)
[2025-08-28T13:42:29.859+0000][1099278][info ][gc,phases   ] GC(26)   Pre Evacuate Collection Set: 0.2ms
[2025-08-28T13:42:29.859+0000][1099278][info ][gc,phases   ] GC(26)   Merge Heap Roots: 0.1ms
[2025-08-28T13:42:29.859+0000][1099278][info ][gc,phases   ] GC(26)   Evacuate Collection Set: 3.5ms
[2025-08-28T13:42:29.859+0000][1099278][info ][gc,phases   ] GC(26)   Post Evacuate Collection Set: 0.7ms
[2025-08-28T13:42:29.859+0000][1099278][info ][gc,phases   ] GC(26)   Other: 0.1ms
[2025-08-28T13:42:29.859+0000][1099278][trace][gc,age      ] GC(26) Age table with threshold 15 (max threshold 15)
[2025-08-28T13:42:29.859+0000][1099278][trace][gc,age      ] GC(26) - age   1:       7552 bytes,       7552 total
[2025-08-28T13:42:29.859+0000][1099278][trace][gc,age      ] GC(26) - age   2:    2885536 bytes,    2893088 total
[2025-08-28T13:42:29.859+0000][1099278][trace][gc,age      ] GC(26) - age   3:       1672 bytes,    2894760 total
[2025-08-28T13:42:29.859+0000][1099278][trace][gc,age      ] GC(26) - age   4:       2360 bytes,    2897120 total
[2025-08-28T13:42:29.859+0000][1099278][trace][gc,age      ] GC(26) - age   5:       2376 bytes,    2899496 total
[2025-08-28T13:42:29.859+0000][1099278][trace][gc,age      ] GC(26) - age   6:       5040 bytes,    2904536 total
[2025-08-28T13:42:29.859+0000][1099278][trace][gc,age      ] GC(26) - age   7:   13545760 bytes,   16450296 total
[2025-08-28T13:42:29.859+0000][1099278][info ][gc,heap     ] GC(26) Eden regions: 71->0(71)
[2025-08-28T13:42:29.859+0000][1099278][info ][gc,heap     ] GC(26) Survivor regions: 5->5(10)
[2025-08-28T13:42:29.859+0000][1099278][info ][gc,heap     ] GC(26) Old regions: 20->20
[2025-08-28T13:42:29.859+0000][1099278][info ][gc,heap     ] GC(26) Humongous regions: 0->0
[2025-08-28T13:42:29.859+0000][1099278][info ][gc,metaspace] GC(26) Metaspace: 138862K(142784K)->138862K(142784K) NonClass: 119952K(121984K)->119952K(121984K) Class: 18909K(20800K)->18909K(20800K)
[2025-08-28T13:42:29.859+0000][1099278][info ][gc          ] GC(26) Pause Young (Normal) (G1 Evacuation Pause) 379M->96M(512M) 4.627ms
[2025-08-28T13:42:29.859+0000][1099278][info ][gc,cpu      ] GC(26) User=0.03s Sys=0.01s Real=0.00s
[2025-08-28T13:42:29.859+0000][1099278][info ][safepoint   ] Safepoint "G1CollectForAllocation", Time since last: 1418094166 ns, Reaching safepoint: 24297 ns, Cleanup: 17005 ns, At safepoint: 4717030 ns, Total: 4758332 ns
[2025-08-28T13:42:30.859+0000][1099278][info ][safepoint   ] Safepoint "Cleanup", Time since last: 1000089914 ns, Reaching safepoint: 17466 ns, Cleanup: 33651 ns, At safepoint: 3165 ns, Total: 54282 ns
[2025-08-28T13:42:32.636+0000][1099278][info ][gc,start    ] GC(27) Pause Young (Normal) (G1 Evacuation Pause)
[2025-08-28T13:42:32.636+0000][1099278][info ][gc,task     ] GC(27) Using 12 workers of 33 for evacuation
[2025-08-28T13:42:32.636+0000][1099278][debug][gc,age      ] GC(27) Desired survivor size 20971520 bytes, new threshold 15 (max threshold 15)
[2025-08-28T13:42:32.640+0000][1099278][info ][gc,phases   ] GC(27)   Pre Evacuate Collection Set: 0.1ms
[2025-08-28T13:42:32.640+0000][1099278][info ][gc,phases   ] GC(27)   Merge Heap Roots: 0.1ms
[2025-08-28T13:42:32.640+0000][1099278][info ][gc,phases   ] GC(27)   Evacuate Collection Set: 3.1ms
[2025-08-28T13:42:32.640+0000][1099278][info ][gc,phases   ] GC(27)   Post Evacuate Collection Set: 0.7ms
[2025-08-28T13:42:32.640+0000][1099278][info ][gc,phases   ] GC(27)   Other: 0.1ms
[2025-08-28T13:42:32.640+0000][1099278][trace][gc,age      ] GC(27) Age table with threshold 15 (max threshold 15)
[2025-08-28T13:42:32.640+0000][1099278][trace][gc,age      ] GC(27) - age   1:       6760 bytes,       6760 total
[2025-08-28T13:42:32.640+0000][1099278][trace][gc,age      ] GC(27) - age   2:       1688 bytes,       8448 total
[2025-08-28T13:42:32.640+0000][1099278][trace][gc,age      ] GC(27) - age   3:    2885536 bytes,    2893984 total
[2025-08-28T13:42:32.640+0000][1099278][trace][gc,age      ] GC(27) - age   4:       1672 bytes,    2895656 total
[2025-08-28T13:42:32.640+0000][1099278][trace][gc,age      ] GC(27) - age   5:       2360 bytes,    2898016 total
[2025-08-28T13:42:32.640+0000][1099278][trace][gc,age      ] GC(27) - age   6:       2376 bytes,    2900392 total
[2025-08-28T13:42:32.640+0000][1099278][trace][gc,age      ] GC(27) - age   7:       5040 bytes,    2905432 total
[2025-08-28T13:42:32.640+0000][1099278][trace][gc,age      ] GC(27) - age   8:   13545760 bytes,   16451192 total
[2025-08-28T13:42:32.640+0000][1099278][info ][gc,heap     ] GC(27) Eden regions: 71->0(71)
[2025-08-28T13:42:32.640+0000][1099278][info ][gc,heap     ] GC(27) Survivor regions: 5->5(10)
[2025-08-28T13:42:32.640+0000][1099278][info ][gc,heap     ] GC(27) Old regions: 20->20
[2025-08-28T13:42:32.640+0000][1099278][info ][gc,heap     ] GC(27) Humongous regions: 0->0
[2025-08-28T13:42:32.640+0000][1099278][info ][gc,metaspace] GC(27) Metaspace: 138869K(142784K)->138869K(142784K) NonClass: 119959K(121984K)->119959K(121984K) Class: 18909K(20800K)->18909K(20800K)
[2025-08-28T13:42:32.640+0000][1099278][info ][gc          ] GC(27) Pause Young (Normal) (G1 Evacuation Pause) 380M->96M(512M) 4.274ms
[2025-08-28T13:42:32.640+0000][1099278][info ][gc,cpu      ] GC(27) User=0.02s Sys=0.00s Real=0.00s
[2025-08-28T13:42:32.640+0000][1099278][info ][safepoint   ] Safepoint "G1CollectForAllocation", Time since last: 1776216947 ns, Reaching safepoint: 47582 ns, Cleanup: 5798 ns, At safepoint: 4360775 ns, Total: 4414155 ns
[2025-08-28T13:42:33.640+0000][1099278][info ][safepoint   ] Safepoint "Cleanup", Time since last: 1000096174 ns, Reaching safepoint: 17947 ns, Cleanup: 16174 ns, At safepoint: 3495 ns, Total: 37616 ns
[2025-08-28T13:42:34.944+0000][1099278][info ][safepoint   ] Safepoint "Cleanup", Time since last: 1304080977 ns, Reaching safepoint: 36174 ns, Cleanup: 27482 ns, At safepoint: 3775 ns, Total: 67431 ns
[2025-08-28T13:42:35.548+0000][1099278][info ][gc,start    ] GC(28) Pause Young (Normal) (G1 Evacuation Pause)
[2025-08-28T13:42:35.548+0000][1099278][info ][gc,task     ] GC(28) Using 12 workers of 33 for evacuation
[2025-08-28T13:42:35.548+0000][1099278][debug][gc,age      ] GC(28) Desired survivor size 20971520 bytes, new threshold 15 (max threshold 15)
[2025-08-28T13:42:35.553+0000][1099278][info ][gc,phases   ] GC(28)   Pre Evacuate Collection Set: 0.3ms
[2025-08-28T13:42:35.553+0000][1099278][info ][gc,phases   ] GC(28)   Merge Heap Roots: 0.1ms
[2025-08-28T13:42:35.553+0000][1099278][info ][gc,phases   ] GC(28)   Evacuate Collection Set: 3.6ms
[2025-08-28T13:42:35.553+0000][1099278][info ][gc,phases   ] GC(28)   Post Evacuate Collection Set: 0.8ms
[2025-08-28T13:42:35.553+0000][1099278][info ][gc,phases   ] GC(28)   Other: 0.1ms
[2025-08-28T13:42:35.553+0000][1099278][trace][gc,age      ] GC(28) Age table with threshold 15 (max threshold 15)
[2025-08-28T13:42:35.553+0000][1099278][trace][gc,age      ] GC(28) - age   1:       9568 bytes,       9568 total
[2025-08-28T13:42:35.553+0000][1099278][trace][gc,age      ] GC(28) - age   2:        632 bytes,      10200 total
[2025-08-28T13:42:35.553+0000][1099278][trace][gc,age      ] GC(28) - age   3:        528 bytes,      10728 total
[2025-08-28T13:42:35.553+0000][1099278][trace][gc,age      ] GC(28) - age   4:    2885224 bytes,    2895952 total
[2025-08-28T13:42:35.553+0000][1099278][trace][gc,age      ] GC(28) - age   5:       1496 bytes,    2897448 total
[2025-08-28T13:42:35.553+0000][1099278][trace][gc,age      ] GC(28) - age   6:       2360 bytes,    2899808 total
[2025-08-28T13:42:35.553+0000][1099278][trace][gc,age      ] GC(28) - age   7:       2376 bytes,    2902184 total
[2025-08-28T13:42:35.553+0000][1099278][trace][gc,age      ] GC(28) - age   8:       5040 bytes,    2907224 total
[2025-08-28T13:42:35.553+0000][1099278][trace][gc,age      ] GC(28) - age   9:   13545760 bytes,   16452984 total
[2025-08-28T13:42:35.553+0000][1099278][info ][gc,heap     ] GC(28) Eden regions: 71->0(71)
[2025-08-28T13:42:35.553+0000][1099278][info ][gc,heap     ] GC(28) Survivor regions: 5->5(10)
[2025-08-28T13:42:35.553+0000][1099278][info ][gc,heap     ] GC(28) Old regions: 20->20
[2025-08-28T13:42:35.553+0000][1099278][info ][gc,heap     ] GC(28) Humongous regions: 0->0
[2025-08-28T13:42:35.553+0000][1099278][info ][gc,metaspace] GC(28) Metaspace: 138883K(142848K)->138883K(142848K) NonClass: 119973K(122048K)->119973K(122048K) Class: 18909K(20800K)->18909K(20800K)
[2025-08-28T13:42:35.553+0000][1099278][info ][gc          ] GC(28) Pause Young (Normal) (G1 Evacuation Pause) 380M->96M(512M) 5.534ms
[2025-08-28T13:42:35.553+0000][1099278][info ][gc,cpu      ] GC(28) User=0.03s Sys=0.01s Real=0.01s
[2025-08-28T13:42:35.553+0000][1099278][info ][safepoint   ] Safepoint "G1CollectForAllocation", Time since last: 603145205 ns, Reaching safepoint: 18918 ns, Cleanup: 6470 ns, At safepoint: 5669161 ns, Total: 5694549 ns
[2025-08-28T13:42:36.553+0000][1099278][info ][safepoint   ] Safepoint "Cleanup", Time since last: 1000078517 ns, Reaching safepoint: 18268 ns, Cleanup: 21282 ns, At safepoint: 3515 ns, Total: 43065 ns
[2025-08-28T13:42:37.554+0000][1099278][info ][safepoint   ] Safepoint "Cleanup", Time since last: 1000203054 ns, Reaching safepoint: 61102 ns, Cleanup: 19670 ns, At safepoint: 4076 ns, Total: 84848 ns
[2025-08-28T13:42:38.303+0000][1099278][info ][gc,start    ] GC(29) Pause Young (Normal) (G1 Evacuation Pause)
[2025-08-28T13:42:38.304+0000][1099278][info ][gc,task     ] GC(29) Using 12 workers of 33 for evacuation
[2025-08-28T13:42:38.304+0000][1099278][debug][gc,age      ] GC(29) Desired survivor size 20971520 bytes, new threshold 15 (max threshold 15)
[2025-08-28T13:42:38.308+0000][1099278][info ][gc,phases   ] GC(29)   Pre Evacuate Collection Set: 0.2ms
[2025-08-28T13:42:38.308+0000][1099278][info ][gc,phases   ] GC(29)   Merge Heap Roots: 0.1ms
[2025-08-28T13:42:38.308+0000][1099278][info ][gc,phases   ] GC(29)   Evacuate Collection Set: 3.5ms
[2025-08-28T13:42:38.308+0000][1099278][info ][gc,phases   ] GC(29)   Post Evacuate Collection Set: 0.7ms
[2025-08-28T13:42:38.308+0000][1099278][info ][gc,phases   ] GC(29)   Other: 0.1ms
[2025-08-28T13:42:38.308+0000][1099278][trace][gc,age      ] GC(29) Age table with threshold 15 (max threshold 15)
[2025-08-28T13:42:38.308+0000][1099278][trace][gc,age      ] GC(29) - age   1:       7136 bytes,       7136 total
[2025-08-28T13:42:38.308+0000][1099278][trace][gc,age      ] GC(29) - age   2:       2768 bytes,       9904 total
[2025-08-28T13:42:38.308+0000][1099278][trace][gc,age      ] GC(29) - age   3:        632 bytes,      10536 total
[2025-08-28T13:42:38.308+0000][1099278][trace][gc,age      ] GC(29) - age   4:        528 bytes,      11064 total
[2025-08-28T13:42:38.308+0000][1099278][trace][gc,age      ] GC(29) - age   5:    2884976 bytes,    2896040 total
[2025-08-28T13:42:38.308+0000][1099278][trace][gc,age      ] GC(29) - age   6:       1496 bytes,    2897536 total
[2025-08-28T13:42:38.308+0000][1099278][trace][gc,age      ] GC(29) - age   7:       2360 bytes,    2899896 total
[2025-08-28T13:42:38.308+0000][1099278][trace][gc,age      ] GC(29) - age   8:       2376 bytes,    2902272 total
[2025-08-28T13:42:38.308+0000][1099278][trace][gc,age      ] GC(29) - age   9:       5040 bytes,    2907312 total
[2025-08-28T13:42:38.308+0000][1099278][trace][gc,age      ] GC(29) - age  10:   13545760 bytes,   16453072 total
[2025-08-28T13:42:38.308+0000][1099278][info ][gc,heap     ] GC(29) Eden regions: 71->0(71)
[2025-08-28T13:42:38.308+0000][1099278][info ][gc,heap     ] GC(29) Survivor regions: 5->5(10)
[2025-08-28T13:42:38.308+0000][1099278][info ][gc,heap     ] GC(29) Old regions: 20->20
[2025-08-28T13:42:38.308+0000][1099278][info ][gc,heap     ] GC(29) Humongous regions: 0->0
[2025-08-28T13:42:38.308+0000][1099278][info ][gc,metaspace] GC(29) Metaspace: 138884K(142848K)->138884K(142848K) NonClass: 119975K(122048K)->119975K(122048K) Class: 18909K(20800K)->18909K(20800K)
[2025-08-28T13:42:38.308+0000][1099278][info ][gc          ] GC(29) Pause Young (Normal) (G1 Evacuation Pause) 380M->96M(512M) 4.708ms
[2025-08-28T13:42:38.308+0000][1099278][info ][gc,cpu      ] GC(29) User=0.02s Sys=0.01s Real=0.00s
[2025-08-28T13:42:38.308+0000][1099278][info ][safepoint   ] Safepoint "G1CollectForAllocation", Time since last: 749703279 ns, Reaching safepoint: 18497 ns, Cleanup: 24928 ns, At safepoint: 4818061 ns, Total: 4861486 ns
[2025-08-28T13:42:39.308+0000][1099278][info ][safepoint   ] Safepoint "Cleanup", Time since last: 1000100421 ns, Reaching safepoint: 17977 ns, Cleanup: 26329 ns, At safepoint: 3716 ns, Total: 48022 ns
[2025-08-28T13:42:40.585+0000][1099278][info ][safepoint   ] Safepoint "Cleanup", Time since last: 1276107874 ns, Reaching safepoint: 17596 ns, Cleanup: 29585 ns, At safepoint: 3465 ns, Total: 50646 ns
[2025-08-28T13:42:41.225+0000][1099278][info ][gc,start    ] GC(30) Pause Young (Normal) (G1 Evacuation Pause)
[2025-08-28T13:42:41.225+0000][1099278][info ][gc,task     ] GC(30) Using 12 workers of 33 for evacuation
[2025-08-28T13:42:41.225+0000][1099278][debug][gc,age      ] GC(30) Desired survivor size 20971520 bytes, new threshold 15 (max threshold 15)
[2025-08-28T13:42:41.230+0000][1099278][info ][gc,phases   ] GC(30)   Pre Evacuate Collection Set: 0.2ms
[2025-08-28T13:42:41.230+0000][1099278][info ][gc,phases   ] GC(30)   Merge Heap Roots: 0.1ms
[2025-08-28T13:42:41.230+0000][1099278][info ][gc,phases   ] GC(30)   Evacuate Collection Set: 3.7ms
[2025-08-28T13:42:41.230+0000][1099278][info ][gc,phases   ] GC(30)   Post Evacuate Collection Set: 0.7ms
[2025-08-28T13:42:41.230+0000][1099278][info ][gc,phases   ] GC(30)   Other: 0.1ms
[2025-08-28T13:42:41.230+0000][1099278][trace][gc,age      ] GC(30) Age table with threshold 15 (max threshold 15)
[2025-08-28T13:42:41.230+0000][1099278][trace][gc,age      ] GC(30) - age   1:       6960 bytes,       6960 total
[2025-08-28T13:42:41.230+0000][1099278][trace][gc,age      ] GC(30) - age   2:        712 bytes,       7672 total
[2025-08-28T13:42:41.230+0000][1099278][trace][gc,age      ] GC(30) - age   3:       2320 bytes,       9992 total
[2025-08-28T13:42:41.230+0000][1099278][trace][gc,age      ] GC(30) - age   4:        632 bytes,      10624 total
[2025-08-28T13:42:41.230+0000][1099278][trace][gc,age      ] GC(30) - age   5:        528 bytes,      11152 total
[2025-08-28T13:42:41.230+0000][1099278][trace][gc,age      ] GC(30) - age   6:    2884976 bytes,    2896128 total
[2025-08-28T13:42:41.230+0000][1099278][trace][gc,age      ] GC(30) - age   7:       1496 bytes,    2897624 total
[2025-08-28T13:42:41.230+0000][1099278][trace][gc,age      ] GC(30) - age   8:       2360 bytes,    2899984 total
[2025-08-28T13:42:41.230+0000][1099278][trace][gc,age      ] GC(30) - age   9:       2376 bytes,    2902360 total
[2025-08-28T13:42:41.230+0000][1099278][trace][gc,age      ] GC(30) - age  10:       5040 bytes,    2907400 total
[2025-08-28T13:42:41.230+0000][1099278][trace][gc,age      ] GC(30) - age  11:   13545760 bytes,   16453160 total
[2025-08-28T13:42:41.230+0000][1099278][info ][gc,heap     ] GC(30) Eden regions: 71->0(71)
[2025-08-28T13:42:41.230+0000][1099278][info ][gc,heap     ] GC(30) Survivor regions: 5->5(10)
[2025-08-28T13:42:41.230+0000][1099278][info ][gc,heap     ] GC(30) Old regions: 20->20
[2025-08-28T13:42:41.230+0000][1099278][info ][gc,heap     ] GC(30) Humongous regions: 0->0
[2025-08-28T13:42:41.230+0000][1099278][info ][gc,metaspace] GC(30) Metaspace: 138890K(142848K)->138890K(142848K) NonClass: 119980K(122048K)->119980K(122048K) Class: 18909K(20800K)->18909K(20800K)
[2025-08-28T13:42:41.230+0000][1099278][info ][gc          ] GC(30) Pause Young (Normal) (G1 Evacuation Pause) 380M->96M(512M) 4.929ms
[2025-08-28T13:42:41.230+0000][1099278][info ][gc,cpu      ] GC(30) User=0.02s Sys=0.00s Real=0.00s
[2025-08-28T13:42:41.230+0000][1099278][info ][safepoint   ] Safepoint "G1CollectForAllocation", Time since last: 640323633 ns, Reaching safepoint: 15874 ns, Cleanup: 5408 ns, At safepoint: 5019254 ns, Total: 5040536 ns
[2025-08-28T13:42:43.230+0000][1099278][info ][safepoint   ] Safepoint "Cleanup", Time since last: 2000118987 ns, Reaching safepoint: 49134 ns, Cleanup: 16435 ns, At safepoint: 2994 ns, Total: 68563 ns
[2025-08-28T13:42:44.019+0000][1099278][info ][gc,start    ] GC(31) Pause Young (Normal) (G1 Evacuation Pause)
[2025-08-28T13:42:44.019+0000][1099278][info ][gc,task     ] GC(31) Using 12 workers of 33 for evacuation
[2025-08-28T13:42:44.019+0000][1099278][debug][gc,age      ] GC(31) Desired survivor size 20971520 bytes, new threshold 15 (max threshold 15)
[2025-08-28T13:42:44.024+0000][1099278][info ][gc,phases   ] GC(31)   Pre Evacuate Collection Set: 0.1ms
[2025-08-28T13:42:44.024+0000][1099278][info ][gc,phases   ] GC(31)   Merge Heap Roots: 0.1ms
[2025-08-28T13:42:44.024+0000][1099278][info ][gc,phases   ] GC(31)   Evacuate Collection Set: 3.6ms
[2025-08-28T13:42:44.024+0000][1099278][info ][gc,phases   ] GC(31)   Post Evacuate Collection Set: 0.7ms
[2025-08-28T13:42:44.024+0000][1099278][info ][gc,phases   ] GC(31)   Other: 0.1ms
[2025-08-28T13:42:44.024+0000][1099278][trace][gc,age      ] GC(31) Age table with threshold 15 (max threshold 15)
[2025-08-28T13:42:44.024+0000][1099278][trace][gc,age      ] GC(31) - age   1:      12408 bytes,      12408 total
[2025-08-28T13:42:44.024+0000][1099278][trace][gc,age      ] GC(31) - age   2:       1128 bytes,      13536 total
[2025-08-28T13:42:44.024+0000][1099278][trace][gc,age      ] GC(31) - age   4:       2320 bytes,      15856 total
[2025-08-28T13:42:44.024+0000][1099278][trace][gc,age      ] GC(31) - age   5:        632 bytes,      16488 total
[2025-08-28T13:42:44.024+0000][1099278][trace][gc,age      ] GC(31) - age   6:        528 bytes,      17016 total
[2025-08-28T13:42:44.024+0000][1099278][trace][gc,age      ] GC(31) - age   7:    2884728 bytes,    2901744 total
[2025-08-28T13:42:44.024+0000][1099278][trace][gc,age      ] GC(31) - age   8:       1496 bytes,    2903240 total
[2025-08-28T13:42:44.024+0000][1099278][trace][gc,age      ] GC(31) - age   9:       2360 bytes,    2905600 total
[2025-08-28T13:42:44.024+0000][1099278][trace][gc,age      ] GC(31) - age  10:       2376 bytes,    2907976 total
[2025-08-28T13:42:44.024+0000][1099278][trace][gc,age      ] GC(31) - age  11:       5040 bytes,    2913016 total
[2025-08-28T13:42:44.024+0000][1099278][trace][gc,age      ] GC(31) - age  12:   13545760 bytes,   16458776 total
[2025-08-28T13:42:44.024+0000][1099278][info ][gc,heap     ] GC(31) Eden regions: 71->0(71)
[2025-08-28T13:42:44.024+0000][1099278][info ][gc,heap     ] GC(31) Survivor regions: 5->5(10)
[2025-08-28T13:42:44.024+0000][1099278][info ][gc,heap     ] GC(31) Old regions: 20->20
[2025-08-28T13:42:44.024+0000][1099278][info ][gc,heap     ] GC(31) Humongous regions: 0->0
[2025-08-28T13:42:44.024+0000][1099278][info ][gc,metaspace] GC(31) Metaspace: 138890K(142848K)->138890K(142848K) NonClass: 119981K(122048K)->119981K(122048K) Class: 18909K(20800K)->18909K(20800K)
[2025-08-28T13:42:44.024+0000][1099278][info ][gc          ] GC(31) Pause Young (Normal) (G1 Evacuation Pause) 380M->95M(512M) 4.820ms
[2025-08-28T13:42:44.024+0000][1099278][info ][gc,cpu      ] GC(31) User=0.03s Sys=0.00s Real=0.01s
[2025-08-28T13:42:44.024+0000][1099278][info ][safepoint   ] Safepoint "G1CollectForAllocation", Time since last: 788457786 ns, Reaching safepoint: 204467 ns, Cleanup: 19289 ns, At safepoint: 4937071 ns, Total: 5160827 ns
[2025-08-28T13:42:46.078+0000][1099278][info ][safepoint   ] Safepoint "Cleanup", Time since last: 2053984867 ns, Reaching safepoint: 8853 ns, Cleanup: 27632 ns, At safepoint: 3835 ns, Total: 40320 ns
[2025-08-28T13:42:46.897+0000][1099278][info ][gc,start    ] GC(32) Pause Young (Normal) (G1 Evacuation Pause)
[2025-08-28T13:42:46.897+0000][1099278][info ][gc,task     ] GC(32) Using 12 workers of 33 for evacuation
[2025-08-28T13:42:46.897+0000][1099278][debug][gc,age      ] GC(32) Desired survivor size 20971520 bytes, new threshold 15 (max threshold 15)
[2025-08-28T13:42:46.900+0000][1099278][info ][gc,phases   ] GC(32)   Pre Evacuate Collection Set: 0.2ms
[2025-08-28T13:42:46.900+0000][1099278][info ][gc,phases   ] GC(32)   Merge Heap Roots: 0.1ms
[2025-08-28T13:42:46.900+0000][1099278][info ][gc,phases   ] GC(32)   Evacuate Collection Set: 2.5ms
[2025-08-28T13:42:46.900+0000][1099278][info ][gc,phases   ] GC(32)   Post Evacuate Collection Set: 0.8ms
[2025-08-28T13:42:46.900+0000][1099278][info ][gc,phases   ] GC(32)   Other: 0.1ms
[2025-08-28T13:42:46.900+0000][1099278][trace][gc,age      ] GC(32) Age table with threshold 15 (max threshold 15)
[2025-08-28T13:42:46.900+0000][1099278][trace][gc,age      ] GC(32) - age   1:     591288 bytes,     591288 total
[2025-08-28T13:42:46.900+0000][1099278][trace][gc,age      ] GC(32) - age   2:       4472 bytes,     595760 total
[2025-08-28T13:42:46.900+0000][1099278][trace][gc,age      ] GC(32) - age   3:        648 bytes,     596408 total
[2025-08-28T13:42:46.900+0000][1099278][trace][gc,age      ] GC(32) - age   5:       1832 bytes,     598240 total
[2025-08-28T13:42:46.900+0000][1099278][trace][gc,age      ] GC(32) - age   6:        632 bytes,     598872 total
[2025-08-28T13:42:46.900+0000][1099278][trace][gc,age      ] GC(32) - age   7:        528 bytes,     599400 total
[2025-08-28T13:42:46.900+0000][1099278][trace][gc,age      ] GC(32) - age   8:    2869184 bytes,    3468584 total
[2025-08-28T13:42:46.900+0000][1099278][trace][gc,age      ] GC(32) - age   9:       1496 bytes,    3470080 total
[2025-08-28T13:42:46.900+0000][1099278][trace][gc,age      ] GC(32) - age  10:       2360 bytes,    3472440 total
[2025-08-28T13:42:46.900+0000][1099278][trace][gc,age      ] GC(32) - age  11:       2376 bytes,    3474816 total
[2025-08-28T13:42:46.900+0000][1099278][trace][gc,age      ] GC(32) - age  12:       5040 bytes,    3479856 total
[2025-08-28T13:42:46.900+0000][1099278][trace][gc,age      ] GC(32) - age  13:   13543520 bytes,   17023376 total
[2025-08-28T13:42:46.900+0000][1099278][info ][gc,heap     ] GC(32) Eden regions: 71->0(71)
[2025-08-28T13:42:46.900+0000][1099278][info ][gc,heap     ] GC(32) Survivor regions: 5->5(10)
[2025-08-28T13:42:46.900+0000][1099278][info ][gc,heap     ] GC(32) Old regions: 20->20
[2025-08-28T13:42:46.900+0000][1099278][info ][gc,heap     ] GC(32) Humongous regions: 0->0
[2025-08-28T13:42:46.900+0000][1099278][info ][gc,metaspace] GC(32) Metaspace: 139178K(143168K)->139178K(143168K) NonClass: 120210K(122304K)->120210K(122304K) Class: 18968K(20864K)->18968K(20864K)
[2025-08-28T13:42:46.900+0000][1099278][info ][gc          ] GC(32) Pause Young (Normal) (G1 Evacuation Pause) 379M->97M(512M) 3.883ms
[2025-08-28T13:42:46.900+0000][1099278][info ][gc,cpu      ] GC(32) User=0.02s Sys=0.00s Real=0.00s
[2025-08-28T13:42:46.900+0000][1099278][info ][safepoint   ] Safepoint "G1CollectForAllocation", Time since last: 818735553 ns, Reaching safepoint: 17556 ns, Cleanup: 39209 ns, At safepoint: 3977819 ns, Total: 4034584 ns
[2025-08-28T13:42:48.901+0000][1099278][info ][safepoint   ] Safepoint "Cleanup", Time since last: 2000128632 ns, Reaching safepoint: 48903 ns, Cleanup: 18038 ns, At safepoint: 3184 ns, Total: 70125 ns
[2025-08-28T13:42:49.664+0000][1099278][info ][gc,start    ] GC(33) Pause Young (Normal) (G1 Evacuation Pause)
[2025-08-28T13:42:49.664+0000][1099278][info ][gc,task     ] GC(33) Using 12 workers of 33 for evacuation
[2025-08-28T13:42:49.664+0000][1099278][debug][gc,age      ] GC(33) Desired survivor size 20971520 bytes, new threshold 15 (max threshold 15)
[2025-08-28T13:42:49.668+0000][1099278][info ][gc,phases   ] GC(33)   Pre Evacuate Collection Set: 0.2ms
[2025-08-28T13:42:49.668+0000][1099278][info ][gc,phases   ] GC(33)   Merge Heap Roots: 0.1ms
[2025-08-28T13:42:49.668+0000][1099278][info ][gc,phases   ] GC(33)   Evacuate Collection Set: 3.6ms
[2025-08-28T13:42:49.668+0000][1099278][info ][gc,phases   ] GC(33)   Post Evacuate Collection Set: 0.7ms
[2025-08-28T13:42:49.668+0000][1099278][info ][gc,phases   ] GC(33)   Other: 0.1ms
[2025-08-28T13:42:49.668+0000][1099278][trace][gc,age      ] GC(33) Age table with threshold 15 (max threshold 15)
[2025-08-28T13:42:49.668+0000][1099278][trace][gc,age      ] GC(33) - age   1:       8680 bytes,       8680 total
[2025-08-28T13:42:49.668+0000][1099278][trace][gc,age      ] GC(33) - age   2:     117552 bytes,     126232 total
[2025-08-28T13:42:49.668+0000][1099278][trace][gc,age      ] GC(33) - age   3:       3760 bytes,     129992 total
[2025-08-28T13:42:49.668+0000][1099278][trace][gc,age      ] GC(33) - age   4:        648 bytes,     130640 total
[2025-08-28T13:42:49.668+0000][1099278][trace][gc,age      ] GC(33) - age   6:       1832 bytes,     132472 total
[2025-08-28T13:42:49.668+0000][1099278][trace][gc,age      ] GC(33) - age   7:        632 bytes,     133104 total
[2025-08-28T13:42:49.668+0000][1099278][trace][gc,age      ] GC(33) - age   8:        528 bytes,     133632 total
[2025-08-28T13:42:49.668+0000][1099278][trace][gc,age      ] GC(33) - age   9:    2869184 bytes,    3002816 total
[2025-08-28T13:42:49.668+0000][1099278][trace][gc,age      ] GC(33) - age  10:       1496 bytes,    3004312 total
[2025-08-28T13:42:49.668+0000][1099278][trace][gc,age      ] GC(33) - age  11:       2360 bytes,    3006672 total
[2025-08-28T13:42:49.668+0000][1099278][trace][gc,age      ] GC(33) - age  12:       2376 bytes,    3009048 total
[2025-08-28T13:42:49.668+0000][1099278][trace][gc,age      ] GC(33) - age  13:       5008 bytes,    3014056 total
[2025-08-28T13:42:49.668+0000][1099278][trace][gc,age      ] GC(33) - age  14:   13543520 bytes,   16557576 total
[2025-08-28T13:42:49.668+0000][1099278][info ][gc,heap     ] GC(33) Eden regions: 71->0(71)
[2025-08-28T13:42:49.668+0000][1099278][info ][gc,heap     ] GC(33) Survivor regions: 5->5(10)
[2025-08-28T13:42:49.668+0000][1099278][info ][gc,heap     ] GC(33) Old regions: 20->20
[2025-08-28T13:42:49.668+0000][1099278][info ][gc,heap     ] GC(33) Humongous regions: 0->0
[2025-08-28T13:42:49.668+0000][1099278][info ][gc,metaspace] GC(33) Metaspace: 139180K(143168K)->139180K(143168K) NonClass: 120211K(122304K)->120211K(122304K) Class: 18968K(20864K)->18968K(20864K)
[2025-08-28T13:42:49.668+0000][1099278][info ][gc          ] GC(33) Pause Young (Normal) (G1 Evacuation Pause) 381M->96M(512M) 4.828ms
[2025-08-28T13:42:49.668+0000][1099278][info ][gc,cpu      ] GC(33) User=0.02s Sys=0.00s Real=0.00s
[2025-08-28T13:42:49.668+0000][1099278][info ][safepoint   ] Safepoint "G1CollectForAllocation", Time since last: 762605491 ns, Reaching safepoint: 208723 ns, Cleanup: 5709 ns, At safepoint: 4917100 ns, Total: 5131532 ns
[2025-08-28T13:42:50.669+0000][1099278][info ][safepoint   ] Safepoint "Cleanup", Time since last: 1000084687 ns, Reaching safepoint: 16705 ns, Cleanup: 16485 ns, At safepoint: 2714 ns, Total: 35904 ns
[2025-08-28T13:42:52.219+0000][1099278][info ][safepoint   ] Safepoint "Cleanup", Time since last: 1550570126 ns, Reaching safepoint: 16234 ns, Cleanup: 17627 ns, At safepoint: 3425 ns, Total: 37286 ns
[2025-08-28T13:42:52.591+0000][1099278][info ][gc,start    ] GC(34) Pause Young (Normal) (G1 Evacuation Pause)
[2025-08-28T13:42:52.591+0000][1099278][info ][gc,task     ] GC(34) Using 12 workers of 33 for evacuation
[2025-08-28T13:42:52.591+0000][1099278][debug][gc,age      ] GC(34) Desired survivor size 20971520 bytes, new threshold 15 (max threshold 15)
[2025-08-28T13:42:52.595+0000][1099278][info ][gc,phases   ] GC(34)   Pre Evacuate Collection Set: 0.2ms
[2025-08-28T13:42:52.595+0000][1099278][info ][gc,phases   ] GC(34)   Merge Heap Roots: 0.1ms
[2025-08-28T13:42:52.595+0000][1099278][info ][gc,phases   ] GC(34)   Evacuate Collection Set: 3.6ms
[2025-08-28T13:42:52.595+0000][1099278][info ][gc,phases   ] GC(34)   Post Evacuate Collection Set: 0.7ms
[2025-08-28T13:42:52.595+0000][1099278][info ][gc,phases   ] GC(34)   Other: 0.1ms
[2025-08-28T13:42:52.595+0000][1099278][trace][gc,age      ] GC(34) Age table with threshold 15 (max threshold 15)
[2025-08-28T13:42:52.595+0000][1099278][trace][gc,age      ] GC(34) - age   1:       7264 bytes,       7264 total
[2025-08-28T13:42:52.595+0000][1099278][trace][gc,age      ] GC(34) - age   2:        744 bytes,       8008 total
[2025-08-28T13:42:52.595+0000][1099278][trace][gc,age      ] GC(34) - age   3:     117104 bytes,     125112 total
[2025-08-28T13:42:52.595+0000][1099278][trace][gc,age      ] GC(34) - age   4:       3760 bytes,     128872 total
[2025-08-28T13:42:52.595+0000][1099278][trace][gc,age      ] GC(34) - age   5:        648 bytes,     129520 total
[2025-08-28T13:42:52.595+0000][1099278][trace][gc,age      ] GC(34) - age   7:       1832 bytes,     131352 total
[2025-08-28T13:42:52.595+0000][1099278][trace][gc,age      ] GC(34) - age   8:        632 bytes,     131984 total
[2025-08-28T13:42:52.595+0000][1099278][trace][gc,age      ] GC(34) - age   9:        280 bytes,     132264 total
[2025-08-28T13:42:52.595+0000][1099278][trace][gc,age      ] GC(34) - age  10:    2869184 bytes,    3001448 total
[2025-08-28T13:42:52.595+0000][1099278][trace][gc,age      ] GC(34) - age  11:       1496 bytes,    3002944 total
[2025-08-28T13:42:52.595+0000][1099278][trace][gc,age      ] GC(34) - age  12:       2360 bytes,    3005304 total
[2025-08-28T13:42:52.595+0000][1099278][trace][gc,age      ] GC(34) - age  13:       2376 bytes,    3007680 total
[2025-08-28T13:42:52.595+0000][1099278][trace][gc,age      ] GC(34) - age  14:       5008 bytes,    3012688 total
[2025-08-28T13:42:52.595+0000][1099278][trace][gc,age      ] GC(34) - age  15:   13543520 bytes,   16556208 total
[2025-08-28T13:42:52.595+0000][1099278][info ][gc,heap     ] GC(34) Eden regions: 71->0(71)
[2025-08-28T13:42:52.596+0000][1099278][info ][gc,heap     ] GC(34) Survivor regions: 5->5(10)
[2025-08-28T13:42:52.596+0000][1099278][info ][gc,heap     ] GC(34) Old regions: 20->20
[2025-08-28T13:42:52.596+0000][1099278][info ][gc,heap     ] GC(34) Humongous regions: 0->0
[2025-08-28T13:42:52.596+0000][1099278][info ][gc,metaspace] GC(34) Metaspace: 139185K(143168K)->139185K(143168K) NonClass: 120217K(122304K)->120217K(122304K) Class: 18968K(20864K)->18968K(20864K)
[2025-08-28T13:42:52.596+0000][1099278][info ][gc          ] GC(34) Pause Young (Normal) (G1 Evacuation Pause) 380M->96M(512M) 4.883ms
[2025-08-28T13:42:52.596+0000][1099278][info ][gc,cpu      ] GC(34) User=0.03s Sys=0.00s Real=0.00s
[2025-08-28T13:42:52.596+0000][1099278][info ][safepoint   ] Safepoint "G1CollectForAllocation", Time since last: 371405517 ns, Reaching safepoint: 55363 ns, Cleanup: 16184 ns, At safepoint: 4983248 ns, Total: 5054795 ns
[2025-08-28T13:42:53.596+0000][1099278][info ][safepoint   ] Safepoint "Cleanup", Time since last: 1000091282 ns, Reaching safepoint: 15763 ns, Cleanup: 24557 ns, At safepoint: 2865 ns, Total: 43185 ns
[2025-08-28T13:42:54.596+0000][1099278][info ][safepoint   ] Safepoint "Cleanup", Time since last: 1000147155 ns, Reaching safepoint: 15964 ns, Cleanup: 22254 ns, At safepoint: 3094 ns, Total: 41312 ns
[2025-08-28T13:42:55.349+0000][1099278][info ][gc,start    ] GC(35) Pause Young (Normal) (G1 Evacuation Pause)
[2025-08-28T13:42:55.349+0000][1099278][info ][gc,task     ] GC(35) Using 12 workers of 33 for evacuation
[2025-08-28T13:42:55.349+0000][1099278][debug][gc,age      ] GC(35) Desired survivor size 20971520 bytes, new threshold 15 (max threshold 15)
[2025-08-28T13:42:55.353+0000][1099278][info ][gc,phases   ] GC(35)   Pre Evacuate Collection Set: 0.2ms
[2025-08-28T13:42:55.353+0000][1099278][info ][gc,phases   ] GC(35)   Merge Heap Roots: 0.1ms
[2025-08-28T13:42:55.353+0000][1099278][info ][gc,phases   ] GC(35)   Evacuate Collection Set: 3.3ms
[2025-08-28T13:42:55.353+0000][1099278][info ][gc,phases   ] GC(35)   Post Evacuate Collection Set: 0.6ms
[2025-08-28T13:42:55.353+0000][1099278][info ][gc,phases   ] GC(35)   Other: 0.1ms
[2025-08-28T13:42:55.353+0000][1099278][trace][gc,age      ] GC(35) Age table with threshold 15 (max threshold 15)
[2025-08-28T13:42:55.353+0000][1099278][trace][gc,age      ] GC(35) - age   1:     676176 bytes,     676176 total
[2025-08-28T13:42:55.353+0000][1099278][trace][gc,age      ] GC(35) - age   2:       1208 bytes,     677384 total
[2025-08-28T13:42:55.353+0000][1099278][trace][gc,age      ] GC(35) - age   3:         32 bytes,     677416 total
[2025-08-28T13:42:55.353+0000][1099278][trace][gc,age      ] GC(35) - age   4:     116616 bytes,     794032 total
[2025-08-28T13:42:55.353+0000][1099278][trace][gc,age      ] GC(35) - age   5:       3760 bytes,     797792 total
[2025-08-28T13:42:55.353+0000][1099278][trace][gc,age      ] GC(35) - age   6:        648 bytes,     798440 total
[2025-08-28T13:42:55.353+0000][1099278][trace][gc,age      ] GC(35) - age   8:       1832 bytes,     800272 total
[2025-08-28T13:42:55.353+0000][1099278][trace][gc,age      ] GC(35) - age   9:        632 bytes,     800904 total
[2025-08-28T13:42:55.353+0000][1099278][trace][gc,age      ] GC(35) - age  10:        280 bytes,     801184 total
[2025-08-28T13:42:55.353+0000][1099278][trace][gc,age      ] GC(35) - age  11:    2868960 bytes,    3670144 total
[2025-08-28T13:42:55.353+0000][1099278][trace][gc,age      ] GC(35) - age  12:       1496 bytes,    3671640 total
[2025-08-28T13:42:55.353+0000][1099278][trace][gc,age      ] GC(35) - age  13:       2360 bytes,    3674000 total
[2025-08-28T13:42:55.353+0000][1099278][trace][gc,age      ] GC(35) - age  14:       2376 bytes,    3676376 total
[2025-08-28T13:42:55.353+0000][1099278][trace][gc,age      ] GC(35) - age  15:       5008 bytes,    3681384 total
[2025-08-28T13:42:55.353+0000][1099278][info ][gc,heap     ] GC(35) Eden regions: 71->0(74)
[2025-08-28T13:42:55.353+0000][1099278][info ][gc,heap     ] GC(35) Survivor regions: 5->2(10)
[2025-08-28T13:42:55.353+0000][1099278][info ][gc,heap     ] GC(35) Old regions: 20->24
[2025-08-28T13:42:55.353+0000][1099278][info ][gc,heap     ] GC(35) Humongous regions: 0->0
[2025-08-28T13:42:55.353+0000][1099278][info ][gc,metaspace] GC(35) Metaspace: 139189K(143168K)->139189K(143168K) NonClass: 120221K(122304K)->120221K(122304K) Class: 18968K(20864K)->18968K(20864K)
[2025-08-28T13:42:55.353+0000][1099278][info ][gc          ] GC(35) Pause Young (Normal) (G1 Evacuation Pause) 380M->97M(512M) 4.393ms
[2025-08-28T13:42:55.353+0000][1099278][info ][gc,cpu      ] GC(35) User=0.03s Sys=0.00s Real=0.01s
[2025-08-28T13:42:55.353+0000][1099278][info ][safepoint   ] Safepoint "G1CollectForAllocation", Time since last: 752511861 ns, Reaching safepoint: 16424 ns, Cleanup: 14792 ns, At safepoint: 4482766 ns, Total: 4513982 ns
[2025-08-28T13:42:56.353+0000][1099278][info ][safepoint   ] Safepoint "Cleanup", Time since last: 1000084391 ns, Reaching safepoint: 16085 ns, Cleanup: 17686 ns, At safepoint: 3405 ns, Total: 37176 ns
[2025-08-28T13:42:57.799+0000][1099278][info ][safepoint   ] Safepoint "Cleanup", Time since last: 1445757920 ns, Reaching safepoint: 50346 ns, Cleanup: 14342 ns, At safepoint: 3104 ns, Total: 67792 ns
[2025-08-28T13:42:58.261+0000][1099278][info ][gc,start    ] GC(36) Pause Young (Normal) (G1 Evacuation Pause)
[2025-08-28T13:42:58.261+0000][1099278][info ][gc,task     ] GC(36) Using 12 workers of 33 for evacuation
[2025-08-28T13:42:58.261+0000][1099278][debug][gc,age      ] GC(36) Desired survivor size 20971520 bytes, new threshold 15 (max threshold 15)
[2025-08-28T13:42:58.264+0000][1099278][info ][gc,phases   ] GC(36)   Pre Evacuate Collection Set: 0.1ms
[2025-08-28T13:42:58.264+0000][1099278][info ][gc,phases   ] GC(36)   Merge Heap Roots: 0.1ms
[2025-08-28T13:42:58.264+0000][1099278][info ][gc,phases   ] GC(36)   Evacuate Collection Set: 2.1ms
[2025-08-28T13:42:58.264+0000][1099278][info ][gc,phases   ] GC(36)   Post Evacuate Collection Set: 0.5ms
[2025-08-28T13:42:58.264+0000][1099278][info ][gc,phases   ] GC(36)   Other: 0.1ms
[2025-08-28T13:42:58.264+0000][1099278][trace][gc,age      ] GC(36) Age table with threshold 15 (max threshold 15)
[2025-08-28T13:42:58.264+0000][1099278][trace][gc,age      ] GC(36) - age   1:      42400 bytes,      42400 total
[2025-08-28T13:42:58.264+0000][1099278][trace][gc,age      ] GC(36) - age   2:        824 bytes,      43224 total
[2025-08-28T13:42:58.264+0000][1099278][trace][gc,age      ] GC(36) - age   3:        960 bytes,      44184 total
[2025-08-28T13:42:58.264+0000][1099278][trace][gc,age      ] GC(36) - age   4:         32 bytes,      44216 total
[2025-08-28T13:42:58.264+0000][1099278][trace][gc,age      ] GC(36) - age   5:     116616 bytes,     160832 total
[2025-08-28T13:42:58.264+0000][1099278][trace][gc,age      ] GC(36) - age   6:       3760 bytes,     164592 total
[2025-08-28T13:42:58.264+0000][1099278][trace][gc,age      ] GC(36) - age   7:        648 bytes,     165240 total
[2025-08-28T13:42:58.264+0000][1099278][trace][gc,age      ] GC(36) - age   9:       1832 bytes,     167072 total
[2025-08-28T13:42:58.264+0000][1099278][trace][gc,age      ] GC(36) - age  10:        632 bytes,     167704 total
[2025-08-28T13:42:58.264+0000][1099278][trace][gc,age      ] GC(36) - age  11:        280 bytes,     167984 total
[2025-08-28T13:42:58.264+0000][1099278][trace][gc,age      ] GC(36) - age  12:    2868768 bytes,    3036752 total
[2025-08-28T13:42:58.264+0000][1099278][trace][gc,age      ] GC(36) - age  13:       1496 bytes,    3038248 total
[2025-08-28T13:42:58.264+0000][1099278][trace][gc,age      ] GC(36) - age  14:       2360 bytes,    3040608 total
[2025-08-28T13:42:58.264+0000][1099278][trace][gc,age      ] GC(36) - age  15:       2376 bytes,    3042984 total
[2025-08-28T13:42:58.264+0000][1099278][info ][gc,heap     ] GC(36) Eden regions: 74->0(75)
[2025-08-28T13:42:58.264+0000][1099278][info ][gc,heap     ] GC(36) Survivor regions: 2->1(10)
[2025-08-28T13:42:58.264+0000][1099278][info ][gc,heap     ] GC(36) Old regions: 24->24
[2025-08-28T13:42:58.264+0000][1099278][info ][gc,heap     ] GC(36) Humongous regions: 0->0
[2025-08-28T13:42:58.264+0000][1099278][info ][gc,metaspace] GC(36) Metaspace: 139190K(143168K)->139190K(143168K) NonClass: 120222K(122304K)->120222K(122304K) Class: 18968K(20864K)->18968K(20864K)
[2025-08-28T13:42:58.264+0000][1099278][info ][gc          ] GC(36) Pause Young (Normal) (G1 Evacuation Pause) 393M->96M(512M) 3.058ms
[2025-08-28T13:42:58.264+0000][1099278][info ][gc,cpu      ] GC(36) User=0.01s Sys=0.00s Real=0.00s
[2025-08-28T13:42:58.264+0000][1099278][info ][safepoint   ] Safepoint "G1CollectForAllocation", Time since last: 461737406 ns, Reaching safepoint: 210166 ns, Cleanup: 6189 ns, At safepoint: 3142492 ns, Total: 3358847 ns
[2025-08-28T13:42:59.298+0000][1099278][info ][safepoint   ] Safepoint "Cleanup", Time since last: 1034395966 ns, Reaching safepoint: 15834 ns, Cleanup: 14021 ns, At safepoint: 3165 ns, Total: 33020 ns
[2025-08-28T13:43:01.349+0000][1099278][info ][gc,start    ] GC(37) Pause Young (Normal) (G1 Evacuation Pause)
[2025-08-28T13:43:01.349+0000][1099278][info ][gc,task     ] GC(37) Using 12 workers of 33 for evacuation
[2025-08-28T13:43:01.349+0000][1099278][debug][gc,age      ] GC(37) Desired survivor size 20971520 bytes, new threshold 15 (max threshold 15)
[2025-08-28T13:43:01.352+0000][1099278][info ][gc,phases   ] GC(37)   Pre Evacuate Collection Set: 0.2ms
[2025-08-28T13:43:01.352+0000][1099278][info ][gc,phases   ] GC(37)   Merge Heap Roots: 0.1ms
[2025-08-28T13:43:01.352+0000][1099278][info ][gc,phases   ] GC(37)   Evacuate Collection Set: 2.0ms
[2025-08-28T13:43:01.352+0000][1099278][info ][gc,phases   ] GC(37)   Post Evacuate Collection Set: 0.5ms
[2025-08-28T13:43:01.352+0000][1099278][info ][gc,phases   ] GC(37)   Other: 0.1ms
[2025-08-28T13:43:01.352+0000][1099278][trace][gc,age      ] GC(37) Age table with threshold 15 (max threshold 15)
[2025-08-28T13:43:01.352+0000][1099278][trace][gc,age      ] GC(37) - age   1:     503704 bytes,     503704 total
[2025-08-28T13:43:01.352+0000][1099278][trace][gc,age      ] GC(37) - age   2:       1376 bytes,     505080 total
[2025-08-28T13:43:01.352+0000][1099278][trace][gc,age      ] GC(37) - age   3:        824 bytes,     505904 total
[2025-08-28T13:43:01.352+0000][1099278][trace][gc,age      ] GC(37) - age   4:        512 bytes,     506416 total
[2025-08-28T13:43:01.352+0000][1099278][trace][gc,age      ] GC(37) - age   5:         32 bytes,     506448 total
[2025-08-28T13:43:01.352+0000][1099278][trace][gc,age      ] GC(37) - age   6:     116616 bytes,     623064 total
[2025-08-28T13:43:01.352+0000][1099278][trace][gc,age      ] GC(37) - age   7:       3760 bytes,     626824 total
[2025-08-28T13:43:01.352+0000][1099278][trace][gc,age      ] GC(37) - age   8:        648 bytes,     627472 total
[2025-08-28T13:43:01.352+0000][1099278][trace][gc,age      ] GC(37) - age  10:       1832 bytes,     629304 total
[2025-08-28T13:43:01.352+0000][1099278][trace][gc,age      ] GC(37) - age  11:        632 bytes,     629936 total
[2025-08-28T13:43:01.352+0000][1099278][trace][gc,age      ] GC(37) - age  12:        280 bytes,     630216 total
[2025-08-28T13:43:01.352+0000][1099278][trace][gc,age      ] GC(37) - age  13:    2868768 bytes,    3498984 total
[2025-08-28T13:43:01.352+0000][1099278][trace][gc,age      ] GC(37) - age  14:       1496 bytes,    3500480 total
[2025-08-28T13:43:01.352+0000][1099278][trace][gc,age      ] GC(37) - age  15:       2360 bytes,    3502840 total
[2025-08-28T13:43:01.352+0000][1099278][info ][gc,heap     ] GC(37) Eden regions: 75->0(75)
[2025-08-28T13:43:01.352+0000][1099278][info ][gc,heap     ] GC(37) Survivor regions: 1->1(10)
[2025-08-28T13:43:01.352+0000][1099278][info ][gc,heap     ] GC(37) Old regions: 24->24
[2025-08-28T13:43:01.352+0000][1099278][info ][gc,heap     ] GC(37) Humongous regions: 0->0
[2025-08-28T13:43:01.352+0000][1099278][info ][gc,metaspace] GC(37) Metaspace: 139192K(143168K)->139192K(143168K) NonClass: 120223K(122304K)->120223K(122304K) Class: 18968K(20864K)->18968K(20864K)
[2025-08-28T13:43:01.352+0000][1099278][info ][gc          ] GC(37) Pause Young (Normal) (G1 Evacuation Pause) 396M->96M(512M) 2.978ms
[2025-08-28T13:43:01.352+0000][1099278][info ][gc,cpu      ] GC(37) User=0.02s Sys=0.00s Real=0.01s
[2025-08-28T13:43:01.352+0000][1099278][info ][safepoint   ] Safepoint "G1CollectForAllocation", Time since last: 2050054949 ns, Reaching safepoint: 179019 ns, Cleanup: 5999 ns, At safepoint: 3065326 ns, Total: 3250344 ns
[2025-08-28T13:43:03.352+0000][1099278][info ][safepoint   ] Safepoint "Cleanup", Time since last: 2000158273 ns, Reaching safepoint: 48653 ns, Cleanup: 18808 ns, At safepoint: 2784 ns, Total: 70245 ns
[2025-08-28T13:43:04.274+0000][1099278][info ][gc,start    ] GC(38) Pause Young (Normal) (G1 Evacuation Pause)
[2025-08-28T13:43:04.274+0000][1099278][info ][gc,task     ] GC(38) Using 12 workers of 33 for evacuation
[2025-08-28T13:43:04.274+0000][1099278][debug][gc,age      ] GC(38) Desired survivor size 20971520 bytes, new threshold 15 (max threshold 15)
[2025-08-28T13:43:04.276+0000][1099278][info ][gc,phases   ] GC(38)   Pre Evacuate Collection Set: 0.2ms
[2025-08-28T13:43:04.276+0000][1099278][info ][gc,phases   ] GC(38)   Merge Heap Roots: 0.1ms
[2025-08-28T13:43:04.276+0000][1099278][info ][gc,phases   ] GC(38)   Evacuate Collection Set: 1.3ms
[2025-08-28T13:43:04.276+0000][1099278][info ][gc,phases   ] GC(38)   Post Evacuate Collection Set: 0.5ms
[2025-08-28T13:43:04.276+0000][1099278][info ][gc,phases   ] GC(38)   Other: 0.1ms
[2025-08-28T13:43:04.276+0000][1099278][trace][gc,age      ] GC(38) Age table with threshold 15 (max threshold 15)
[2025-08-28T13:43:04.276+0000][1099278][trace][gc,age      ] GC(38) - age   1:       8032 bytes,       8032 total
[2025-08-28T13:43:04.276+0000][1099278][trace][gc,age      ] GC(38) - age   2:        448 bytes,       8480 total
[2025-08-28T13:43:04.276+0000][1099278][trace][gc,age      ] GC(38) - age   3:        664 bytes,       9144 total
[2025-08-28T13:43:04.276+0000][1099278][trace][gc,age      ] GC(38) - age   4:        824 bytes,       9968 total
[2025-08-28T13:43:04.276+0000][1099278][trace][gc,age      ] GC(38) - age   5:        512 bytes,      10480 total
[2025-08-28T13:43:04.276+0000][1099278][trace][gc,age      ] GC(38) - age   6:         32 bytes,      10512 total
[2025-08-28T13:43:04.276+0000][1099278][trace][gc,age      ] GC(38) - age   7:     116616 bytes,     127128 total
[2025-08-28T13:43:04.276+0000][1099278][trace][gc,age      ] GC(38) - age   8:       3760 bytes,     130888 total
[2025-08-28T13:43:04.276+0000][1099278][trace][gc,age      ] GC(38) - age   9:        648 bytes,     131536 total
[2025-08-28T13:43:04.276+0000][1099278][trace][gc,age      ] GC(38) - age  11:       1656 bytes,     133192 total
[2025-08-28T13:43:04.276+0000][1099278][trace][gc,age      ] GC(38) - age  12:        632 bytes,     133824 total
[2025-08-28T13:43:04.276+0000][1099278][trace][gc,age      ] GC(38) - age  13:        280 bytes,     134104 total
[2025-08-28T13:43:04.276+0000][1099278][trace][gc,age      ] GC(38) - age  14:    2868768 bytes,    3002872 total
[2025-08-28T13:43:04.276+0000][1099278][trace][gc,age      ] GC(38) - age  15:       1496 bytes,    3004368 total
[2025-08-28T13:43:04.276+0000][1099278][info ][gc,heap     ] GC(38) Eden regions: 75->0(75)
[2025-08-28T13:43:04.276+0000][1099278][info ][gc,heap     ] GC(38) Survivor regions: 1->1(10)
[2025-08-28T13:43:04.276+0000][1099278][info ][gc,heap     ] GC(38) Old regions: 24->24
[2025-08-28T13:43:04.276+0000][1099278][info ][gc,heap     ] GC(38) Humongous regions: 0->0
[2025-08-28T13:43:04.276+0000][1099278][info ][gc,metaspace] GC(38) Metaspace: 139193K(143168K)->139193K(143168K) NonClass: 120224K(122304K)->120224K(122304K) Class: 18968K(20864K)->18968K(20864K)
[2025-08-28T13:43:04.276+0000][1099278][info ][gc          ] GC(38) Pause Young (Normal) (G1 Evacuation Pause) 396M->96M(512M) 2.264ms
[2025-08-28T13:43:04.276+0000][1099278][info ][gc,cpu      ] GC(38) User=0.01s Sys=0.01s Real=0.00s
[2025-08-28T13:43:04.277+0000][1099278][info ][safepoint   ] Safepoint "G1CollectForAllocation", Time since last: 922167317 ns, Reaching safepoint: 15714 ns, Cleanup: 24967 ns, At safepoint: 2350322 ns, Total: 2391003 ns
[2025-08-28T13:43:05.277+0000][1099278][info ][safepoint   ] Safepoint "Cleanup", Time since last: 1000094073 ns, Reaching safepoint: 16124 ns, Cleanup: 16835 ns, At safepoint: 3335 ns, Total: 36294 ns
[2025-08-28T13:43:06.399+0000][1099278][info ][safepoint   ] Safepoint "Cleanup", Time since last: 1122556634 ns, Reaching safepoint: 16525 ns, Cleanup: 22504 ns, At safepoint: 3325 ns, Total: 42354 ns
[2025-08-28T13:43:07.388+0000][1099278][info ][gc,start    ] GC(39) Pause Young (Normal) (G1 Evacuation Pause)
[2025-08-28T13:43:07.388+0000][1099278][info ][gc,task     ] GC(39) Using 12 workers of 33 for evacuation
[2025-08-28T13:43:07.388+0000][1099278][debug][gc,age      ] GC(39) Desired survivor size 20971520 bytes, new threshold 15 (max threshold 15)
[2025-08-28T13:43:07.390+0000][1099278][info ][gc,phases   ] GC(39)   Pre Evacuate Collection Set: 0.2ms
[2025-08-28T13:43:07.390+0000][1099278][info ][gc,phases   ] GC(39)   Merge Heap Roots: 0.1ms
[2025-08-28T13:43:07.390+0000][1099278][info ][gc,phases   ] GC(39)   Evacuate Collection Set: 1.3ms
[2025-08-28T13:43:07.390+0000][1099278][info ][gc,phases   ] GC(39)   Post Evacuate Collection Set: 0.5ms
[2025-08-28T13:43:07.390+0000][1099278][info ][gc,phases   ] GC(39)   Other: 0.1ms
[2025-08-28T13:43:07.390+0000][1099278][trace][gc,age      ] GC(39) Age table with threshold 15 (max threshold 15)
[2025-08-28T13:43:07.390+0000][1099278][trace][gc,age      ] GC(39) - age   1:     624280 bytes,     624280 total
[2025-08-28T13:43:07.390+0000][1099278][trace][gc,age      ] GC(39) - age   2:       2200 bytes,     626480 total
[2025-08-28T13:43:07.390+0000][1099278][trace][gc,age      ] GC(39) - age   4:        664 bytes,     627144 total
[2025-08-28T13:43:07.390+0000][1099278][trace][gc,age      ] GC(39) - age   5:        584 bytes,     627728 total
[2025-08-28T13:43:07.390+0000][1099278][trace][gc,age      ] GC(39) - age   6:        512 bytes,     628240 total
[2025-08-28T13:43:07.390+0000][1099278][trace][gc,age      ] GC(39) - age   7:         32 bytes,     628272 total
[2025-08-28T13:43:07.390+0000][1099278][trace][gc,age      ] GC(39) - age   8:     116392 bytes,     744664 total
[2025-08-28T13:43:07.390+0000][1099278][trace][gc,age      ] GC(39) - age   9:       3760 bytes,     748424 total
[2025-08-28T13:43:07.390+0000][1099278][trace][gc,age      ] GC(39) - age  10:        648 bytes,     749072 total
[2025-08-28T13:43:07.390+0000][1099278][trace][gc,age      ] GC(39) - age  12:       1656 bytes,     750728 total
[2025-08-28T13:43:07.390+0000][1099278][trace][gc,age      ] GC(39) - age  13:        632 bytes,     751360 total
[2025-08-28T13:43:07.390+0000][1099278][trace][gc,age      ] GC(39) - age  14:        280 bytes,     751640 total
[2025-08-28T13:43:07.390+0000][1099278][trace][gc,age      ] GC(39) - age  15:    2868768 bytes,    3620408 total
[2025-08-28T13:43:07.390+0000][1099278][info ][gc,heap     ] GC(39) Eden regions: 75->0(75)
[2025-08-28T13:43:07.390+0000][1099278][info ][gc,heap     ] GC(39) Survivor regions: 1->1(10)
[2025-08-28T13:43:07.390+0000][1099278][info ][gc,heap     ] GC(39) Old regions: 24->24
[2025-08-28T13:43:07.390+0000][1099278][info ][gc,heap     ] GC(39) Humongous regions: 0->0
[2025-08-28T13:43:07.390+0000][1099278][info ][gc,metaspace] GC(39) Metaspace: 139196K(143168K)->139196K(143168K) NonClass: 120227K(122304K)->120227K(122304K) Class: 18968K(20864K)->18968K(20864K)
[2025-08-28T13:43:07.390+0000][1099278][info ][gc          ] GC(39) Pause Young (Normal) (G1 Evacuation Pause) 396M->97M(512M) 2.287ms
[2025-08-28T13:43:07.390+0000][1099278][info ][gc,cpu      ] GC(39) User=0.01s Sys=0.00s Real=0.00s
[2025-08-28T13:43:07.390+0000][1099278][info ][safepoint   ] Safepoint "G1CollectForAllocation", Time since last: 988282836 ns, Reaching safepoint: 15884 ns, Cleanup: 5629 ns, At safepoint: 2382670 ns, Total: 2404183 ns
[2025-08-28T13:43:08.390+0000][1099278][info ][safepoint   ] Safepoint "Cleanup", Time since last: 1000087412 ns, Reaching safepoint: 49765 ns, Cleanup: 13951 ns, At safepoint: 2824 ns, Total: 66540 ns
[2025-08-28T13:43:10.337+0000][1099278][info ][gc,start    ] GC(40) Pause Young (Normal) (G1 Evacuation Pause)
[2025-08-28T13:43:10.338+0000][1099278][info ][gc,task     ] GC(40) Using 12 workers of 33 for evacuation
[2025-08-28T13:43:10.338+0000][1099278][debug][gc,age      ] GC(40) Desired survivor size 20971520 bytes, new threshold 15 (max threshold 15)
[2025-08-28T13:43:10.340+0000][1099278][info ][gc,phases   ] GC(40)   Pre Evacuate Collection Set: 0.2ms
[2025-08-28T13:43:10.340+0000][1099278][info ][gc,phases   ] GC(40)   Merge Heap Roots: 0.1ms
[2025-08-28T13:43:10.340+0000][1099278][info ][gc,phases   ] GC(40)   Evacuate Collection Set: 1.4ms
[2025-08-28T13:43:10.340+0000][1099278][info ][gc,phases   ] GC(40)   Post Evacuate Collection Set: 0.5ms
[2025-08-28T13:43:10.340+0000][1099278][info ][gc,phases   ] GC(40)   Other: 0.1ms
[2025-08-28T13:43:10.340+0000][1099278][trace][gc,age      ] GC(40) Age table with threshold 15 (max threshold 15)
[2025-08-28T13:43:10.340+0000][1099278][trace][gc,age      ] GC(40) - age   1:     660376 bytes,     660376 total
[2025-08-28T13:43:10.340+0000][1099278][trace][gc,age      ] GC(40) - age   2:       1688 bytes,     662064 total
[2025-08-28T13:43:10.340+0000][1099278][trace][gc,age      ] GC(40) - age   3:       1488 bytes,     663552 total
[2025-08-28T13:43:10.340+0000][1099278][trace][gc,age      ] GC(40) - age   5:        664 bytes,     664216 total
[2025-08-28T13:43:10.340+0000][1099278][trace][gc,age      ] GC(40) - age   6:        584 bytes,     664800 total
[2025-08-28T13:43:10.340+0000][1099278][trace][gc,age      ] GC(40) - age   7:        512 bytes,     665312 total
[2025-08-28T13:43:10.340+0000][1099278][trace][gc,age      ] GC(40) - age   8:         32 bytes,     665344 total
[2025-08-28T13:43:10.340+0000][1099278][trace][gc,age      ] GC(40) - age   9:     116392 bytes,     781736 total
[2025-08-28T13:43:10.340+0000][1099278][trace][gc,age      ] GC(40) - age  10:       3760 bytes,     785496 total
[2025-08-28T13:43:10.340+0000][1099278][trace][gc,age      ] GC(40) - age  11:        400 bytes,     785896 total
[2025-08-28T13:43:10.340+0000][1099278][trace][gc,age      ] GC(40) - age  13:       1656 bytes,     787552 total
[2025-08-28T13:43:10.340+0000][1099278][trace][gc,age      ] GC(40) - age  14:        632 bytes,     788184 total
[2025-08-28T13:43:10.340+0000][1099278][trace][gc,age      ] GC(40) - age  15:        280 bytes,     788464 total
[2025-08-28T13:43:10.340+0000][1099278][info ][gc,heap     ] GC(40) Eden regions: 75->0(75)
[2025-08-28T13:43:10.340+0000][1099278][info ][gc,heap     ] GC(40) Survivor regions: 1->1(10)
[2025-08-28T13:43:10.340+0000][1099278][info ][gc,heap     ] GC(40) Old regions: 24->25
[2025-08-28T13:43:10.340+0000][1099278][info ][gc,heap     ] GC(40) Humongous regions: 0->0
[2025-08-28T13:43:10.340+0000][1099278][info ][gc,metaspace] GC(40) Metaspace: 139198K(143168K)->139198K(143168K) NonClass: 120229K(122304K)->120229K(122304K) Class: 18968K(20864K)->18968K(20864K)
[2025-08-28T13:43:10.340+0000][1099278][info ][gc          ] GC(40) Pause Young (Normal) (G1 Evacuation Pause) 397M->97M(512M) 2.335ms
[2025-08-28T13:43:10.340+0000][1099278][info ][gc,cpu      ] GC(40) User=0.02s Sys=0.00s Real=0.00s
[2025-08-28T13:43:10.340+0000][1099278][info ][safepoint   ] Safepoint "G1CollectForAllocation", Time since last: 1947297287 ns, Reaching safepoint: 15944 ns, Cleanup: 14572 ns, At safepoint: 2424853 ns, Total: 2455369 ns
[2025-08-28T13:43:11.340+0000][1099278][info ][safepoint   ] Safepoint "Cleanup", Time since last: 1000084278 ns, Reaching safepoint: 15694 ns, Cleanup: 14541 ns, At safepoint: 3165 ns, Total: 33400 ns
[2025-08-28T13:43:12.340+0000][1099278][info ][safepoint   ] Safepoint "Cleanup", Time since last: 1000375536 ns, Reaching safepoint: 15273 ns, Cleanup: 14902 ns, At safepoint: 3015 ns, Total: 33190 ns
[2025-08-28T13:43:13.441+0000][1099278][info ][gc,start    ] GC(41) Pause Young (Normal) (G1 Evacuation Pause)
[2025-08-28T13:43:13.441+0000][1099278][info ][gc,task     ] GC(41) Using 12 workers of 33 for evacuation
[2025-08-28T13:43:13.441+0000][1099278][debug][gc,age      ] GC(41) Desired survivor size 20971520 bytes, new threshold 15 (max threshold 15)
[2025-08-28T13:43:13.443+0000][1099278][info ][gc,phases   ] GC(41)   Pre Evacuate Collection Set: 0.1ms
[2025-08-28T13:43:13.443+0000][1099278][info ][gc,phases   ] GC(41)   Merge Heap Roots: 0.1ms
[2025-08-28T13:43:13.443+0000][1099278][info ][gc,phases   ] GC(41)   Evacuate Collection Set: 1.0ms
[2025-08-28T13:43:13.443+0000][1099278][info ][gc,phases   ] GC(41)   Post Evacuate Collection Set: 0.4ms
[2025-08-28T13:43:13.443+0000][1099278][info ][gc,phases   ] GC(41)   Other: 0.1ms
[2025-08-28T13:43:13.443+0000][1099278][trace][gc,age      ] GC(41) Age table with threshold 15 (max threshold 15)
[2025-08-28T13:43:13.443+0000][1099278][trace][gc,age      ] GC(41) - age   1:       7240 bytes,       7240 total
[2025-08-28T13:43:13.443+0000][1099278][trace][gc,age      ] GC(41) - age   2:       1808 bytes,       9048 total
[2025-08-28T13:43:13.443+0000][1099278][trace][gc,age      ] GC(41) - age   3:       1240 bytes,      10288 total
[2025-08-28T13:43:13.443+0000][1099278][trace][gc,age      ] GC(41) - age   4:       1488 bytes,      11776 total
[2025-08-28T13:43:13.443+0000][1099278][trace][gc,age      ] GC(41) - age   6:        664 bytes,      12440 total
[2025-08-28T13:43:13.443+0000][1099278][trace][gc,age      ] GC(41) - age   7:        584 bytes,      13024 total
[2025-08-28T13:43:13.443+0000][1099278][trace][gc,age      ] GC(41) - age   8:        512 bytes,      13536 total
[2025-08-28T13:43:13.443+0000][1099278][trace][gc,age      ] GC(41) - age   9:         32 bytes,      13568 total
[2025-08-28T13:43:13.443+0000][1099278][trace][gc,age      ] GC(41) - age  10:     116392 bytes,     129960 total
[2025-08-28T13:43:13.443+0000][1099278][trace][gc,age      ] GC(41) - age  11:       3760 bytes,     133720 total
[2025-08-28T13:43:13.443+0000][1099278][trace][gc,age      ] GC(41) - age  12:        400 bytes,     134120 total
[2025-08-28T13:43:13.443+0000][1099278][trace][gc,age      ] GC(41) - age  14:       1656 bytes,     135776 total
[2025-08-28T13:43:13.443+0000][1099278][trace][gc,age      ] GC(41) - age  15:        632 bytes,     136408 total
[2025-08-28T13:43:13.443+0000][1099278][info ][gc,heap     ] GC(41) Eden regions: 75->0(75)
[2025-08-28T13:43:13.443+0000][1099278][info ][gc,heap     ] GC(41) Survivor regions: 1->1(10)
[2025-08-28T13:43:13.443+0000][1099278][info ][gc,heap     ] GC(41) Old regions: 25->25
[2025-08-28T13:43:13.443+0000][1099278][info ][gc,heap     ] GC(41) Humongous regions: 0->0
[2025-08-28T13:43:13.443+0000][1099278][info ][gc,metaspace] GC(41) Metaspace: 139198K(143168K)->139198K(143168K) NonClass: 120229K(122304K)->120229K(122304K) Class: 18968K(20864K)->18968K(20864K)
[2025-08-28T13:43:13.443+0000][1099278][info ][gc          ] GC(41) Pause Young (Normal) (G1 Evacuation Pause) 397M->96M(512M) 1.960ms
[2025-08-28T13:43:13.443+0000][1099278][info ][gc,cpu      ] GC(41) User=0.01s Sys=0.00s Real=0.00s
[2025-08-28T13:43:13.443+0000][1099278][info ][safepoint   ] Safepoint "G1CollectForAllocation", Time since last: 1100631151 ns, Reaching safepoint: 48913 ns, Cleanup: 5609 ns, At safepoint: 2051412 ns, Total: 2105934 ns
[2025-08-28T13:43:14.443+0000][1099278][info ][safepoint   ] Safepoint "Cleanup", Time since last: 1000078199 ns, Reaching safepoint: 15443 ns, Cleanup: 13781 ns, At safepoint: 2934 ns, Total: 32158 ns
[2025-08-28T13:43:15.443+0000][1099278][info ][safepoint   ] Safepoint "Cleanup", Time since last: 1000129296 ns, Reaching safepoint: 15984 ns, Cleanup: 18337 ns, At safepoint: 3125 ns, Total: 37446 ns
[2025-08-28T13:43:16.320+0000][1099278][info ][gc,start    ] GC(42) Pause Young (Normal) (G1 Evacuation Pause)
[2025-08-28T13:43:16.321+0000][1099278][info ][gc,task     ] GC(42) Using 12 workers of 33 for evacuation
[2025-08-28T13:43:16.321+0000][1099278][debug][gc,age      ] GC(42) Desired survivor size 20971520 bytes, new threshold 15 (max threshold 15)
[2025-08-28T13:43:16.323+0000][1099278][info ][gc,phases   ] GC(42)   Pre Evacuate Collection Set: 0.2ms
[2025-08-28T13:43:16.323+0000][1099278][info ][gc,phases   ] GC(42)   Merge Heap Roots: 0.1ms
[2025-08-28T13:43:16.323+0000][1099278][info ][gc,phases   ] GC(42)   Evacuate Collection Set: 1.7ms
[2025-08-28T13:43:16.323+0000][1099278][info ][gc,phases   ] GC(42)   Post Evacuate Collection Set: 0.5ms
[2025-08-28T13:43:16.323+0000][1099278][info ][gc,phases   ] GC(42)   Other: 0.1ms
[2025-08-28T13:43:16.323+0000][1099278][trace][gc,age      ] GC(42) Age table with threshold 15 (max threshold 15)
[2025-08-28T13:43:16.323+0000][1099278][trace][gc,age      ] GC(42) - age   1:      13120 bytes,      13120 total
[2025-08-28T13:43:16.323+0000][1099278][trace][gc,age      ] GC(42) - age   2:       1408 bytes,      14528 total
[2025-08-28T13:43:16.323+0000][1099278][trace][gc,age      ] GC(42) - age   3:       1808 bytes,      16336 total
[2025-08-28T13:43:16.323+0000][1099278][trace][gc,age      ] GC(42) - age   4:       1000 bytes,      17336 total
[2025-08-28T13:43:16.323+0000][1099278][trace][gc,age      ] GC(42) - age   5:       1488 bytes,      18824 total
[2025-08-28T13:43:16.323+0000][1099278][trace][gc,age      ] GC(42) - age   7:        664 bytes,      19488 total
[2025-08-28T13:43:16.323+0000][1099278][trace][gc,age      ] GC(42) - age   8:        584 bytes,      20072 total
[2025-08-28T13:43:16.323+0000][1099278][trace][gc,age      ] GC(42) - age   9:        512 bytes,      20584 total
[2025-08-28T13:43:16.323+0000][1099278][trace][gc,age      ] GC(42) - age  10:         32 bytes,      20616 total
[2025-08-28T13:43:16.323+0000][1099278][trace][gc,age      ] GC(42) - age  11:     107608 bytes,     128224 total
[2025-08-28T13:43:16.323+0000][1099278][trace][gc,age      ] GC(42) - age  12:       3760 bytes,     131984 total
[2025-08-28T13:43:16.323+0000][1099278][trace][gc,age      ] GC(42) - age  13:        400 bytes,     132384 total
[2025-08-28T13:43:16.323+0000][1099278][trace][gc,age      ] GC(42) - age  15:       1656 bytes,     134040 total
[2025-08-28T13:43:16.323+0000][1099278][info ][gc,heap     ] GC(42) Eden regions: 75->0(75)
[2025-08-28T13:43:16.323+0000][1099278][info ][gc,heap     ] GC(42) Survivor regions: 1->1(10)
[2025-08-28T13:43:16.323+0000][1099278][info ][gc,heap     ] GC(42) Old regions: 25->25
[2025-08-28T13:43:16.323+0000][1099278][info ][gc,heap     ] GC(42) Humongous regions: 0->0
[2025-08-28T13:43:16.323+0000][1099278][info ][gc,metaspace] GC(42) Metaspace: 139199K(143168K)->139199K(143168K) NonClass: 120231K(122304K)->120231K(122304K) Class: 18968K(20864K)->18968K(20864K)
[2025-08-28T13:43:16.323+0000][1099278][info ][gc          ] GC(42) Pause Young (Normal) (G1 Evacuation Pause) 396M->96M(512M) 2.579ms
[2025-08-28T13:43:16.323+0000][1099278][info ][gc,cpu      ] GC(42) User=0.01s Sys=0.00s Real=0.01s
[2025-08-28T13:43:16.323+0000][1099278][info ][safepoint   ] Safepoint "G1CollectForAllocation", Time since last: 876870368 ns, Reaching safepoint: 145148 ns, Cleanup: 31587 ns, At safepoint: 2665535 ns, Total: 2842270 ns
[2025-08-28T13:43:19.270+0000][1099278][info ][gc,start    ] GC(43) Pause Young (Normal) (G1 Evacuation Pause)
[2025-08-28T13:43:19.270+0000][1099278][info ][gc,task     ] GC(43) Using 12 workers of 33 for evacuation
[2025-08-28T13:43:19.270+0000][1099278][debug][gc,age      ] GC(43) Desired survivor size 20971520 bytes, new threshold 15 (max threshold 15)
[2025-08-28T13:43:19.273+0000][1099278][info ][gc,phases   ] GC(43)   Pre Evacuate Collection Set: 0.2ms
[2025-08-28T13:43:19.273+0000][1099278][info ][gc,phases   ] GC(43)   Merge Heap Roots: 0.1ms
[2025-08-28T13:43:19.273+0000][1099278][info ][gc,phases   ] GC(43)   Evacuate Collection Set: 1.5ms
[2025-08-28T13:43:19.273+0000][1099278][info ][gc,phases   ] GC(43)   Post Evacuate Collection Set: 0.5ms
[2025-08-28T13:43:19.273+0000][1099278][info ][gc,phases   ] GC(43)   Other: 0.1ms
[2025-08-28T13:43:19.273+0000][1099278][trace][gc,age      ] GC(43) Age table with threshold 15 (max threshold 15)
[2025-08-28T13:43:19.273+0000][1099278][trace][gc,age      ] GC(43) - age   1:     141792 bytes,     141792 total
[2025-08-28T13:43:19.273+0000][1099278][trace][gc,age      ] GC(43) - age   2:       5152 bytes,     146944 total
[2025-08-28T13:43:19.273+0000][1099278][trace][gc,age      ] GC(43) - age   3:        696 bytes,     147640 total
[2025-08-28T13:43:19.273+0000][1099278][trace][gc,age      ] GC(43) - age   4:       1808 bytes,     149448 total
[2025-08-28T13:43:19.273+0000][1099278][trace][gc,age      ] GC(43) - age   5:        752 bytes,     150200 total
[2025-08-28T13:43:19.273+0000][1099278][trace][gc,age      ] GC(43) - age   6:       1488 bytes,     151688 total
[2025-08-28T13:43:19.273+0000][1099278][trace][gc,age      ] GC(43) - age   8:        664 bytes,     152352 total
[2025-08-28T13:43:19.273+0000][1099278][trace][gc,age      ] GC(43) - age   9:        584 bytes,     152936 total
[2025-08-28T13:43:19.273+0000][1099278][trace][gc,age      ] GC(43) - age  10:        512 bytes,     153448 total
[2025-08-28T13:43:19.273+0000][1099278][trace][gc,age      ] GC(43) - age  11:         32 bytes,     153480 total
[2025-08-28T13:43:19.273+0000][1099278][trace][gc,age      ] GC(43) - age  12:     107240 bytes,     260720 total
[2025-08-28T13:43:19.273+0000][1099278][trace][gc,age      ] GC(43) - age  13:       3760 bytes,     264480 total
[2025-08-28T13:43:19.273+0000][1099278][trace][gc,age      ] GC(43) - age  14:        400 bytes,     264880 total
[2025-08-28T13:43:19.273+0000][1099278][info ][gc,heap     ] GC(43) Eden regions: 75->0(75)
[2025-08-28T13:43:19.273+0000][1099278][info ][gc,heap     ] GC(43) Survivor regions: 1->1(10)
[2025-08-28T13:43:19.273+0000][1099278][info ][gc,heap     ] GC(43) Old regions: 25->25
[2025-08-28T13:43:19.273+0000][1099278][info ][gc,heap     ] GC(43) Humongous regions: 0->0
[2025-08-28T13:43:19.273+0000][1099278][info ][gc,metaspace] GC(43) Metaspace: 139201K(143168K)->139201K(143168K) NonClass: 120232K(122304K)->120232K(122304K) Class: 18968K(20864K)->18968K(20864K)
[2025-08-28T13:43:19.273+0000][1099278][info ][gc          ] GC(43) Pause Young (Normal) (G1 Evacuation Pause) 396M->96M(512M) 2.435ms
[2025-08-28T13:43:19.273+0000][1099278][info ][gc,cpu      ] GC(43) User=0.01s Sys=0.00s Real=0.01s
[2025-08-28T13:43:19.273+0000][1099278][info ][safepoint   ] Safepoint "G1CollectForAllocation", Time since last: 2947105350 ns, Reaching safepoint: 115734 ns, Cleanup: 6439 ns, At safepoint: 2526106 ns, Total: 2648279 ns
[2025-08-28T13:43:22.393+0000][1099278][info ][gc,start    ] GC(44) Pause Young (Normal) (G1 Evacuation Pause)
[2025-08-28T13:43:22.393+0000][1099278][info ][gc,task     ] GC(44) Using 12 workers of 33 for evacuation
[2025-08-28T13:43:22.393+0000][1099278][debug][gc,age      ] GC(44) Desired survivor size 20971520 bytes, new threshold 15 (max threshold 15)
[2025-08-28T13:43:22.395+0000][1099278][info ][gc,phases   ] GC(44)   Pre Evacuate Collection Set: 0.2ms
[2025-08-28T13:43:22.395+0000][1099278][info ][gc,phases   ] GC(44)   Merge Heap Roots: 0.1ms
[2025-08-28T13:43:22.395+0000][1099278][info ][gc,phases   ] GC(44)   Evacuate Collection Set: 1.1ms
[2025-08-28T13:43:22.395+0000][1099278][info ][gc,phases   ] GC(44)   Post Evacuate Collection Set: 0.4ms
[2025-08-28T13:43:22.395+0000][1099278][info ][gc,phases   ] GC(44)   Other: 0.1ms
[2025-08-28T13:43:22.395+0000][1099278][trace][gc,age      ] GC(44) Age table with threshold 15 (max threshold 15)
[2025-08-28T13:43:22.395+0000][1099278][trace][gc,age      ] GC(44) - age   1:     692968 bytes,     692968 total
[2025-08-28T13:43:22.395+0000][1099278][trace][gc,age      ] GC(44) - age   2:       1792 bytes,     694760 total
[2025-08-28T13:43:22.395+0000][1099278][trace][gc,age      ] GC(44) - age   3:       5152 bytes,     699912 total
[2025-08-28T13:43:22.395+0000][1099278][trace][gc,age      ] GC(44) - age   4:        248 bytes,     700160 total
[2025-08-28T13:43:22.395+0000][1099278][trace][gc,age      ] GC(44) - age   5:       1808 bytes,     701968 total
[2025-08-28T13:43:22.395+0000][1099278][trace][gc,age      ] GC(44) - age   6:        752 bytes,     702720 total
[2025-08-28T13:43:22.395+0000][1099278][trace][gc,age      ] GC(44) - age   7:       1488 bytes,     704208 total
[2025-08-28T13:43:22.395+0000][1099278][trace][gc,age      ] GC(44) - age   9:        664 bytes,     704872 total
[2025-08-28T13:43:22.395+0000][1099278][trace][gc,age      ] GC(44) - age  10:        584 bytes,     705456 total
[2025-08-28T13:43:22.395+0000][1099278][trace][gc,age      ] GC(44) - age  11:        512 bytes,     705968 total
[2025-08-28T13:43:22.395+0000][1099278][trace][gc,age      ] GC(44) - age  12:         32 bytes,     706000 total
[2025-08-28T13:43:22.395+0000][1099278][trace][gc,age      ] GC(44) - age  13:     107240 bytes,     813240 total
[2025-08-28T13:43:22.395+0000][1099278][trace][gc,age      ] GC(44) - age  14:       3760 bytes,     817000 total
[2025-08-28T13:43:22.395+0000][1099278][trace][gc,age      ] GC(44) - age  15:        400 bytes,     817400 total
[2025-08-28T13:43:22.395+0000][1099278][info ][gc,heap     ] GC(44) Eden regions: 75->0(75)
[2025-08-28T13:43:22.395+0000][1099278][info ][gc,heap     ] GC(44) Survivor regions: 1->1(10)
[2025-08-28T13:43:22.395+0000][1099278][info ][gc,heap     ] GC(44) Old regions: 25->25
[2025-08-28T13:43:22.395+0000][1099278][info ][gc,heap     ] GC(44) Humongous regions: 0->0
[2025-08-28T13:43:22.395+0000][1099278][info ][gc,metaspace] GC(44) Metaspace: 139206K(143168K)->139206K(143168K) NonClass: 120237K(122304K)->120237K(122304K) Class: 18968K(20864K)->18968K(20864K)
[2025-08-28T13:43:22.395+0000][1099278][info ][gc          ] GC(44) Pause Young (Normal) (G1 Evacuation Pause) 396M->97M(512M) 1.993ms
[2025-08-28T13:43:22.395+0000][1099278][info ][gc,cpu      ] GC(44) User=0.01s Sys=0.00s Real=0.00s
[2025-08-28T13:43:22.395+0000][1099278][info ][safepoint   ] Safepoint "G1CollectForAllocation", Time since last: 3119704061 ns, Reaching safepoint: 16695 ns, Cleanup: 14952 ns, At safepoint: 2089109 ns, Total: 2120756 ns
[2025-08-28T13:43:23.395+0000][1099278][info ][safepoint   ] Safepoint "Cleanup", Time since last: 1000096507 ns, Reaching safepoint: 49504 ns, Cleanup: 13751 ns, At safepoint: 3745 ns, Total: 67000 ns
[2025-08-28T13:43:25.330+0000][1099278][info ][gc,start    ] GC(45) Pause Young (Normal) (G1 Evacuation Pause)
[2025-08-28T13:43:25.330+0000][1099278][info ][gc,task     ] GC(45) Using 12 workers of 33 for evacuation
[2025-08-28T13:43:25.330+0000][1099278][debug][gc,age      ] GC(45) Desired survivor size 20971520 bytes, new threshold 15 (max threshold 15)
[2025-08-28T13:43:25.332+0000][1099278][info ][gc,phases   ] GC(45)   Pre Evacuate Collection Set: 0.2ms
[2025-08-28T13:43:25.332+0000][1099278][info ][gc,phases   ] GC(45)   Merge Heap Roots: 0.1ms
[2025-08-28T13:43:25.332+0000][1099278][info ][gc,phases   ] GC(45)   Evacuate Collection Set: 1.6ms
[2025-08-28T13:43:25.332+0000][1099278][info ][gc,phases   ] GC(45)   Post Evacuate Collection Set: 0.5ms
[2025-08-28T13:43:25.332+0000][1099278][info ][gc,phases   ] GC(45)   Other: 0.1ms
[2025-08-28T13:43:25.332+0000][1099278][trace][gc,age      ] GC(45) Age table with threshold 15 (max threshold 15)
[2025-08-28T13:43:25.332+0000][1099278][trace][gc,age      ] GC(45) - age   1:       8424 bytes,       8424 total
[2025-08-28T13:43:25.332+0000][1099278][trace][gc,age      ] GC(45) - age   2:        872 bytes,       9296 total
[2025-08-28T13:43:25.332+0000][1099278][trace][gc,age      ] GC(45) - age   3:       1080 bytes,      10376 total
[2025-08-28T13:43:25.332+0000][1099278][trace][gc,age      ] GC(45) - age   4:       4912 bytes,      15288 total
[2025-08-28T13:43:25.332+0000][1099278][trace][gc,age      ] GC(45) - age   5:        248 bytes,      15536 total
[2025-08-28T13:43:25.332+0000][1099278][trace][gc,age      ] GC(45) - age   6:       1808 bytes,      17344 total
[2025-08-28T13:43:25.332+0000][1099278][trace][gc,age      ] GC(45) - age   7:        528 bytes,      17872 total
[2025-08-28T13:43:25.332+0000][1099278][trace][gc,age      ] GC(45) - age   8:       1488 bytes,      19360 total
[2025-08-28T13:43:25.332+0000][1099278][trace][gc,age      ] GC(45) - age  10:        664 bytes,      20024 total
[2025-08-28T13:43:25.332+0000][1099278][trace][gc,age      ] GC(45) - age  11:        584 bytes,      20608 total
[2025-08-28T13:43:25.332+0000][1099278][trace][gc,age      ] GC(45) - age  12:        512 bytes,      21120 total
[2025-08-28T13:43:25.332+0000][1099278][trace][gc,age      ] GC(45) - age  13:         32 bytes,      21152 total
[2025-08-28T13:43:25.332+0000][1099278][trace][gc,age      ] GC(45) - age  14:     107240 bytes,     128392 total
[2025-08-28T13:43:25.332+0000][1099278][trace][gc,age      ] GC(45) - age  15:       3760 bytes,     132152 total
[2025-08-28T13:43:25.332+0000][1099278][info ][gc,heap     ] GC(45) Eden regions: 75->0(75)
[2025-08-28T13:43:25.332+0000][1099278][info ][gc,heap     ] GC(45) Survivor regions: 1->1(10)
[2025-08-28T13:43:25.332+0000][1099278][info ][gc,heap     ] GC(45) Old regions: 25->25
[2025-08-28T13:43:25.332+0000][1099278][info ][gc,heap     ] GC(45) Humongous regions: 0->0
[2025-08-28T13:43:25.332+0000][1099278][info ][gc,metaspace] GC(45) Metaspace: 139208K(143168K)->139208K(143168K) NonClass: 120240K(122304K)->120240K(122304K) Class: 18968K(20864K)->18968K(20864K)
[2025-08-28T13:43:25.332+0000][1099278][info ][gc          ] GC(45) Pause Young (Normal) (G1 Evacuation Pause) 397M->96M(512M) 2.559ms
[2025-08-28T13:43:25.332+0000][1099278][info ][gc,cpu      ] GC(45) User=0.01s Sys=0.00s Real=0.01s
[2025-08-28T13:43:25.332+0000][1099278][info ][safepoint   ] Safepoint "G1CollectForAllocation", Time since last: 1934760510 ns, Reaching safepoint: 82734 ns, Cleanup: 6410 ns, At safepoint: 2648259 ns, Total: 2737403 ns
[2025-08-28T13:43:27.905+0000][1099278][info ][safepoint   ] Safepoint "Cleanup", Time since last: 2572523376 ns, Reaching safepoint: 16815 ns, Cleanup: 14863 ns, At safepoint: 3325 ns, Total: 35003 ns
[2025-08-28T13:43:28.414+0000][1099278][info ][gc,start    ] GC(46) Pause Young (Normal) (G1 Evacuation Pause)
[2025-08-28T13:43:28.414+0000][1099278][info ][gc,task     ] GC(46) Using 12 workers of 33 for evacuation
[2025-08-28T13:43:28.414+0000][1099278][debug][gc,age      ] GC(46) Desired survivor size 20971520 bytes, new threshold 15 (max threshold 15)
[2025-08-28T13:43:28.415+0000][1099278][info ][gc,phases   ] GC(46)   Pre Evacuate Collection Set: 0.2ms
[2025-08-28T13:43:28.415+0000][1099278][info ][gc,phases   ] GC(46)   Merge Heap Roots: 0.1ms
[2025-08-28T13:43:28.415+0000][1099278][info ][gc,phases   ] GC(46)   Evacuate Collection Set: 1.0ms
[2025-08-28T13:43:28.415+0000][1099278][info ][gc,phases   ] GC(46)   Post Evacuate Collection Set: 0.5ms
[2025-08-28T13:43:28.415+0000][1099278][info ][gc,phases   ] GC(46)   Other: 0.1ms
[2025-08-28T13:43:28.415+0000][1099278][trace][gc,age      ] GC(46) Age table with threshold 15 (max threshold 15)
[2025-08-28T13:43:28.415+0000][1099278][trace][gc,age      ] GC(46) - age   1:     673752 bytes,     673752 total
[2025-08-28T13:43:28.416+0000][1099278][trace][gc,age      ] GC(46) - age   2:        528 bytes,     674280 total
[2025-08-28T13:43:28.416+0000][1099278][trace][gc,age      ] GC(46) - age   3:        424 bytes,     674704 total
[2025-08-28T13:43:28.416+0000][1099278][trace][gc,age      ] GC(46) - age   4:       1080 bytes,     675784 total
[2025-08-28T13:43:28.416+0000][1099278][trace][gc,age      ] GC(46) - age   5:       4912 bytes,     680696 total
[2025-08-28T13:43:28.416+0000][1099278][trace][gc,age      ] GC(46) - age   6:        248 bytes,     680944 total
[2025-08-28T13:43:28.416+0000][1099278][trace][gc,age      ] GC(46) - age   7:       1808 bytes,     682752 total
[2025-08-28T13:43:28.416+0000][1099278][trace][gc,age      ] GC(46) - age   8:        528 bytes,     683280 total
[2025-08-28T13:43:28.416+0000][1099278][trace][gc,age      ] GC(46) - age   9:       1488 bytes,     684768 total
[2025-08-28T13:43:28.416+0000][1099278][trace][gc,age      ] GC(46) - age  11:        664 bytes,     685432 total
[2025-08-28T13:43:28.416+0000][1099278][trace][gc,age      ] GC(46) - age  12:        584 bytes,     686016 total
[2025-08-28T13:43:28.416+0000][1099278][trace][gc,age      ] GC(46) - age  13:        512 bytes,     686528 total
[2025-08-28T13:43:28.416+0000][1099278][trace][gc,age      ] GC(46) - age  14:         32 bytes,     686560 total
[2025-08-28T13:43:28.416+0000][1099278][trace][gc,age      ] GC(46) - age  15:     107240 bytes,     793800 total
[2025-08-28T13:43:28.416+0000][1099278][info ][gc,heap     ] GC(46) Eden regions: 75->0(75)
[2025-08-28T13:43:28.416+0000][1099278][info ][gc,heap     ] GC(46) Survivor regions: 1->1(10)
[2025-08-28T13:43:28.416+0000][1099278][info ][gc,heap     ] GC(46) Old regions: 25->25
[2025-08-28T13:43:28.416+0000][1099278][info ][gc,heap     ] GC(46) Humongous regions: 0->0
[2025-08-28T13:43:28.416+0000][1099278][info ][gc,metaspace] GC(46) Metaspace: 139220K(143168K)->139220K(143168K) NonClass: 120252K(122304K)->120252K(122304K) Class: 18968K(20864K)->18968K(20864K)
[2025-08-28T13:43:28.416+0000][1099278][info ][gc          ] GC(46) Pause Young (Normal) (G1 Evacuation Pause) 396M->97M(512M) 1.982ms
[2025-08-28T13:43:28.416+0000][1099278][info ][gc,cpu      ] GC(46) User=0.00s Sys=0.01s Real=0.00s
[2025-08-28T13:43:28.416+0000][1099278][info ][safepoint   ] Safepoint "G1CollectForAllocation", Time since last: 508594589 ns, Reaching safepoint: 48533 ns, Cleanup: 17396 ns, At safepoint: 2073125 ns, Total: 2139054 ns
[2025-08-28T13:43:30.416+0000][1099278][info ][safepoint   ] Safepoint "Cleanup", Time since last: 2000140894 ns, Reaching safepoint: 17256 ns, Cleanup: 15233 ns, At safepoint: 3395 ns, Total: 35884 ns
[2025-08-28T13:43:31.376+0000][1099278][info ][gc,start    ] GC(47) Pause Young (Normal) (G1 Evacuation Pause)
[2025-08-28T13:43:31.376+0000][1099278][info ][gc,task     ] GC(47) Using 12 workers of 33 for evacuation
[2025-08-28T13:43:31.376+0000][1099278][debug][gc,age      ] GC(47) Desired survivor size 20971520 bytes, new threshold 15 (max threshold 15)
[2025-08-28T13:43:31.378+0000][1099278][info ][gc,phases   ] GC(47)   Pre Evacuate Collection Set: 0.1ms
[2025-08-28T13:43:31.378+0000][1099278][info ][gc,phases   ] GC(47)   Merge Heap Roots: 0.1ms
[2025-08-28T13:43:31.378+0000][1099278][info ][gc,phases   ] GC(47)   Evacuate Collection Set: 1.6ms
[2025-08-28T13:43:31.378+0000][1099278][info ][gc,phases   ] GC(47)   Post Evacuate Collection Set: 0.4ms
[2025-08-28T13:43:31.378+0000][1099278][info ][gc,phases   ] GC(47)   Other: 0.1ms
[2025-08-28T13:43:31.378+0000][1099278][trace][gc,age      ] GC(47) Age table with threshold 15 (max threshold 15)
[2025-08-28T13:43:31.378+0000][1099278][trace][gc,age      ] GC(47) - age   1:       8064 bytes,       8064 total
[2025-08-28T13:43:31.378+0000][1099278][trace][gc,age      ] GC(47) - age   2:       1408 bytes,       9472 total
[2025-08-28T13:43:31.378+0000][1099278][trace][gc,age      ] GC(47) - age   3:        528 bytes,      10000 total
[2025-08-28T13:43:31.378+0000][1099278][trace][gc,age      ] GC(47) - age   4:        424 bytes,      10424 total
[2025-08-28T13:43:31.378+0000][1099278][trace][gc,age      ] GC(47) - age   5:       1080 bytes,      11504 total
[2025-08-28T13:43:31.378+0000][1099278][trace][gc,age      ] GC(47) - age   6:       4912 bytes,      16416 total
[2025-08-28T13:43:31.378+0000][1099278][trace][gc,age      ] GC(47) - age   7:        248 bytes,      16664 total
[2025-08-28T13:43:31.378+0000][1099278][trace][gc,age      ] GC(47) - age   8:       1808 bytes,      18472 total
[2025-08-28T13:43:31.378+0000][1099278][trace][gc,age      ] GC(47) - age   9:        528 bytes,      19000 total
[2025-08-28T13:43:31.378+0000][1099278][trace][gc,age      ] GC(47) - age  10:       1488 bytes,      20488 total
[2025-08-28T13:43:31.378+0000][1099278][trace][gc,age      ] GC(47) - age  12:        664 bytes,      21152 total
[2025-08-28T13:43:31.378+0000][1099278][trace][gc,age      ] GC(47) - age  13:        584 bytes,      21736 total
[2025-08-28T13:43:31.378+0000][1099278][trace][gc,age      ] GC(47) - age  14:        512 bytes,      22248 total
[2025-08-28T13:43:31.378+0000][1099278][trace][gc,age      ] GC(47) - age  15:         32 bytes,      22280 total
[2025-08-28T13:43:31.378+0000][1099278][info ][gc,heap     ] GC(47) Eden regions: 75->0(75)
[2025-08-28T13:43:31.378+0000][1099278][info ][gc,heap     ] GC(47) Survivor regions: 1->1(10)
[2025-08-28T13:43:31.378+0000][1099278][info ][gc,heap     ] GC(47) Old regions: 25->25
[2025-08-28T13:43:31.378+0000][1099278][info ][gc,heap     ] GC(47) Humongous regions: 0->0
[2025-08-28T13:43:31.378+0000][1099278][info ][gc,metaspace] GC(47) Metaspace: 139222K(143168K)->139222K(143168K) NonClass: 120254K(122304K)->120254K(122304K) Class: 18968K(20864K)->18968K(20864K)
[2025-08-28T13:43:31.378+0000][1099278][info ][gc          ] GC(47) Pause Young (Normal) (G1 Evacuation Pause) 397M->96M(512M) 2.421ms
[2025-08-28T13:43:31.378+0000][1099278][info ][gc,cpu      ] GC(47) User=0.01s Sys=0.00s Real=0.00s
[2025-08-28T13:43:31.378+0000][1099278][info ][safepoint   ] Safepoint "G1CollectForAllocation", Time since last: 959852259 ns, Reaching safepoint: 271999 ns, Cleanup: 6389 ns, At safepoint: 2508249 ns, Total: 2786637 ns
[2025-08-28T13:43:32.379+0000][1099278][info ][safepoint   ] Safepoint "Cleanup", Time since last: 1000094544 ns, Reaching safepoint: 16004 ns, Cleanup: 25358 ns, At safepoint: 3245 ns, Total: 44607 ns
[2025-08-28T13:43:34.502+0000][1099278][info ][gc,start    ] GC(48) Pause Young (Normal) (G1 Evacuation Pause)
[2025-08-28T13:43:34.502+0000][1099278][info ][gc,task     ] GC(48) Using 12 workers of 33 for evacuation
[2025-08-28T13:43:34.502+0000][1099278][debug][gc,age      ] GC(48) Desired survivor size 20971520 bytes, new threshold 15 (max threshold 15)
[2025-08-28T13:43:34.504+0000][1099278][info ][gc,phases   ] GC(48)   Pre Evacuate Collection Set: 0.2ms
[2025-08-28T13:43:34.504+0000][1099278][info ][gc,phases   ] GC(48)   Merge Heap Roots: 0.1ms
[2025-08-28T13:43:34.504+0000][1099278][info ][gc,phases   ] GC(48)   Evacuate Collection Set: 0.9ms
[2025-08-28T13:43:34.504+0000][1099278][info ][gc,phases   ] GC(48)   Post Evacuate Collection Set: 0.4ms
[2025-08-28T13:43:34.504+0000][1099278][info ][gc,phases   ] GC(48)   Other: 0.1ms
[2025-08-28T13:43:34.504+0000][1099278][trace][gc,age      ] GC(48) Age table with threshold 15 (max threshold 15)
[2025-08-28T13:43:34.504+0000][1099278][trace][gc,age      ] GC(48) - age   1:     673696 bytes,     673696 total
[2025-08-28T13:43:34.504+0000][1099278][trace][gc,age      ] GC(48) - age   2:        128 bytes,     673824 total
[2025-08-28T13:43:34.504+0000][1099278][trace][gc,age      ] GC(48) - age   4:        528 bytes,     674352 total
[2025-08-28T13:43:34.504+0000][1099278][trace][gc,age      ] GC(48) - age   5:        424 bytes,     674776 total
[2025-08-28T13:43:34.504+0000][1099278][trace][gc,age      ] GC(48) - age   6:       1080 bytes,     675856 total
[2025-08-28T13:43:34.504+0000][1099278][trace][gc,age      ] GC(48) - age   7:       4912 bytes,     680768 total
[2025-08-28T13:43:34.504+0000][1099278][trace][gc,age      ] GC(48) - age   8:        248 bytes,     681016 total
[2025-08-28T13:43:34.504+0000][1099278][trace][gc,age      ] GC(48) - age   9:       1808 bytes,     682824 total
[2025-08-28T13:43:34.504+0000][1099278][trace][gc,age      ] GC(48) - age  10:        528 bytes,     683352 total
[2025-08-28T13:43:34.504+0000][1099278][trace][gc,age      ] GC(48) - age  11:       1312 bytes,     684664 total
[2025-08-28T13:43:34.504+0000][1099278][trace][gc,age      ] GC(48) - age  13:        664 bytes,     685328 total
[2025-08-28T13:43:34.504+0000][1099278][trace][gc,age      ] GC(48) - age  14:        584 bytes,     685912 total
[2025-08-28T13:43:34.504+0000][1099278][trace][gc,age      ] GC(48) - age  15:        512 bytes,     686424 total
[2025-08-28T13:43:34.504+0000][1099278][info ][gc,heap     ] GC(48) Eden regions: 75->0(75)
[2025-08-28T13:43:34.504+0000][1099278][info ][gc,heap     ] GC(48) Survivor regions: 1->1(10)
[2025-08-28T13:43:34.504+0000][1099278][info ][gc,heap     ] GC(48) Old regions: 25->25
[2025-08-28T13:43:34.504+0000][1099278][info ][gc,heap     ] GC(48) Humongous regions: 0->0
[2025-08-28T13:43:34.504+0000][1099278][info ][gc,metaspace] GC(48) Metaspace: 139224K(143168K)->139224K(143168K) NonClass: 120256K(122304K)->120256K(122304K) Class: 18968K(20864K)->18968K(20864K)
[2025-08-28T13:43:34.504+0000][1099278][info ][gc          ] GC(48) Pause Young (Normal) (G1 Evacuation Pause) 396M->97M(512M) 1.735ms
[2025-08-28T13:43:34.504+0000][1099278][info ][gc,cpu      ] GC(48) User=0.01s Sys=0.01s Real=0.00s
[2025-08-28T13:43:34.504+0000][1099278][info ][safepoint   ] Safepoint "G1CollectForAllocation", Time since last: 2123227713 ns, Reaching safepoint: 41573 ns, Cleanup: 5098 ns, At safepoint: 1815628 ns, Total: 1862299 ns
[2025-08-28T13:43:35.504+0000][1099278][info ][safepoint   ] Safepoint "Cleanup", Time since last: 1000099290 ns, Reaching safepoint: 15453 ns, Cleanup: 25248 ns, At safepoint: 2925 ns, Total: 43626 ns
[2025-08-28T13:43:36.504+0000][1099278][info ][safepoint   ] Safepoint "Cleanup", Time since last: 1000117778 ns, Reaching safepoint: 15824 ns, Cleanup: 17035 ns, At safepoint: 3165 ns, Total: 36024 ns
[2025-08-28T13:43:37.464+0000][1099278][info ][gc,start    ] GC(49) Pause Young (Normal) (G1 Evacuation Pause)
[2025-08-28T13:43:37.464+0000][1099278][info ][gc,task     ] GC(49) Using 12 workers of 33 for evacuation
[2025-08-28T13:43:37.464+0000][1099278][debug][gc,age      ] GC(49) Desired survivor size 20971520 bytes, new threshold 15 (max threshold 15)
[2025-08-28T13:43:37.466+0000][1099278][info ][gc,phases   ] GC(49)   Pre Evacuate Collection Set: 0.2ms
[2025-08-28T13:43:37.467+0000][1099278][info ][gc,phases   ] GC(49)   Merge Heap Roots: 0.1ms
[2025-08-28T13:43:37.467+0000][1099278][info ][gc,phases   ] GC(49)   Evacuate Collection Set: 1.6ms
[2025-08-28T13:43:37.467+0000][1099278][info ][gc,phases   ] GC(49)   Post Evacuate Collection Set: 0.4ms
[2025-08-28T13:43:37.467+0000][1099278][info ][gc,phases   ] GC(49)   Other: 0.1ms
[2025-08-28T13:43:37.467+0000][1099278][trace][gc,age      ] GC(49) Age table with threshold 15 (max threshold 15)
[2025-08-28T13:43:37.467+0000][1099278][trace][gc,age      ] GC(49) - age   1:     206752 bytes,     206752 total
[2025-08-28T13:43:37.467+0000][1099278][trace][gc,age      ] GC(49) - age   2:       1648 bytes,     208400 total
[2025-08-28T13:43:37.467+0000][1099278][trace][gc,age      ] GC(49) - age   3:        128 bytes,     208528 total
[2025-08-28T13:43:37.467+0000][1099278][trace][gc,age      ] GC(49) - age   5:        288 bytes,     208816 total
[2025-08-28T13:43:37.467+0000][1099278][trace][gc,age      ] GC(49) - age   6:        424 bytes,     209240 total
[2025-08-28T13:43:37.467+0000][1099278][trace][gc,age      ] GC(49) - age   7:       1080 bytes,     210320 total
[2025-08-28T13:43:37.467+0000][1099278][trace][gc,age      ] GC(49) - age   8:       4912 bytes,     215232 total
[2025-08-28T13:43:37.467+0000][1099278][trace][gc,age      ] GC(49) - age   9:        248 bytes,     215480 total
[2025-08-28T13:43:37.467+0000][1099278][trace][gc,age      ] GC(49) - age  10:       1808 bytes,     217288 total
[2025-08-28T13:43:37.467+0000][1099278][trace][gc,age      ] GC(49) - age  11:        528 bytes,     217816 total
[2025-08-28T13:43:37.467+0000][1099278][trace][gc,age      ] GC(49) - age  12:       1312 bytes,     219128 total
[2025-08-28T13:43:37.467+0000][1099278][trace][gc,age      ] GC(49) - age  14:        664 bytes,     219792 total
[2025-08-28T13:43:37.467+0000][1099278][trace][gc,age      ] GC(49) - age  15:        584 bytes,     220376 total
[2025-08-28T13:43:37.467+0000][1099278][info ][gc,heap     ] GC(49) Eden regions: 75->0(75)
[2025-08-28T13:43:37.467+0000][1099278][info ][gc,heap     ] GC(49) Survivor regions: 1->1(10)
[2025-08-28T13:43:37.467+0000][1099278][info ][gc,heap     ] GC(49) Old regions: 25->25
[2025-08-28T13:43:37.467+0000][1099278][info ][gc,heap     ] GC(49) Humongous regions: 0->0
[2025-08-28T13:43:37.467+0000][1099278][info ][gc,metaspace] GC(49) Metaspace: 139238K(143168K)->139238K(143168K) NonClass: 120270K(122304K)->120270K(122304K) Class: 18968K(20864K)->18968K(20864K)
[2025-08-28T13:43:37.467+0000][1099278][info ][gc          ] GC(49) Pause Young (Normal) (G1 Evacuation Pause) 397M->96M(512M) 2.514ms
[2025-08-28T13:43:37.467+0000][1099278][info ][gc,cpu      ] GC(49) User=0.01s Sys=0.01s Real=0.00s
[2025-08-28T13:43:37.467+0000][1099278][info ][safepoint   ] Safepoint "G1CollectForAllocation", Time since last: 959845048 ns, Reaching safepoint: 208864 ns, Cleanup: 21172 ns, At safepoint: 2603372 ns, Total: 2833408 ns
[2025-08-28T13:43:38.467+0000][1099278][info ][safepoint   ] Safepoint "Cleanup", Time since last: 1000094693 ns, Reaching safepoint: 50847 ns, Cleanup: 16445 ns, At safepoint: 6619 ns, Total: 73911 ns
[2025-08-28T13:43:40.389+0000][1099278][info ][gc,start    ] GC(50) Pause Young (Normal) (G1 Evacuation Pause)
[2025-08-28T13:43:40.389+0000][1099278][info ][gc,task     ] GC(50) Using 12 workers of 33 for evacuation
[2025-08-28T13:43:40.389+0000][1099278][debug][gc,age      ] GC(50) Desired survivor size 20971520 bytes, new threshold 15 (max threshold 15)
[2025-08-28T13:43:40.392+0000][1099278][info ][gc,phases   ] GC(50)   Pre Evacuate Collection Set: 0.2ms
[2025-08-28T13:43:40.392+0000][1099278][info ][gc,phases   ] GC(50)   Merge Heap Roots: 0.1ms
[2025-08-28T13:43:40.392+0000][1099278][info ][gc,phases   ] GC(50)   Evacuate Collection Set: 1.9ms
[2025-08-28T13:43:40.392+0000][1099278][info ][gc,phases   ] GC(50)   Post Evacuate Collection Set: 0.4ms
[2025-08-28T13:43:40.392+0000][1099278][info ][gc,phases   ] GC(50)   Other: 0.1ms
[2025-08-28T13:43:40.392+0000][1099278][trace][gc,age      ] GC(50) Age table with threshold 15 (max threshold 15)
[2025-08-28T13:43:40.392+0000][1099278][trace][gc,age      ] GC(50) - age   1:     437912 bytes,     437912 total
[2025-08-28T13:43:40.392+0000][1099278][trace][gc,age      ] GC(50) - age   2:        744 bytes,     438656 total
[2025-08-28T13:43:40.392+0000][1099278][trace][gc,age      ] GC(50) - age   3:        936 bytes,     439592 total
[2025-08-28T13:43:40.392+0000][1099278][trace][gc,age      ] GC(50) - age   4:        128 bytes,     439720 total
[2025-08-28T13:43:40.392+0000][1099278][trace][gc,age      ] GC(50) - age   6:        288 bytes,     440008 total
[2025-08-28T13:43:40.392+0000][1099278][trace][gc,age      ] GC(50) - age   7:        424 bytes,     440432 total
[2025-08-28T13:43:40.392+0000][1099278][trace][gc,age      ] GC(50) - age   8:       1080 bytes,     441512 total
[2025-08-28T13:43:40.392+0000][1099278][trace][gc,age      ] GC(50) - age   9:       4912 bytes,     446424 total
[2025-08-28T13:43:40.392+0000][1099278][trace][gc,age      ] GC(50) - age  10:        248 bytes,     446672 total
[2025-08-28T13:43:40.392+0000][1099278][trace][gc,age      ] GC(50) - age  11:       1808 bytes,     448480 total
[2025-08-28T13:43:40.392+0000][1099278][trace][gc,age      ] GC(50) - age  12:        528 bytes,     449008 total
[2025-08-28T13:43:40.392+0000][1099278][trace][gc,age      ] GC(50) - age  13:       1312 bytes,     450320 total
[2025-08-28T13:43:40.392+0000][1099278][trace][gc,age      ] GC(50) - age  15:        664 bytes,     450984 total
[2025-08-28T13:43:40.392+0000][1099278][info ][gc,heap     ] GC(50) Eden regions: 75->0(75)
[2025-08-28T13:43:40.392+0000][1099278][info ][gc,heap     ] GC(50) Survivor regions: 1->1(10)
[2025-08-28T13:43:40.392+0000][1099278][info ][gc,heap     ] GC(50) Old regions: 25->25
[2025-08-28T13:43:40.392+0000][1099278][info ][gc,heap     ] GC(50) Humongous regions: 0->0
[2025-08-28T13:43:40.392+0000][1099278][info ][gc,metaspace] GC(50) Metaspace: 139247K(143168K)->139247K(143168K) NonClass: 120278K(122304K)->120278K(122304K) Class: 18968K(20864K)->18968K(20864K)
[2025-08-28T13:43:40.392+0000][1099278][info ][gc          ] GC(50) Pause Young (Normal) (G1 Evacuation Pause) 396M->96M(512M) 2.802ms
[2025-08-28T13:43:40.392+0000][1099278][info ][gc,cpu      ] GC(50) User=0.00s Sys=0.00s Real=0.01s
[2025-08-28T13:43:40.392+0000][1099278][info ][safepoint   ] Safepoint "G1CollectForAllocation", Time since last: 1922116142 ns, Reaching safepoint: 273861 ns, Cleanup: 23486 ns, At safepoint: 2895670 ns, Total: 3193017 ns
[2025-08-28T13:43:42.327+0000][1099278][info ][safepoint   ] Safepoint "Cleanup", Time since last: 1934657275 ns, Reaching safepoint: 17747 ns, Cleanup: 25138 ns, At safepoint: 3455 ns, Total: 46340 ns
[2025-08-28T13:43:43.327+0000][1099278][info ][safepoint   ] Safepoint "Cleanup", Time since last: 1000125460 ns, Reaching safepoint: 17897 ns, Cleanup: 19629 ns, At safepoint: 3495 ns, Total: 41021 ns
[2025-08-28T13:43:43.506+0000][1099278][info ][gc,start    ] GC(51) Pause Young (Normal) (G1 Evacuation Pause)
[2025-08-28T13:43:43.506+0000][1099278][info ][gc,task     ] GC(51) Using 12 workers of 33 for evacuation
[2025-08-28T13:43:43.506+0000][1099278][debug][gc,age      ] GC(51) Desired survivor size 20971520 bytes, new threshold 15 (max threshold 15)
[2025-08-28T13:43:43.508+0000][1099278][info ][gc,phases   ] GC(51)   Pre Evacuate Collection Set: 0.1ms
[2025-08-28T13:43:43.508+0000][1099278][info ][gc,phases   ] GC(51)   Merge Heap Roots: 0.1ms
[2025-08-28T13:43:43.508+0000][1099278][info ][gc,phases   ] GC(51)   Evacuate Collection Set: 1.5ms
[2025-08-28T13:43:43.508+0000][1099278][info ][gc,phases   ] GC(51)   Post Evacuate Collection Set: 0.3ms
[2025-08-28T13:43:43.509+0000][1099278][info ][gc,phases   ] GC(51)   Other: 0.1ms
[2025-08-28T13:43:43.509+0000][1099278][trace][gc,age      ] GC(51) Age table with threshold 15 (max threshold 15)
[2025-08-28T13:43:43.509+0000][1099278][trace][gc,age      ] GC(51) - age   1:     176808 bytes,     176808 total
[2025-08-28T13:43:43.509+0000][1099278][trace][gc,age      ] GC(51) - age   2:        176 bytes,     176984 total
[2025-08-28T13:43:43.509+0000][1099278][trace][gc,age      ] GC(51) - age   3:        744 bytes,     177728 total
[2025-08-28T13:43:43.509+0000][1099278][trace][gc,age      ] GC(51) - age   4:        240 bytes,     177968 total
[2025-08-28T13:43:43.509+0000][1099278][trace][gc,age      ] GC(51) - age   5:        128 bytes,     178096 total
[2025-08-28T13:43:43.509+0000][1099278][trace][gc,age      ] GC(51) - age   7:        288 bytes,     178384 total
[2025-08-28T13:43:43.509+0000][1099278][trace][gc,age      ] GC(51) - age   8:        424 bytes,     178808 total
[2025-08-28T13:43:43.509+0000][1099278][trace][gc,age      ] GC(51) - age   9:       1080 bytes,     179888 total
[2025-08-28T13:43:43.509+0000][1099278][trace][gc,age      ] GC(51) - age  10:       4912 bytes,     184800 total
[2025-08-28T13:43:43.509+0000][1099278][trace][gc,age      ] GC(51) - age  11:        248 bytes,     185048 total
[2025-08-28T13:43:43.509+0000][1099278][trace][gc,age      ] GC(51) - age  12:       1808 bytes,     186856 total
[2025-08-28T13:43:43.509+0000][1099278][trace][gc,age      ] GC(51) - age  13:        528 bytes,     187384 total
[2025-08-28T13:43:43.509+0000][1099278][trace][gc,age      ] GC(51) - age  14:       1312 bytes,     188696 total
[2025-08-28T13:43:43.509+0000][1099278][info ][gc,heap     ] GC(51) Eden regions: 75->0(75)
[2025-08-28T13:43:43.509+0000][1099278][info ][gc,heap     ] GC(51) Survivor regions: 1->1(10)
[2025-08-28T13:43:43.509+0000][1099278][info ][gc,heap     ] GC(51) Old regions: 25->25
[2025-08-28T13:43:43.509+0000][1099278][info ][gc,heap     ] GC(51) Humongous regions: 0->0
[2025-08-28T13:43:43.509+0000][1099278][info ][gc,metaspace] GC(51) Metaspace: 139259K(143232K)->139259K(143232K) NonClass: 120291K(122368K)->120291K(122368K) Class: 18968K(20864K)->18968K(20864K)
[2025-08-28T13:43:43.509+0000][1099278][info ][gc          ] GC(51) Pause Young (Normal) (G1 Evacuation Pause) 396M->96M(512M) 2.207ms
[2025-08-28T13:43:43.509+0000][1099278][info ][gc,cpu      ] GC(51) User=0.01s Sys=0.00s Real=0.00s
[2025-08-28T13:43:43.509+0000][1099278][info ][safepoint   ] Safepoint "G1CollectForAllocation", Time since last: 179309074 ns, Reaching safepoint: 12880 ns, Cleanup: 8713 ns, At safepoint: 2301257 ns, Total: 2322850 ns
[2025-08-28T13:43:45.509+0000][1099278][info ][safepoint   ] Safepoint "Cleanup", Time since last: 2000168446 ns, Reaching safepoint: 17797 ns, Cleanup: 28583 ns, At safepoint: 3655 ns, Total: 50035 ns
[2025-08-28T13:43:46.432+0000][1099278][info ][gc,start    ] GC(52) Pause Young (Normal) (G1 Evacuation Pause)
[2025-08-28T13:43:46.432+0000][1099278][info ][gc,task     ] GC(52) Using 12 workers of 33 for evacuation
[2025-08-28T13:43:46.432+0000][1099278][debug][gc,age      ] GC(52) Desired survivor size 20971520 bytes, new threshold 15 (max threshold 15)
[2025-08-28T13:43:46.434+0000][1099278][info ][gc,phases   ] GC(52)   Pre Evacuate Collection Set: 0.2ms
[2025-08-28T13:43:46.434+0000][1099278][info ][gc,phases   ] GC(52)   Merge Heap Roots: 0.1ms
[2025-08-28T13:43:46.434+0000][1099278][info ][gc,phases   ] GC(52)   Evacuate Collection Set: 1.9ms
[2025-08-28T13:43:46.434+0000][1099278][info ][gc,phases   ] GC(52)   Post Evacuate Collection Set: 0.3ms
[2025-08-28T13:43:46.434+0000][1099278][info ][gc,phases   ] GC(52)   Other: 0.1ms
[2025-08-28T13:43:46.434+0000][1099278][trace][gc,age      ] GC(52) Age table with threshold 15 (max threshold 15)
[2025-08-28T13:43:46.434+0000][1099278][trace][gc,age      ] GC(52) - age   1:     209416 bytes,     209416 total
[2025-08-28T13:43:46.434+0000][1099278][trace][gc,age      ] GC(52) - age   2:       5696 bytes,     215112 total
[2025-08-28T13:43:46.434+0000][1099278][trace][gc,age      ] GC(52) - age   3:        176 bytes,     215288 total
[2025-08-28T13:43:46.434+0000][1099278][trace][gc,age      ] GC(52) - age   4:        504 bytes,     215792 total
[2025-08-28T13:43:46.434+0000][1099278][trace][gc,age      ] GC(52) - age   5:        240 bytes,     216032 total
[2025-08-28T13:43:46.434+0000][1099278][trace][gc,age      ] GC(52) - age   6:        128 bytes,     216160 total
[2025-08-28T13:43:46.434+0000][1099278][trace][gc,age      ] GC(52) - age   8:         64 bytes,     216224 total
[2025-08-28T13:43:46.434+0000][1099278][trace][gc,age      ] GC(52) - age   9:        424 bytes,     216648 total
[2025-08-28T13:43:46.434+0000][1099278][trace][gc,age      ] GC(52) - age  10:       1048 bytes,     217696 total
[2025-08-28T13:43:46.434+0000][1099278][trace][gc,age      ] GC(52) - age  11:       2928 bytes,     220624 total
[2025-08-28T13:43:46.434+0000][1099278][trace][gc,age      ] GC(52) - age  12:        248 bytes,     220872 total
[2025-08-28T13:43:46.434+0000][1099278][trace][gc,age      ] GC(52) - age  13:       1808 bytes,     222680 total
[2025-08-28T13:43:46.434+0000][1099278][trace][gc,age      ] GC(52) - age  14:        528 bytes,     223208 total
[2025-08-28T13:43:46.434+0000][1099278][trace][gc,age      ] GC(52) - age  15:       1312 bytes,     224520 total
[2025-08-28T13:43:46.434+0000][1099278][info ][gc,heap     ] GC(52) Eden regions: 75->0(75)
[2025-08-28T13:43:46.434+0000][1099278][info ][gc,heap     ] GC(52) Survivor regions: 1->1(10)
[2025-08-28T13:43:46.434+0000][1099278][info ][gc,heap     ] GC(52) Old regions: 25->25
[2025-08-28T13:43:46.434+0000][1099278][info ][gc,heap     ] GC(52) Humongous regions: 0->0
[2025-08-28T13:43:46.434+0000][1099278][info ][gc,metaspace] GC(52) Metaspace: 139261K(143232K)->139261K(143232K) NonClass: 120292K(122368K)->120292K(122368K) Class: 18969K(20864K)->18969K(20864K)
[2025-08-28T13:43:46.434+0000][1099278][info ][gc          ] GC(52) Pause Young (Normal) (G1 Evacuation Pause) 396M->96M(512M) 2.680ms
[2025-08-28T13:43:46.434+0000][1099278][info ][gc,cpu      ] GC(52) User=0.01s Sys=0.00s Real=0.00s
[2025-08-28T13:43:46.435+0000][1099278][info ][safepoint   ] Safepoint "G1CollectForAllocation", Time since last: 922537263 ns, Reaching safepoint: 338258 ns, Cleanup: 23075 ns, At safepoint: 2774138 ns, Total: 3135471 ns
[2025-08-28T13:43:48.435+0000][1099278][info ][safepoint   ] Safepoint "Cleanup", Time since last: 2000193184 ns, Reaching safepoint: 17796 ns, Cleanup: 22224 ns, At safepoint: 3675 ns, Total: 43695 ns
[2025-08-28T13:43:49.966+0000][1099278][info ][safepoint   ] Safepoint "Cleanup", Time since last: 1531040967 ns, Reaching safepoint: 8943 ns, Cleanup: 112339 ns, At safepoint: 3565 ns, Total: 124847 ns
[2025-08-28T13:43:50.624+0000][1099278][info ][gc,start    ] GC(53) Pause Young (Normal) (G1 Evacuation Pause)
[2025-08-28T13:43:50.624+0000][1099278][info ][gc,task     ] GC(53) Using 12 workers of 33 for evacuation
[2025-08-28T13:43:50.624+0000][1099278][debug][gc,age      ] GC(53) Desired survivor size 20971520 bytes, new threshold 15 (max threshold 15)
[2025-08-28T13:43:50.626+0000][1099278][info ][gc,phases   ] GC(53)   Pre Evacuate Collection Set: 0.2ms
[2025-08-28T13:43:50.626+0000][1099278][info ][gc,phases   ] GC(53)   Merge Heap Roots: 0.1ms
[2025-08-28T13:43:50.626+0000][1099278][info ][gc,phases   ] GC(53)   Evacuate Collection Set: 1.0ms
[2025-08-28T13:43:50.626+0000][1099278][info ][gc,phases   ] GC(53)   Post Evacuate Collection Set: 0.5ms
[2025-08-28T13:43:50.626+0000][1099278][info ][gc,phases   ] GC(53)   Other: 0.1ms
[2025-08-28T13:43:50.626+0000][1099278][trace][gc,age      ] GC(53) Age table with threshold 15 (max threshold 15)
[2025-08-28T13:43:50.626+0000][1099278][trace][gc,age      ] GC(53) - age   1:    2060112 bytes,    2060112 total
[2025-08-28T13:43:50.626+0000][1099278][trace][gc,age      ] GC(53) - age   2:       2912 bytes,    2063024 total
[2025-08-28T13:43:50.626+0000][1099278][trace][gc,age      ] GC(53) - age   3:       4584 bytes,    2067608 total
[2025-08-28T13:43:50.626+0000][1099278][trace][gc,age      ] GC(53) - age   4:        176 bytes,    2067784 total
[2025-08-28T13:43:50.626+0000][1099278][trace][gc,age      ] GC(53) - age   5:        504 bytes,    2068288 total
[2025-08-28T13:43:50.626+0000][1099278][trace][gc,age      ] GC(53) - age   6:        240 bytes,    2068528 total
[2025-08-28T13:43:50.626+0000][1099278][trace][gc,age      ] GC(53) - age   7:        128 bytes,    2068656 total
[2025-08-28T13:43:50.626+0000][1099278][trace][gc,age      ] GC(53) - age   9:         64 bytes,    2068720 total
[2025-08-28T13:43:50.626+0000][1099278][trace][gc,age      ] GC(53) - age  10:        176 bytes,    2068896 total
[2025-08-28T13:43:50.626+0000][1099278][trace][gc,age      ] GC(53) - age  11:        680 bytes,    2069576 total
[2025-08-28T13:43:50.626+0000][1099278][trace][gc,age      ] GC(53) - age  12:       2288 bytes,    2071864 total
[2025-08-28T13:43:50.626+0000][1099278][trace][gc,age      ] GC(53) - age  14:       1808 bytes,    2073672 total
[2025-08-28T13:43:50.626+0000][1099278][trace][gc,age      ] GC(53) - age  15:        528 bytes,    2074200 total
[2025-08-28T13:43:50.626+0000][1099278][info ][gc,heap     ] GC(53) Eden regions: 75->0(75)
[2025-08-28T13:43:50.626+0000][1099278][info ][gc,heap     ] GC(53) Survivor regions: 1->1(10)
[2025-08-28T13:43:50.626+0000][1099278][info ][gc,heap     ] GC(53) Old regions: 25->25
[2025-08-28T13:43:50.626+0000][1099278][info ][gc,heap     ] GC(53) Humongous regions: 0->0
[2025-08-28T13:43:50.626+0000][1099278][info ][gc,metaspace] GC(53) Metaspace: 139454K(143424K)->139454K(143424K) NonClass: 120450K(122560K)->120450K(122560K) Class: 19004K(20864K)->19004K(20864K)
[2025-08-28T13:43:50.626+0000][1099278][info ][gc          ] GC(53) Pause Young (Normal) (G1 Evacuation Pause) 396M->99M(512M) 1.975ms
[2025-08-28T13:43:50.626+0000][1099278][info ][gc,cpu      ] GC(53) User=0.01s Sys=0.00s Real=0.00s
[2025-08-28T13:43:50.626+0000][1099278][info ][safepoint   ] Safepoint "G1CollectForAllocation", Time since last: 658058571 ns, Reaching safepoint: 17015 ns, Cleanup: 24637 ns, At safepoint: 2087196 ns, Total: 2128848 ns
[2025-08-28T13:43:51.671+0000][1099278][info ][safepoint   ] Safepoint "Cleanup", Time since last: 1044559753 ns, Reaching safepoint: 10466 ns, Cleanup: 18788 ns, At safepoint: 3836 ns, Total: 33090 ns
[2025-08-28T13:43:53.520+0000][1099278][info ][gc,start    ] GC(54) Pause Young (Normal) (G1 Evacuation Pause)
[2025-08-28T13:43:53.520+0000][1099278][info ][gc,task     ] GC(54) Using 12 workers of 33 for evacuation
[2025-08-28T13:43:53.520+0000][1099278][debug][gc,age      ] GC(54) Desired survivor size 20971520 bytes, new threshold 15 (max threshold 15)
[2025-08-28T13:43:53.522+0000][1099278][info ][gc,phases   ] GC(54)   Pre Evacuate Collection Set: 0.1ms
[2025-08-28T13:43:53.522+0000][1099278][info ][gc,phases   ] GC(54)   Merge Heap Roots: 0.1ms
[2025-08-28T13:43:53.522+0000][1099278][info ][gc,phases   ] GC(54)   Evacuate Collection Set: 1.8ms
[2025-08-28T13:43:53.522+0000][1099278][info ][gc,phases   ] GC(54)   Post Evacuate Collection Set: 0.4ms
[2025-08-28T13:43:53.522+0000][1099278][info ][gc,phases   ] GC(54)   Other: 0.1ms
[2025-08-28T13:43:53.522+0000][1099278][trace][gc,age      ] GC(54) Age table with threshold 15 (max threshold 15)
[2025-08-28T13:43:53.522+0000][1099278][trace][gc,age      ] GC(54) - age   1:     194144 bytes,     194144 total
[2025-08-28T13:43:53.522+0000][1099278][trace][gc,age      ] GC(54) - age   2:    2049072 bytes,    2243216 total
[2025-08-28T13:43:53.522+0000][1099278][trace][gc,age      ] GC(54) - age   3:       2912 bytes,    2246128 total
[2025-08-28T13:43:53.522+0000][1099278][trace][gc,age      ] GC(54) - age   4:       4584 bytes,    2250712 total
[2025-08-28T13:43:53.522+0000][1099278][trace][gc,age      ] GC(54) - age   5:        176 bytes,    2250888 total
[2025-08-28T13:43:53.522+0000][1099278][trace][gc,age      ] GC(54) - age   6:        504 bytes,    2251392 total
[2025-08-28T13:43:53.522+0000][1099278][trace][gc,age      ] GC(54) - age   7:        240 bytes,    2251632 total
[2025-08-28T13:43:53.522+0000][1099278][trace][gc,age      ] GC(54) - age   8:        128 bytes,    2251760 total
[2025-08-28T13:43:53.522+0000][1099278][trace][gc,age      ] GC(54) - age  10:         64 bytes,    2251824 total
[2025-08-28T13:43:53.522+0000][1099278][trace][gc,age      ] GC(54) - age  11:        176 bytes,    2252000 total
[2025-08-28T13:43:53.522+0000][1099278][trace][gc,age      ] GC(54) - age  12:        680 bytes,    2252680 total
[2025-08-28T13:43:53.522+0000][1099278][trace][gc,age      ] GC(54) - age  13:       2288 bytes,    2254968 total
[2025-08-28T13:43:53.522+0000][1099278][trace][gc,age      ] GC(54) - age  15:       1808 bytes,    2256776 total
[2025-08-28T13:43:53.522+0000][1099278][info ][gc,heap     ] GC(54) Eden regions: 75->0(75)
[2025-08-28T13:43:53.522+0000][1099278][info ][gc,heap     ] GC(54) Survivor regions: 1->1(10)
[2025-08-28T13:43:53.522+0000][1099278][info ][gc,heap     ] GC(54) Old regions: 25->25
[2025-08-28T13:43:53.522+0000][1099278][info ][gc,heap     ] GC(54) Humongous regions: 0->0
[2025-08-28T13:43:53.522+0000][1099278][info ][gc,metaspace] GC(54) Metaspace: 139454K(143424K)->139454K(143424K) NonClass: 120450K(122560K)->120450K(122560K) Class: 19004K(20864K)->19004K(20864K)
[2025-08-28T13:43:53.522+0000][1099278][info ][gc          ] GC(54) Pause Young (Normal) (G1 Evacuation Pause) 399M->99M(512M) 2.707ms
[2025-08-28T13:43:53.522+0000][1099278][info ][gc,cpu      ] GC(54) User=0.01s Sys=0.00s Real=0.01s
[2025-08-28T13:43:53.522+0000][1099278][info ][safepoint   ] Safepoint "G1CollectForAllocation", Time since last: 1848732832 ns, Reaching safepoint: 19359 ns, Cleanup: 7271 ns, At safepoint: 2804935 ns, Total: 2831565 ns
[2025-08-28T13:43:54.522+0000][1099278][info ][safepoint   ] Safepoint "Cleanup", Time since last: 1000095324 ns, Reaching safepoint: 51067 ns, Cleanup: 21823 ns, At safepoint: 3826 ns, Total: 76716 ns
[2025-08-28T13:43:56.526+0000][1099278][info ][gc,start    ] GC(55) Pause Young (Normal) (G1 Evacuation Pause)
[2025-08-28T13:43:56.526+0000][1099278][info ][gc,task     ] GC(55) Using 12 workers of 33 for evacuation
[2025-08-28T13:43:56.526+0000][1099278][debug][gc,age      ] GC(55) Desired survivor size 20971520 bytes, new threshold 15 (max threshold 15)
[2025-08-28T13:43:56.527+0000][1099278][info ][gc,phases   ] GC(55)   Pre Evacuate Collection Set: 0.1ms
[2025-08-28T13:43:56.527+0000][1099278][info ][gc,phases   ] GC(55)   Merge Heap Roots: 0.1ms
[2025-08-28T13:43:56.527+0000][1099278][info ][gc,phases   ] GC(55)   Evacuate Collection Set: 1.1ms
[2025-08-28T13:43:56.527+0000][1099278][info ][gc,phases   ] GC(55)   Post Evacuate Collection Set: 0.4ms
[2025-08-28T13:43:56.527+0000][1099278][info ][gc,phases   ] GC(55)   Other: 0.1ms
[2025-08-28T13:43:56.527+0000][1099278][trace][gc,age      ] GC(55) Age table with threshold 15 (max threshold 15)
[2025-08-28T13:43:56.527+0000][1099278][trace][gc,age      ] GC(55) - age   1:      10040 bytes,      10040 total
[2025-08-28T13:43:56.527+0000][1099278][trace][gc,age      ] GC(55) - age   2:       3536 bytes,      13576 total
[2025-08-28T13:43:56.527+0000][1099278][trace][gc,age      ] GC(55) - age   3:    2049008 bytes,    2062584 total
[2025-08-28T13:43:56.527+0000][1099278][trace][gc,age      ] GC(55) - age   4:       2736 bytes,    2065320 total
[2025-08-28T13:43:56.527+0000][1099278][trace][gc,age      ] GC(55) - age   5:       4584 bytes,    2069904 total
[2025-08-28T13:43:56.527+0000][1099278][trace][gc,age      ] GC(55) - age   6:        176 bytes,    2070080 total
[2025-08-28T13:43:56.527+0000][1099278][trace][gc,age      ] GC(55) - age   7:        504 bytes,    2070584 total
[2025-08-28T13:43:56.528+0000][1099278][trace][gc,age      ] GC(55) - age   8:        240 bytes,    2070824 total
[2025-08-28T13:43:56.528+0000][1099278][trace][gc,age      ] GC(55) - age   9:        128 bytes,    2070952 total
[2025-08-28T13:43:56.528+0000][1099278][trace][gc,age      ] GC(55) - age  11:         64 bytes,    2071016 total
[2025-08-28T13:43:56.528+0000][1099278][trace][gc,age      ] GC(55) - age  12:        176 bytes,    2071192 total
[2025-08-28T13:43:56.528+0000][1099278][trace][gc,age      ] GC(55) - age  13:        680 bytes,    2071872 total
[2025-08-28T13:43:56.528+0000][1099278][trace][gc,age      ] GC(55) - age  14:       2288 bytes,    2074160 total
[2025-08-28T13:43:56.528+0000][1099278][info ][gc,heap     ] GC(55) Eden regions: 75->0(75)
[2025-08-28T13:43:56.528+0000][1099278][info ][gc,heap     ] GC(55) Survivor regions: 1->1(10)
[2025-08-28T13:43:56.528+0000][1099278][info ][gc,heap     ] GC(55) Old regions: 25->25
[2025-08-28T13:43:56.528+0000][1099278][info ][gc,heap     ] GC(55) Humongous regions: 0->0
[2025-08-28T13:43:56.528+0000][1099278][info ][gc,metaspace] GC(55) Metaspace: 139454K(143424K)->139454K(143424K) NonClass: 120450K(122560K)->120450K(122560K) Class: 19004K(20864K)->19004K(20864K)
[2025-08-28T13:43:56.528+0000][1099278][info ][gc          ] GC(55) Pause Young (Normal) (G1 Evacuation Pause) 399M->98M(512M) 2.003ms
[2025-08-28T13:43:56.528+0000][1099278][info ][gc,cpu      ] GC(55) User=0.01s Sys=0.00s Real=0.00s
[2025-08-28T13:43:56.528+0000][1099278][info ][safepoint   ] Safepoint "G1CollectForAllocation", Time since last: 2002003172 ns, Reaching safepoint: 1044299 ns, Cleanup: 6831 ns, At safepoint: 2106475 ns, Total: 3157605 ns
[2025-08-28T13:43:59.570+0000][1099278][info ][gc,start    ] GC(56) Pause Young (Normal) (G1 Evacuation Pause)
[2025-08-28T13:43:59.570+0000][1099278][info ][gc,task     ] GC(56) Using 12 workers of 33 for evacuation
[2025-08-28T13:43:59.570+0000][1099278][debug][gc,age      ] GC(56) Desired survivor size 20971520 bytes, new threshold 15 (max threshold 15)
[2025-08-28T13:43:59.572+0000][1099278][info ][gc,phases   ] GC(56)   Pre Evacuate Collection Set: 0.2ms
[2025-08-28T13:43:59.572+0000][1099278][info ][gc,phases   ] GC(56)   Merge Heap Roots: 0.1ms
[2025-08-28T13:43:59.572+0000][1099278][info ][gc,phases   ] GC(56)   Evacuate Collection Set: 1.2ms
[2025-08-28T13:43:59.572+0000][1099278][info ][gc,phases   ] GC(56)   Post Evacuate Collection Set: 0.4ms
[2025-08-28T13:43:59.572+0000][1099278][info ][gc,phases   ] GC(56)   Other: 0.1ms
[2025-08-28T13:43:59.572+0000][1099278][trace][gc,age      ] GC(56) Age table with threshold 15 (max threshold 15)
[2025-08-28T13:43:59.572+0000][1099278][trace][gc,age      ] GC(56) - age   1:       9528 bytes,       9528 total
[2025-08-28T13:43:59.572+0000][1099278][trace][gc,age      ] GC(56) - age   2:       1192 bytes,      10720 total
[2025-08-28T13:43:59.572+0000][1099278][trace][gc,age      ] GC(56) - age   3:       2824 bytes,      13544 total
[2025-08-28T13:43:59.572+0000][1099278][trace][gc,age      ] GC(56) - age   4:    2048712 bytes,    2062256 total
[2025-08-28T13:43:59.572+0000][1099278][trace][gc,age      ] GC(56) - age   5:       2736 bytes,    2064992 total
[2025-08-28T13:43:59.572+0000][1099278][trace][gc,age      ] GC(56) - age   6:       4584 bytes,    2069576 total
[2025-08-28T13:43:59.572+0000][1099278][trace][gc,age      ] GC(56) - age   7:        176 bytes,    2069752 total
[2025-08-28T13:43:59.572+0000][1099278][trace][gc,age      ] GC(56) - age   8:        504 bytes,    2070256 total
[2025-08-28T13:43:59.572+0000][1099278][trace][gc,age      ] GC(56) - age   9:        240 bytes,    2070496 total
[2025-08-28T13:43:59.572+0000][1099278][trace][gc,age      ] GC(56) - age  10:        128 bytes,    2070624 total
[2025-08-28T13:43:59.572+0000][1099278][trace][gc,age      ] GC(56) - age  12:         64 bytes,    2070688 total
[2025-08-28T13:43:59.572+0000][1099278][trace][gc,age      ] GC(56) - age  13:        176 bytes,    2070864 total
[2025-08-28T13:43:59.572+0000][1099278][trace][gc,age      ] GC(56) - age  14:        680 bytes,    2071544 total
[2025-08-28T13:43:59.572+0000][1099278][trace][gc,age      ] GC(56) - age  15:       2288 bytes,    2073832 total
[2025-08-28T13:43:59.572+0000][1099278][info ][gc,heap     ] GC(56) Eden regions: 75->0(75)
[2025-08-28T13:43:59.572+0000][1099278][info ][gc,heap     ] GC(56) Survivor regions: 1->1(10)
[2025-08-28T13:43:59.572+0000][1099278][info ][gc,heap     ] GC(56) Old regions: 25->25
[2025-08-28T13:43:59.572+0000][1099278][info ][gc,heap     ] GC(56) Humongous regions: 0->0
[2025-08-28T13:43:59.572+0000][1099278][info ][gc,metaspace] GC(56) Metaspace: 139454K(143424K)->139454K(143424K) NonClass: 120450K(122560K)->120450K(122560K) Class: 19004K(20864K)->19004K(20864K)
[2025-08-28T13:43:59.572+0000][1099278][info ][gc          ] GC(56) Pause Young (Normal) (G1 Evacuation Pause) 398M->99M(512M) 2.044ms
[2025-08-28T13:43:59.572+0000][1099278][info ][gc,cpu      ] GC(56) User=0.01s Sys=0.00s Real=0.01s
[2025-08-28T13:43:59.572+0000][1099278][info ][safepoint   ] Safepoint "G1CollectForAllocation", Time since last: 3041522682 ns, Reaching safepoint: 852591 ns, Cleanup: 7321 ns, At safepoint: 2139114 ns, Total: 2999026 ns
[2025-08-28T13:44:00.572+0000][1099278][info ][safepoint   ] Safepoint "Cleanup", Time since last: 1000092250 ns, Reaching safepoint: 17527 ns, Cleanup: 17556 ns, At safepoint: 3776 ns, Total: 38859 ns
[2025-08-28T13:44:02.507+0000][1099278][info ][safepoint   ] Safepoint "Cleanup", Time since last: 1934586588 ns, Reaching safepoint: 17346 ns, Cleanup: 19089 ns, At safepoint: 3255 ns, Total: 39690 ns
[2025-08-28T13:44:02.773+0000][1099278][info ][gc,start    ] GC(57) Pause Young (Normal) (G1 Evacuation Pause)
[2025-08-28T13:44:02.773+0000][1099278][info ][gc,task     ] GC(57) Using 12 workers of 33 for evacuation
[2025-08-28T13:44:02.773+0000][1099278][debug][gc,age      ] GC(57) Desired survivor size 20971520 bytes, new threshold 15 (max threshold 15)
[2025-08-28T13:44:02.775+0000][1099278][info ][gc,phases   ] GC(57)   Pre Evacuate Collection Set: 0.1ms
[2025-08-28T13:44:02.775+0000][1099278][info ][gc,phases   ] GC(57)   Merge Heap Roots: 0.1ms
[2025-08-28T13:44:02.775+0000][1099278][info ][gc,phases   ] GC(57)   Evacuate Collection Set: 1.4ms
[2025-08-28T13:44:02.775+0000][1099278][info ][gc,phases   ] GC(57)   Post Evacuate Collection Set: 0.4ms
[2025-08-28T13:44:02.775+0000][1099278][info ][gc,phases   ] GC(57)   Other: 0.1ms
[2025-08-28T13:44:02.775+0000][1099278][trace][gc,age      ] GC(57) Age table with threshold 15 (max threshold 15)
[2025-08-28T13:44:02.775+0000][1099278][trace][gc,age      ] GC(57) - age   1:      10080 bytes,      10080 total
[2025-08-28T13:44:02.775+0000][1099278][trace][gc,age      ] GC(57) - age   2:        960 bytes,      11040 total
[2025-08-28T13:44:02.775+0000][1099278][trace][gc,age      ] GC(57) - age   3:       1192 bytes,      12232 total
[2025-08-28T13:44:02.775+0000][1099278][trace][gc,age      ] GC(57) - age   4:       2824 bytes,      15056 total
[2025-08-28T13:44:02.775+0000][1099278][trace][gc,age      ] GC(57) - age   5:    2048712 bytes,    2063768 total
[2025-08-28T13:44:02.775+0000][1099278][trace][gc,age      ] GC(57) - age   6:       2736 bytes,    2066504 total
[2025-08-28T13:44:02.775+0000][1099278][trace][gc,age      ] GC(57) - age   7:       4584 bytes,    2071088 total
[2025-08-28T13:44:02.775+0000][1099278][trace][gc,age      ] GC(57) - age   8:        176 bytes,    2071264 total
[2025-08-28T13:44:02.775+0000][1099278][trace][gc,age      ] GC(57) - age   9:        504 bytes,    2071768 total
[2025-08-28T13:44:02.775+0000][1099278][trace][gc,age      ] GC(57) - age  10:        240 bytes,    2072008 total
[2025-08-28T13:44:02.775+0000][1099278][trace][gc,age      ] GC(57) - age  11:        128 bytes,    2072136 total
[2025-08-28T13:44:02.775+0000][1099278][trace][gc,age      ] GC(57) - age  13:         64 bytes,    2072200 total
[2025-08-28T13:44:02.775+0000][1099278][trace][gc,age      ] GC(57) - age  14:        176 bytes,    2072376 total
[2025-08-28T13:44:02.775+0000][1099278][trace][gc,age      ] GC(57) - age  15:        680 bytes,    2073056 total
[2025-08-28T13:44:02.775+0000][1099278][info ][gc,heap     ] GC(57) Eden regions: 75->0(75)
[2025-08-28T13:44:02.775+0000][1099278][info ][gc,heap     ] GC(57) Survivor regions: 1->1(10)
[2025-08-28T13:44:02.775+0000][1099278][info ][gc,heap     ] GC(57) Old regions: 25->25
[2025-08-28T13:44:02.775+0000][1099278][info ][gc,heap     ] GC(57) Humongous regions: 0->0
[2025-08-28T13:44:02.775+0000][1099278][info ][gc,metaspace] GC(57) Metaspace: 139454K(143424K)->139454K(143424K) NonClass: 120450K(122560K)->120450K(122560K) Class: 19004K(20864K)->19004K(20864K)
[2025-08-28T13:44:02.775+0000][1099278][info ][gc          ] GC(57) Pause Young (Normal) (G1 Evacuation Pause) 399M->98M(512M) 2.291ms
[2025-08-28T13:44:02.775+0000][1099278][info ][gc,cpu      ] GC(57) User=0.01s Sys=0.00s Real=0.00s
[2025-08-28T13:44:02.775+0000][1099278][info ][safepoint   ] Safepoint "G1CollectForAllocation", Time since last: 265243862 ns, Reaching safepoint: 978370 ns, Cleanup: 7181 ns, At safepoint: 2379224 ns, Total: 3364775 ns
[2025-08-28T13:44:03.776+0000][1099278][info ][safepoint   ] Safepoint "Cleanup", Time since last: 1000095205 ns, Reaching safepoint: 221082 ns, Cleanup: 17176 ns, At safepoint: 3685 ns, Total: 241943 ns
[2025-08-28T13:44:05.756+0000][1099278][info ][gc,start    ] GC(58) Pause Young (Normal) (G1 Evacuation Pause)
[2025-08-28T13:44:05.756+0000][1099278][info ][gc,task     ] GC(58) Using 12 workers of 33 for evacuation
[2025-08-28T13:44:05.756+0000][1099278][debug][gc,age      ] GC(58) Desired survivor size 20971520 bytes, new threshold 15 (max threshold 15)
[2025-08-28T13:44:05.762+0000][1099278][info ][gc,phases   ] GC(58)   Pre Evacuate Collection Set: 0.4ms
[2025-08-28T13:44:05.762+0000][1099278][info ][gc,phases   ] GC(58)   Merge Heap Roots: 0.1ms
[2025-08-28T13:44:05.762+0000][1099278][info ][gc,phases   ] GC(58)   Evacuate Collection Set: 4.8ms
[2025-08-28T13:44:05.762+0000][1099278][info ][gc,phases   ] GC(58)   Post Evacuate Collection Set: 0.6ms
[2025-08-28T13:44:05.762+0000][1099278][info ][gc,phases   ] GC(58)   Other: 0.1ms
[2025-08-28T13:44:05.762+0000][1099278][trace][gc,age      ] GC(58) Age table with threshold 15 (max threshold 15)
[2025-08-28T13:44:05.762+0000][1099278][trace][gc,age      ] GC(58) - age   1:     658248 bytes,     658248 total
[2025-08-28T13:44:05.762+0000][1099278][trace][gc,age      ] GC(58) - age   2:       1512 bytes,     659760 total
[2025-08-28T13:44:05.762+0000][1099278][trace][gc,age      ] GC(58) - age   3:        248 bytes,     660008 total
[2025-08-28T13:44:05.762+0000][1099278][trace][gc,age      ] GC(58) - age   4:        952 bytes,     660960 total
[2025-08-28T13:44:05.762+0000][1099278][trace][gc,age      ] GC(58) - age   5:       2824 bytes,     663784 total
[2025-08-28T13:44:05.762+0000][1099278][trace][gc,age      ] GC(58) - age   6:    2048712 bytes,    2712496 total
[2025-08-28T13:44:05.762+0000][1099278][trace][gc,age      ] GC(58) - age   7:       2736 bytes,    2715232 total
[2025-08-28T13:44:05.762+0000][1099278][trace][gc,age      ] GC(58) - age   8:       4584 bytes,    2719816 total
[2025-08-28T13:44:05.762+0000][1099278][trace][gc,age      ] GC(58) - age   9:        176 bytes,    2719992 total
[2025-08-28T13:44:05.762+0000][1099278][trace][gc,age      ] GC(58) - age  10:        504 bytes,    2720496 total
[2025-08-28T13:44:05.762+0000][1099278][trace][gc,age      ] GC(58) - age  11:         64 bytes,    2720560 total
[2025-08-28T13:44:05.762+0000][1099278][trace][gc,age      ] GC(58) - age  12:        128 bytes,    2720688 total
[2025-08-28T13:44:05.762+0000][1099278][trace][gc,age      ] GC(58) - age  14:         64 bytes,    2720752 total
[2025-08-28T13:44:05.762+0000][1099278][trace][gc,age      ] GC(58) - age  15:        176 bytes,    2720928 total
[2025-08-28T13:44:05.762+0000][1099278][info ][gc,heap     ] GC(58) Eden regions: 75->0(75)
[2025-08-28T13:44:05.762+0000][1099278][info ][gc,heap     ] GC(58) Survivor regions: 1->1(10)
[2025-08-28T13:44:05.762+0000][1099278][info ][gc,heap     ] GC(58) Old regions: 25->25
[2025-08-28T13:44:05.762+0000][1099278][info ][gc,heap     ] GC(58) Humongous regions: 0->0
[2025-08-28T13:44:05.762+0000][1099278][info ][gc,metaspace] GC(58) Metaspace: 139455K(143424K)->139455K(143424K) NonClass: 120451K(122560K)->120451K(122560K) Class: 19004K(20864K)->19004K(20864K)
[2025-08-28T13:44:05.762+0000][1099278][info ][gc          ] GC(58) Pause Young (Normal) (G1 Evacuation Pause) 398M->99M(512M) 6.236ms
[2025-08-28T13:44:05.762+0000][1099278][info ][gc,cpu      ] GC(58) User=0.01s Sys=0.02s Real=0.01s
[2025-08-28T13:44:05.762+0000][1099278][info ][safepoint   ] Safepoint "G1CollectForAllocation", Time since last: 1980242247 ns, Reaching safepoint: 64026 ns, Cleanup: 7211 ns, At safepoint: 6339866 ns, Total: 6411103 ns
[2025-08-28T13:44:06.763+0000][1099278][info ][safepoint   ] Safepoint "Cleanup", Time since last: 1000103366 ns, Reaching safepoint: 35674 ns, Cleanup: 15423 ns, At safepoint: 3405 ns, Total: 54502 ns
[2025-08-28T13:44:08.810+0000][1099278][info ][gc,start    ] GC(59) Pause Young (Normal) (G1 Evacuation Pause)
[2025-08-28T13:44:08.810+0000][1099278][info ][gc,task     ] GC(59) Using 12 workers of 33 for evacuation
[2025-08-28T13:44:08.810+0000][1099278][debug][gc,age      ] GC(59) Desired survivor size 20971520 bytes, new threshold 15 (max threshold 15)
[2025-08-28T13:44:08.813+0000][1099278][info ][gc,phases   ] GC(59)   Pre Evacuate Collection Set: 0.2ms
[2025-08-28T13:44:08.813+0000][1099278][info ][gc,phases   ] GC(59)   Merge Heap Roots: 0.1ms
[2025-08-28T13:44:08.813+0000][1099278][info ][gc,phases   ] GC(59)   Evacuate Collection Set: 1.5ms
[2025-08-28T13:44:08.813+0000][1099278][info ][gc,phases   ] GC(59)   Post Evacuate Collection Set: 0.4ms
[2025-08-28T13:44:08.813+0000][1099278][info ][gc,phases   ] GC(59)   Other: 0.1ms
[2025-08-28T13:44:08.813+0000][1099278][trace][gc,age      ] GC(59) Age table with threshold 15 (max threshold 15)
[2025-08-28T13:44:08.813+0000][1099278][trace][gc,age      ] GC(59) - age   1:       9576 bytes,       9576 total
[2025-08-28T13:44:08.813+0000][1099278][trace][gc,age      ] GC(59) - age   2:       2592 bytes,      12168 total
[2025-08-28T13:44:08.813+0000][1099278][trace][gc,age      ] GC(59) - age   3:       1512 bytes,      13680 total
[2025-08-28T13:44:08.813+0000][1099278][trace][gc,age      ] GC(59) - age   5:        672 bytes,      14352 total
[2025-08-28T13:44:08.813+0000][1099278][trace][gc,age      ] GC(59) - age   6:       2824 bytes,      17176 total
[2025-08-28T13:44:08.813+0000][1099278][trace][gc,age      ] GC(59) - age   7:    2048488 bytes,    2065664 total
[2025-08-28T13:44:08.813+0000][1099278][trace][gc,age      ] GC(59) - age   8:       2736 bytes,    2068400 total
[2025-08-28T13:44:08.813+0000][1099278][trace][gc,age      ] GC(59) - age   9:       4584 bytes,    2072984 total
[2025-08-28T13:44:08.813+0000][1099278][trace][gc,age      ] GC(59) - age  10:        176 bytes,    2073160 total
[2025-08-28T13:44:08.813+0000][1099278][trace][gc,age      ] GC(59) - age  11:        504 bytes,    2073664 total
[2025-08-28T13:44:08.813+0000][1099278][trace][gc,age      ] GC(59) - age  12:         64 bytes,    2073728 total
[2025-08-28T13:44:08.813+0000][1099278][trace][gc,age      ] GC(59) - age  13:        128 bytes,    2073856 total
[2025-08-28T13:44:08.813+0000][1099278][trace][gc,age      ] GC(59) - age  15:         64 bytes,    2073920 total
[2025-08-28T13:44:08.813+0000][1099278][info ][gc,heap     ] GC(59) Eden regions: 75->0(75)
[2025-08-28T13:44:08.813+0000][1099278][info ][gc,heap     ] GC(59) Survivor regions: 1->1(10)
[2025-08-28T13:44:08.813+0000][1099278][info ][gc,heap     ] GC(59) Old regions: 25->25
[2025-08-28T13:44:08.813+0000][1099278][info ][gc,heap     ] GC(59) Humongous regions: 0->0
[2025-08-28T13:44:08.813+0000][1099278][info ][gc,metaspace] GC(59) Metaspace: 139458K(143424K)->139458K(143424K) NonClass: 120454K(122560K)->120454K(122560K) Class: 19004K(20864K)->19004K(20864K)
[2025-08-28T13:44:08.813+0000][1099278][info ][gc          ] GC(59) Pause Young (Normal) (G1 Evacuation Pause) 399M->98M(512M) 2.422ms
[2025-08-28T13:44:08.813+0000][1099278][info ][gc,cpu      ] GC(59) User=0.01s Sys=0.00s Real=0.01s
[2025-08-28T13:44:08.813+0000][1099278][info ][safepoint   ] Safepoint "G1CollectForAllocation", Time since last: 2047399920 ns, Reaching safepoint: 209775 ns, Cleanup: 7141 ns, At safepoint: 2516090 ns, Total: 2733006 ns
[2025-08-28T13:44:09.813+0000][1099278][info ][safepoint   ] Safepoint "Cleanup", Time since last: 1000093959 ns, Reaching safepoint: 45888 ns, Cleanup: 19390 ns, At safepoint: 6229 ns, Total: 71507 ns
[2025-08-28T13:44:10.813+0000][1099278][info ][safepoint   ] Safepoint "Cleanup", Time since last: 1000132797 ns, Reaching safepoint: 15954 ns, Cleanup: 23315 ns, At safepoint: 2674 ns, Total: 41943 ns
[2025-08-28T13:44:11.852+0000][1099278][info ][gc,start    ] GC(60) Pause Young (Normal) (G1 Evacuation Pause)
[2025-08-28T13:44:11.852+0000][1099278][info ][gc,task     ] GC(60) Using 12 workers of 33 for evacuation
[2025-08-28T13:44:11.852+0000][1099278][debug][gc,age      ] GC(60) Desired survivor size 20971520 bytes, new threshold 15 (max threshold 15)
[2025-08-28T13:44:11.855+0000][1099278][info ][gc,phases   ] GC(60)   Pre Evacuate Collection Set: 0.2ms
[2025-08-28T13:44:11.855+0000][1099278][info ][gc,phases   ] GC(60)   Merge Heap Roots: 0.1ms
[2025-08-28T13:44:11.855+0000][1099278][info ][gc,phases   ] GC(60)   Evacuate Collection Set: 1.3ms
[2025-08-28T13:44:11.855+0000][1099278][info ][gc,phases   ] GC(60)   Post Evacuate Collection Set: 0.5ms
[2025-08-28T13:44:11.855+0000][1099278][info ][gc,phases   ] GC(60)   Other: 0.1ms
[2025-08-28T13:44:11.855+0000][1099278][trace][gc,age      ] GC(60) Age table with threshold 15 (max threshold 15)
[2025-08-28T13:44:11.855+0000][1099278][trace][gc,age      ] GC(60) - age   1:       8736 bytes,       8736 total
[2025-08-28T13:44:11.855+0000][1099278][trace][gc,age      ] GC(60) - age   2:       1232 bytes,       9968 total
[2025-08-28T13:44:11.855+0000][1099278][trace][gc,age      ] GC(60) - age   3:       2592 bytes,      12560 total
[2025-08-28T13:44:11.855+0000][1099278][trace][gc,age      ] GC(60) - age   4:       1512 bytes,      14072 total
[2025-08-28T13:44:11.855+0000][1099278][trace][gc,age      ] GC(60) - age   6:        672 bytes,      14744 total
[2025-08-28T13:44:11.855+0000][1099278][trace][gc,age      ] GC(60) - age   7:       2544 bytes,      17288 total
[2025-08-28T13:44:11.855+0000][1099278][trace][gc,age      ] GC(60) - age   8:    2048488 bytes,    2065776 total
[2025-08-28T13:44:11.855+0000][1099278][trace][gc,age      ] GC(60) - age   9:       2736 bytes,    2068512 total
[2025-08-28T13:44:11.855+0000][1099278][trace][gc,age      ] GC(60) - age  10:       4584 bytes,    2073096 total
[2025-08-28T13:44:11.855+0000][1099278][trace][gc,age      ] GC(60) - age  11:        176 bytes,    2073272 total
[2025-08-28T13:44:11.855+0000][1099278][trace][gc,age      ] GC(60) - age  12:        504 bytes,    2073776 total
[2025-08-28T13:44:11.855+0000][1099278][trace][gc,age      ] GC(60) - age  13:         64 bytes,    2073840 total
[2025-08-28T13:44:11.855+0000][1099278][trace][gc,age      ] GC(60) - age  14:        128 bytes,    2073968 total
[2025-08-28T13:44:11.855+0000][1099278][info ][gc,heap     ] GC(60) Eden regions: 75->0(75)
[2025-08-28T13:44:11.855+0000][1099278][info ][gc,heap     ] GC(60) Survivor regions: 1->1(10)
[2025-08-28T13:44:11.855+0000][1099278][info ][gc,heap     ] GC(60) Old regions: 25->25
[2025-08-28T13:44:11.855+0000][1099278][info ][gc,heap     ] GC(60) Humongous regions: 0->0
[2025-08-28T13:44:11.855+0000][1099278][info ][gc,metaspace] GC(60) Metaspace: 139462K(143424K)->139462K(143424K) NonClass: 120458K(122560K)->120458K(122560K) Class: 19004K(20864K)->19004K(20864K)
[2025-08-28T13:44:11.855+0000][1099278][info ][gc          ] GC(60) Pause Young (Normal) (G1 Evacuation Pause) 398M->98M(512M) 2.277ms
[2025-08-28T13:44:11.855+0000][1099278][info ][gc,cpu      ] GC(60) User=0.01s Sys=0.00s Real=0.00s
[2025-08-28T13:44:11.855+0000][1099278][info ][safepoint   ] Safepoint "G1CollectForAllocation", Time since last: 1038915476 ns, Reaching safepoint: 270777 ns, Cleanup: 6890 ns, At safepoint: 2369350 ns, Total: 2647017 ns
[2025-08-28T13:44:13.855+0000][1099278][info ][safepoint   ] Safepoint "Cleanup", Time since last: 2000162118 ns, Reaching safepoint: 17777 ns, Cleanup: 24317 ns, At safepoint: 3795 ns, Total: 45889 ns
[2025-08-28T13:44:14.882+0000][1099278][info ][gc,start    ] GC(61) Pause Young (Normal) (G1 Evacuation Pause)
[2025-08-28T13:44:14.882+0000][1099278][info ][gc,task     ] GC(61) Using 12 workers of 33 for evacuation
[2025-08-28T13:44:14.882+0000][1099278][debug][gc,age      ] GC(61) Desired survivor size 20971520 bytes, new threshold 15 (max threshold 15)
[2025-08-28T13:44:14.884+0000][1099278][info ][gc,phases   ] GC(61)   Pre Evacuate Collection Set: 0.2ms
[2025-08-28T13:44:14.884+0000][1099278][info ][gc,phases   ] GC(61)   Merge Heap Roots: 0.1ms
[2025-08-28T13:44:14.884+0000][1099278][info ][gc,phases   ] GC(61)   Evacuate Collection Set: 1.5ms
[2025-08-28T13:44:14.884+0000][1099278][info ][gc,phases   ] GC(61)   Post Evacuate Collection Set: 0.4ms
[2025-08-28T13:44:14.884+0000][1099278][info ][gc,phases   ] GC(61)   Other: 0.1ms
[2025-08-28T13:44:14.884+0000][1099278][trace][gc,age      ] GC(61) Age table with threshold 15 (max threshold 15)
[2025-08-28T13:44:14.884+0000][1099278][trace][gc,age      ] GC(61) - age   1:     339552 bytes,     339552 total
[2025-08-28T13:44:14.884+0000][1099278][trace][gc,age      ] GC(61) - age   2:         96 bytes,     339648 total
[2025-08-28T13:44:14.884+0000][1099278][trace][gc,age      ] GC(61) - age   3:        520 bytes,     340168 total
[2025-08-28T13:44:14.884+0000][1099278][trace][gc,age      ] GC(61) - age   4:       2296 bytes,     342464 total
[2025-08-28T13:44:14.884+0000][1099278][trace][gc,age      ] GC(61) - age   5:       1512 bytes,     343976 total
[2025-08-28T13:44:14.884+0000][1099278][trace][gc,age      ] GC(61) - age   7:        672 bytes,     344648 total
[2025-08-28T13:44:14.884+0000][1099278][trace][gc,age      ] GC(61) - age   8:       2544 bytes,     347192 total
[2025-08-28T13:44:14.884+0000][1099278][trace][gc,age      ] GC(61) - age   9:    2048488 bytes,    2395680 total
[2025-08-28T13:44:14.884+0000][1099278][trace][gc,age      ] GC(61) - age  10:       2736 bytes,    2398416 total
[2025-08-28T13:44:14.884+0000][1099278][trace][gc,age      ] GC(61) - age  11:       4584 bytes,    2403000 total
[2025-08-28T13:44:14.884+0000][1099278][trace][gc,age      ] GC(61) - age  12:        176 bytes,    2403176 total
[2025-08-28T13:44:14.884+0000][1099278][trace][gc,age      ] GC(61) - age  13:        504 bytes,    2403680 total
[2025-08-28T13:44:14.884+0000][1099278][trace][gc,age      ] GC(61) - age  14:         64 bytes,    2403744 total
[2025-08-28T13:44:14.884+0000][1099278][trace][gc,age      ] GC(61) - age  15:        128 bytes,    2403872 total
[2025-08-28T13:44:14.884+0000][1099278][info ][gc,heap     ] GC(61) Eden regions: 75->0(75)
[2025-08-28T13:44:14.884+0000][1099278][info ][gc,heap     ] GC(61) Survivor regions: 1->1(10)
[2025-08-28T13:44:14.884+0000][1099278][info ][gc,heap     ] GC(61) Old regions: 25->25
[2025-08-28T13:44:14.884+0000][1099278][info ][gc,heap     ] GC(61) Humongous regions: 0->0
[2025-08-28T13:44:14.884+0000][1099278][info ][gc,metaspace] GC(61) Metaspace: 139477K(143424K)->139477K(143424K) NonClass: 120473K(122560K)->120473K(122560K) Class: 19004K(20864K)->19004K(20864K)
[2025-08-28T13:44:14.884+0000][1099278][info ][gc          ] GC(61) Pause Young (Normal) (G1 Evacuation Pause) 398M->98M(512M) 2.416ms
[2025-08-28T13:44:14.884+0000][1099278][info ][gc,cpu      ] GC(61) User=0.01s Sys=0.00s Real=0.00s
[2025-08-28T13:44:14.884+0000][1099278][info ][safepoint   ] Safepoint "G1CollectForAllocation", Time since last: 1026658681 ns, Reaching safepoint: 238158 ns, Cleanup: 19580 ns, At safepoint: 2505594 ns, Total: 2763332 ns
[2025-08-28T13:44:15.884+0000][1099278][info ][safepoint   ] Safepoint "Cleanup", Time since last: 1000098846 ns, Reaching safepoint: 17176 ns, Cleanup: 26490 ns, At safepoint: 3795 ns, Total: 47461 ns
[2025-08-28T13:44:16.885+0000][1099278][info ][safepoint   ] Safepoint "Cleanup", Time since last: 1000125146 ns, Reaching safepoint: 21742 ns, Cleanup: 37927 ns, At safepoint: 3596 ns, Total: 63265 ns
[2025-08-28T13:44:17.899+0000][1099278][info ][gc,start    ] GC(62) Pause Young (Normal) (G1 Evacuation Pause)
[2025-08-28T13:44:17.899+0000][1099278][info ][gc,task     ] GC(62) Using 12 workers of 33 for evacuation
[2025-08-28T13:44:17.899+0000][1099278][debug][gc,age      ] GC(62) Desired survivor size 20971520 bytes, new threshold 15 (max threshold 15)
[2025-08-28T13:44:17.901+0000][1099278][info ][gc,phases   ] GC(62)   Pre Evacuate Collection Set: 0.2ms
[2025-08-28T13:44:17.901+0000][1099278][info ][gc,phases   ] GC(62)   Merge Heap Roots: 0.1ms
[2025-08-28T13:44:17.901+0000][1099278][info ][gc,phases   ] GC(62)   Evacuate Collection Set: 1.2ms
[2025-08-28T13:44:17.901+0000][1099278][info ][gc,phases   ] GC(62)   Post Evacuate Collection Set: 0.5ms
[2025-08-28T13:44:17.901+0000][1099278][info ][gc,phases   ] GC(62)   Other: 0.1ms
[2025-08-28T13:44:17.901+0000][1099278][trace][gc,age      ] GC(62) Age table with threshold 15 (max threshold 15)
[2025-08-28T13:44:17.901+0000][1099278][trace][gc,age      ] GC(62) - age   1:     677264 bytes,     677264 total
[2025-08-28T13:44:17.901+0000][1099278][trace][gc,age      ] GC(62) - age   2:        136 bytes,     677400 total
[2025-08-28T13:44:17.901+0000][1099278][trace][gc,age      ] GC(62) - age   3:         96 bytes,     677496 total
[2025-08-28T13:44:17.901+0000][1099278][trace][gc,age      ] GC(62) - age   4:        520 bytes,     678016 total
[2025-08-28T13:44:17.901+0000][1099278][trace][gc,age      ] GC(62) - age   5:       1872 bytes,     679888 total
[2025-08-28T13:44:17.901+0000][1099278][trace][gc,age      ] GC(62) - age   6:       1512 bytes,     681400 total
[2025-08-28T13:44:17.901+0000][1099278][trace][gc,age      ] GC(62) - age   8:        672 bytes,     682072 total
[2025-08-28T13:44:17.901+0000][1099278][trace][gc,age      ] GC(62) - age   9:       2544 bytes,     684616 total
[2025-08-28T13:44:17.901+0000][1099278][trace][gc,age      ] GC(62) - age  10:    2048024 bytes,    2732640 total
[2025-08-28T13:44:17.901+0000][1099278][trace][gc,age      ] GC(62) - age  11:       1568 bytes,    2734208 total
[2025-08-28T13:44:17.901+0000][1099278][trace][gc,age      ] GC(62) - age  12:       4584 bytes,    2738792 total
[2025-08-28T13:44:17.901+0000][1099278][trace][gc,age      ] GC(62) - age  13:        176 bytes,    2738968 total
[2025-08-28T13:44:17.901+0000][1099278][trace][gc,age      ] GC(62) - age  14:        504 bytes,    2739472 total
[2025-08-28T13:44:17.901+0000][1099278][trace][gc,age      ] GC(62) - age  15:         64 bytes,    2739536 total
[2025-08-28T13:44:17.901+0000][1099278][info ][gc,heap     ] GC(62) Eden regions: 75->0(75)
[2025-08-28T13:44:17.901+0000][1099278][info ][gc,heap     ] GC(62) Survivor regions: 1->1(10)
[2025-08-28T13:44:17.901+0000][1099278][info ][gc,heap     ] GC(62) Old regions: 25->25
[2025-08-28T13:44:17.901+0000][1099278][info ][gc,heap     ] GC(62) Humongous regions: 0->0
[2025-08-28T13:44:17.901+0000][1099278][info ][gc,metaspace] GC(62) Metaspace: 139479K(143424K)->139479K(143424K) NonClass: 120475K(122560K)->120475K(122560K) Class: 19004K(20864K)->19004K(20864K)
[2025-08-28T13:44:17.901+0000][1099278][info ][gc          ] GC(62) Pause Young (Normal) (G1 Evacuation Pause) 398M->99M(512M) 2.146ms
[2025-08-28T13:44:17.901+0000][1099278][info ][gc,cpu      ] GC(62) User=0.01s Sys=0.00s Real=0.01s
[2025-08-28T13:44:17.901+0000][1099278][info ][safepoint   ] Safepoint "G1CollectForAllocation", Time since last: 1014177208 ns, Reaching safepoint: 18368 ns, Cleanup: 18928 ns, At safepoint: 2241848 ns, Total: 2279144 ns
[2025-08-28T13:44:20.761+0000][1099278][info ][gc,start    ] GC(63) Pause Young (Normal) (G1 Evacuation Pause)
[2025-08-28T13:44:20.761+0000][1099278][info ][gc,task     ] GC(63) Using 12 workers of 33 for evacuation
[2025-08-28T13:44:20.761+0000][1099278][debug][gc,age      ] GC(63) Desired survivor size 20971520 bytes, new threshold 15 (max threshold 15)
[2025-08-28T13:44:20.762+0000][1099278][info ][gc,phases   ] GC(63)   Pre Evacuate Collection Set: 0.2ms
[2025-08-28T13:44:20.762+0000][1099278][info ][gc,phases   ] GC(63)   Merge Heap Roots: 0.1ms
[2025-08-28T13:44:20.762+0000][1099278][info ][gc,phases   ] GC(63)   Evacuate Collection Set: 1.2ms
[2025-08-28T13:44:20.762+0000][1099278][info ][gc,phases   ] GC(63)   Post Evacuate Collection Set: 0.4ms
[2025-08-28T13:44:20.763+0000][1099278][info ][gc,phases   ] GC(63)   Other: 0.1ms
[2025-08-28T13:44:20.763+0000][1099278][trace][gc,age      ] GC(63) Age table with threshold 15 (max threshold 15)
[2025-08-28T13:44:20.763+0000][1099278][trace][gc,age      ] GC(63) - age   1:       6640 bytes,       6640 total
[2025-08-28T13:44:20.763+0000][1099278][trace][gc,age      ] GC(63) - age   2:       3432 bytes,      10072 total
[2025-08-28T13:44:20.763+0000][1099278][trace][gc,age      ] GC(63) - age   3:        136 bytes,      10208 total
[2025-08-28T13:44:20.763+0000][1099278][trace][gc,age      ] GC(63) - age   4:         96 bytes,      10304 total
[2025-08-28T13:44:20.763+0000][1099278][trace][gc,age      ] GC(63) - age   5:        520 bytes,      10824 total
[2025-08-28T13:44:20.763+0000][1099278][trace][gc,age      ] GC(63) - age   6:       1872 bytes,      12696 total
[2025-08-28T13:44:20.763+0000][1099278][trace][gc,age      ] GC(63) - age   7:       1512 bytes,      14208 total
[2025-08-28T13:44:20.763+0000][1099278][trace][gc,age      ] GC(63) - age   9:        672 bytes,      14880 total
[2025-08-28T13:44:20.763+0000][1099278][trace][gc,age      ] GC(63) - age  10:       2544 bytes,      17424 total
[2025-08-28T13:44:20.763+0000][1099278][trace][gc,age      ] GC(63) - age  11:    2048024 bytes,    2065448 total
[2025-08-28T13:44:20.763+0000][1099278][trace][gc,age      ] GC(63) - age  12:       1568 bytes,    2067016 total
[2025-08-28T13:44:20.763+0000][1099278][trace][gc,age      ] GC(63) - age  13:       4584 bytes,    2071600 total
[2025-08-28T13:44:20.763+0000][1099278][trace][gc,age      ] GC(63) - age  14:        176 bytes,    2071776 total
[2025-08-28T13:44:20.763+0000][1099278][trace][gc,age      ] GC(63) - age  15:        504 bytes,    2072280 total
[2025-08-28T13:44:20.763+0000][1099278][info ][gc,heap     ] GC(63) Eden regions: 75->0(75)
[2025-08-28T13:44:20.763+0000][1099278][info ][gc,heap     ] GC(63) Survivor regions: 1->1(10)
[2025-08-28T13:44:20.763+0000][1099278][info ][gc,heap     ] GC(63) Old regions: 25->25
[2025-08-28T13:44:20.763+0000][1099278][info ][gc,heap     ] GC(63) Humongous regions: 0->0
[2025-08-28T13:44:20.763+0000][1099278][info ][gc,metaspace] GC(63) Metaspace: 139479K(143424K)->139479K(143424K) NonClass: 120475K(122560K)->120475K(122560K) Class: 19004K(20864K)->19004K(20864K)
[2025-08-28T13:44:20.763+0000][1099278][info ][gc          ] GC(63) Pause Young (Normal) (G1 Evacuation Pause) 399M->98M(512M) 2.072ms
[2025-08-28T13:44:20.763+0000][1099278][info ][gc,cpu      ] GC(63) User=0.01s Sys=0.00s Real=0.01s
[2025-08-28T13:44:20.763+0000][1099278][info ][safepoint   ] Safepoint "G1CollectForAllocation", Time since last: 2859332844 ns, Reaching safepoint: 46630 ns, Cleanup: 7522 ns, At safepoint: 2167897 ns, Total: 2222049 ns
[2025-08-28T13:44:23.687+0000][1099278][info ][gc,start    ] GC(64) Pause Young (Normal) (G1 Evacuation Pause)
[2025-08-28T13:44:23.687+0000][1099278][info ][gc,task     ] GC(64) Using 12 workers of 33 for evacuation
[2025-08-28T13:44:23.687+0000][1099278][debug][gc,age      ] GC(64) Desired survivor size 20971520 bytes, new threshold 15 (max threshold 15)
[2025-08-28T13:44:23.689+0000][1099278][info ][gc,phases   ] GC(64)   Pre Evacuate Collection Set: 0.2ms
[2025-08-28T13:44:23.689+0000][1099278][info ][gc,phases   ] GC(64)   Merge Heap Roots: 0.1ms
[2025-08-28T13:44:23.689+0000][1099278][info ][gc,phases   ] GC(64)   Evacuate Collection Set: 1.2ms
[2025-08-28T13:44:23.689+0000][1099278][info ][gc,phases   ] GC(64)   Post Evacuate Collection Set: 0.5ms
[2025-08-28T13:44:23.689+0000][1099278][info ][gc,phases   ] GC(64)   Other: 0.1ms
[2025-08-28T13:44:23.689+0000][1099278][trace][gc,age      ] GC(64) Age table with threshold 15 (max threshold 15)
[2025-08-28T13:44:23.689+0000][1099278][trace][gc,age      ] GC(64) - age   1:       6584 bytes,       6584 total
[2025-08-28T13:44:23.689+0000][1099278][trace][gc,age      ] GC(64) - age   2:        768 bytes,       7352 total
[2025-08-28T13:44:23.689+0000][1099278][trace][gc,age      ] GC(64) - age   3:       2720 bytes,      10072 total
[2025-08-28T13:44:23.689+0000][1099278][trace][gc,age      ] GC(64) - age   4:        136 bytes,      10208 total
[2025-08-28T13:44:23.689+0000][1099278][trace][gc,age      ] GC(64) - age   5:         96 bytes,      10304 total
[2025-08-28T13:44:23.689+0000][1099278][trace][gc,age      ] GC(64) - age   6:        520 bytes,      10824 total
[2025-08-28T13:44:23.689+0000][1099278][trace][gc,age      ] GC(64) - age   7:       1872 bytes,      12696 total
[2025-08-28T13:44:23.689+0000][1099278][trace][gc,age      ] GC(64) - age   8:       1512 bytes,      14208 total
[2025-08-28T13:44:23.689+0000][1099278][trace][gc,age      ] GC(64) - age  10:        672 bytes,      14880 total
[2025-08-28T13:44:23.689+0000][1099278][trace][gc,age      ] GC(64) - age  11:       2544 bytes,      17424 total
[2025-08-28T13:44:23.689+0000][1099278][trace][gc,age      ] GC(64) - age  12:    2048024 bytes,    2065448 total
[2025-08-28T13:44:23.689+0000][1099278][trace][gc,age      ] GC(64) - age  13:       1568 bytes,    2067016 total
[2025-08-28T13:44:23.689+0000][1099278][trace][gc,age      ] GC(64) - age  14:       4584 bytes,    2071600 total
[2025-08-28T13:44:23.689+0000][1099278][trace][gc,age      ] GC(64) - age  15:        176 bytes,    2071776 total
[2025-08-28T13:44:23.689+0000][1099278][info ][gc,heap     ] GC(64) Eden regions: 75->0(75)
[2025-08-28T13:44:23.689+0000][1099278][info ][gc,heap     ] GC(64) Survivor regions: 1->1(10)
[2025-08-28T13:44:23.689+0000][1099278][info ][gc,heap     ] GC(64) Old regions: 25->25
[2025-08-28T13:44:23.689+0000][1099278][info ][gc,heap     ] GC(64) Humongous regions: 0->0
[2025-08-28T13:44:23.689+0000][1099278][info ][gc,metaspace] GC(64) Metaspace: 139479K(143424K)->139479K(143424K) NonClass: 120475K(122560K)->120475K(122560K) Class: 19004K(20864K)->19004K(20864K)
[2025-08-28T13:44:23.689+0000][1099278][info ][gc          ] GC(64) Pause Young (Normal) (G1 Evacuation Pause) 398M->99M(512M) 2.113ms
[2025-08-28T13:44:23.689+0000][1099278][info ][gc,cpu      ] GC(64) User=0.01s Sys=0.00s Real=0.00s
[2025-08-28T13:44:23.689+0000][1099278][info ][safepoint   ] Safepoint "G1CollectForAllocation", Time since last: 2924421427 ns, Reaching safepoint: 17286 ns, Cleanup: 7061 ns, At safepoint: 2217271 ns, Total: 2241618 ns
[2025-08-28T13:44:26.709+0000][1099278][info ][gc,start    ] GC(65) Pause Young (Normal) (G1 Evacuation Pause)
[2025-08-28T13:44:26.709+0000][1099278][info ][gc,task     ] GC(65) Using 12 workers of 33 for evacuation
[2025-08-28T13:44:26.709+0000][1099278][debug][gc,age      ] GC(65) Desired survivor size 20971520 bytes, new threshold 15 (max threshold 15)
[2025-08-28T13:44:26.711+0000][1099278][info ][gc,phases   ] GC(65)   Pre Evacuate Collection Set: 0.1ms
[2025-08-28T13:44:26.711+0000][1099278][info ][gc,phases   ] GC(65)   Merge Heap Roots: 0.1ms
[2025-08-28T13:44:26.711+0000][1099278][info ][gc,phases   ] GC(65)   Evacuate Collection Set: 1.1ms
[2025-08-28T13:44:26.711+0000][1099278][info ][gc,phases   ] GC(65)   Post Evacuate Collection Set: 0.5ms
[2025-08-28T13:44:26.711+0000][1099278][info ][gc,phases   ] GC(65)   Other: 0.1ms
[2025-08-28T13:44:26.711+0000][1099278][trace][gc,age      ] GC(65) Age table with threshold 15 (max threshold 15)
[2025-08-28T13:44:26.711+0000][1099278][trace][gc,age      ] GC(65) - age   1:       7104 bytes,       7104 total
[2025-08-28T13:44:26.711+0000][1099278][trace][gc,age      ] GC(65) - age   2:        712 bytes,       7816 total
[2025-08-28T13:44:26.711+0000][1099278][trace][gc,age      ] GC(65) - age   3:        296 bytes,       8112 total
[2025-08-28T13:44:26.711+0000][1099278][trace][gc,age      ] GC(65) - age   4:       2480 bytes,      10592 total
[2025-08-28T13:44:26.711+0000][1099278][trace][gc,age      ] GC(65) - age   5:        136 bytes,      10728 total
[2025-08-28T13:44:26.711+0000][1099278][trace][gc,age      ] GC(65) - age   6:         96 bytes,      10824 total
[2025-08-28T13:44:26.711+0000][1099278][trace][gc,age      ] GC(65) - age   7:        296 bytes,      11120 total
[2025-08-28T13:44:26.711+0000][1099278][trace][gc,age      ] GC(65) - age   8:       1872 bytes,      12992 total
[2025-08-28T13:44:26.711+0000][1099278][trace][gc,age      ] GC(65) - age   9:       1512 bytes,      14504 total
[2025-08-28T13:44:26.711+0000][1099278][trace][gc,age      ] GC(65) - age  11:        672 bytes,      15176 total
[2025-08-28T13:44:26.711+0000][1099278][trace][gc,age      ] GC(65) - age  12:       2544 bytes,      17720 total
[2025-08-28T13:44:26.711+0000][1099278][trace][gc,age      ] GC(65) - age  13:    2048024 bytes,    2065744 total
[2025-08-28T13:44:26.711+0000][1099278][trace][gc,age      ] GC(65) - age  14:       1568 bytes,    2067312 total
[2025-08-28T13:44:26.711+0000][1099278][trace][gc,age      ] GC(65) - age  15:       4584 bytes,    2071896 total
[2025-08-28T13:44:26.711+0000][1099278][info ][gc,heap     ] GC(65) Eden regions: 75->0(75)
[2025-08-28T13:44:26.711+0000][1099278][info ][gc,heap     ] GC(65) Survivor regions: 1->1(10)
[2025-08-28T13:44:26.711+0000][1099278][info ][gc,heap     ] GC(65) Old regions: 25->25
[2025-08-28T13:44:26.711+0000][1099278][info ][gc,heap     ] GC(65) Humongous regions: 0->0
[2025-08-28T13:44:26.711+0000][1099278][info ][gc,metaspace] GC(65) Metaspace: 139480K(143424K)->139480K(143424K) NonClass: 120476K(122560K)->120476K(122560K) Class: 19004K(20864K)->19004K(20864K)
[2025-08-28T13:44:26.711+0000][1099278][info ][gc          ] GC(65) Pause Young (Normal) (G1 Evacuation Pause) 399M->98M(512M) 2.131ms
[2025-08-28T13:44:26.711+0000][1099278][info ][gc,cpu      ] GC(65) User=0.01s Sys=0.00s Real=0.01s
[2025-08-28T13:44:26.711+0000][1099278][info ][safepoint   ] Safepoint "G1CollectForAllocation", Time since last: 3019560892 ns, Reaching safepoint: 43325 ns, Cleanup: 7611 ns, At safepoint: 2281508 ns, Total: 2332444 ns
[2025-08-28T13:44:29.359+0000][1099278][info ][safepoint   ] Safepoint "Cleanup", Time since last: 2648011711 ns, Reaching safepoint: 15133 ns, Cleanup: 23455 ns, At safepoint: 3455 ns, Total: 42043 ns
[2025-08-28T13:44:29.706+0000][1099278][info ][gc,start    ] GC(66) Pause Young (Normal) (G1 Evacuation Pause)
[2025-08-28T13:44:29.706+0000][1099278][info ][gc,task     ] GC(66) Using 12 workers of 33 for evacuation
[2025-08-28T13:44:29.706+0000][1099278][debug][gc,age      ] GC(66) Desired survivor size 20971520 bytes, new threshold 15 (max threshold 15)
[2025-08-28T13:44:29.708+0000][1099278][info ][gc,phases   ] GC(66)   Pre Evacuate Collection Set: 0.1ms
[2025-08-28T13:44:29.708+0000][1099278][info ][gc,phases   ] GC(66)   Merge Heap Roots: 0.1ms
[2025-08-28T13:44:29.708+0000][1099278][info ][gc,phases   ] GC(66)   Evacuate Collection Set: 1.1ms
[2025-08-28T13:44:29.708+0000][1099278][info ][gc,phases   ] GC(66)   Post Evacuate Collection Set: 0.5ms
[2025-08-28T13:44:29.708+0000][1099278][info ][gc,phases   ] GC(66)   Other: 0.1ms
[2025-08-28T13:44:29.708+0000][1099278][trace][gc,age      ] GC(66) Age table with threshold 15 (max threshold 15)
[2025-08-28T13:44:29.708+0000][1099278][trace][gc,age      ] GC(66) - age   1:       7128 bytes,       7128 total
[2025-08-28T13:44:29.708+0000][1099278][trace][gc,age      ] GC(66) - age   2:        760 bytes,       7888 total
[2025-08-28T13:44:29.708+0000][1099278][trace][gc,age      ] GC(66) - age   4:        296 bytes,       8184 total
[2025-08-28T13:44:29.708+0000][1099278][trace][gc,age      ] GC(66) - age   5:       2184 bytes,      10368 total
[2025-08-28T13:44:29.708+0000][1099278][trace][gc,age      ] GC(66) - age   6:        136 bytes,      10504 total
[2025-08-28T13:44:29.708+0000][1099278][trace][gc,age      ] GC(66) - age   7:         96 bytes,      10600 total
[2025-08-28T13:44:29.708+0000][1099278][trace][gc,age      ] GC(66) - age   9:       1872 bytes,      12472 total
[2025-08-28T13:44:29.708+0000][1099278][trace][gc,age      ] GC(66) - age  10:       1512 bytes,      13984 total
[2025-08-28T13:44:29.708+0000][1099278][trace][gc,age      ] GC(66) - age  12:        672 bytes,      14656 total
[2025-08-28T13:44:29.708+0000][1099278][trace][gc,age      ] GC(66) - age  13:       2544 bytes,      17200 total
[2025-08-28T13:44:29.708+0000][1099278][trace][gc,age      ] GC(66) - age  14:    2048024 bytes,    2065224 total
[2025-08-28T13:44:29.708+0000][1099278][trace][gc,age      ] GC(66) - age  15:       1568 bytes,    2066792 total
[2025-08-28T13:44:29.708+0000][1099278][info ][gc,heap     ] GC(66) Eden regions: 75->0(75)
[2025-08-28T13:44:29.708+0000][1099278][info ][gc,heap     ] GC(66) Survivor regions: 1->1(10)
[2025-08-28T13:44:29.708+0000][1099278][info ][gc,heap     ] GC(66) Old regions: 25->25
[2025-08-28T13:44:29.708+0000][1099278][info ][gc,heap     ] GC(66) Humongous regions: 0->0
[2025-08-28T13:44:29.708+0000][1099278][info ][gc,metaspace] GC(66) Metaspace: 139493K(143424K)->139493K(143424K) NonClass: 120489K(122560K)->120489K(122560K) Class: 19004K(20864K)->19004K(20864K)
[2025-08-28T13:44:29.708+0000][1099278][info ][gc          ] GC(66) Pause Young (Normal) (G1 Evacuation Pause) 398M->99M(512M) 2.138ms
[2025-08-28T13:44:29.708+0000][1099278][info ][gc,cpu      ] GC(66) User=0.01s Sys=0.00s Real=0.00s
[2025-08-28T13:44:29.708+0000][1099278][info ][safepoint   ] Safepoint "G1CollectForAllocation", Time since last: 346912325 ns, Reaching safepoint: 51006 ns, Cleanup: 2685 ns, At safepoint: 2288127 ns, Total: 2341818 ns
[2025-08-28T13:44:32.753+0000][1099278][info ][gc,start    ] GC(67) Pause Young (Normal) (G1 Evacuation Pause)
[2025-08-28T13:44:32.753+0000][1099278][info ][gc,task     ] GC(67) Using 12 workers of 33 for evacuation
[2025-08-28T13:44:32.753+0000][1099278][debug][gc,age      ] GC(67) Desired survivor size 20971520 bytes, new threshold 15 (max threshold 15)
[2025-08-28T13:44:32.755+0000][1099278][info ][gc,phases   ] GC(67)   Pre Evacuate Collection Set: 0.1ms
[2025-08-28T13:44:32.755+0000][1099278][info ][gc,phases   ] GC(67)   Merge Heap Roots: 0.1ms
[2025-08-28T13:44:32.755+0000][1099278][info ][gc,phases   ] GC(67)   Evacuate Collection Set: 1.3ms
[2025-08-28T13:44:32.755+0000][1099278][info ][gc,phases   ] GC(67)   Post Evacuate Collection Set: 0.5ms
[2025-08-28T13:44:32.755+0000][1099278][info ][gc,phases   ] GC(67)   Other: 0.1ms
[2025-08-28T13:44:32.755+0000][1099278][trace][gc,age      ] GC(67) Age table with threshold 15 (max threshold 15)
[2025-08-28T13:44:32.755+0000][1099278][trace][gc,age      ] GC(67) - age   1:       8640 bytes,       8640 total
[2025-08-28T13:44:32.755+0000][1099278][trace][gc,age      ] GC(67) - age   2:       1008 bytes,       9648 total
[2025-08-28T13:44:32.755+0000][1099278][trace][gc,age      ] GC(67) - age   3:        464 bytes,      10112 total
[2025-08-28T13:44:32.755+0000][1099278][trace][gc,age      ] GC(67) - age   5:        296 bytes,      10408 total
[2025-08-28T13:44:32.755+0000][1099278][trace][gc,age      ] GC(67) - age   6:       2184 bytes,      12592 total
[2025-08-28T13:44:32.755+0000][1099278][trace][gc,age      ] GC(67) - age   7:        136 bytes,      12728 total
[2025-08-28T13:44:32.755+0000][1099278][trace][gc,age      ] GC(67) - age   8:         96 bytes,      12824 total
[2025-08-28T13:44:32.755+0000][1099278][trace][gc,age      ] GC(67) - age  10:       1872 bytes,      14696 total
[2025-08-28T13:44:32.755+0000][1099278][trace][gc,age      ] GC(67) - age  11:       1512 bytes,      16208 total
[2025-08-28T13:44:32.755+0000][1099278][trace][gc,age      ] GC(67) - age  13:        672 bytes,      16880 total
[2025-08-28T13:44:32.755+0000][1099278][trace][gc,age      ] GC(67) - age  14:       2544 bytes,      19424 total
[2025-08-28T13:44:32.755+0000][1099278][trace][gc,age      ] GC(67) - age  15:    2048024 bytes,    2067448 total
[2025-08-28T13:44:32.755+0000][1099278][info ][gc,heap     ] GC(67) Eden regions: 75->0(75)
[2025-08-28T13:44:32.755+0000][1099278][info ][gc,heap     ] GC(67) Survivor regions: 1->1(10)
[2025-08-28T13:44:32.755+0000][1099278][info ][gc,heap     ] GC(67) Old regions: 25->25
[2025-08-28T13:44:32.755+0000][1099278][info ][gc,heap     ] GC(67) Humongous regions: 0->0
[2025-08-28T13:44:32.755+0000][1099278][info ][gc,metaspace] GC(67) Metaspace: 139494K(143424K)->139494K(143424K) NonClass: 120490K(122560K)->120490K(122560K) Class: 19004K(20864K)->19004K(20864K)
[2025-08-28T13:44:32.755+0000][1099278][info ][gc          ] GC(67) Pause Young (Normal) (G1 Evacuation Pause) 399M->98M(512M) 2.314ms
[2025-08-28T13:44:32.755+0000][1099278][info ][gc,cpu      ] GC(67) User=0.01s Sys=0.00s Real=0.00s
[2025-08-28T13:44:32.755+0000][1099278][info ][safepoint   ] Safepoint "G1CollectForAllocation", Time since last: 3044156816 ns, Reaching safepoint: 333181 ns, Cleanup: 6289 ns, At safepoint: 2457413 ns, Total: 2796883 ns
[2025-08-28T13:44:35.932+0000][1099278][info ][gc,start    ] GC(68) Pause Young (Normal) (G1 Evacuation Pause)
[2025-08-28T13:44:35.932+0000][1099278][info ][gc,task     ] GC(68) Using 12 workers of 33 for evacuation
[2025-08-28T13:44:35.932+0000][1099278][debug][gc,age      ] GC(68) Desired survivor size 20971520 bytes, new threshold 15 (max threshold 15)
[2025-08-28T13:44:35.933+0000][1099278][info ][gc,phases   ] GC(68)   Pre Evacuate Collection Set: 0.1ms
[2025-08-28T13:44:35.933+0000][1099278][info ][gc,phases   ] GC(68)   Merge Heap Roots: 0.1ms
[2025-08-28T13:44:35.933+0000][1099278][info ][gc,phases   ] GC(68)   Evacuate Collection Set: 1.1ms
[2025-08-28T13:44:35.933+0000][1099278][info ][gc,phases   ] GC(68)   Post Evacuate Collection Set: 0.4ms
[2025-08-28T13:44:35.933+0000][1099278][info ][gc,phases   ] GC(68)   Other: 0.1ms
[2025-08-28T13:44:35.933+0000][1099278][trace][gc,age      ] GC(68) Age table with threshold 15 (max threshold 15)
[2025-08-28T13:44:35.933+0000][1099278][trace][gc,age      ] GC(68) - age   1:     657664 bytes,     657664 total
[2025-08-28T13:44:35.933+0000][1099278][trace][gc,age      ] GC(68) - age   2:        296 bytes,     657960 total
[2025-08-28T13:44:35.933+0000][1099278][trace][gc,age      ] GC(68) - age   3:        296 bytes,     658256 total
[2025-08-28T13:44:35.933+0000][1099278][trace][gc,age      ] GC(68) - age   4:        224 bytes,     658480 total
[2025-08-28T13:44:35.933+0000][1099278][trace][gc,age      ] GC(68) - age   7:       2184 bytes,     660664 total
[2025-08-28T13:44:35.933+0000][1099278][trace][gc,age      ] GC(68) - age   8:        136 bytes,     660800 total
[2025-08-28T13:44:35.933+0000][1099278][trace][gc,age      ] GC(68) - age   9:         96 bytes,     660896 total
[2025-08-28T13:44:35.933+0000][1099278][trace][gc,age      ] GC(68) - age  11:       1696 bytes,     662592 total
[2025-08-28T13:44:35.933+0000][1099278][trace][gc,age      ] GC(68) - age  12:       1512 bytes,     664104 total
[2025-08-28T13:44:35.933+0000][1099278][trace][gc,age      ] GC(68) - age  14:        672 bytes,     664776 total
[2025-08-28T13:44:35.933+0000][1099278][trace][gc,age      ] GC(68) - age  15:       2544 bytes,     667320 total
[2025-08-28T13:44:35.933+0000][1099278][info ][gc,heap     ] GC(68) Eden regions: 75->0(75)
[2025-08-28T13:44:35.933+0000][1099278][info ][gc,heap     ] GC(68) Survivor regions: 1->1(10)
[2025-08-28T13:44:35.933+0000][1099278][info ][gc,heap     ] GC(68) Old regions: 25->25
[2025-08-28T13:44:35.933+0000][1099278][info ][gc,heap     ] GC(68) Humongous regions: 0->0
[2025-08-28T13:44:35.933+0000][1099278][info ][gc,metaspace] GC(68) Metaspace: 139497K(143424K)->139497K(143424K) NonClass: 120493K(122560K)->120493K(122560K) Class: 19004K(20864K)->19004K(20864K)
[2025-08-28T13:44:35.933+0000][1099278][info ][gc          ] GC(68) Pause Young (Normal) (G1 Evacuation Pause) 398M->99M(512M) 1.935ms
[2025-08-28T13:44:35.934+0000][1099278][info ][gc,cpu      ] GC(68) User=0.01s Sys=0.01s Real=0.00s
[2025-08-28T13:44:35.934+0000][1099278][info ][safepoint   ] Safepoint "G1CollectForAllocation", Time since last: 3175994157 ns, Reaching safepoint: 43385 ns, Cleanup: 4407 ns, At safepoint: 2053485 ns, Total: 2101277 ns
[2025-08-28T13:44:38.973+0000][1099278][info ][gc,start    ] GC(69) Pause Young (Normal) (G1 Evacuation Pause)
[2025-08-28T13:44:38.973+0000][1099278][info ][gc,task     ] GC(69) Using 12 workers of 33 for evacuation
[2025-08-28T13:44:38.973+0000][1099278][debug][gc,age      ] GC(69) Desired survivor size 20971520 bytes, new threshold 15 (max threshold 15)
[2025-08-28T13:44:38.974+0000][1099278][info ][gc,phases   ] GC(69)   Pre Evacuate Collection Set: 0.1ms
[2025-08-28T13:44:38.974+0000][1099278][info ][gc,phases   ] GC(69)   Merge Heap Roots: 0.1ms
[2025-08-28T13:44:38.974+0000][1099278][info ][gc,phases   ] GC(69)   Evacuate Collection Set: 1.1ms
[2025-08-28T13:44:38.974+0000][1099278][info ][gc,phases   ] GC(69)   Post Evacuate Collection Set: 0.3ms
[2025-08-28T13:44:38.974+0000][1099278][info ][gc,phases   ] GC(69)   Other: 0.1ms
[2025-08-28T13:44:38.974+0000][1099278][trace][gc,age      ] GC(69) Age table with threshold 15 (max threshold 15)
[2025-08-28T13:44:38.974+0000][1099278][trace][gc,age      ] GC(69) - age   1:     155616 bytes,     155616 total
[2025-08-28T13:44:38.974+0000][1099278][trace][gc,age      ] GC(69) - age   2:        712 bytes,     156328 total
[2025-08-28T13:44:38.974+0000][1099278][trace][gc,age      ] GC(69) - age   3:        296 bytes,     156624 total
[2025-08-28T13:44:38.974+0000][1099278][trace][gc,age      ] GC(69) - age   4:        296 bytes,     156920 total
[2025-08-28T13:44:38.974+0000][1099278][trace][gc,age      ] GC(69) - age   5:        224 bytes,     157144 total
[2025-08-28T13:44:38.974+0000][1099278][trace][gc,age      ] GC(69) - age   8:       2184 bytes,     159328 total
[2025-08-28T13:44:38.974+0000][1099278][trace][gc,age      ] GC(69) - age   9:        136 bytes,     159464 total
[2025-08-28T13:44:38.974+0000][1099278][trace][gc,age      ] GC(69) - age  10:         96 bytes,     159560 total
[2025-08-28T13:44:38.975+0000][1099278][trace][gc,age      ] GC(69) - age  12:       1696 bytes,     161256 total
[2025-08-28T13:44:38.975+0000][1099278][trace][gc,age      ] GC(69) - age  13:       1512 bytes,     162768 total
[2025-08-28T13:44:38.975+0000][1099278][trace][gc,age      ] GC(69) - age  15:        672 bytes,     163440 total
[2025-08-28T13:44:38.975+0000][1099278][info ][gc,heap     ] GC(69) Eden regions: 75->0(75)
[2025-08-28T13:44:38.975+0000][1099278][info ][gc,heap     ] GC(69) Survivor regions: 1->1(10)
[2025-08-28T13:44:38.975+0000][1099278][info ][gc,heap     ] GC(69) Old regions: 25->25
[2025-08-28T13:44:38.975+0000][1099278][info ][gc,heap     ] GC(69) Humongous regions: 0->0
[2025-08-28T13:44:38.975+0000][1099278][info ][gc,metaspace] GC(69) Metaspace: 139497K(143424K)->139497K(143424K) NonClass: 120493K(122560K)->120493K(122560K) Class: 19004K(20864K)->19004K(20864K)
[2025-08-28T13:44:38.975+0000][1099278][info ][gc          ] GC(69) Pause Young (Normal) (G1 Evacuation Pause) 399M->99M(512M) 1.929ms
[2025-08-28T13:44:38.975+0000][1099278][info ][gc,cpu      ] GC(69) User=0.01s Sys=0.00s Real=0.00s
[2025-08-28T13:44:38.975+0000][1099278][info ][safepoint   ] Safepoint "G1CollectForAllocation", Time since last: 3039037104 ns, Reaching safepoint: 13911 ns, Cleanup: 4076 ns, At safepoint: 2068999 ns, Total: 2086986 ns
[2025-08-28T13:44:42.026+0000][1099278][info ][gc,start    ] GC(70) Pause Young (Normal) (G1 Evacuation Pause)
[2025-08-28T13:44:42.026+0000][1099278][info ][gc,task     ] GC(70) Using 12 workers of 33 for evacuation
[2025-08-28T13:44:42.026+0000][1099278][debug][gc,age      ] GC(70) Desired survivor size 20971520 bytes, new threshold 15 (max threshold 15)
[2025-08-28T13:44:42.028+0000][1099278][info ][gc,phases   ] GC(70)   Pre Evacuate Collection Set: 0.2ms
[2025-08-28T13:44:42.028+0000][1099278][info ][gc,phases   ] GC(70)   Merge Heap Roots: 0.1ms
[2025-08-28T13:44:42.028+0000][1099278][info ][gc,phases   ] GC(70)   Evacuate Collection Set: 1.0ms
[2025-08-28T13:44:42.028+0000][1099278][info ][gc,phases   ] GC(70)   Post Evacuate Collection Set: 0.3ms
[2025-08-28T13:44:42.028+0000][1099278][info ][gc,phases   ] GC(70)   Other: 0.1ms
[2025-08-28T13:44:42.028+0000][1099278][trace][gc,age      ] GC(70) Age table with threshold 15 (max threshold 15)
[2025-08-28T13:44:42.028+0000][1099278][trace][gc,age      ] GC(70) - age   1:       6640 bytes,       6640 total
[2025-08-28T13:44:42.028+0000][1099278][trace][gc,age      ] GC(70) - age   2:        712 bytes,       7352 total
[2025-08-28T13:44:42.028+0000][1099278][trace][gc,age      ] GC(70) - age   3:        712 bytes,       8064 total
[2025-08-28T13:44:42.028+0000][1099278][trace][gc,age      ] GC(70) - age   4:        296 bytes,       8360 total
[2025-08-28T13:44:42.028+0000][1099278][trace][gc,age      ] GC(70) - age   5:        296 bytes,       8656 total
[2025-08-28T13:44:42.028+0000][1099278][trace][gc,age      ] GC(70) - age   6:        224 bytes,       8880 total
[2025-08-28T13:44:42.028+0000][1099278][trace][gc,age      ] GC(70) - age   9:       2184 bytes,      11064 total
[2025-08-28T13:44:42.028+0000][1099278][trace][gc,age      ] GC(70) - age  10:        136 bytes,      11200 total
[2025-08-28T13:44:42.028+0000][1099278][trace][gc,age      ] GC(70) - age  11:         96 bytes,      11296 total
[2025-08-28T13:44:42.028+0000][1099278][trace][gc,age      ] GC(70) - age  13:       1696 bytes,      12992 total
[2025-08-28T13:44:42.028+0000][1099278][trace][gc,age      ] GC(70) - age  14:       1512 bytes,      14504 total
[2025-08-28T13:44:42.028+0000][1099278][info ][gc,heap     ] GC(70) Eden regions: 75->0(75)
[2025-08-28T13:44:42.028+0000][1099278][info ][gc,heap     ] GC(70) Survivor regions: 1->1(10)
[2025-08-28T13:44:42.028+0000][1099278][info ][gc,heap     ] GC(70) Old regions: 25->25
[2025-08-28T13:44:42.028+0000][1099278][info ][gc,heap     ] GC(70) Humongous regions: 0->0
[2025-08-28T13:44:42.028+0000][1099278][info ][gc,metaspace] GC(70) Metaspace: 139497K(143424K)->139497K(143424K) NonClass: 120493K(122560K)->120493K(122560K) Class: 19004K(20864K)->19004K(20864K)
[2025-08-28T13:44:42.028+0000][1099278][info ][gc          ] GC(70) Pause Young (Normal) (G1 Evacuation Pause) 399M->98M(512M) 1.732ms
[2025-08-28T13:44:42.028+0000][1099278][info ][gc,cpu      ] GC(70) User=0.01s Sys=0.00s Real=0.00s
[2025-08-28T13:44:42.028+0000][1099278][info ][safepoint   ] Safepoint "G1CollectForAllocation", Time since last: 3051395231 ns, Reaching safepoint: 55984 ns, Cleanup: 7321 ns, At safepoint: 1859684 ns, Total: 1922989 ns
[2025-08-28T13:44:45.056+0000][1099278][info ][gc,start    ] GC(71) Pause Young (Normal) (G1 Evacuation Pause)
[2025-08-28T13:44:45.056+0000][1099278][info ][gc,task     ] GC(71) Using 12 workers of 33 for evacuation
[2025-08-28T13:44:45.056+0000][1099278][debug][gc,age      ] GC(71) Desired survivor size 20971520 bytes, new threshold 15 (max threshold 15)
[2025-08-28T13:44:45.058+0000][1099278][info ][gc,phases   ] GC(71)   Pre Evacuate Collection Set: 0.2ms
[2025-08-28T13:44:45.058+0000][1099278][info ][gc,phases   ] GC(71)   Merge Heap Roots: 0.1ms
[2025-08-28T13:44:45.058+0000][1099278][info ][gc,phases   ] GC(71)   Evacuate Collection Set: 1.1ms
[2025-08-28T13:44:45.058+0000][1099278][info ][gc,phases   ] GC(71)   Post Evacuate Collection Set: 0.3ms
[2025-08-28T13:44:45.058+0000][1099278][info ][gc,phases   ] GC(71)   Other: 0.2ms
[2025-08-28T13:44:45.058+0000][1099278][trace][gc,age      ] GC(71) Age table with threshold 15 (max threshold 15)
[2025-08-28T13:44:45.058+0000][1099278][trace][gc,age      ] GC(71) - age   1:     678304 bytes,     678304 total
[2025-08-28T13:44:45.058+0000][1099278][trace][gc,age      ] GC(71) - age   2:        296 bytes,     678600 total
[2025-08-28T13:44:45.058+0000][1099278][trace][gc,age      ] GC(71) - age   4:        176 bytes,     678776 total
[2025-08-28T13:44:45.058+0000][1099278][trace][gc,age      ] GC(71) - age   5:        296 bytes,     679072 total
[2025-08-28T13:44:45.058+0000][1099278][trace][gc,age      ] GC(71) - age   6:        296 bytes,     679368 total
[2025-08-28T13:44:45.058+0000][1099278][trace][gc,age      ] GC(71) - age   7:        224 bytes,     679592 total
[2025-08-28T13:44:45.058+0000][1099278][trace][gc,age      ] GC(71) - age  10:       2184 bytes,     681776 total
[2025-08-28T13:44:45.058+0000][1099278][trace][gc,age      ] GC(71) - age  11:        136 bytes,     681912 total
[2025-08-28T13:44:45.058+0000][1099278][trace][gc,age      ] GC(71) - age  12:         96 bytes,     682008 total
[2025-08-28T13:44:45.058+0000][1099278][trace][gc,age      ] GC(71) - age  14:       1696 bytes,     683704 total
[2025-08-28T13:44:45.058+0000][1099278][trace][gc,age      ] GC(71) - age  15:       1512 bytes,     685216 total
[2025-08-28T13:44:45.058+0000][1099278][info ][gc,heap     ] GC(71) Eden regions: 75->0(75)
[2025-08-28T13:44:45.058+0000][1099278][info ][gc,heap     ] GC(71) Survivor regions: 1->1(10)
[2025-08-28T13:44:45.058+0000][1099278][info ][gc,heap     ] GC(71) Old regions: 25->25
[2025-08-28T13:44:45.058+0000][1099278][info ][gc,heap     ] GC(71) Humongous regions: 0->0
[2025-08-28T13:44:45.058+0000][1099278][info ][gc,metaspace] GC(71) Metaspace: 139498K(143424K)->139498K(143424K) NonClass: 120494K(122560K)->120494K(122560K) Class: 19004K(20864K)->19004K(20864K)
[2025-08-28T13:44:45.058+0000][1099278][info ][gc          ] GC(71) Pause Young (Normal) (G1 Evacuation Pause) 398M->99M(512M) 2.026ms
[2025-08-28T13:44:45.058+0000][1099278][info ][gc,cpu      ] GC(71) User=0.01s Sys=0.00s Real=0.00s
[2025-08-28T13:44:45.058+0000][1099278][info ][safepoint   ] Safepoint "G1CollectForAllocation", Time since last: 3027167370 ns, Reaching safepoint: 552711 ns, Cleanup: 7281 ns, At safepoint: 2120065 ns, Total: 2680057 ns
[2025-08-28T13:44:47.981+0000][1099278][info ][gc,start    ] GC(72) Pause Young (Normal) (G1 Evacuation Pause)
[2025-08-28T13:44:47.981+0000][1099278][info ][gc,task     ] GC(72) Using 12 workers of 33 for evacuation
[2025-08-28T13:44:47.981+0000][1099278][debug][gc,age      ] GC(72) Desired survivor size 20971520 bytes, new threshold 15 (max threshold 15)
[2025-08-28T13:44:47.983+0000][1099278][info ][gc,phases   ] GC(72)   Pre Evacuate Collection Set: 0.2ms
[2025-08-28T13:44:47.983+0000][1099278][info ][gc,phases   ] GC(72)   Merge Heap Roots: 0.1ms
[2025-08-28T13:44:47.983+0000][1099278][info ][gc,phases   ] GC(72)   Evacuate Collection Set: 1.1ms
[2025-08-28T13:44:47.983+0000][1099278][info ][gc,phases   ] GC(72)   Post Evacuate Collection Set: 0.3ms
[2025-08-28T13:44:47.983+0000][1099278][info ][gc,phases   ] GC(72)   Other: 0.1ms
[2025-08-28T13:44:47.983+0000][1099278][trace][gc,age      ] GC(72) Age table with threshold 15 (max threshold 15)
[2025-08-28T13:44:47.983+0000][1099278][trace][gc,age      ] GC(72) - age   1:      10856 bytes,      10856 total
[2025-08-28T13:44:47.983+0000][1099278][trace][gc,age      ] GC(72) - age   2:        688 bytes,      11544 total
[2025-08-28T13:44:47.983+0000][1099278][trace][gc,age      ] GC(72) - age   3:        296 bytes,      11840 total
[2025-08-28T13:44:47.983+0000][1099278][trace][gc,age      ] GC(72) - age   5:        176 bytes,      12016 total
[2025-08-28T13:44:47.983+0000][1099278][trace][gc,age      ] GC(72) - age   6:        296 bytes,      12312 total
[2025-08-28T13:44:47.983+0000][1099278][trace][gc,age      ] GC(72) - age   7:        296 bytes,      12608 total
[2025-08-28T13:44:47.983+0000][1099278][trace][gc,age      ] GC(72) - age  11:        584 bytes,      13192 total
[2025-08-28T13:44:47.983+0000][1099278][trace][gc,age      ] GC(72) - age  12:        136 bytes,      13328 total
[2025-08-28T13:44:47.983+0000][1099278][trace][gc,age      ] GC(72) - age  13:         96 bytes,      13424 total
[2025-08-28T13:44:47.983+0000][1099278][trace][gc,age      ] GC(72) - age  15:       1696 bytes,      15120 total
[2025-08-28T13:44:47.983+0000][1099278][info ][gc,heap     ] GC(72) Eden regions: 75->0(75)
[2025-08-28T13:44:47.983+0000][1099278][info ][gc,heap     ] GC(72) Survivor regions: 1->1(10)
[2025-08-28T13:44:47.983+0000][1099278][info ][gc,heap     ] GC(72) Old regions: 25->25
[2025-08-28T13:44:47.983+0000][1099278][info ][gc,heap     ] GC(72) Humongous regions: 0->0
[2025-08-28T13:44:47.983+0000][1099278][info ][gc,metaspace] GC(72) Metaspace: 139499K(143424K)->139499K(143424K) NonClass: 120495K(122560K)->120495K(122560K) Class: 19004K(20864K)->19004K(20864K)
[2025-08-28T13:44:47.983+0000][1099278][info ][gc          ] GC(72) Pause Young (Normal) (G1 Evacuation Pause) 399M->98M(512M) 1.943ms
[2025-08-28T13:44:47.983+0000][1099278][info ][gc,cpu      ] GC(72) User=0.01s Sys=0.00s Real=0.00s
[2025-08-28T13:44:47.983+0000][1099278][info ][safepoint   ] Safepoint "G1CollectForAllocation", Time since last: 2922647322 ns, Reaching safepoint: 278178 ns, Cleanup: 7491 ns, At safepoint: 2040816 ns, Total: 2326485 ns
[2025-08-28T13:44:51.085+0000][1099278][info ][gc,start    ] GC(73) Pause Young (Normal) (G1 Evacuation Pause)
[2025-08-28T13:44:51.085+0000][1099278][info ][gc,task     ] GC(73) Using 12 workers of 33 for evacuation
[2025-08-28T13:44:51.085+0000][1099278][debug][gc,age      ] GC(73) Desired survivor size 20971520 bytes, new threshold 15 (max threshold 15)
[2025-08-28T13:44:51.087+0000][1099278][info ][gc,phases   ] GC(73)   Pre Evacuate Collection Set: 0.1ms
[2025-08-28T13:44:51.087+0000][1099278][info ][gc,phases   ] GC(73)   Merge Heap Roots: 0.1ms
[2025-08-28T13:44:51.087+0000][1099278][info ][gc,phases   ] GC(73)   Evacuate Collection Set: 1.2ms
[2025-08-28T13:44:51.087+0000][1099278][info ][gc,phases   ] GC(73)   Post Evacuate Collection Set: 0.3ms
[2025-08-28T13:44:51.087+0000][1099278][info ][gc,phases   ] GC(73)   Other: 0.1ms
[2025-08-28T13:44:51.087+0000][1099278][trace][gc,age      ] GC(73) Age table with threshold 15 (max threshold 15)
[2025-08-28T13:44:51.087+0000][1099278][trace][gc,age      ] GC(73) - age   1:       8632 bytes,       8632 total
[2025-08-28T13:44:51.087+0000][1099278][trace][gc,age      ] GC(73) - age   2:       3208 bytes,      11840 total
[2025-08-28T13:44:51.087+0000][1099278][trace][gc,age      ] GC(73) - age   3:        240 bytes,      12080 total
[2025-08-28T13:44:51.087+0000][1099278][trace][gc,age      ] GC(73) - age   4:        296 bytes,      12376 total
[2025-08-28T13:44:51.087+0000][1099278][trace][gc,age      ] GC(73) - age   6:        176 bytes,      12552 total
[2025-08-28T13:44:51.087+0000][1099278][trace][gc,age      ] GC(73) - age   7:        296 bytes,      12848 total
[2025-08-28T13:44:51.087+0000][1099278][trace][gc,age      ] GC(73) - age  12:        584 bytes,      13432 total
[2025-08-28T13:44:51.087+0000][1099278][trace][gc,age      ] GC(73) - age  13:        136 bytes,      13568 total
[2025-08-28T13:44:51.087+0000][1099278][trace][gc,age      ] GC(73) - age  14:         96 bytes,      13664 total
[2025-08-28T13:44:51.087+0000][1099278][info ][gc,heap     ] GC(73) Eden regions: 75->0(75)
[2025-08-28T13:44:51.087+0000][1099278][info ][gc,heap     ] GC(73) Survivor regions: 1->1(10)
[2025-08-28T13:44:51.087+0000][1099278][info ][gc,heap     ] GC(73) Old regions: 25->25
[2025-08-28T13:44:51.087+0000][1099278][info ][gc,heap     ] GC(73) Humongous regions: 0->0
[2025-08-28T13:44:51.087+0000][1099278][info ][gc,metaspace] GC(73) Metaspace: 139499K(143424K)->139499K(143424K) NonClass: 120495K(122560K)->120495K(122560K) Class: 19004K(20864K)->19004K(20864K)
[2025-08-28T13:44:51.087+0000][1099278][info ][gc          ] GC(73) Pause Young (Normal) (G1 Evacuation Pause) 398M->98M(512M) 1.918ms
[2025-08-28T13:44:51.087+0000][1099278][info ][gc,cpu      ] GC(73) User=0.00s Sys=0.00s Real=0.00s
[2025-08-28T13:44:51.087+0000][1099278][info ][safepoint   ] Safepoint "G1CollectForAllocation", Time since last: 3101303157 ns, Reaching safepoint: 905941 ns, Cleanup: 7101 ns, At safepoint: 2012463 ns, Total: 2925505 ns
[2025-08-28T13:44:54.010+0000][1099278][info ][gc,start    ] GC(74) Pause Young (Normal) (G1 Evacuation Pause)
[2025-08-28T13:44:54.010+0000][1099278][info ][gc,task     ] GC(74) Using 12 workers of 33 for evacuation
[2025-08-28T13:44:54.010+0000][1099278][debug][gc,age      ] GC(74) Desired survivor size 20971520 bytes, new threshold 15 (max threshold 15)
[2025-08-28T13:44:54.012+0000][1099278][info ][gc,phases   ] GC(74)   Pre Evacuate Collection Set: 0.2ms
[2025-08-28T13:44:54.012+0000][1099278][info ][gc,phases   ] GC(74)   Merge Heap Roots: 0.1ms
[2025-08-28T13:44:54.012+0000][1099278][info ][gc,phases   ] GC(74)   Evacuate Collection Set: 1.1ms
[2025-08-28T13:44:54.012+0000][1099278][info ][gc,phases   ] GC(74)   Post Evacuate Collection Set: 0.3ms
[2025-08-28T13:44:54.012+0000][1099278][info ][gc,phases   ] GC(74)   Other: 0.1ms
[2025-08-28T13:44:54.012+0000][1099278][trace][gc,age      ] GC(74) Age table with threshold 15 (max threshold 15)
[2025-08-28T13:44:54.012+0000][1099278][trace][gc,age      ] GC(74) - age   1:     206656 bytes,     206656 total
[2025-08-28T13:44:54.012+0000][1099278][trace][gc,age      ] GC(74) - age   2:        760 bytes,     207416 total
[2025-08-28T13:44:54.012+0000][1099278][trace][gc,age      ] GC(74) - age   3:       2496 bytes,     209912 total
[2025-08-28T13:44:54.012+0000][1099278][trace][gc,age      ] GC(74) - age   4:        240 bytes,     210152 total
[2025-08-28T13:44:54.012+0000][1099278][trace][gc,age      ] GC(74) - age   7:        176 bytes,     210328 total
[2025-08-28T13:44:54.012+0000][1099278][trace][gc,age      ] GC(74) - age   8:        296 bytes,     210624 total
[2025-08-28T13:44:54.012+0000][1099278][trace][gc,age      ] GC(74) - age  13:        584 bytes,     211208 total
[2025-08-28T13:44:54.012+0000][1099278][trace][gc,age      ] GC(74) - age  14:        136 bytes,     211344 total
[2025-08-28T13:44:54.012+0000][1099278][trace][gc,age      ] GC(74) - age  15:         96 bytes,     211440 total
[2025-08-28T13:44:54.012+0000][1099278][info ][gc,heap     ] GC(74) Eden regions: 75->0(75)
[2025-08-28T13:44:54.012+0000][1099278][info ][gc,heap     ] GC(74) Survivor regions: 1->1(10)
[2025-08-28T13:44:54.012+0000][1099278][info ][gc,heap     ] GC(74) Old regions: 25->25
[2025-08-28T13:44:54.012+0000][1099278][info ][gc,heap     ] GC(74) Humongous regions: 0->0
[2025-08-28T13:44:54.012+0000][1099278][info ][gc,metaspace] GC(74) Metaspace: 139499K(143424K)->139499K(143424K) NonClass: 120495K(122560K)->120495K(122560K) Class: 19004K(20864K)->19004K(20864K)
[2025-08-28T13:44:54.012+0000][1099278][info ][gc          ] GC(74) Pause Young (Normal) (G1 Evacuation Pause) 398M->99M(512M) 1.876ms
[2025-08-28T13:44:54.012+0000][1099278][info ][gc,cpu      ] GC(74) User=0.01s Sys=0.00s Real=0.01s
[2025-08-28T13:44:54.012+0000][1099278][info ][safepoint   ] Safepoint "G1CollectForAllocation", Time since last: 2922031157 ns, Reaching safepoint: 887673 ns, Cleanup: 7071 ns, At safepoint: 1986485 ns, Total: 2881229 ns
[2025-08-28T13:44:55.497+0000][1099278][info ][safepoint   ] Safepoint "Cleanup", Time since last: 1484944620 ns, Reaching safepoint: 53220 ns, Cleanup: 18288 ns, At safepoint: 6830 ns, Total: 78338 ns
[2025-08-28T13:44:57.102+0000][1099278][info ][gc,start    ] GC(75) Pause Young (Normal) (G1 Evacuation Pause)
[2025-08-28T13:44:57.102+0000][1099278][info ][gc,task     ] GC(75) Using 12 workers of 33 for evacuation
[2025-08-28T13:44:57.102+0000][1099278][debug][gc,age      ] GC(75) Desired survivor size 20971520 bytes, new threshold 15 (max threshold 15)
[2025-08-28T13:44:57.104+0000][1099278][info ][gc,phases   ] GC(75)   Pre Evacuate Collection Set: 0.1ms
[2025-08-28T13:44:57.104+0000][1099278][info ][gc,phases   ] GC(75)   Merge Heap Roots: 0.1ms
[2025-08-28T13:44:57.104+0000][1099278][info ][gc,phases   ] GC(75)   Evacuate Collection Set: 1.2ms
[2025-08-28T13:44:57.104+0000][1099278][info ][gc,phases   ] GC(75)   Post Evacuate Collection Set: 0.3ms
[2025-08-28T13:44:57.104+0000][1099278][info ][gc,phases   ] GC(75)   Other: 0.1ms
[2025-08-28T13:44:57.104+0000][1099278][trace][gc,age      ] GC(75) Age table with threshold 15 (max threshold 15)
[2025-08-28T13:44:57.104+0000][1099278][trace][gc,age      ] GC(75) - age   1:     190384 bytes,     190384 total
[2025-08-28T13:44:57.104+0000][1099278][trace][gc,age      ] GC(75) - age   2:        712 bytes,     191096 total
[2025-08-28T13:44:57.104+0000][1099278][trace][gc,age      ] GC(75) - age   3:        312 bytes,     191408 total
[2025-08-28T13:44:57.104+0000][1099278][trace][gc,age      ] GC(75) - age   4:       2496 bytes,     193904 total
[2025-08-28T13:44:57.104+0000][1099278][trace][gc,age      ] GC(75) - age   8:        176 bytes,     194080 total
[2025-08-28T13:44:57.104+0000][1099278][trace][gc,age      ] GC(75) - age  14:        584 bytes,     194664 total
[2025-08-28T13:44:57.104+0000][1099278][trace][gc,age      ] GC(75) - age  15:        136 bytes,     194800 total
[2025-08-28T13:44:57.104+0000][1099278][info ][gc,heap     ] GC(75) Eden regions: 75->0(75)
[2025-08-28T13:44:57.104+0000][1099278][info ][gc,heap     ] GC(75) Survivor regions: 1->1(10)
[2025-08-28T13:44:57.104+0000][1099278][info ][gc,heap     ] GC(75) Old regions: 25->25
[2025-08-28T13:44:57.104+0000][1099278][info ][gc,heap     ] GC(75) Humongous regions: 0->0
[2025-08-28T13:44:57.104+0000][1099278][info ][gc,metaspace] GC(75) Metaspace: 139501K(143424K)->139501K(143424K) NonClass: 120497K(122560K)->120497K(122560K) Class: 19004K(20864K)->19004K(20864K)
[2025-08-28T13:44:57.104+0000][1099278][info ][gc          ] GC(75) Pause Young (Normal) (G1 Evacuation Pause) 399M->99M(512M) 1.980ms
[2025-08-28T13:44:57.104+0000][1099278][info ][gc,cpu      ] GC(75) User=0.00s Sys=0.01s Real=0.00s
[2025-08-28T13:44:57.104+0000][1099278][info ][safepoint   ] Safepoint "G1CollectForAllocation", Time since last: 1604240789 ns, Reaching safepoint: 934885 ns, Cleanup: 7201 ns, At safepoint: 2075748 ns, Total: 3017834 ns
[2025-08-28T13:45:00.742+0000][1099278][info ][gc,start    ] GC(76) Pause Young (Normal) (G1 Evacuation Pause)
[2025-08-28T13:45:00.742+0000][1099278][info ][gc,task     ] GC(76) Using 12 workers of 33 for evacuation
[2025-08-28T13:45:00.742+0000][1099278][debug][gc,age      ] GC(76) Desired survivor size 20971520 bytes, new threshold 15 (max threshold 15)
[2025-08-28T13:45:00.744+0000][1099278][info ][gc,phases   ] GC(76)   Pre Evacuate Collection Set: 0.2ms
[2025-08-28T13:45:00.744+0000][1099278][info ][gc,phases   ] GC(76)   Merge Heap Roots: 0.1ms
[2025-08-28T13:45:00.744+0000][1099278][info ][gc,phases   ] GC(76)   Evacuate Collection Set: 1.1ms
[2025-08-28T13:45:00.744+0000][1099278][info ][gc,phases   ] GC(76)   Post Evacuate Collection Set: 0.3ms
[2025-08-28T13:45:00.744+0000][1099278][info ][gc,phases   ] GC(76)   Other: 0.1ms
[2025-08-28T13:45:00.744+0000][1099278][trace][gc,age      ] GC(76) Age table with threshold 15 (max threshold 15)
[2025-08-28T13:45:00.744+0000][1099278][trace][gc,age      ] GC(76) - age   1:       7320 bytes,       7320 total
[2025-08-28T13:45:00.744+0000][1099278][trace][gc,age      ] GC(76) - age   2:        488 bytes,       7808 total
[2025-08-28T13:45:00.744+0000][1099278][trace][gc,age      ] GC(76) - age   4:        312 bytes,       8120 total
[2025-08-28T13:45:00.744+0000][1099278][trace][gc,age      ] GC(76) - age   5:       2496 bytes,      10616 total
[2025-08-28T13:45:00.744+0000][1099278][trace][gc,age      ] GC(76) - age   9:        176 bytes,      10792 total
[2025-08-28T13:45:00.744+0000][1099278][trace][gc,age      ] GC(76) - age  15:        584 bytes,      11376 total
[2025-08-28T13:45:00.744+0000][1099278][info ][gc,heap     ] GC(76) Eden regions: 75->0(75)
[2025-08-28T13:45:00.744+0000][1099278][info ][gc,heap     ] GC(76) Survivor regions: 1->1(10)
[2025-08-28T13:45:00.744+0000][1099278][info ][gc,heap     ] GC(76) Old regions: 25->25
[2025-08-28T13:45:00.744+0000][1099278][info ][gc,heap     ] GC(76) Humongous regions: 0->0
[2025-08-28T13:45:00.744+0000][1099278][info ][gc,metaspace] GC(76) Metaspace: 139501K(143424K)->139501K(143424K) NonClass: 120497K(122560K)->120497K(122560K) Class: 19004K(20864K)->19004K(20864K)
[2025-08-28T13:45:00.744+0000][1099278][info ][gc          ] GC(76) Pause Young (Normal) (G1 Evacuation Pause) 399M->98M(512M) 1.866ms
[2025-08-28T13:45:00.744+0000][1099278][info ][gc,cpu      ] GC(76) User=0.01s Sys=0.00s Real=0.00s
[2025-08-28T13:45:00.744+0000][1099278][info ][safepoint   ] Safepoint "G1CollectForAllocation", Time since last: 3638004333 ns, Reaching safepoint: 51758 ns, Cleanup: 6680 ns, At safepoint: 1965363 ns, Total: 2023801 ns
[2025-08-28T13:45:03.668+0000][1099278][info ][gc,start    ] GC(77) Pause Young (Normal) (G1 Evacuation Pause)
[2025-08-28T13:45:03.669+0000][1099278][info ][gc,task     ] GC(77) Using 12 workers of 33 for evacuation
[2025-08-28T13:45:03.669+0000][1099278][debug][gc,age      ] GC(77) Desired survivor size 20971520 bytes, new threshold 15 (max threshold 15)
[2025-08-28T13:45:03.670+0000][1099278][info ][gc,phases   ] GC(77)   Pre Evacuate Collection Set: 0.2ms
[2025-08-28T13:45:03.670+0000][1099278][info ][gc,phases   ] GC(77)   Merge Heap Roots: 0.1ms
[2025-08-28T13:45:03.670+0000][1099278][info ][gc,phases   ] GC(77)   Evacuate Collection Set: 1.0ms
[2025-08-28T13:45:03.670+0000][1099278][info ][gc,phases   ] GC(77)   Post Evacuate Collection Set: 0.3ms
[2025-08-28T13:45:03.670+0000][1099278][info ][gc,phases   ] GC(77)   Other: 0.1ms
[2025-08-28T13:45:03.670+0000][1099278][trace][gc,age      ] GC(77) Age table with threshold 15 (max threshold 15)
[2025-08-28T13:45:03.670+0000][1099278][trace][gc,age      ] GC(77) - age   1:     675384 bytes,     675384 total
[2025-08-28T13:45:03.670+0000][1099278][trace][gc,age      ] GC(77) - age   2:        696 bytes,     676080 total
[2025-08-28T13:45:03.670+0000][1099278][trace][gc,age      ] GC(77) - age   3:        488 bytes,     676568 total
[2025-08-28T13:45:03.670+0000][1099278][trace][gc,age      ] GC(77) - age   5:         64 bytes,     676632 total
[2025-08-28T13:45:03.670+0000][1099278][trace][gc,age      ] GC(77) - age   6:       2496 bytes,     679128 total
[2025-08-28T13:45:03.670+0000][1099278][info ][gc,heap     ] GC(77) Eden regions: 75->0(75)
[2025-08-28T13:45:03.670+0000][1099278][info ][gc,heap     ] GC(77) Survivor regions: 1->1(10)
[2025-08-28T13:45:03.670+0000][1099278][info ][gc,heap     ] GC(77) Old regions: 25->25
[2025-08-28T13:45:03.670+0000][1099278][info ][gc,heap     ] GC(77) Humongous regions: 0->0
[2025-08-28T13:45:03.670+0000][1099278][info ][gc,metaspace] GC(77) Metaspace: 139501K(143424K)->139501K(143424K) NonClass: 120497K(122560K)->120497K(122560K) Class: 19004K(20864K)->19004K(20864K)
[2025-08-28T13:45:03.670+0000][1099278][info ][gc          ] GC(77) Pause Young (Normal) (G1 Evacuation Pause) 398M->99M(512M) 1.764ms
[2025-08-28T13:45:03.670+0000][1099278][info ][gc,cpu      ] GC(77) User=0.01s Sys=0.00s Real=0.00s
[2025-08-28T13:45:03.670+0000][1099278][info ][safepoint   ] Safepoint "G1CollectForAllocation", Time since last: 2923425691 ns, Reaching safepoint: 676467 ns, Cleanup: 7100 ns, At safepoint: 1884402 ns, Total: 2567969 ns
[2025-08-28T13:45:06.763+0000][1099278][info ][gc,start    ] GC(78) Pause Young (Normal) (G1 Evacuation Pause)
[2025-08-28T13:45:06.763+0000][1099278][info ][gc,task     ] GC(78) Using 12 workers of 33 for evacuation
[2025-08-28T13:45:06.763+0000][1099278][debug][gc,age      ] GC(78) Desired survivor size 20971520 bytes, new threshold 15 (max threshold 15)
[2025-08-28T13:45:06.764+0000][1099278][info ][gc,phases   ] GC(78)   Pre Evacuate Collection Set: 0.2ms
[2025-08-28T13:45:06.764+0000][1099278][info ][gc,phases   ] GC(78)   Merge Heap Roots: 0.1ms
[2025-08-28T13:45:06.764+0000][1099278][info ][gc,phases   ] GC(78)   Evacuate Collection Set: 0.9ms
[2025-08-28T13:45:06.764+0000][1099278][info ][gc,phases   ] GC(78)   Post Evacuate Collection Set: 0.3ms
[2025-08-28T13:45:06.764+0000][1099278][info ][gc,phases   ] GC(78)   Other: 0.1ms
[2025-08-28T13:45:06.764+0000][1099278][trace][gc,age      ] GC(78) Age table with threshold 15 (max threshold 15)
[2025-08-28T13:45:06.764+0000][1099278][trace][gc,age      ] GC(78) - age   1:     676296 bytes,     676296 total
[2025-08-28T13:45:06.764+0000][1099278][trace][gc,age      ] GC(78) - age   2:       1088 bytes,     677384 total
[2025-08-28T13:45:06.764+0000][1099278][trace][gc,age      ] GC(78) - age   3:        248 bytes,     677632 total
[2025-08-28T13:45:06.764+0000][1099278][trace][gc,age      ] GC(78) - age   4:        248 bytes,     677880 total
[2025-08-28T13:45:06.764+0000][1099278][trace][gc,age      ] GC(78) - age   6:         64 bytes,     677944 total
[2025-08-28T13:45:06.764+0000][1099278][trace][gc,age      ] GC(78) - age   7:       2272 bytes,     680216 total
[2025-08-28T13:45:06.764+0000][1099278][info ][gc,heap     ] GC(78) Eden regions: 75->0(75)
[2025-08-28T13:45:06.764+0000][1099278][info ][gc,heap     ] GC(78) Survivor regions: 1->1(10)
[2025-08-28T13:45:06.764+0000][1099278][info ][gc,heap     ] GC(78) Old regions: 25->25
[2025-08-28T13:45:06.764+0000][1099278][info ][gc,heap     ] GC(78) Humongous regions: 0->0
[2025-08-28T13:45:06.764+0000][1099278][info ][gc,metaspace] GC(78) Metaspace: 139501K(143424K)->139501K(143424K) NonClass: 120497K(122560K)->120497K(122560K) Class: 19004K(20864K)->19004K(20864K)
[2025-08-28T13:45:06.764+0000][1099278][info ][gc          ] GC(78) Pause Young (Normal) (G1 Evacuation Pause) 399M->99M(512M) 1.599ms
[2025-08-28T13:45:06.764+0000][1099278][info ][gc,cpu      ] GC(78) User=0.01s Sys=0.01s Real=0.00s
[2025-08-28T13:45:06.764+0000][1099278][info ][safepoint   ] Safepoint "G1CollectForAllocation", Time since last: 3092276924 ns, Reaching safepoint: 51958 ns, Cleanup: 6550 ns, At safepoint: 1694156 ns, Total: 1752664 ns
[2025-08-28T13:45:07.764+0000][1099278][info ][safepoint   ] Safepoint "Cleanup", Time since last: 1000087579 ns, Reaching safepoint: 16274 ns, Cleanup: 20140 ns, At safepoint: 3766 ns, Total: 40180 ns
[2025-08-28T13:45:09.713+0000][1099278][info ][gc,start    ] GC(79) Pause Young (Normal) (G1 Evacuation Pause)
[2025-08-28T13:45:09.713+0000][1099278][info ][gc,task     ] GC(79) Using 12 workers of 33 for evacuation
[2025-08-28T13:45:09.713+0000][1099278][debug][gc,age      ] GC(79) Desired survivor size 20971520 bytes, new threshold 15 (max threshold 15)
[2025-08-28T13:45:09.715+0000][1099278][info ][gc,phases   ] GC(79)   Pre Evacuate Collection Set: 0.1ms
[2025-08-28T13:45:09.715+0000][1099278][info ][gc,phases   ] GC(79)   Merge Heap Roots: 0.1ms
[2025-08-28T13:45:09.715+0000][1099278][info ][gc,phases   ] GC(79)   Evacuate Collection Set: 1.1ms
[2025-08-28T13:45:09.715+0000][1099278][info ][gc,phases   ] GC(79)   Post Evacuate Collection Set: 0.3ms
[2025-08-28T13:45:09.715+0000][1099278][info ][gc,phases   ] GC(79)   Other: 0.1ms
[2025-08-28T13:45:09.715+0000][1099278][trace][gc,age      ] GC(79) Age table with threshold 15 (max threshold 15)
[2025-08-28T13:45:09.715+0000][1099278][trace][gc,age      ] GC(79) - age   1:       8584 bytes,       8584 total
[2025-08-28T13:45:09.715+0000][1099278][trace][gc,age      ] GC(79) - age   2:       2272 bytes,      10856 total
[2025-08-28T13:45:09.715+0000][1099278][trace][gc,age      ] GC(79) - age   3:        376 bytes,      11232 total
[2025-08-28T13:45:09.715+0000][1099278][trace][gc,age      ] GC(79) - age   4:        248 bytes,      11480 total
[2025-08-28T13:45:09.715+0000][1099278][trace][gc,age      ] GC(79) - age   5:        248 bytes,      11728 total
[2025-08-28T13:45:09.715+0000][1099278][trace][gc,age      ] GC(79) - age   7:         64 bytes,      11792 total
[2025-08-28T13:45:09.715+0000][1099278][trace][gc,age      ] GC(79) - age   8:       2272 bytes,      14064 total
[2025-08-28T13:45:09.715+0000][1099278][info ][gc,heap     ] GC(79) Eden regions: 75->0(75)
[2025-08-28T13:45:09.715+0000][1099278][info ][gc,heap     ] GC(79) Survivor regions: 1->1(10)
[2025-08-28T13:45:09.715+0000][1099278][info ][gc,heap     ] GC(79) Old regions: 25->25
[2025-08-28T13:45:09.715+0000][1099278][info ][gc,heap     ] GC(79) Humongous regions: 0->0
[2025-08-28T13:45:09.715+0000][1099278][info ][gc,metaspace] GC(79) Metaspace: 139501K(143424K)->139501K(143424K) NonClass: 120497K(122560K)->120497K(122560K) Class: 19004K(20864K)->19004K(20864K)
[2025-08-28T13:45:09.715+0000][1099278][info ][gc          ] GC(79) Pause Young (Normal) (G1 Evacuation Pause) 399M->98M(512M) 1.868ms
[2025-08-28T13:45:09.715+0000][1099278][info ][gc,cpu      ] GC(79) User=0.00s Sys=0.01s Real=0.00s
[2025-08-28T13:45:09.715+0000][1099278][info ][safepoint   ] Safepoint "G1CollectForAllocation", Time since last: 1947795699 ns, Reaching safepoint: 1035326 ns, Cleanup: 7611 ns, At safepoint: 1959434 ns, Total: 3002371 ns
[2025-08-28T13:45:12.786+0000][1099278][info ][gc,start    ] GC(80) Pause Young (Normal) (G1 Evacuation Pause)
[2025-08-28T13:45:12.786+0000][1099278][info ][gc,task     ] GC(80) Using 12 workers of 33 for evacuation
[2025-08-28T13:45:12.786+0000][1099278][debug][gc,age      ] GC(80) Desired survivor size 20971520 bytes, new threshold 15 (max threshold 15)
[2025-08-28T13:45:12.788+0000][1099278][info ][gc,phases   ] GC(80)   Pre Evacuate Collection Set: 0.2ms
[2025-08-28T13:45:12.788+0000][1099278][info ][gc,phases   ] GC(80)   Merge Heap Roots: 0.1ms
[2025-08-28T13:45:12.788+0000][1099278][info ][gc,phases   ] GC(80)   Evacuate Collection Set: 1.2ms
[2025-08-28T13:45:12.788+0000][1099278][info ][gc,phases   ] GC(80)   Post Evacuate Collection Set: 0.3ms
[2025-08-28T13:45:12.788+0000][1099278][info ][gc,phases   ] GC(80)   Other: 0.1ms
[2025-08-28T13:45:12.788+0000][1099278][trace][gc,age      ] GC(80) Age table with threshold 15 (max threshold 15)
[2025-08-28T13:45:12.788+0000][1099278][trace][gc,age      ] GC(80) - age   1:       8568 bytes,       8568 total
[2025-08-28T13:45:12.788+0000][1099278][trace][gc,age      ] GC(80) - age   2:        712 bytes,       9280 total
[2025-08-28T13:45:12.788+0000][1099278][trace][gc,age      ] GC(80) - age   3:       1824 bytes,      11104 total
[2025-08-28T13:45:12.788+0000][1099278][trace][gc,age      ] GC(80) - age   4:        376 bytes,      11480 total
[2025-08-28T13:45:12.788+0000][1099278][trace][gc,age      ] GC(80) - age   6:        248 bytes,      11728 total
[2025-08-28T13:45:12.788+0000][1099278][trace][gc,age      ] GC(80) - age   8:         64 bytes,      11792 total
[2025-08-28T13:45:12.788+0000][1099278][trace][gc,age      ] GC(80) - age   9:       2272 bytes,      14064 total
[2025-08-28T13:45:12.788+0000][1099278][info ][gc,heap     ] GC(80) Eden regions: 75->0(75)
[2025-08-28T13:45:12.788+0000][1099278][info ][gc,heap     ] GC(80) Survivor regions: 1->1(10)
[2025-08-28T13:45:12.788+0000][1099278][info ][gc,heap     ] GC(80) Old regions: 25->25
[2025-08-28T13:45:12.788+0000][1099278][info ][gc,heap     ] GC(80) Humongous regions: 0->0
[2025-08-28T13:45:12.788+0000][1099278][info ][gc,metaspace] GC(80) Metaspace: 139501K(143424K)->139501K(143424K) NonClass: 120497K(122560K)->120497K(122560K) Class: 19004K(20864K)->19004K(20864K)
[2025-08-28T13:45:12.788+0000][1099278][info ][gc          ] GC(80) Pause Young (Normal) (G1 Evacuation Pause) 398M->98M(512M) 1.963ms
[2025-08-28T13:45:12.788+0000][1099278][info ][gc,cpu      ] GC(80) User=0.01s Sys=0.00s Real=0.00s
[2025-08-28T13:45:12.788+0000][1099278][info ][safepoint   ] Safepoint "G1CollectForAllocation", Time since last: 3069876066 ns, Reaching safepoint: 968566 ns, Cleanup: 7671 ns, At safepoint: 2078313 ns, Total: 3054550 ns
[2025-08-28T13:45:15.886+0000][1099278][info ][gc,start    ] GC(81) Pause Young (Normal) (G1 Evacuation Pause)
[2025-08-28T13:45:15.886+0000][1099278][info ][gc,task     ] GC(81) Using 12 workers of 33 for evacuation
[2025-08-28T13:45:15.886+0000][1099278][debug][gc,age      ] GC(81) Desired survivor size 20971520 bytes, new threshold 15 (max threshold 15)
[2025-08-28T13:45:15.888+0000][1099278][info ][gc,phases   ] GC(81)   Pre Evacuate Collection Set: 0.2ms
[2025-08-28T13:45:15.888+0000][1099278][info ][gc,phases   ] GC(81)   Merge Heap Roots: 0.1ms
[2025-08-28T13:45:15.888+0000][1099278][info ][gc,phases   ] GC(81)   Evacuate Collection Set: 1.1ms
[2025-08-28T13:45:15.888+0000][1099278][info ][gc,phases   ] GC(81)   Post Evacuate Collection Set: 0.3ms
[2025-08-28T13:45:15.888+0000][1099278][info ][gc,phases   ] GC(81)   Other: 0.1ms
[2025-08-28T13:45:15.888+0000][1099278][trace][gc,age      ] GC(81) Age table with threshold 15 (max threshold 15)
[2025-08-28T13:45:15.888+0000][1099278][trace][gc,age      ] GC(81) - age   1:       9832 bytes,       9832 total
[2025-08-28T13:45:15.888+0000][1099278][trace][gc,age      ] GC(81) - age   2:        696 bytes,      10528 total
[2025-08-28T13:45:15.888+0000][1099278][trace][gc,age      ] GC(81) - age   4:       1336 bytes,      11864 total
[2025-08-28T13:45:15.888+0000][1099278][trace][gc,age      ] GC(81) - age   5:        376 bytes,      12240 total
[2025-08-28T13:45:15.888+0000][1099278][trace][gc,age      ] GC(81) - age   7:        248 bytes,      12488 total
[2025-08-28T13:45:15.888+0000][1099278][trace][gc,age      ] GC(81) - age   9:         32 bytes,      12520 total
[2025-08-28T13:45:15.888+0000][1099278][trace][gc,age      ] GC(81) - age  10:       1496 bytes,      14016 total
[2025-08-28T13:45:15.888+0000][1099278][info ][gc,heap     ] GC(81) Eden regions: 75->0(75)
[2025-08-28T13:45:15.888+0000][1099278][info ][gc,heap     ] GC(81) Survivor regions: 1->1(10)
[2025-08-28T13:45:15.888+0000][1099278][info ][gc,heap     ] GC(81) Old regions: 25->25
[2025-08-28T13:45:15.888+0000][1099278][info ][gc,heap     ] GC(81) Humongous regions: 0->0
[2025-08-28T13:45:15.888+0000][1099278][info ][gc,metaspace] GC(81) Metaspace: 139501K(143424K)->139501K(143424K) NonClass: 120497K(122560K)->120497K(122560K) Class: 19004K(20864K)->19004K(20864K)
[2025-08-28T13:45:15.888+0000][1099278][info ][gc          ] GC(81) Pause Young (Normal) (G1 Evacuation Pause) 398M->98M(512M) 1.892ms
[2025-08-28T13:45:15.888+0000][1099278][info ][gc,cpu      ] GC(81) User=0.01s Sys=0.00s Real=0.00s
[2025-08-28T13:45:15.888+0000][1099278][info ][safepoint   ] Safepoint "G1CollectForAllocation", Time since last: 3096941423 ns, Reaching safepoint: 875205 ns, Cleanup: 7191 ns, At safepoint: 1989298 ns, Total: 2871694 ns
[2025-08-28T13:45:17.698+0000][1099278][info ][safepoint   ] Safepoint "Cleanup", Time since last: 1809905693 ns, Reaching safepoint: 90215 ns, Cleanup: 25208 ns, At safepoint: 3806 ns, Total: 119229 ns
[2025-08-28T13:45:18.700+0000][1099278][info ][safepoint   ] Safepoint "Cleanup", Time since last: 1000153654 ns, Reaching safepoint: 2132844 ns, Cleanup: 17517 ns, At safepoint: 8763 ns, Total: 2159124 ns
[2025-08-28T13:45:18.850+0000][1099278][info ][gc,start    ] GC(82) Pause Young (Normal) (G1 Evacuation Pause)
[2025-08-28T13:45:18.850+0000][1099278][info ][gc,task     ] GC(82) Using 12 workers of 33 for evacuation
[2025-08-28T13:45:18.850+0000][1099278][debug][gc,age      ] GC(82) Desired survivor size 20971520 bytes, new threshold 15 (max threshold 15)
[2025-08-28T13:45:18.854+0000][1099278][info ][gc,phases   ] GC(82)   Pre Evacuate Collection Set: 0.4ms
[2025-08-28T13:45:18.854+0000][1099278][info ][gc,phases   ] GC(82)   Merge Heap Roots: 0.1ms
[2025-08-28T13:45:18.854+0000][1099278][info ][gc,phases   ] GC(82)   Evacuate Collection Set: 2.3ms
[2025-08-28T13:45:18.854+0000][1099278][info ][gc,phases   ] GC(82)   Post Evacuate Collection Set: 0.4ms
[2025-08-28T13:45:18.854+0000][1099278][info ][gc,phases   ] GC(82)   Other: 0.1ms
[2025-08-28T13:45:18.854+0000][1099278][trace][gc,age      ] GC(82) Age table with threshold 15 (max threshold 15)
[2025-08-28T13:45:18.854+0000][1099278][trace][gc,age      ] GC(82) - age   1:     659976 bytes,     659976 total
[2025-08-28T13:45:18.854+0000][1099278][trace][gc,age      ] GC(82) - age   2:       1152 bytes,     661128 total
[2025-08-28T13:45:18.854+0000][1099278][trace][gc,age      ] GC(82) - age   3:        248 bytes,     661376 total
[2025-08-28T13:45:18.854+0000][1099278][trace][gc,age      ] GC(82) - age   5:       1336 bytes,     662712 total
[2025-08-28T13:45:18.854+0000][1099278][trace][gc,age      ] GC(82) - age   6:        376 bytes,     663088 total
[2025-08-28T13:45:18.854+0000][1099278][trace][gc,age      ] GC(82) - age   8:        248 bytes,     663336 total
[2025-08-28T13:45:18.854+0000][1099278][trace][gc,age      ] GC(82) - age  10:         32 bytes,     663368 total
[2025-08-28T13:45:18.854+0000][1099278][trace][gc,age      ] GC(82) - age  11:        760 bytes,     664128 total
[2025-08-28T13:45:18.854+0000][1099278][info ][gc,heap     ] GC(82) Eden regions: 75->0(75)
[2025-08-28T13:45:18.854+0000][1099278][info ][gc,heap     ] GC(82) Survivor regions: 1->1(10)
[2025-08-28T13:45:18.854+0000][1099278][info ][gc,heap     ] GC(82) Old regions: 25->25
[2025-08-28T13:45:18.854+0000][1099278][info ][gc,heap     ] GC(82) Humongous regions: 0->0
[2025-08-28T13:45:18.854+0000][1099278][info ][gc,metaspace] GC(82) Metaspace: 139503K(143424K)->139503K(143424K) NonClass: 120499K(122560K)->120499K(122560K) Class: 19004K(20864K)->19004K(20864K)
[2025-08-28T13:45:18.854+0000][1099278][info ][gc          ] GC(82) Pause Young (Normal) (G1 Evacuation Pause) 398M->99M(512M) 3.420ms
[2025-08-28T13:45:18.854+0000][1099278][info ][gc,cpu      ] GC(82) User=0.01s Sys=0.01s Real=0.01s
[2025-08-28T13:45:18.854+0000][1099278][info ][safepoint   ] Safepoint "G1CollectForAllocation", Time since last: 145774439 ns, Reaching safepoint: 4186970 ns, Cleanup: 7391 ns, At safepoint: 3526348 ns, Total: 7720709 ns
[2025-08-28T13:45:21.719+0000][1099278][info ][gc,start    ] GC(83) Pause Young (Normal) (G1 Evacuation Pause)
[2025-08-28T13:45:21.719+0000][1099278][info ][gc,task     ] GC(83) Using 12 workers of 33 for evacuation
[2025-08-28T13:45:21.719+0000][1099278][debug][gc,age      ] GC(83) Desired survivor size 20971520 bytes, new threshold 15 (max threshold 15)
[2025-08-28T13:45:21.720+0000][1099278][info ][gc,phases   ] GC(83)   Pre Evacuate Collection Set: 0.1ms
[2025-08-28T13:45:21.720+0000][1099278][info ][gc,phases   ] GC(83)   Merge Heap Roots: 0.1ms
[2025-08-28T13:45:21.720+0000][1099278][info ][gc,phases   ] GC(83)   Evacuate Collection Set: 1.0ms
[2025-08-28T13:45:21.720+0000][1099278][info ][gc,phases   ] GC(83)   Post Evacuate Collection Set: 0.3ms
[2025-08-28T13:45:21.720+0000][1099278][info ][gc,phases   ] GC(83)   Other: 0.1ms
[2025-08-28T13:45:21.720+0000][1099278][trace][gc,age      ] GC(83) Age table with threshold 15 (max threshold 15)
[2025-08-28T13:45:21.720+0000][1099278][trace][gc,age      ] GC(83) - age   1:       7872 bytes,       7872 total
[2025-08-28T13:45:21.720+0000][1099278][trace][gc,age      ] GC(83) - age   2:       2464 bytes,      10336 total
[2025-08-28T13:45:21.720+0000][1099278][trace][gc,age      ] GC(83) - age   3:       1152 bytes,      11488 total
[2025-08-28T13:45:21.720+0000][1099278][trace][gc,age      ] GC(83) - age   4:        248 bytes,      11736 total
[2025-08-28T13:45:21.720+0000][1099278][trace][gc,age      ] GC(83) - age   6:       1336 bytes,      13072 total
[2025-08-28T13:45:21.720+0000][1099278][trace][gc,age      ] GC(83) - age   7:        376 bytes,      13448 total
[2025-08-28T13:45:21.720+0000][1099278][trace][gc,age      ] GC(83) - age   9:        248 bytes,      13696 total
[2025-08-28T13:45:21.720+0000][1099278][trace][gc,age      ] GC(83) - age  11:         32 bytes,      13728 total
[2025-08-28T13:45:21.720+0000][1099278][trace][gc,age      ] GC(83) - age  12:        760 bytes,      14488 total
[2025-08-28T13:45:21.720+0000][1099278][info ][gc,heap     ] GC(83) Eden regions: 75->0(75)
[2025-08-28T13:45:21.720+0000][1099278][info ][gc,heap     ] GC(83) Survivor regions: 1->1(10)
[2025-08-28T13:45:21.721+0000][1099278][info ][gc,heap     ] GC(83) Old regions: 25->25
[2025-08-28T13:45:21.721+0000][1099278][info ][gc,heap     ] GC(83) Humongous regions: 0->0
[2025-08-28T13:45:21.721+0000][1099278][info ][gc,metaspace] GC(83) Metaspace: 139503K(143424K)->139503K(143424K) NonClass: 120499K(122560K)->120499K(122560K) Class: 19004K(20864K)->19004K(20864K)
[2025-08-28T13:45:21.721+0000][1099278][info ][gc          ] GC(83) Pause Young (Normal) (G1 Evacuation Pause) 399M->98M(512M) 1.678ms
[2025-08-28T13:45:21.721+0000][1099278][info ][gc,cpu      ] GC(83) User=0.01s Sys=0.00s Real=0.00s
[2025-08-28T13:45:21.721+0000][1099278][info ][safepoint   ] Safepoint "G1CollectForAllocation", Time since last: 2864084003 ns, Reaching safepoint: 901855 ns, Cleanup: 7080 ns, At safepoint: 1774156 ns, Total: 2683091 ns
[2025-08-28T13:45:24.797+0000][1099278][info ][gc,start    ] GC(84) Pause Young (Normal) (G1 Evacuation Pause)
[2025-08-28T13:45:24.797+0000][1099278][info ][gc,task     ] GC(84) Using 12 workers of 33 for evacuation
[2025-08-28T13:45:24.797+0000][1099278][debug][gc,age      ] GC(84) Desired survivor size 20971520 bytes, new threshold 15 (max threshold 15)
[2025-08-28T13:45:24.798+0000][1099278][info ][gc,phases   ] GC(84)   Pre Evacuate Collection Set: 0.1ms
[2025-08-28T13:45:24.798+0000][1099278][info ][gc,phases   ] GC(84)   Merge Heap Roots: 0.1ms
[2025-08-28T13:45:24.798+0000][1099278][info ][gc,phases   ] GC(84)   Evacuate Collection Set: 0.9ms
[2025-08-28T13:45:24.798+0000][1099278][info ][gc,phases   ] GC(84)   Post Evacuate Collection Set: 0.3ms
[2025-08-28T13:45:24.798+0000][1099278][info ][gc,phases   ] GC(84)   Other: 0.1ms
[2025-08-28T13:45:24.798+0000][1099278][trace][gc,age      ] GC(84) Age table with threshold 15 (max threshold 15)
[2025-08-28T13:45:24.798+0000][1099278][trace][gc,age      ] GC(84) - age   1:       9280 bytes,       9280 total
[2025-08-28T13:45:24.798+0000][1099278][trace][gc,age      ] GC(84) - age   3:       1056 bytes,      10336 total
[2025-08-28T13:45:24.798+0000][1099278][trace][gc,age      ] GC(84) - age   4:       1152 bytes,      11488 total
[2025-08-28T13:45:24.798+0000][1099278][trace][gc,age      ] GC(84) - age   5:        248 bytes,      11736 total
[2025-08-28T13:45:24.798+0000][1099278][trace][gc,age      ] GC(84) - age   7:       1336 bytes,      13072 total
[2025-08-28T13:45:24.798+0000][1099278][trace][gc,age      ] GC(84) - age   8:        376 bytes,      13448 total
[2025-08-28T13:45:24.798+0000][1099278][trace][gc,age      ] GC(84) - age  10:        248 bytes,      13696 total
[2025-08-28T13:45:24.798+0000][1099278][trace][gc,age      ] GC(84) - age  12:         32 bytes,      13728 total
[2025-08-28T13:45:24.798+0000][1099278][trace][gc,age      ] GC(84) - age  13:        760 bytes,      14488 total
[2025-08-28T13:45:24.798+0000][1099278][info ][gc,heap     ] GC(84) Eden regions: 75->0(75)
[2025-08-28T13:45:24.798+0000][1099278][info ][gc,heap     ] GC(84) Survivor regions: 1->1(10)
[2025-08-28T13:45:24.798+0000][1099278][info ][gc,heap     ] GC(84) Old regions: 25->25
[2025-08-28T13:45:24.798+0000][1099278][info ][gc,heap     ] GC(84) Humongous regions: 0->0
[2025-08-28T13:45:24.798+0000][1099278][info ][gc,metaspace] GC(84) Metaspace: 139506K(143424K)->139506K(143424K) NonClass: 120502K(122560K)->120502K(122560K) Class: 19004K(20864K)->19004K(20864K)
[2025-08-28T13:45:24.798+0000][1099278][info ][gc          ] GC(84) Pause Young (Normal) (G1 Evacuation Pause) 398M->98M(512M) 1.674ms
[2025-08-28T13:45:24.798+0000][1099278][info ][gc,cpu      ] GC(84) User=0.01s Sys=0.00s Real=0.00s
[2025-08-28T13:45:24.798+0000][1099278][info ][safepoint   ] Safepoint "G1CollectForAllocation", Time since last: 3075070124 ns, Reaching safepoint: 959131 ns, Cleanup: 7772 ns, At safepoint: 1786584 ns, Total: 2753487 ns
[2025-08-28T13:45:27.746+0000][1099278][info ][gc,start    ] GC(85) Pause Young (Normal) (G1 Evacuation Pause)
[2025-08-28T13:45:27.747+0000][1099278][info ][gc,task     ] GC(85) Using 12 workers of 33 for evacuation
[2025-08-28T13:45:27.747+0000][1099278][debug][gc,age      ] GC(85) Desired survivor size 20971520 bytes, new threshold 15 (max threshold 15)
[2025-08-28T13:45:27.748+0000][1099278][info ][gc,phases   ] GC(85)   Pre Evacuate Collection Set: 0.2ms
[2025-08-28T13:45:27.748+0000][1099278][info ][gc,phases   ] GC(85)   Merge Heap Roots: 0.1ms
[2025-08-28T13:45:27.748+0000][1099278][info ][gc,phases   ] GC(85)   Evacuate Collection Set: 0.9ms
[2025-08-28T13:45:27.748+0000][1099278][info ][gc,phases   ] GC(85)   Post Evacuate Collection Set: 0.3ms
[2025-08-28T13:45:27.748+0000][1099278][info ][gc,phases   ] GC(85)   Other: 0.1ms
[2025-08-28T13:45:27.748+0000][1099278][trace][gc,age      ] GC(85) Age table with threshold 15 (max threshold 15)
[2025-08-28T13:45:27.748+0000][1099278][trace][gc,age      ] GC(85) - age   1:       8368 bytes,       8368 total
[2025-08-28T13:45:27.748+0000][1099278][trace][gc,age      ] GC(85) - age   2:       1408 bytes,       9776 total
[2025-08-28T13:45:27.748+0000][1099278][trace][gc,age      ] GC(85) - age   4:       1056 bytes,      10832 total
[2025-08-28T13:45:27.748+0000][1099278][trace][gc,age      ] GC(85) - age   5:        880 bytes,      11712 total
[2025-08-28T13:45:27.748+0000][1099278][trace][gc,age      ] GC(85) - age   6:        248 bytes,      11960 total
[2025-08-28T13:45:27.748+0000][1099278][trace][gc,age      ] GC(85) - age   8:       1112 bytes,      13072 total
[2025-08-28T13:45:27.748+0000][1099278][trace][gc,age      ] GC(85) - age   9:        376 bytes,      13448 total
[2025-08-28T13:45:27.748+0000][1099278][trace][gc,age      ] GC(85) - age  11:        248 bytes,      13696 total
[2025-08-28T13:45:27.748+0000][1099278][trace][gc,age      ] GC(85) - age  13:         32 bytes,      13728 total
[2025-08-28T13:45:27.748+0000][1099278][trace][gc,age      ] GC(85) - age  14:        760 bytes,      14488 total
[2025-08-28T13:45:27.748+0000][1099278][info ][gc,heap     ] GC(85) Eden regions: 75->0(75)
[2025-08-28T13:45:27.748+0000][1099278][info ][gc,heap     ] GC(85) Survivor regions: 1->1(10)
[2025-08-28T13:45:27.748+0000][1099278][info ][gc,heap     ] GC(85) Old regions: 25->25
[2025-08-28T13:45:27.748+0000][1099278][info ][gc,heap     ] GC(85) Humongous regions: 0->0
[2025-08-28T13:45:27.748+0000][1099278][info ][gc,metaspace] GC(85) Metaspace: 139506K(143424K)->139506K(143424K) NonClass: 120502K(122560K)->120502K(122560K) Class: 19004K(20864K)->19004K(20864K)
[2025-08-28T13:45:27.748+0000][1099278][info ][gc          ] GC(85) Pause Young (Normal) (G1 Evacuation Pause) 398M->98M(512M) 1.683ms
[2025-08-28T13:45:27.748+0000][1099278][info ][gc,cpu      ] GC(85) User=0.00s Sys=0.01s Real=0.00s
[2025-08-28T13:45:27.748+0000][1099278][info ][safepoint   ] Safepoint "G1CollectForAllocation", Time since last: 2947149128 ns, Reaching safepoint: 872070 ns, Cleanup: 7672 ns, At safepoint: 1777860 ns, Total: 2657602 ns
[2025-08-28T13:45:28.821+0000][1099278][info ][safepoint   ] Safepoint "Cleanup", Time since last: 1072810944 ns, Reaching safepoint: 16825 ns, Cleanup: 19249 ns, At safepoint: 3645 ns, Total: 39719 ns
[2025-08-28T13:45:31.051+0000][1099278][info ][gc,start    ] GC(86) Pause Young (Normal) (G1 Evacuation Pause)
[2025-08-28T13:45:31.051+0000][1099278][info ][gc,task     ] GC(86) Using 12 workers of 33 for evacuation
[2025-08-28T13:45:31.051+0000][1099278][debug][gc,age      ] GC(86) Desired survivor size 20971520 bytes, new threshold 15 (max threshold 15)
[2025-08-28T13:45:31.052+0000][1099278][info ][gc,phases   ] GC(86)   Pre Evacuate Collection Set: 0.1ms
[2025-08-28T13:45:31.052+0000][1099278][info ][gc,phases   ] GC(86)   Merge Heap Roots: 0.1ms
[2025-08-28T13:45:31.052+0000][1099278][info ][gc,phases   ] GC(86)   Evacuate Collection Set: 0.9ms
[2025-08-28T13:45:31.052+0000][1099278][info ][gc,phases   ] GC(86)   Post Evacuate Collection Set: 0.3ms
[2025-08-28T13:45:31.052+0000][1099278][info ][gc,phases   ] GC(86)   Other: 0.1ms
[2025-08-28T13:45:31.052+0000][1099278][trace][gc,age      ] GC(86) Age table with threshold 15 (max threshold 15)
[2025-08-28T13:45:31.052+0000][1099278][trace][gc,age      ] GC(86) - age   1:     642872 bytes,     642872 total
[2025-08-28T13:45:31.052+0000][1099278][trace][gc,age      ] GC(86) - age   2:        496 bytes,     643368 total
[2025-08-28T13:45:31.052+0000][1099278][trace][gc,age      ] GC(86) - age   5:       1056 bytes,     644424 total
[2025-08-28T13:45:31.052+0000][1099278][trace][gc,age      ] GC(86) - age   6:        880 bytes,     645304 total
[2025-08-28T13:45:31.052+0000][1099278][trace][gc,age      ] GC(86) - age   7:        248 bytes,     645552 total
[2025-08-28T13:45:31.052+0000][1099278][trace][gc,age      ] GC(86) - age   9:       1112 bytes,     646664 total
[2025-08-28T13:45:31.052+0000][1099278][trace][gc,age      ] GC(86) - age  10:        376 bytes,     647040 total
[2025-08-28T13:45:31.052+0000][1099278][trace][gc,age      ] GC(86) - age  12:        248 bytes,     647288 total
[2025-08-28T13:45:31.052+0000][1099278][trace][gc,age      ] GC(86) - age  14:         32 bytes,     647320 total
[2025-08-28T13:45:31.052+0000][1099278][trace][gc,age      ] GC(86) - age  15:        760 bytes,     648080 total
[2025-08-28T13:45:31.052+0000][1099278][info ][gc,heap     ] GC(86) Eden regions: 75->0(75)
[2025-08-28T13:45:31.052+0000][1099278][info ][gc,heap     ] GC(86) Survivor regions: 1->1(10)
[2025-08-28T13:45:31.052+0000][1099278][info ][gc,heap     ] GC(86) Old regions: 25->25
[2025-08-28T13:45:31.052+0000][1099278][info ][gc,heap     ] GC(86) Humongous regions: 0->0
[2025-08-28T13:45:31.052+0000][1099278][info ][gc,metaspace] GC(86) Metaspace: 139506K(143424K)->139506K(143424K) NonClass: 120502K(122560K)->120502K(122560K) Class: 19004K(20864K)->19004K(20864K)
[2025-08-28T13:45:31.052+0000][1099278][info ][gc          ] GC(86) Pause Young (Normal) (G1 Evacuation Pause) 398M->99M(512M) 1.690ms
[2025-08-28T13:45:31.052+0000][1099278][info ][gc,cpu      ] GC(86) User=0.01s Sys=0.00s Real=0.00s
[2025-08-28T13:45:31.052+0000][1099278][info ][safepoint   ] Safepoint "G1CollectForAllocation", Time since last: 2229141586 ns, Reaching safepoint: 402605 ns, Cleanup: 7190 ns, At safepoint: 1778272 ns, Total: 2188067 ns
[2025-08-28T13:45:34.144+0000][1099278][info ][gc,start    ] GC(87) Pause Young (Normal) (G1 Evacuation Pause)
[2025-08-28T13:45:34.144+0000][1099278][info ][gc,task     ] GC(87) Using 12 workers of 33 for evacuation
[2025-08-28T13:45:34.144+0000][1099278][debug][gc,age      ] GC(87) Desired survivor size 20971520 bytes, new threshold 15 (max threshold 15)
[2025-08-28T13:45:34.146+0000][1099278][info ][gc,phases   ] GC(87)   Pre Evacuate Collection Set: 0.1ms
[2025-08-28T13:45:34.146+0000][1099278][info ][gc,phases   ] GC(87)   Merge Heap Roots: 0.1ms
[2025-08-28T13:45:34.146+0000][1099278][info ][gc,phases   ] GC(87)   Evacuate Collection Set: 1.0ms
[2025-08-28T13:45:34.146+0000][1099278][info ][gc,phases   ] GC(87)   Post Evacuate Collection Set: 0.3ms
[2025-08-28T13:45:34.146+0000][1099278][info ][gc,phases   ] GC(87)   Other: 0.1ms
[2025-08-28T13:45:34.146+0000][1099278][trace][gc,age      ] GC(87) Age table with threshold 15 (max threshold 15)
[2025-08-28T13:45:34.146+0000][1099278][trace][gc,age      ] GC(87) - age   1:     125024 bytes,     125024 total
[2025-08-28T13:45:34.146+0000][1099278][trace][gc,age      ] GC(87) - age   2:        248 bytes,     125272 total
[2025-08-28T13:45:34.146+0000][1099278][trace][gc,age      ] GC(87) - age   3:        496 bytes,     125768 total
[2025-08-28T13:45:34.146+0000][1099278][trace][gc,age      ] GC(87) - age   6:       1056 bytes,     126824 total
[2025-08-28T13:45:34.146+0000][1099278][trace][gc,age      ] GC(87) - age   7:        880 bytes,     127704 total
[2025-08-28T13:45:34.146+0000][1099278][trace][gc,age      ] GC(87) - age  10:       1112 bytes,     128816 total
[2025-08-28T13:45:34.146+0000][1099278][trace][gc,age      ] GC(87) - age  11:        200 bytes,     129016 total
[2025-08-28T13:45:34.146+0000][1099278][trace][gc,age      ] GC(87) - age  13:        248 bytes,     129264 total
[2025-08-28T13:45:34.146+0000][1099278][trace][gc,age      ] GC(87) - age  15:         32 bytes,     129296 total
[2025-08-28T13:45:34.146+0000][1099278][info ][gc,heap     ] GC(87) Eden regions: 75->0(75)
[2025-08-28T13:45:34.146+0000][1099278][info ][gc,heap     ] GC(87) Survivor regions: 1->1(10)
[2025-08-28T13:45:34.146+0000][1099278][info ][gc,heap     ] GC(87) Old regions: 25->25
[2025-08-28T13:45:34.146+0000][1099278][info ][gc,heap     ] GC(87) Humongous regions: 0->0
[2025-08-28T13:45:34.146+0000][1099278][info ][gc,metaspace] GC(87) Metaspace: 139508K(143424K)->139508K(143424K) NonClass: 120504K(122560K)->120504K(122560K) Class: 19004K(20864K)->19004K(20864K)
[2025-08-28T13:45:34.146+0000][1099278][info ][gc          ] GC(87) Pause Young (Normal) (G1 Evacuation Pause) 399M->99M(512M) 1.764ms
[2025-08-28T13:45:34.146+0000][1099278][info ][gc,cpu      ] GC(87) User=0.00s Sys=0.00s Real=0.00s
[2025-08-28T13:45:34.146+0000][1099278][info ][safepoint   ] Safepoint "G1CollectForAllocation", Time since last: 3091522723 ns, Reaching safepoint: 274552 ns, Cleanup: 7672 ns, At safepoint: 1858882 ns, Total: 2141106 ns
[2025-08-28T13:45:37.095+0000][1099278][info ][gc,start    ] GC(88) Pause Young (Normal) (G1 Evacuation Pause)
[2025-08-28T13:45:37.095+0000][1099278][info ][gc,task     ] GC(88) Using 12 workers of 33 for evacuation
[2025-08-28T13:45:37.095+0000][1099278][debug][gc,age      ] GC(88) Desired survivor size 20971520 bytes, new threshold 15 (max threshold 15)
[2025-08-28T13:45:37.097+0000][1099278][info ][gc,phases   ] GC(88)   Pre Evacuate Collection Set: 0.1ms
[2025-08-28T13:45:37.097+0000][1099278][info ][gc,phases   ] GC(88)   Merge Heap Roots: 0.1ms
[2025-08-28T13:45:37.097+0000][1099278][info ][gc,phases   ] GC(88)   Evacuate Collection Set: 1.2ms
[2025-08-28T13:45:37.097+0000][1099278][info ][gc,phases   ] GC(88)   Post Evacuate Collection Set: 0.3ms
[2025-08-28T13:45:37.097+0000][1099278][info ][gc,phases   ] GC(88)   Other: 0.1ms
[2025-08-28T13:45:37.097+0000][1099278][trace][gc,age      ] GC(88) Age table with threshold 15 (max threshold 15)
[2025-08-28T13:45:37.097+0000][1099278][trace][gc,age      ] GC(88) - age   1:       8112 bytes,       8112 total
[2025-08-28T13:45:37.097+0000][1099278][trace][gc,age      ] GC(88) - age   2:       1584 bytes,       9696 total
[2025-08-28T13:45:37.097+0000][1099278][trace][gc,age      ] GC(88) - age   3:        248 bytes,       9944 total
[2025-08-28T13:45:37.097+0000][1099278][trace][gc,age      ] GC(88) - age   4:        256 bytes,      10200 total
[2025-08-28T13:45:37.097+0000][1099278][trace][gc,age      ] GC(88) - age   7:       1056 bytes,      11256 total
[2025-08-28T13:45:37.097+0000][1099278][trace][gc,age      ] GC(88) - age   8:        880 bytes,      12136 total
[2025-08-28T13:45:37.097+0000][1099278][trace][gc,age      ] GC(88) - age  11:       1112 bytes,      13248 total
[2025-08-28T13:45:37.097+0000][1099278][trace][gc,age      ] GC(88) - age  12:        200 bytes,      13448 total
[2025-08-28T13:45:37.097+0000][1099278][trace][gc,age      ] GC(88) - age  14:        248 bytes,      13696 total
[2025-08-28T13:45:37.097+0000][1099278][info ][gc,heap     ] GC(88) Eden regions: 75->0(75)
[2025-08-28T13:45:37.097+0000][1099278][info ][gc,heap     ] GC(88) Survivor regions: 1->1(10)
[2025-08-28T13:45:37.097+0000][1099278][info ][gc,heap     ] GC(88) Old regions: 25->25
[2025-08-28T13:45:37.097+0000][1099278][info ][gc,heap     ] GC(88) Humongous regions: 0->0
[2025-08-28T13:45:37.097+0000][1099278][info ][gc,metaspace] GC(88) Metaspace: 139508K(143424K)->139508K(143424K) NonClass: 120504K(122560K)->120504K(122560K) Class: 19004K(20864K)->19004K(20864K)
[2025-08-28T13:45:37.097+0000][1099278][info ][gc          ] GC(88) Pause Young (Normal) (G1 Evacuation Pause) 399M->98M(512M) 1.952ms
[2025-08-28T13:45:37.097+0000][1099278][info ][gc,cpu      ] GC(88) User=0.01s Sys=0.00s Real=0.00s
[2025-08-28T13:45:37.097+0000][1099278][info ][safepoint   ] Safepoint "G1CollectForAllocation", Time since last: 2947784132 ns, Reaching safepoint: 906432 ns, Cleanup: 6860 ns, At safepoint: 2041858 ns, Total: 2955150 ns
[2025-08-28T13:45:39.097+0000][1099278][info ][safepoint   ] Safepoint "Cleanup", Time since last: 2000172376 ns, Reaching safepoint: 15964 ns, Cleanup: 18277 ns, At safepoint: 3536 ns, Total: 37777 ns
[2025-08-28T13:45:40.168+0000][1099278][info ][gc,start    ] GC(89) Pause Young (Normal) (G1 Evacuation Pause)
[2025-08-28T13:45:40.168+0000][1099278][info ][gc,task     ] GC(89) Using 12 workers of 33 for evacuation
[2025-08-28T13:45:40.168+0000][1099278][debug][gc,age      ] GC(89) Desired survivor size 20971520 bytes, new threshold 15 (max threshold 15)
[2025-08-28T13:45:40.170+0000][1099278][info ][gc,phases   ] GC(89)   Pre Evacuate Collection Set: 0.1ms
[2025-08-28T13:45:40.170+0000][1099278][info ][gc,phases   ] GC(89)   Merge Heap Roots: 0.1ms
[2025-08-28T13:45:40.170+0000][1099278][info ][gc,phases   ] GC(89)   Evacuate Collection Set: 1.3ms
[2025-08-28T13:45:40.170+0000][1099278][info ][gc,phases   ] GC(89)   Post Evacuate Collection Set: 0.3ms
[2025-08-28T13:45:40.170+0000][1099278][info ][gc,phases   ] GC(89)   Other: 0.1ms
[2025-08-28T13:45:40.170+0000][1099278][trace][gc,age      ] GC(89) Age table with threshold 15 (max threshold 15)
[2025-08-28T13:45:40.170+0000][1099278][trace][gc,age      ] GC(89) - age   1:       9352 bytes,       9352 total
[2025-08-28T13:45:40.170+0000][1099278][trace][gc,age      ] GC(89) - age   2:        240 bytes,       9592 total
[2025-08-28T13:45:40.170+0000][1099278][trace][gc,age      ] GC(89) - age   3:        176 bytes,       9768 total
[2025-08-28T13:45:40.170+0000][1099278][trace][gc,age      ] GC(89) - age   4:        248 bytes,      10016 total
[2025-08-28T13:45:40.170+0000][1099278][trace][gc,age      ] GC(89) - age   5:        256 bytes,      10272 total
[2025-08-28T13:45:40.170+0000][1099278][trace][gc,age      ] GC(89) - age   8:       1056 bytes,      11328 total
[2025-08-28T13:45:40.170+0000][1099278][trace][gc,age      ] GC(89) - age   9:        880 bytes,      12208 total
[2025-08-28T13:45:40.170+0000][1099278][trace][gc,age      ] GC(89) - age  12:       1112 bytes,      13320 total
[2025-08-28T13:45:40.170+0000][1099278][trace][gc,age      ] GC(89) - age  13:        200 bytes,      13520 total
[2025-08-28T13:45:40.170+0000][1099278][trace][gc,age      ] GC(89) - age  15:        248 bytes,      13768 total
[2025-08-28T13:45:40.170+0000][1099278][info ][gc,heap     ] GC(89) Eden regions: 75->0(75)
[2025-08-28T13:45:40.170+0000][1099278][info ][gc,heap     ] GC(89) Survivor regions: 1->1(10)
[2025-08-28T13:45:40.170+0000][1099278][info ][gc,heap     ] GC(89) Old regions: 25->25
[2025-08-28T13:45:40.170+0000][1099278][info ][gc,heap     ] GC(89) Humongous regions: 0->0
[2025-08-28T13:45:40.170+0000][1099278][info ][gc,metaspace] GC(89) Metaspace: 139509K(143424K)->139509K(143424K) NonClass: 120505K(122560K)->120505K(122560K) Class: 19004K(20864K)->19004K(20864K)
[2025-08-28T13:45:40.170+0000][1099278][info ][gc          ] GC(89) Pause Young (Normal) (G1 Evacuation Pause) 398M->98M(512M) 2.052ms
[2025-08-28T13:45:40.170+0000][1099278][info ][gc,cpu      ] GC(89) User=0.00s Sys=0.01s Real=0.00s
[2025-08-28T13:45:40.170+0000][1099278][info ][safepoint   ] Safepoint "G1CollectForAllocation", Time since last: 1070414312 ns, Reaching safepoint: 201333 ns, Cleanup: 7040 ns, At safepoint: 2143340 ns, Total: 2351713 ns
[2025-08-28T13:45:43.088+0000][1099278][info ][gc,start    ] GC(90) Pause Young (Normal) (G1 Evacuation Pause)
[2025-08-28T13:45:43.089+0000][1099278][info ][gc,task     ] GC(90) Using 12 workers of 33 for evacuation
[2025-08-28T13:45:43.089+0000][1099278][debug][gc,age      ] GC(90) Desired survivor size 20971520 bytes, new threshold 15 (max threshold 15)
[2025-08-28T13:45:43.090+0000][1099278][info ][gc,phases   ] GC(90)   Pre Evacuate Collection Set: 0.2ms
[2025-08-28T13:45:43.090+0000][1099278][info ][gc,phases   ] GC(90)   Merge Heap Roots: 0.1ms
[2025-08-28T13:45:43.090+0000][1099278][info ][gc,phases   ] GC(90)   Evacuate Collection Set: 1.3ms
[2025-08-28T13:45:43.090+0000][1099278][info ][gc,phases   ] GC(90)   Post Evacuate Collection Set: 0.3ms
[2025-08-28T13:45:43.090+0000][1099278][info ][gc,phases   ] GC(90)   Other: 0.1ms
[2025-08-28T13:45:43.090+0000][1099278][trace][gc,age      ] GC(90) Age table with threshold 15 (max threshold 15)
[2025-08-28T13:45:43.090+0000][1099278][trace][gc,age      ] GC(90) - age   1:       8584 bytes,       8584 total
[2025-08-28T13:45:43.090+0000][1099278][trace][gc,age      ] GC(90) - age   2:        696 bytes,       9280 total
[2025-08-28T13:45:43.090+0000][1099278][trace][gc,age      ] GC(90) - age   3:        240 bytes,       9520 total
[2025-08-28T13:45:43.090+0000][1099278][trace][gc,age      ] GC(90) - age   4:        176 bytes,       9696 total
[2025-08-28T13:45:43.090+0000][1099278][trace][gc,age      ] GC(90) - age   6:        256 bytes,       9952 total
[2025-08-28T13:45:43.090+0000][1099278][trace][gc,age      ] GC(90) - age   9:       1056 bytes,      11008 total
[2025-08-28T13:45:43.090+0000][1099278][trace][gc,age      ] GC(90) - age  10:        880 bytes,      11888 total
[2025-08-28T13:45:43.090+0000][1099278][trace][gc,age      ] GC(90) - age  13:       1112 bytes,      13000 total
[2025-08-28T13:45:43.090+0000][1099278][trace][gc,age      ] GC(90) - age  14:        200 bytes,      13200 total
[2025-08-28T13:45:43.090+0000][1099278][info ][gc,heap     ] GC(90) Eden regions: 75->0(75)
[2025-08-28T13:45:43.090+0000][1099278][info ][gc,heap     ] GC(90) Survivor regions: 1->1(10)
[2025-08-28T13:45:43.090+0000][1099278][info ][gc,heap     ] GC(90) Old regions: 25->25
[2025-08-28T13:45:43.090+0000][1099278][info ][gc,heap     ] GC(90) Humongous regions: 0->0
[2025-08-28T13:45:43.090+0000][1099278][info ][gc,metaspace] GC(90) Metaspace: 139509K(143424K)->139509K(143424K) NonClass: 120505K(122560K)->120505K(122560K) Class: 19004K(20864K)->19004K(20864K)
[2025-08-28T13:45:43.090+0000][1099278][info ][gc          ] GC(90) Pause Young (Normal) (G1 Evacuation Pause) 398M->98M(512M) 1.988ms
[2025-08-28T13:45:43.090+0000][1099278][info ][gc,cpu      ] GC(90) User=0.01s Sys=0.00s Real=0.00s
[2025-08-28T13:45:43.090+0000][1099278][info ][safepoint   ] Safepoint "G1CollectForAllocation", Time since last: 2917725823 ns, Reaching safepoint: 938841 ns, Cleanup: 7281 ns, At safepoint: 2082138 ns, Total: 3028260 ns
[2025-08-28T13:45:46.091+0000][1099278][info ][safepoint   ] Safepoint "Cleanup", Time since last: 3000249936 ns, Reaching safepoint: 15793 ns, Cleanup: 18348 ns, At safepoint: 4076 ns, Total: 38217 ns
[2025-08-28T13:45:46.201+0000][1099278][info ][gc,start    ] GC(91) Pause Young (Normal) (G1 Evacuation Pause)
[2025-08-28T13:45:46.201+0000][1099278][info ][gc,task     ] GC(91) Using 12 workers of 33 for evacuation
[2025-08-28T13:45:46.201+0000][1099278][debug][gc,age      ] GC(91) Desired survivor size 20971520 bytes, new threshold 15 (max threshold 15)
[2025-08-28T13:45:46.202+0000][1099278][info ][gc,phases   ] GC(91)   Pre Evacuate Collection Set: 0.1ms
[2025-08-28T13:45:46.203+0000][1099278][info ][gc,phases   ] GC(91)   Merge Heap Roots: 0.0ms
[2025-08-28T13:45:46.203+0000][1099278][info ][gc,phases   ] GC(91)   Evacuate Collection Set: 1.3ms
[2025-08-28T13:45:46.203+0000][1099278][info ][gc,phases   ] GC(91)   Post Evacuate Collection Set: 0.3ms
[2025-08-28T13:45:46.203+0000][1099278][info ][gc,phases   ] GC(91)   Other: 0.1ms
[2025-08-28T13:45:46.203+0000][1099278][trace][gc,age      ] GC(91) Age table with threshold 15 (max threshold 15)
[2025-08-28T13:45:46.203+0000][1099278][trace][gc,age      ] GC(91) - age   1:     274928 bytes,     274928 total
[2025-08-28T13:45:46.203+0000][1099278][trace][gc,age      ] GC(91) - age   2:        712 bytes,     275640 total
[2025-08-28T13:45:46.203+0000][1099278][trace][gc,age      ] GC(91) - age   3:        696 bytes,     276336 total
[2025-08-28T13:45:46.203+0000][1099278][trace][gc,age      ] GC(91) - age   5:        176 bytes,     276512 total
[2025-08-28T13:45:46.203+0000][1099278][trace][gc,age      ] GC(91) - age   7:        256 bytes,     276768 total
[2025-08-28T13:45:46.203+0000][1099278][trace][gc,age      ] GC(91) - age  10:        480 bytes,     277248 total
[2025-08-28T13:45:46.203+0000][1099278][trace][gc,age      ] GC(91) - age  11:        224 bytes,     277472 total
[2025-08-28T13:45:46.203+0000][1099278][trace][gc,age      ] GC(91) - age  14:       1112 bytes,     278584 total
[2025-08-28T13:45:46.203+0000][1099278][trace][gc,age      ] GC(91) - age  15:        200 bytes,     278784 total
[2025-08-28T13:45:46.203+0000][1099278][info ][gc,heap     ] GC(91) Eden regions: 75->0(75)
[2025-08-28T13:45:46.203+0000][1099278][info ][gc,heap     ] GC(91) Survivor regions: 1->1(10)
[2025-08-28T13:45:46.203+0000][1099278][info ][gc,heap     ] GC(91) Old regions: 25->25
[2025-08-28T13:45:46.203+0000][1099278][info ][gc,heap     ] GC(91) Humongous regions: 0->0
[2025-08-28T13:45:46.203+0000][1099278][info ][gc,metaspace] GC(91) Metaspace: 139515K(143424K)->139515K(143424K) NonClass: 120511K(122560K)->120511K(122560K) Class: 19004K(20864K)->19004K(20864K)
[2025-08-28T13:45:46.203+0000][1099278][info ][gc          ] GC(91) Pause Young (Normal) (G1 Evacuation Pause) 398M->99M(512M) 1.958ms
[2025-08-28T13:45:46.203+0000][1099278][info ][gc,cpu      ] GC(91) User=0.00s Sys=0.00s Real=0.00s
[2025-08-28T13:45:46.203+0000][1099278][info ][safepoint   ] Safepoint "G1CollectForAllocation", Time since last: 109189785 ns, Reaching safepoint: 584638 ns, Cleanup: 7231 ns, At safepoint: 2053776 ns, Total: 2645645 ns
[2025-08-28T13:45:49.314+0000][1099278][info ][gc,start    ] GC(92) Pause Young (Normal) (G1 Evacuation Pause)
[2025-08-28T13:45:49.314+0000][1099278][info ][gc,task     ] GC(92) Using 12 workers of 33 for evacuation
[2025-08-28T13:45:49.314+0000][1099278][debug][gc,age      ] GC(92) Desired survivor size 20971520 bytes, new threshold 15 (max threshold 15)
[2025-08-28T13:45:49.317+0000][1099278][info ][gc,phases   ] GC(92)   Pre Evacuate Collection Set: 0.3ms
[2025-08-28T13:45:49.317+0000][1099278][info ][gc,phases   ] GC(92)   Merge Heap Roots: 0.1ms
[2025-08-28T13:45:49.317+0000][1099278][info ][gc,phases   ] GC(92)   Evacuate Collection Set: 2.1ms
[2025-08-28T13:45:49.317+0000][1099278][info ][gc,phases   ] GC(92)   Post Evacuate Collection Set: 0.5ms
[2025-08-28T13:45:49.317+0000][1099278][info ][gc,phases   ] GC(92)   Other: 0.1ms
[2025-08-28T13:45:49.317+0000][1099278][trace][gc,age      ] GC(92) Age table with threshold 15 (max threshold 15)
[2025-08-28T13:45:49.317+0000][1099278][trace][gc,age      ] GC(92) - age   1:     676760 bytes,     676760 total
[2025-08-28T13:45:49.317+0000][1099278][trace][gc,age      ] GC(92) - age   2:       2944 bytes,     679704 total
[2025-08-28T13:45:49.317+0000][1099278][trace][gc,age      ] GC(92) - age   4:        248 bytes,     679952 total
[2025-08-28T13:45:49.317+0000][1099278][trace][gc,age      ] GC(92) - age   6:        176 bytes,     680128 total
[2025-08-28T13:45:49.317+0000][1099278][trace][gc,age      ] GC(92) - age   8:         32 bytes,     680160 total
[2025-08-28T13:45:49.317+0000][1099278][trace][gc,age      ] GC(92) - age  11:        112 bytes,     680272 total
[2025-08-28T13:45:49.317+0000][1099278][trace][gc,age      ] GC(92) - age  12:        224 bytes,     680496 total
[2025-08-28T13:45:49.317+0000][1099278][trace][gc,age      ] GC(92) - age  15:       1112 bytes,     681608 total
[2025-08-28T13:45:49.317+0000][1099278][info ][gc,heap     ] GC(92) Eden regions: 75->0(75)
[2025-08-28T13:45:49.317+0000][1099278][info ][gc,heap     ] GC(92) Survivor regions: 1->1(10)
[2025-08-28T13:45:49.317+0000][1099278][info ][gc,heap     ] GC(92) Old regions: 25->25
[2025-08-28T13:45:49.317+0000][1099278][info ][gc,heap     ] GC(92) Humongous regions: 0->0
[2025-08-28T13:45:49.317+0000][1099278][info ][gc,metaspace] GC(92) Metaspace: 139515K(143424K)->139515K(143424K) NonClass: 120511K(122560K)->120511K(122560K) Class: 19004K(20864K)->19004K(20864K)
[2025-08-28T13:45:49.317+0000][1099278][info ][gc          ] GC(92) Pause Young (Normal) (G1 Evacuation Pause) 399M->99M(512M) 3.118ms
[2025-08-28T13:45:49.317+0000][1099278][info ][gc,cpu      ] GC(92) User=0.00s Sys=0.02s Real=0.00s
[2025-08-28T13:45:49.317+0000][1099278][info ][safepoint   ] Safepoint "G1CollectForAllocation", Time since last: 3110551130 ns, Reaching safepoint: 597608 ns, Cleanup: 3936 ns, At safepoint: 3193678 ns, Total: 3795222 ns
[2025-08-28T13:45:52.056+0000][1099278][info ][gc,start    ] GC(93) Pause Young (Normal) (G1 Evacuation Pause)
[2025-08-28T13:45:52.056+0000][1099278][info ][gc,task     ] GC(93) Using 12 workers of 33 for evacuation
[2025-08-28T13:45:52.056+0000][1099278][debug][gc,age      ] GC(93) Desired survivor size 20971520 bytes, new threshold 15 (max threshold 15)
[2025-08-28T13:45:52.057+0000][1099278][info ][gc,phases   ] GC(93)   Pre Evacuate Collection Set: 0.1ms
[2025-08-28T13:45:52.057+0000][1099278][info ][gc,phases   ] GC(93)   Merge Heap Roots: 0.1ms
[2025-08-28T13:45:52.057+0000][1099278][info ][gc,phases   ] GC(93)   Evacuate Collection Set: 1.1ms
[2025-08-28T13:45:52.057+0000][1099278][info ][gc,phases   ] GC(93)   Post Evacuate Collection Set: 0.3ms
[2025-08-28T13:45:52.057+0000][1099278][info ][gc,phases   ] GC(93)   Other: 0.1ms
[2025-08-28T13:45:52.057+0000][1099278][trace][gc,age      ] GC(93) Age table with threshold 15 (max threshold 15)
[2025-08-28T13:45:52.057+0000][1099278][trace][gc,age      ] GC(93) - age   1:     641064 bytes,     641064 total
[2025-08-28T13:45:52.057+0000][1099278][trace][gc,age      ] GC(93) - age   2:       2032 bytes,     643096 total
[2025-08-28T13:45:52.057+0000][1099278][trace][gc,age      ] GC(93) - age   3:       2944 bytes,     646040 total
[2025-08-28T13:45:52.057+0000][1099278][trace][gc,age      ] GC(93) - age   5:        248 bytes,     646288 total
[2025-08-28T13:45:52.057+0000][1099278][trace][gc,age      ] GC(93) - age   7:        176 bytes,     646464 total
[2025-08-28T13:45:52.057+0000][1099278][trace][gc,age      ] GC(93) - age   9:         32 bytes,     646496 total
[2025-08-28T13:45:52.057+0000][1099278][trace][gc,age      ] GC(93) - age  12:        112 bytes,     646608 total
[2025-08-28T13:45:52.057+0000][1099278][trace][gc,age      ] GC(93) - age  13:        224 bytes,     646832 total
[2025-08-28T13:45:52.057+0000][1099278][info ][gc,heap     ] GC(93) Eden regions: 75->0(75)
[2025-08-28T13:45:52.057+0000][1099278][info ][gc,heap     ] GC(93) Survivor regions: 1->1(10)
[2025-08-28T13:45:52.057+0000][1099278][info ][gc,heap     ] GC(93) Old regions: 25->25
[2025-08-28T13:45:52.057+0000][1099278][info ][gc,heap     ] GC(93) Humongous regions: 0->0
[2025-08-28T13:45:52.057+0000][1099278][info ][gc,metaspace] GC(93) Metaspace: 139515K(143424K)->139515K(143424K) NonClass: 120511K(122560K)->120511K(122560K) Class: 19004K(20864K)->19004K(20864K)
[2025-08-28T13:45:52.057+0000][1099278][info ][gc          ] GC(93) Pause Young (Normal) (G1 Evacuation Pause) 399M->99M(512M) 1.745ms
[2025-08-28T13:45:52.057+0000][1099278][info ][gc,cpu      ] GC(93) User=0.01s Sys=0.00s Real=0.00s
[2025-08-28T13:45:52.057+0000][1099278][info ][safepoint   ] Safepoint "G1CollectForAllocation", Time since last: 2738353377 ns, Reaching safepoint: 257557 ns, Cleanup: 4607 ns, At safepoint: 1818832 ns, Total: 2080996 ns
[2025-08-28T13:45:55.030+0000][1099278][info ][safepoint   ] Safepoint "Cleanup", Time since last: 2972685884 ns, Reaching safepoint: 14582 ns, Cleanup: 10506 ns, At safepoint: 2584 ns, Total: 27672 ns
[2025-08-28T13:45:55.195+0000][1099278][info ][gc,start    ] GC(94) Pause Young (Normal) (G1 Evacuation Pause)
[2025-08-28T13:45:55.195+0000][1099278][info ][gc,task     ] GC(94) Using 12 workers of 33 for evacuation
[2025-08-28T13:45:55.195+0000][1099278][debug][gc,age      ] GC(94) Desired survivor size 20971520 bytes, new threshold 15 (max threshold 15)
[2025-08-28T13:45:55.197+0000][1099278][info ][gc,phases   ] GC(94)   Pre Evacuate Collection Set: 0.1ms
[2025-08-28T13:45:55.197+0000][1099278][info ][gc,phases   ] GC(94)   Merge Heap Roots: 0.1ms
[2025-08-28T13:45:55.197+0000][1099278][info ][gc,phases   ] GC(94)   Evacuate Collection Set: 1.3ms
[2025-08-28T13:45:55.197+0000][1099278][info ][gc,phases   ] GC(94)   Post Evacuate Collection Set: 0.3ms
[2025-08-28T13:45:55.197+0000][1099278][info ][gc,phases   ] GC(94)   Other: 0.1ms
[2025-08-28T13:45:55.197+0000][1099278][trace][gc,age      ] GC(94) Age table with threshold 15 (max threshold 15)
[2025-08-28T13:45:55.197+0000][1099278][trace][gc,age      ] GC(94) - age   1:       9520 bytes,       9520 total
[2025-08-28T13:45:55.197+0000][1099278][trace][gc,age      ] GC(94) - age   2:         32 bytes,       9552 total
[2025-08-28T13:45:55.197+0000][1099278][trace][gc,age      ] GC(94) - age   3:        872 bytes,      10424 total
[2025-08-28T13:45:55.197+0000][1099278][trace][gc,age      ] GC(94) - age   4:       2704 bytes,      13128 total
[2025-08-28T13:45:55.197+0000][1099278][trace][gc,age      ] GC(94) - age   8:        176 bytes,      13304 total
[2025-08-28T13:45:55.197+0000][1099278][trace][gc,age      ] GC(94) - age  10:         32 bytes,      13336 total
[2025-08-28T13:45:55.197+0000][1099278][trace][gc,age      ] GC(94) - age  13:        112 bytes,      13448 total
[2025-08-28T13:45:55.197+0000][1099278][trace][gc,age      ] GC(94) - age  14:        224 bytes,      13672 total
[2025-08-28T13:45:55.197+0000][1099278][info ][gc,heap     ] GC(94) Eden regions: 75->0(75)
[2025-08-28T13:45:55.197+0000][1099278][info ][gc,heap     ] GC(94) Survivor regions: 1->1(10)
[2025-08-28T13:45:55.197+0000][1099278][info ][gc,heap     ] GC(94) Old regions: 25->25
[2025-08-28T13:45:55.197+0000][1099278][info ][gc,heap     ] GC(94) Humongous regions: 0->0
[2025-08-28T13:45:55.197+0000][1099278][info ][gc,metaspace] GC(94) Metaspace: 139515K(143424K)->139515K(143424K) NonClass: 120511K(122560K)->120511K(122560K) Class: 19004K(20864K)->19004K(20864K)
[2025-08-28T13:45:55.197+0000][1099278][info ][gc          ] GC(94) Pause Young (Normal) (G1 Evacuation Pause) 399M->98M(512M) 1.919ms
[2025-08-28T13:45:55.197+0000][1099278][info ][gc,cpu      ] GC(94) User=0.01s Sys=0.00s Real=0.00s
[2025-08-28T13:45:55.197+0000][1099278][info ][safepoint   ] Safepoint "G1CollectForAllocation", Time since last: 164206421 ns, Reaching safepoint: 827673 ns, Cleanup: 3876 ns, At safepoint: 1991692 ns, Total: 2823241 ns
[2025-08-28T13:45:58.121+0000][1099278][info ][gc,start    ] GC(95) Pause Young (Normal) (G1 Evacuation Pause)
[2025-08-28T13:45:58.121+0000][1099278][info ][gc,task     ] GC(95) Using 12 workers of 33 for evacuation
[2025-08-28T13:45:58.121+0000][1099278][debug][gc,age      ] GC(95) Desired survivor size 20971520 bytes, new threshold 15 (max threshold 15)
[2025-08-28T13:45:58.122+0000][1099278][info ][gc,phases   ] GC(95)   Pre Evacuate Collection Set: 0.1ms
[2025-08-28T13:45:58.122+0000][1099278][info ][gc,phases   ] GC(95)   Merge Heap Roots: 0.1ms
[2025-08-28T13:45:58.122+0000][1099278][info ][gc,phases   ] GC(95)   Evacuate Collection Set: 0.9ms
[2025-08-28T13:45:58.122+0000][1099278][info ][gc,phases   ] GC(95)   Post Evacuate Collection Set: 0.3ms
[2025-08-28T13:45:58.122+0000][1099278][info ][gc,phases   ] GC(95)   Other: 0.1ms
[2025-08-28T13:45:58.122+0000][1099278][trace][gc,age      ] GC(95) Age table with threshold 15 (max threshold 15)
[2025-08-28T13:45:58.122+0000][1099278][trace][gc,age      ] GC(95) - age   1:     711968 bytes,     711968 total
[2025-08-28T13:45:58.122+0000][1099278][trace][gc,age      ] GC(95) - age   2:        688 bytes,     712656 total
[2025-08-28T13:45:58.122+0000][1099278][trace][gc,age      ] GC(95) - age   3:         32 bytes,     712688 total
[2025-08-28T13:45:58.122+0000][1099278][trace][gc,age      ] GC(95) - age   4:        872 bytes,     713560 total
[2025-08-28T13:45:58.122+0000][1099278][trace][gc,age      ] GC(95) - age   5:       2704 bytes,     716264 total
[2025-08-28T13:45:58.122+0000][1099278][trace][gc,age      ] GC(95) - age   9:        176 bytes,     716440 total
[2025-08-28T13:45:58.122+0000][1099278][trace][gc,age      ] GC(95) - age  11:         32 bytes,     716472 total
[2025-08-28T13:45:58.122+0000][1099278][trace][gc,age      ] GC(95) - age  14:        112 bytes,     716584 total
[2025-08-28T13:45:58.122+0000][1099278][trace][gc,age      ] GC(95) - age  15:        224 bytes,     716808 total
[2025-08-28T13:45:58.122+0000][1099278][info ][gc,heap     ] GC(95) Eden regions: 75->0(75)
[2025-08-28T13:45:58.122+0000][1099278][info ][gc,heap     ] GC(95) Survivor regions: 1->1(10)
[2025-08-28T13:45:58.122+0000][1099278][info ][gc,heap     ] GC(95) Old regions: 25->25
[2025-08-28T13:45:58.122+0000][1099278][info ][gc,heap     ] GC(95) Humongous regions: 0->0
[2025-08-28T13:45:58.122+0000][1099278][info ][gc,metaspace] GC(95) Metaspace: 139515K(143424K)->139515K(143424K) NonClass: 120511K(122560K)->120511K(122560K) Class: 19004K(20864K)->19004K(20864K)
[2025-08-28T13:45:58.122+0000][1099278][info ][gc          ] GC(95) Pause Young (Normal) (G1 Evacuation Pause) 398M->99M(512M) 1.589ms
[2025-08-28T13:45:58.122+0000][1099278][info ][gc,cpu      ] GC(95) User=0.01s Sys=0.00s Real=0.00s
[2025-08-28T13:45:58.122+0000][1099278][info ][safepoint   ] Safepoint "G1CollectForAllocation", Time since last: 2922487847 ns, Reaching safepoint: 893793 ns, Cleanup: 3966 ns, At safepoint: 1668527 ns, Total: 2566286 ns
[2025-08-28T13:46:01.416+0000][1099278][info ][gc,start    ] GC(96) Pause Young (Normal) (G1 Evacuation Pause)
[2025-08-28T13:46:01.417+0000][1099278][info ][gc,task     ] GC(96) Using 12 workers of 33 for evacuation
[2025-08-28T13:46:01.417+0000][1099278][debug][gc,age      ] GC(96) Desired survivor size 20971520 bytes, new threshold 15 (max threshold 15)
[2025-08-28T13:46:01.418+0000][1099278][info ][gc,phases   ] GC(96)   Pre Evacuate Collection Set: 0.1ms
[2025-08-28T13:46:01.418+0000][1099278][info ][gc,phases   ] GC(96)   Merge Heap Roots: 0.1ms
[2025-08-28T13:46:01.418+0000][1099278][info ][gc,phases   ] GC(96)   Evacuate Collection Set: 1.0ms
[2025-08-28T13:46:01.418+0000][1099278][info ][gc,phases   ] GC(96)   Post Evacuate Collection Set: 0.3ms
[2025-08-28T13:46:01.418+0000][1099278][info ][gc,phases   ] GC(96)   Other: 0.0ms
[2025-08-28T13:46:01.418+0000][1099278][trace][gc,age      ] GC(96) Age table with threshold 15 (max threshold 15)
[2025-08-28T13:46:01.418+0000][1099278][trace][gc,age      ] GC(96) - age   1:       8568 bytes,       8568 total
[2025-08-28T13:46:01.418+0000][1099278][trace][gc,age      ] GC(96) - age   2:        712 bytes,       9280 total
[2025-08-28T13:46:01.418+0000][1099278][trace][gc,age      ] GC(96) - age   3:        240 bytes,       9520 total
[2025-08-28T13:46:01.418+0000][1099278][trace][gc,age      ] GC(96) - age   4:         32 bytes,       9552 total
[2025-08-28T13:46:01.418+0000][1099278][trace][gc,age      ] GC(96) - age   5:        872 bytes,      10424 total
[2025-08-28T13:46:01.418+0000][1099278][trace][gc,age      ] GC(96) - age   6:       2704 bytes,      13128 total
[2025-08-28T13:46:01.418+0000][1099278][trace][gc,age      ] GC(96) - age  10:        176 bytes,      13304 total
[2025-08-28T13:46:01.418+0000][1099278][trace][gc,age      ] GC(96) - age  12:         32 bytes,      13336 total
[2025-08-28T13:46:01.418+0000][1099278][trace][gc,age      ] GC(96) - age  15:        112 bytes,      13448 total
[2025-08-28T13:46:01.418+0000][1099278][info ][gc,heap     ] GC(96) Eden regions: 75->0(75)
[2025-08-28T13:46:01.418+0000][1099278][info ][gc,heap     ] GC(96) Survivor regions: 1->1(10)
[2025-08-28T13:46:01.418+0000][1099278][info ][gc,heap     ] GC(96) Old regions: 25->25
[2025-08-28T13:46:01.418+0000][1099278][info ][gc,heap     ] GC(96) Humongous regions: 0->0
[2025-08-28T13:46:01.418+0000][1099278][info ][gc,metaspace] GC(96) Metaspace: 139516K(143424K)->139516K(143424K) NonClass: 120512K(122560K)->120512K(122560K) Class: 19004K(20864K)->19004K(20864K)
[2025-08-28T13:46:01.418+0000][1099278][info ][gc          ] GC(96) Pause Young (Normal) (G1 Evacuation Pause) 399M->99M(512M) 1.629ms
[2025-08-28T13:46:01.418+0000][1099278][info ][gc,cpu      ] GC(96) User=0.01s Sys=0.00s Real=0.00s
[2025-08-28T13:46:01.418+0000][1099278][info ][safepoint   ] Safepoint "G1CollectForAllocation", Time since last: 3291104601 ns, Reaching safepoint: 3131094 ns, Cleanup: 3876 ns, At safepoint: 1700645 ns, Total: 4835615 ns
[2025-08-28T13:46:04.339+0000][1099278][info ][gc,start    ] GC(97) Pause Young (Normal) (G1 Evacuation Pause)
[2025-08-28T13:46:04.340+0000][1099278][info ][gc,task     ] GC(97) Using 12 workers of 33 for evacuation
[2025-08-28T13:46:04.340+0000][1099278][debug][gc,age      ] GC(97) Desired survivor size 20971520 bytes, new threshold 15 (max threshold 15)
[2025-08-28T13:46:04.341+0000][1099278][info ][gc,phases   ] GC(97)   Pre Evacuate Collection Set: 0.2ms
[2025-08-28T13:46:04.341+0000][1099278][info ][gc,phases   ] GC(97)   Merge Heap Roots: 0.1ms
[2025-08-28T13:46:04.341+0000][1099278][info ][gc,phases   ] GC(97)   Evacuate Collection Set: 1.0ms
[2025-08-28T13:46:04.341+0000][1099278][info ][gc,phases   ] GC(97)   Post Evacuate Collection Set: 0.3ms
[2025-08-28T13:46:04.341+0000][1099278][info ][gc,phases   ] GC(97)   Other: 0.0ms
[2025-08-28T13:46:04.341+0000][1099278][trace][gc,age      ] GC(97) Age table with threshold 15 (max threshold 15)
[2025-08-28T13:46:04.341+0000][1099278][trace][gc,age      ] GC(97) - age   1:     658752 bytes,     658752 total
[2025-08-28T13:46:04.341+0000][1099278][trace][gc,age      ] GC(97) - age   2:        448 bytes,     659200 total
[2025-08-28T13:46:04.341+0000][1099278][trace][gc,age      ] GC(97) - age   4:        240 bytes,     659440 total
[2025-08-28T13:46:04.341+0000][1099278][trace][gc,age      ] GC(97) - age   5:         32 bytes,     659472 total
[2025-08-28T13:46:04.341+0000][1099278][trace][gc,age      ] GC(97) - age   6:        872 bytes,     660344 total
[2025-08-28T13:46:04.341+0000][1099278][trace][gc,age      ] GC(97) - age   7:       2704 bytes,     663048 total
[2025-08-28T13:46:04.341+0000][1099278][trace][gc,age      ] GC(97) - age  13:         32 bytes,     663080 total
[2025-08-28T13:46:04.341+0000][1099278][info ][gc,heap     ] GC(97) Eden regions: 75->0(75)
[2025-08-28T13:46:04.341+0000][1099278][info ][gc,heap     ] GC(97) Survivor regions: 1->1(10)
[2025-08-28T13:46:04.341+0000][1099278][info ][gc,heap     ] GC(97) Old regions: 25->25
[2025-08-28T13:46:04.341+0000][1099278][info ][gc,heap     ] GC(97) Humongous regions: 0->0
[2025-08-28T13:46:04.341+0000][1099278][info ][gc,metaspace] GC(97) Metaspace: 139517K(143424K)->139517K(143424K) NonClass: 120513K(122560K)->120513K(122560K) Class: 19004K(20864K)->19004K(20864K)
[2025-08-28T13:46:04.341+0000][1099278][info ][gc          ] GC(97) Pause Young (Normal) (G1 Evacuation Pause) 399M->99M(512M) 1.713ms
[2025-08-28T13:46:04.341+0000][1099278][info ][gc,cpu      ] GC(97) User=0.01s Sys=0.00s Real=0.01s
[2025-08-28T13:46:04.341+0000][1099278][info ][safepoint   ] Safepoint "G1CollectForAllocation", Time since last: 2920753542 ns, Reaching safepoint: 517597 ns, Cleanup: 11347 ns, At safepoint: 1785593 ns, Total: 2314537 ns
[2025-08-28T13:46:07.301+0000][1099278][info ][gc,start    ] GC(98) Pause Young (Normal) (G1 Evacuation Pause)
[2025-08-28T13:46:07.301+0000][1099278][info ][gc,task     ] GC(98) Using 12 workers of 33 for evacuation
[2025-08-28T13:46:07.301+0000][1099278][debug][gc,age      ] GC(98) Desired survivor size 20971520 bytes, new threshold 15 (max threshold 15)
[2025-08-28T13:46:07.302+0000][1099278][info ][gc,phases   ] GC(98)   Pre Evacuate Collection Set: 0.1ms
[2025-08-28T13:46:07.302+0000][1099278][info ][gc,phases   ] GC(98)   Merge Heap Roots: 0.1ms
[2025-08-28T13:46:07.302+0000][1099278][info ][gc,phases   ] GC(98)   Evacuate Collection Set: 0.9ms
[2025-08-28T13:46:07.302+0000][1099278][info ][gc,phases   ] GC(98)   Post Evacuate Collection Set: 0.3ms
[2025-08-28T13:46:07.302+0000][1099278][info ][gc,phases   ] GC(98)   Other: 0.0ms
[2025-08-28T13:46:07.302+0000][1099278][trace][gc,age      ] GC(98) Age table with threshold 15 (max threshold 15)
[2025-08-28T13:46:07.302+0000][1099278][trace][gc,age      ] GC(98) - age   1:     254632 bytes,     254632 total
[2025-08-28T13:46:07.302+0000][1099278][trace][gc,age      ] GC(98) - age   2:       1848 bytes,     256480 total
[2025-08-28T13:46:07.302+0000][1099278][trace][gc,age      ] GC(98) - age   3:        448 bytes,     256928 total
[2025-08-28T13:46:07.302+0000][1099278][trace][gc,age      ] GC(98) - age   6:         32 bytes,     256960 total
[2025-08-28T13:46:07.302+0000][1099278][trace][gc,age      ] GC(98) - age   7:        400 bytes,     257360 total
[2025-08-28T13:46:07.302+0000][1099278][trace][gc,age      ] GC(98) - age   8:       2704 bytes,     260064 total
[2025-08-28T13:46:07.302+0000][1099278][trace][gc,age      ] GC(98) - age  14:         32 bytes,     260096 total
[2025-08-28T13:46:07.302+0000][1099278][info ][gc,heap     ] GC(98) Eden regions: 75->0(75)
[2025-08-28T13:46:07.302+0000][1099278][info ][gc,heap     ] GC(98) Survivor regions: 1->1(10)
[2025-08-28T13:46:07.302+0000][1099278][info ][gc,heap     ] GC(98) Old regions: 25->25
[2025-08-28T13:46:07.302+0000][1099278][info ][gc,heap     ] GC(98) Humongous regions: 0->0
[2025-08-28T13:46:07.302+0000][1099278][info ][gc,metaspace] GC(98) Metaspace: 139518K(143424K)->139518K(143424K) NonClass: 120514K(122560K)->120514K(122560K) Class: 19004K(20864K)->19004K(20864K)
[2025-08-28T13:46:07.302+0000][1099278][info ][gc          ] GC(98) Pause Young (Normal) (G1 Evacuation Pause) 399M->99M(512M) 1.537ms
[2025-08-28T13:46:07.302+0000][1099278][info ][gc,cpu      ] GC(98) User=0.01s Sys=0.00s Real=0.00s
[2025-08-28T13:46:07.302+0000][1099278][info ][safepoint   ] Safepoint "G1CollectForAllocation", Time since last: 2959616649 ns, Reaching safepoint: 41061 ns, Cleanup: 3606 ns, At safepoint: 1607305 ns, Total: 1651972 ns
[2025-08-28T13:46:10.430+0000][1099278][info ][gc,start    ] GC(99) Pause Young (Normal) (G1 Evacuation Pause)
[2025-08-28T13:46:10.430+0000][1099278][info ][gc,task     ] GC(99) Using 12 workers of 33 for evacuation
[2025-08-28T13:46:10.430+0000][1099278][debug][gc,age      ] GC(99) Desired survivor size 20971520 bytes, new threshold 15 (max threshold 15)
[2025-08-28T13:46:10.432+0000][1099278][info ][gc,phases   ] GC(99)   Pre Evacuate Collection Set: 0.1ms
[2025-08-28T13:46:10.432+0000][1099278][info ][gc,phases   ] GC(99)   Merge Heap Roots: 0.1ms
[2025-08-28T13:46:10.432+0000][1099278][info ][gc,phases   ] GC(99)   Evacuate Collection Set: 1.3ms
[2025-08-28T13:46:10.432+0000][1099278][info ][gc,phases   ] GC(99)   Post Evacuate Collection Set: 0.3ms
[2025-08-28T13:46:10.432+0000][1099278][info ][gc,phases   ] GC(99)   Other: 0.1ms
[2025-08-28T13:46:10.432+0000][1099278][trace][gc,age      ] GC(99) Age table with threshold 15 (max threshold 15)
[2025-08-28T13:46:10.432+0000][1099278][trace][gc,age      ] GC(99) - age   1:       9320 bytes,       9320 total
[2025-08-28T13:46:10.432+0000][1099278][trace][gc,age      ] GC(99) - age   2:       1200 bytes,      10520 total
[2025-08-28T13:46:10.432+0000][1099278][trace][gc,age      ] GC(99) - age   3:       1136 bytes,      11656 total
[2025-08-28T13:46:10.432+0000][1099278][trace][gc,age      ] GC(99) - age   7:         32 bytes,      11688 total
[2025-08-28T13:46:10.432+0000][1099278][trace][gc,age      ] GC(99) - age   8:        400 bytes,      12088 total
[2025-08-28T13:46:10.432+0000][1099278][trace][gc,age      ] GC(99) - age   9:       2704 bytes,      14792 total
[2025-08-28T13:46:10.432+0000][1099278][trace][gc,age      ] GC(99) - age  15:         32 bytes,      14824 total
[2025-08-28T13:46:10.432+0000][1099278][info ][gc,heap     ] GC(99) Eden regions: 75->0(75)
[2025-08-28T13:46:10.432+0000][1099278][info ][gc,heap     ] GC(99) Survivor regions: 1->1(10)
[2025-08-28T13:46:10.432+0000][1099278][info ][gc,heap     ] GC(99) Old regions: 25->25
[2025-08-28T13:46:10.432+0000][1099278][info ][gc,heap     ] GC(99) Humongous regions: 0->0
[2025-08-28T13:46:10.432+0000][1099278][info ][gc,metaspace] GC(99) Metaspace: 139518K(143424K)->139518K(143424K) NonClass: 120514K(122560K)->120514K(122560K) Class: 19004K(20864K)->19004K(20864K)
[2025-08-28T13:46:10.432+0000][1099278][info ][gc          ] GC(99) Pause Young (Normal) (G1 Evacuation Pause) 399M->99M(512M) 2.012ms
[2025-08-28T13:46:10.432+0000][1099278][info ][gc,cpu      ] GC(99) User=0.00s Sys=0.01s Real=0.01s
[2025-08-28T13:46:10.432+0000][1099278][info ][safepoint   ] Safepoint "G1CollectForAllocation", Time since last: 3124119775 ns, Reaching safepoint: 3174920 ns, Cleanup: 6690 ns, At safepoint: 2100296 ns, Total: 5281906 ns
[2025-08-28T13:46:13.353+0000][1099278][info ][gc,start    ] GC(100) Pause Young (Normal) (G1 Evacuation Pause)
[2025-08-28T13:46:13.353+0000][1099278][info ][gc,task     ] GC(100) Using 12 workers of 33 for evacuation
[2025-08-28T13:46:13.353+0000][1099278][debug][gc,age      ] GC(100) Desired survivor size 20971520 bytes, new threshold 15 (max threshold 15)
[2025-08-28T13:46:13.355+0000][1099278][info ][gc,phases   ] GC(100)   Pre Evacuate Collection Set: 0.1ms
[2025-08-28T13:46:13.355+0000][1099278][info ][gc,phases   ] GC(100)   Merge Heap Roots: 0.0ms
[2025-08-28T13:46:13.355+0000][1099278][info ][gc,phases   ] GC(100)   Evacuate Collection Set: 1.4ms
[2025-08-28T13:46:13.355+0000][1099278][info ][gc,phases   ] GC(100)   Post Evacuate Collection Set: 0.3ms
[2025-08-28T13:46:13.355+0000][1099278][info ][gc,phases   ] GC(100)   Other: 0.1ms
[2025-08-28T13:46:13.355+0000][1099278][trace][gc,age      ] GC(100) Age table with threshold 15 (max threshold 15)
[2025-08-28T13:46:13.355+0000][1099278][trace][gc,age      ] GC(100) - age   1:     140648 bytes,     140648 total
[2025-08-28T13:46:13.355+0000][1099278][trace][gc,age      ] GC(100) - age   2:        696 bytes,     141344 total
[2025-08-28T13:46:13.355+0000][1099278][trace][gc,age      ] GC(100) - age   3:       1200 bytes,     142544 total
[2025-08-28T13:46:13.355+0000][1099278][trace][gc,age      ] GC(100) - age   4:       1136 bytes,     143680 total
[2025-08-28T13:46:13.355+0000][1099278][trace][gc,age      ] GC(100) - age   8:         32 bytes,     143712 total
[2025-08-28T13:46:13.355+0000][1099278][trace][gc,age      ] GC(100) - age   9:        400 bytes,     144112 total
[2025-08-28T13:46:13.355+0000][1099278][trace][gc,age      ] GC(100) - age  10:       2704 bytes,     146816 total
[2025-08-28T13:46:13.355+0000][1099278][info ][gc,heap     ] GC(100) Eden regions: 75->0(75)
[2025-08-28T13:46:13.355+0000][1099278][info ][gc,heap     ] GC(100) Survivor regions: 1->1(10)
[2025-08-28T13:46:13.355+0000][1099278][info ][gc,heap     ] GC(100) Old regions: 25->25
[2025-08-28T13:46:13.355+0000][1099278][info ][gc,heap     ] GC(100) Humongous regions: 0->0
[2025-08-28T13:46:13.355+0000][1099278][info ][gc,metaspace] GC(100) Metaspace: 139518K(143424K)->139518K(143424K) NonClass: 120514K(122560K)->120514K(122560K) Class: 19004K(20864K)->19004K(20864K)
[2025-08-28T13:46:13.355+0000][1099278][info ][gc          ] GC(100) Pause Young (Normal) (G1 Evacuation Pause) 399M->99M(512M) 2.144ms
[2025-08-28T13:46:13.355+0000][1099278][info ][gc,cpu      ] GC(100) User=0.01s Sys=0.00s Real=0.00s
[2025-08-28T13:46:13.355+0000][1099278][info ][safepoint   ] Safepoint "G1CollectForAllocation", Time since last: 2919705968 ns, Reaching safepoint: 959291 ns, Cleanup: 6540 ns, At safepoint: 2236780 ns, Total: 3202611 ns
[2025-08-28T13:46:16.427+0000][1099278][info ][safepoint   ] Safepoint "Cleanup", Time since last: 3072144669 ns, Reaching safepoint: 15454 ns, Cleanup: 18738 ns, At safepoint: 2954 ns, Total: 37146 ns
[2025-08-28T13:46:16.706+0000][1099278][info ][gc,start    ] GC(101) Pause Young (Normal) (G1 Evacuation Pause)
[2025-08-28T13:46:16.706+0000][1099278][info ][gc,task     ] GC(101) Using 12 workers of 33 for evacuation
[2025-08-28T13:46:16.706+0000][1099278][debug][gc,age      ] GC(101) Desired survivor size 20971520 bytes, new threshold 15 (max threshold 15)
[2025-08-28T13:46:16.708+0000][1099278][info ][gc,phases   ] GC(101)   Pre Evacuate Collection Set: 0.2ms
[2025-08-28T13:46:16.708+0000][1099278][info ][gc,phases   ] GC(101)   Merge Heap Roots: 0.1ms
[2025-08-28T13:46:16.708+0000][1099278][info ][gc,phases   ] GC(101)   Evacuate Collection Set: 1.0ms
[2025-08-28T13:46:16.708+0000][1099278][info ][gc,phases   ] GC(101)   Post Evacuate Collection Set: 0.3ms
[2025-08-28T13:46:16.708+0000][1099278][info ][gc,phases   ] GC(101)   Other: 0.1ms
[2025-08-28T13:46:16.708+0000][1099278][trace][gc,age      ] GC(101) Age table with threshold 15 (max threshold 15)
[2025-08-28T13:46:16.708+0000][1099278][trace][gc,age      ] GC(101) - age   1:     679864 bytes,     679864 total
[2025-08-28T13:46:16.708+0000][1099278][trace][gc,age      ] GC(101) - age   2:        712 bytes,     680576 total
[2025-08-28T13:46:16.708+0000][1099278][trace][gc,age      ] GC(101) - age   3:        248 bytes,     680824 total
[2025-08-28T13:46:16.708+0000][1099278][trace][gc,age      ] GC(101) - age   4:        960 bytes,     681784 total
[2025-08-28T13:46:16.708+0000][1099278][trace][gc,age      ] GC(101) - age   5:       1136 bytes,     682920 total
[2025-08-28T13:46:16.708+0000][1099278][trace][gc,age      ] GC(101) - age   9:         32 bytes,     682952 total
[2025-08-28T13:46:16.708+0000][1099278][trace][gc,age      ] GC(101) - age  10:        368 bytes,     683320 total
[2025-08-28T13:46:16.708+0000][1099278][trace][gc,age      ] GC(101) - age  11:       1504 bytes,     684824 total
[2025-08-28T13:46:16.708+0000][1099278][info ][gc,heap     ] GC(101) Eden regions: 75->0(75)
[2025-08-28T13:46:16.708+0000][1099278][info ][gc,heap     ] GC(101) Survivor regions: 1->1(10)
[2025-08-28T13:46:16.708+0000][1099278][info ][gc,heap     ] GC(101) Old regions: 25->25
[2025-08-28T13:46:16.708+0000][1099278][info ][gc,heap     ] GC(101) Humongous regions: 0->0
[2025-08-28T13:46:16.708+0000][1099278][info ][gc,metaspace] GC(101) Metaspace: 139522K(143424K)->139522K(143424K) NonClass: 120518K(122560K)->120518K(122560K) Class: 19004K(20864K)->19004K(20864K)
[2025-08-28T13:46:16.708+0000][1099278][info ][gc          ] GC(101) Pause Young (Normal) (G1 Evacuation Pause) 399M->99M(512M) 1.713ms
[2025-08-28T13:46:16.708+0000][1099278][info ][gc,cpu      ] GC(101) User=0.01s Sys=0.00s Real=0.00s
[2025-08-28T13:46:16.708+0000][1099278][info ][safepoint   ] Safepoint "G1CollectForAllocation", Time since last: 278322697 ns, Reaching safepoint: 902436 ns, Cleanup: 6981 ns, At safepoint: 1805763 ns, Total: 2715180 ns
[2025-08-28T13:46:19.656+0000][1099278][info ][gc,start    ] GC(102) Pause Young (Normal) (G1 Evacuation Pause)
[2025-08-28T13:46:19.656+0000][1099278][info ][gc,task     ] GC(102) Using 12 workers of 33 for evacuation
[2025-08-28T13:46:19.656+0000][1099278][debug][gc,age      ] GC(102) Desired survivor size 20971520 bytes, new threshold 15 (max threshold 15)
[2025-08-28T13:46:19.658+0000][1099278][info ][gc,phases   ] GC(102)   Pre Evacuate Collection Set: 0.2ms
[2025-08-28T13:46:19.658+0000][1099278][info ][gc,phases   ] GC(102)   Merge Heap Roots: 0.1ms
[2025-08-28T13:46:19.658+0000][1099278][info ][gc,phases   ] GC(102)   Evacuate Collection Set: 1.0ms
[2025-08-28T13:46:19.658+0000][1099278][info ][gc,phases   ] GC(102)   Post Evacuate Collection Set: 0.3ms
[2025-08-28T13:46:19.658+0000][1099278][info ][gc,phases   ] GC(102)   Other: 0.1ms
[2025-08-28T13:46:19.658+0000][1099278][trace][gc,age      ] GC(102) Age table with threshold 15 (max threshold 15)
[2025-08-28T13:46:19.658+0000][1099278][trace][gc,age      ] GC(102) - age   1:       9184 bytes,       9184 total
[2025-08-28T13:46:19.658+0000][1099278][trace][gc,age      ] GC(102) - age   2:       2472 bytes,      11656 total
[2025-08-28T13:46:19.658+0000][1099278][trace][gc,age      ] GC(102) - age   4:        248 bytes,      11904 total
[2025-08-28T13:46:19.658+0000][1099278][trace][gc,age      ] GC(102) - age   5:        960 bytes,      12864 total
[2025-08-28T13:46:19.658+0000][1099278][trace][gc,age      ] GC(102) - age   6:       1136 bytes,      14000 total
[2025-08-28T13:46:19.658+0000][1099278][trace][gc,age      ] GC(102) - age  10:         32 bytes,      14032 total
[2025-08-28T13:46:19.658+0000][1099278][trace][gc,age      ] GC(102) - age  12:       1504 bytes,      15536 total
[2025-08-28T13:46:19.658+0000][1099278][info ][gc,heap     ] GC(102) Eden regions: 75->0(75)
[2025-08-28T13:46:19.658+0000][1099278][info ][gc,heap     ] GC(102) Survivor regions: 1->1(10)
[2025-08-28T13:46:19.658+0000][1099278][info ][gc,heap     ] GC(102) Old regions: 25->25
[2025-08-28T13:46:19.658+0000][1099278][info ][gc,heap     ] GC(102) Humongous regions: 0->0
[2025-08-28T13:46:19.658+0000][1099278][info ][gc,metaspace] GC(102) Metaspace: 139534K(143424K)->139534K(143424K) NonClass: 120529K(122560K)->120529K(122560K) Class: 19004K(20864K)->19004K(20864K)
[2025-08-28T13:46:19.658+0000][1099278][info ][gc          ] GC(102) Pause Young (Normal) (G1 Evacuation Pause) 399M->99M(512M) 1.782ms
[2025-08-28T13:46:19.658+0000][1099278][info ][gc,cpu      ] GC(102) User=0.01s Sys=0.01s Real=0.00s
[2025-08-28T13:46:19.658+0000][1099278][info ][safepoint   ] Safepoint "G1CollectForAllocation", Time since last: 2947061100 ns, Reaching safepoint: 813863 ns, Cleanup: 7251 ns, At safepoint: 1878522 ns, Total: 2699636 ns
[2025-08-28T13:46:22.667+0000][1099278][info ][gc,start    ] GC(103) Pause Young (Normal) (G1 Evacuation Pause)
[2025-08-28T13:46:22.668+0000][1099278][info ][gc,task     ] GC(103) Using 12 workers of 33 for evacuation
[2025-08-28T13:46:22.668+0000][1099278][debug][gc,age      ] GC(103) Desired survivor size 20971520 bytes, new threshold 15 (max threshold 15)
[2025-08-28T13:46:22.669+0000][1099278][info ][gc,phases   ] GC(103)   Pre Evacuate Collection Set: 0.2ms
[2025-08-28T13:46:22.669+0000][1099278][info ][gc,phases   ] GC(103)   Merge Heap Roots: 0.1ms
[2025-08-28T13:46:22.669+0000][1099278][info ][gc,phases   ] GC(103)   Evacuate Collection Set: 1.2ms
[2025-08-28T13:46:22.669+0000][1099278][info ][gc,phases   ] GC(103)   Post Evacuate Collection Set: 0.3ms
[2025-08-28T13:46:22.669+0000][1099278][info ][gc,phases   ] GC(103)   Other: 0.1ms
[2025-08-28T13:46:22.669+0000][1099278][trace][gc,age      ] GC(103) Age table with threshold 15 (max threshold 15)
[2025-08-28T13:46:22.669+0000][1099278][trace][gc,age      ] GC(103) - age   1:       9320 bytes,       9320 total
[2025-08-28T13:46:22.669+0000][1099278][trace][gc,age      ] GC(103) - age   2:       1312 bytes,      10632 total
[2025-08-28T13:46:22.669+0000][1099278][trace][gc,age      ] GC(103) - age   3:       2024 bytes,      12656 total
[2025-08-28T13:46:22.669+0000][1099278][trace][gc,age      ] GC(103) - age   5:        248 bytes,      12904 total
[2025-08-28T13:46:22.669+0000][1099278][trace][gc,age      ] GC(103) - age   6:        960 bytes,      13864 total
[2025-08-28T13:46:22.669+0000][1099278][trace][gc,age      ] GC(103) - age   7:       1136 bytes,      15000 total
[2025-08-28T13:46:22.669+0000][1099278][trace][gc,age      ] GC(103) - age  11:         32 bytes,      15032 total
[2025-08-28T13:46:22.669+0000][1099278][trace][gc,age      ] GC(103) - age  13:       1504 bytes,      16536 total
[2025-08-28T13:46:22.669+0000][1099278][info ][gc,heap     ] GC(103) Eden regions: 75->0(75)
[2025-08-28T13:46:22.669+0000][1099278][info ][gc,heap     ] GC(103) Survivor regions: 1->1(10)
[2025-08-28T13:46:22.669+0000][1099278][info ][gc,heap     ] GC(103) Old regions: 25->25
[2025-08-28T13:46:22.669+0000][1099278][info ][gc,heap     ] GC(103) Humongous regions: 0->0
[2025-08-28T13:46:22.669+0000][1099278][info ][gc,metaspace] GC(103) Metaspace: 139561K(143488K)->139561K(143488K) NonClass: 120557K(122624K)->120557K(122624K) Class: 19004K(20864K)->19004K(20864K)
[2025-08-28T13:46:22.669+0000][1099278][info ][gc          ] GC(103) Pause Young (Normal) (G1 Evacuation Pause) 399M->99M(512M) 1.967ms
[2025-08-28T13:46:22.669+0000][1099278][info ][gc,cpu      ] GC(103) User=0.01s Sys=0.00s Real=0.00s
[2025-08-28T13:46:22.669+0000][1099278][info ][safepoint   ] Safepoint "G1CollectForAllocation", Time since last: 3008779118 ns, Reaching safepoint: 817649 ns, Cleanup: 7311 ns, At safepoint: 2064572 ns, Total: 2889532 ns
[2025-08-28T13:46:25.605+0000][1099278][info ][gc,start    ] GC(104) Pause Young (Normal) (G1 Evacuation Pause)
[2025-08-28T13:46:25.605+0000][1099278][info ][gc,task     ] GC(104) Using 12 workers of 33 for evacuation
[2025-08-28T13:46:25.605+0000][1099278][debug][gc,age      ] GC(104) Desired survivor size 20971520 bytes, new threshold 15 (max threshold 15)
[2025-08-28T13:46:25.607+0000][1099278][info ][gc,phases   ] GC(104)   Pre Evacuate Collection Set: 0.2ms
[2025-08-28T13:46:25.607+0000][1099278][info ][gc,phases   ] GC(104)   Merge Heap Roots: 0.1ms
[2025-08-28T13:46:25.607+0000][1099278][info ][gc,phases   ] GC(104)   Evacuate Collection Set: 1.1ms
[2025-08-28T13:46:25.607+0000][1099278][info ][gc,phases   ] GC(104)   Post Evacuate Collection Set: 0.3ms
[2025-08-28T13:46:25.607+0000][1099278][info ][gc,phases   ] GC(104)   Other: 0.1ms
[2025-08-28T13:46:25.607+0000][1099278][trace][gc,age      ] GC(104) Age table with threshold 15 (max threshold 15)
[2025-08-28T13:46:25.607+0000][1099278][trace][gc,age      ] GC(104) - age   1:       8824 bytes,       8824 total
[2025-08-28T13:46:25.607+0000][1099278][trace][gc,age      ] GC(104) - age   2:       1448 bytes,      10272 total
[2025-08-28T13:46:25.607+0000][1099278][trace][gc,age      ] GC(104) - age   3:        600 bytes,      10872 total
[2025-08-28T13:46:25.607+0000][1099278][trace][gc,age      ] GC(104) - age   4:       1784 bytes,      12656 total
[2025-08-28T13:46:25.607+0000][1099278][trace][gc,age      ] GC(104) - age   6:        248 bytes,      12904 total
[2025-08-28T13:46:25.607+0000][1099278][trace][gc,age      ] GC(104) - age   7:        776 bytes,      13680 total
[2025-08-28T13:46:25.607+0000][1099278][trace][gc,age      ] GC(104) - age   8:       1136 bytes,      14816 total
[2025-08-28T13:46:25.607+0000][1099278][trace][gc,age      ] GC(104) - age  12:         32 bytes,      14848 total
[2025-08-28T13:46:25.607+0000][1099278][trace][gc,age      ] GC(104) - age  14:       1504 bytes,      16352 total
[2025-08-28T13:46:25.607+0000][1099278][info ][gc,heap     ] GC(104) Eden regions: 75->0(75)
[2025-08-28T13:46:25.607+0000][1099278][info ][gc,heap     ] GC(104) Survivor regions: 1->1(10)
[2025-08-28T13:46:25.607+0000][1099278][info ][gc,heap     ] GC(104) Old regions: 25->25
[2025-08-28T13:46:25.607+0000][1099278][info ][gc,heap     ] GC(104) Humongous regions: 0->0
[2025-08-28T13:46:25.607+0000][1099278][info ][gc,metaspace] GC(104) Metaspace: 139563K(143488K)->139563K(143488K) NonClass: 120559K(122624K)->120559K(122624K) Class: 19004K(20864K)->19004K(20864K)
[2025-08-28T13:46:25.607+0000][1099278][info ][gc          ] GC(104) Pause Young (Normal) (G1 Evacuation Pause) 399M->99M(512M) 1.850ms
[2025-08-28T13:46:25.607+0000][1099278][info ][gc,cpu      ] GC(104) User=0.01s Sys=0.00s Real=0.00s
[2025-08-28T13:46:25.607+0000][1099278][info ][safepoint   ] Safepoint "G1CollectForAllocation", Time since last: 2934512427 ns, Reaching safepoint: 888074 ns, Cleanup: 7211 ns, At safepoint: 1946805 ns, Total: 2842090 ns
[2025-08-28T13:46:26.607+0000][1099278][info ][safepoint   ] Safepoint "Cleanup", Time since last: 1000100730 ns, Reaching safepoint: 17497 ns, Cleanup: 21131 ns, At safepoint: 3616 ns, Total: 42244 ns
[2025-08-28T13:46:28.525+0000][1099278][info ][gc,start    ] GC(105) Pause Young (Normal) (G1 Evacuation Pause)
[2025-08-28T13:46:28.525+0000][1099278][info ][gc,task     ] GC(105) Using 12 workers of 33 for evacuation
[2025-08-28T13:46:28.525+0000][1099278][debug][gc,age      ] GC(105) Desired survivor size 20971520 bytes, new threshold 15 (max threshold 15)
[2025-08-28T13:46:28.526+0000][1099278][info ][gc,phases   ] GC(105)   Pre Evacuate Collection Set: 0.2ms
[2025-08-28T13:46:28.526+0000][1099278][info ][gc,phases   ] GC(105)   Merge Heap Roots: 0.1ms
[2025-08-28T13:46:28.526+0000][1099278][info ][gc,phases   ] GC(105)   Evacuate Collection Set: 1.0ms
[2025-08-28T13:46:28.526+0000][1099278][info ][gc,phases   ] GC(105)   Post Evacuate Collection Set: 0.3ms
[2025-08-28T13:46:28.526+0000][1099278][info ][gc,phases   ] GC(105)   Other: 0.1ms
[2025-08-28T13:46:28.526+0000][1099278][trace][gc,age      ] GC(105) Age table with threshold 15 (max threshold 15)
[2025-08-28T13:46:28.526+0000][1099278][trace][gc,age      ] GC(105) - age   1:       8584 bytes,       8584 total
[2025-08-28T13:46:28.526+0000][1099278][trace][gc,age      ] GC(105) - age   2:        240 bytes,       8824 total
[2025-08-28T13:46:28.526+0000][1099278][trace][gc,age      ] GC(105) - age   3:       1448 bytes,      10272 total
[2025-08-28T13:46:28.526+0000][1099278][trace][gc,age      ] GC(105) - age   4:        600 bytes,      10872 total
[2025-08-28T13:46:28.526+0000][1099278][trace][gc,age      ] GC(105) - age   5:       1784 bytes,      12656 total
[2025-08-28T13:46:28.526+0000][1099278][trace][gc,age      ] GC(105) - age   8:        552 bytes,      13208 total
[2025-08-28T13:46:28.526+0000][1099278][trace][gc,age      ] GC(105) - age   9:       1136 bytes,      14344 total
[2025-08-28T13:46:28.526+0000][1099278][trace][gc,age      ] GC(105) - age  13:         32 bytes,      14376 total
[2025-08-28T13:46:28.526+0000][1099278][trace][gc,age      ] GC(105) - age  15:       1504 bytes,      15880 total
[2025-08-28T13:46:28.526+0000][1099278][info ][gc,heap     ] GC(105) Eden regions: 75->0(75)
[2025-08-28T13:46:28.526+0000][1099278][info ][gc,heap     ] GC(105) Survivor regions: 1->1(10)
[2025-08-28T13:46:28.526+0000][1099278][info ][gc,heap     ] GC(105) Old regions: 25->25
[2025-08-28T13:46:28.526+0000][1099278][info ][gc,heap     ] GC(105) Humongous regions: 0->0
[2025-08-28T13:46:28.526+0000][1099278][info ][gc,metaspace] GC(105) Metaspace: 139564K(143488K)->139564K(143488K) NonClass: 120560K(122624K)->120560K(122624K) Class: 19004K(20864K)->19004K(20864K)
[2025-08-28T13:46:28.526+0000][1099278][info ][gc          ] GC(105) Pause Young (Normal) (G1 Evacuation Pause) 399M->99M(512M) 1.832ms
[2025-08-28T13:46:28.526+0000][1099278][info ][gc,cpu      ] GC(105) User=0.00s Sys=0.00s Real=0.00s
[2025-08-28T13:46:28.526+0000][1099278][info ][safepoint   ] Safepoint "G1CollectForAllocation", Time since last: 1910111647 ns, Reaching safepoint: 7431044 ns, Cleanup: 7251 ns, At safepoint: 1985714 ns, Total: 9424009 ns
[2025-08-28T13:46:31.785+0000][1099278][info ][safepoint   ] Safepoint "Cleanup", Time since last: 3257880027 ns, Reaching safepoint: 294662 ns, Cleanup: 17547 ns, At safepoint: 7301 ns, Total: 319510 ns
[2025-08-28T13:46:31.820+0000][1099278][info ][gc,start    ] GC(106) Pause Young (Normal) (G1 Evacuation Pause)
[2025-08-28T13:46:31.820+0000][1099278][info ][gc,task     ] GC(106) Using 12 workers of 33 for evacuation
[2025-08-28T13:46:31.820+0000][1099278][debug][gc,age      ] GC(106) Desired survivor size 20971520 bytes, new threshold 15 (max threshold 15)
[2025-08-28T13:46:31.822+0000][1099278][info ][gc,phases   ] GC(106)   Pre Evacuate Collection Set: 0.1ms
[2025-08-28T13:46:31.822+0000][1099278][info ][gc,phases   ] GC(106)   Merge Heap Roots: 0.1ms
[2025-08-28T13:46:31.822+0000][1099278][info ][gc,phases   ] GC(106)   Evacuate Collection Set: 1.1ms
[2025-08-28T13:46:31.822+0000][1099278][info ][gc,phases   ] GC(106)   Post Evacuate Collection Set: 0.3ms
[2025-08-28T13:46:31.822+0000][1099278][info ][gc,phases   ] GC(106)   Other: 0.1ms
[2025-08-28T13:46:31.822+0000][1099278][trace][gc,age      ] GC(106) Age table with threshold 15 (max threshold 15)
[2025-08-28T13:46:31.822+0000][1099278][trace][gc,age      ] GC(106) - age   1:     657792 bytes,     657792 total
[2025-08-28T13:46:31.822+0000][1099278][trace][gc,age      ] GC(106) - age   2:        936 bytes,     658728 total
[2025-08-28T13:46:31.822+0000][1099278][trace][gc,age      ] GC(106) - age   3:        240 bytes,     658968 total
[2025-08-28T13:46:31.822+0000][1099278][trace][gc,age      ] GC(106) - age   4:       1000 bytes,     659968 total
[2025-08-28T13:46:31.822+0000][1099278][trace][gc,age      ] GC(106) - age   5:        600 bytes,     660568 total
[2025-08-28T13:46:31.822+0000][1099278][trace][gc,age      ] GC(106) - age   6:       1784 bytes,     662352 total
[2025-08-28T13:46:31.822+0000][1099278][trace][gc,age      ] GC(106) - age   9:        552 bytes,     662904 total
[2025-08-28T13:46:31.822+0000][1099278][trace][gc,age      ] GC(106) - age  10:       1136 bytes,     664040 total
[2025-08-28T13:46:31.822+0000][1099278][trace][gc,age      ] GC(106) - age  14:         32 bytes,     664072 total
[2025-08-28T13:46:31.822+0000][1099278][info ][gc,heap     ] GC(106) Eden regions: 75->0(75)
[2025-08-28T13:46:31.822+0000][1099278][info ][gc,heap     ] GC(106) Survivor regions: 1->1(10)
[2025-08-28T13:46:31.822+0000][1099278][info ][gc,heap     ] GC(106) Old regions: 25->25
[2025-08-28T13:46:31.822+0000][1099278][info ][gc,heap     ] GC(106) Humongous regions: 0->0
[2025-08-28T13:46:31.822+0000][1099278][info ][gc,metaspace] GC(106) Metaspace: 139575K(143488K)->139575K(143488K) NonClass: 120571K(122624K)->120571K(122624K) Class: 19004K(20864K)->19004K(20864K)
[2025-08-28T13:46:31.822+0000][1099278][info ][gc          ] GC(106) Pause Young (Normal) (G1 Evacuation Pause) 399M->99M(512M) 1.845ms
[2025-08-28T13:46:31.822+0000][1099278][info ][gc,cpu      ] GC(106) User=0.01s Sys=0.00s Real=0.01s
[2025-08-28T13:46:31.822+0000][1099278][info ][safepoint   ] Safepoint "G1CollectForAllocation", Time since last: 35060556 ns, Reaching safepoint: 393552 ns, Cleanup: 4216 ns, At safepoint: 1940145 ns, Total: 2337913 ns
[2025-08-28T13:46:34.758+0000][1099278][info ][gc,start    ] GC(107) Pause Young (Normal) (G1 Evacuation Pause)
[2025-08-28T13:46:34.758+0000][1099278][info ][gc,task     ] GC(107) Using 12 workers of 33 for evacuation
[2025-08-28T13:46:34.758+0000][1099278][debug][gc,age      ] GC(107) Desired survivor size 20971520 bytes, new threshold 15 (max threshold 15)
[2025-08-28T13:46:34.760+0000][1099278][info ][gc,phases   ] GC(107)   Pre Evacuate Collection Set: 0.1ms
[2025-08-28T13:46:34.760+0000][1099278][info ][gc,phases   ] GC(107)   Merge Heap Roots: 0.1ms
[2025-08-28T13:46:34.760+0000][1099278][info ][gc,phases   ] GC(107)   Evacuate Collection Set: 1.3ms
[2025-08-28T13:46:34.760+0000][1099278][info ][gc,phases   ] GC(107)   Post Evacuate Collection Set: 0.3ms
[2025-08-28T13:46:34.760+0000][1099278][info ][gc,phases   ] GC(107)   Other: 0.1ms
[2025-08-28T13:46:34.760+0000][1099278][trace][gc,age      ] GC(107) Age table with threshold 15 (max threshold 15)
[2025-08-28T13:46:34.760+0000][1099278][trace][gc,age      ] GC(107) - age   1:      58344 bytes,      58344 total
[2025-08-28T13:46:34.760+0000][1099278][trace][gc,age      ] GC(107) - age   2:        888 bytes,      59232 total
[2025-08-28T13:46:34.760+0000][1099278][trace][gc,age      ] GC(107) - age   3:        224 bytes,      59456 total
[2025-08-28T13:46:34.760+0000][1099278][trace][gc,age      ] GC(107) - age   4:        240 bytes,      59696 total
[2025-08-28T13:46:34.760+0000][1099278][trace][gc,age      ] GC(107) - age   5:        752 bytes,      60448 total
[2025-08-28T13:46:34.760+0000][1099278][trace][gc,age      ] GC(107) - age   6:        600 bytes,      61048 total
[2025-08-28T13:46:34.760+0000][1099278][trace][gc,age      ] GC(107) - age   7:       1784 bytes,      62832 total
[2025-08-28T13:46:34.760+0000][1099278][trace][gc,age      ] GC(107) - age  10:        552 bytes,      63384 total
[2025-08-28T13:46:34.760+0000][1099278][trace][gc,age      ] GC(107) - age  11:        960 bytes,      64344 total
[2025-08-28T13:46:34.760+0000][1099278][trace][gc,age      ] GC(107) - age  15:         32 bytes,      64376 total
[2025-08-28T13:46:34.760+0000][1099278][info ][gc,heap     ] GC(107) Eden regions: 75->0(75)
[2025-08-28T13:46:34.760+0000][1099278][info ][gc,heap     ] GC(107) Survivor regions: 1->1(10)
[2025-08-28T13:46:34.760+0000][1099278][info ][gc,heap     ] GC(107) Old regions: 25->25
[2025-08-28T13:46:34.760+0000][1099278][info ][gc,heap     ] GC(107) Humongous regions: 0->0
[2025-08-28T13:46:34.760+0000][1099278][info ][gc,metaspace] GC(107) Metaspace: 139575K(143488K)->139575K(143488K) NonClass: 120571K(122624K)->120571K(122624K) Class: 19004K(20864K)->19004K(20864K)
[2025-08-28T13:46:34.760+0000][1099278][info ][gc          ] GC(107) Pause Young (Normal) (G1 Evacuation Pause) 399M->99M(512M) 2.029ms
[2025-08-28T13:46:34.760+0000][1099278][info ][gc,cpu      ] GC(107) User=0.01s Sys=0.00s Real=0.00s
[2025-08-28T13:46:34.760+0000][1099278][info ][safepoint   ] Safepoint "G1CollectForAllocation", Time since last: 2934890695 ns, Reaching safepoint: 686391 ns, Cleanup: 6750 ns, At safepoint: 2134007 ns, Total: 2827148 ns
[2025-08-28T13:46:37.867+0000][1099278][info ][gc,start    ] GC(108) Pause Young (Normal) (G1 Evacuation Pause)
[2025-08-28T13:46:37.867+0000][1099278][info ][gc,task     ] GC(108) Using 12 workers of 33 for evacuation
[2025-08-28T13:46:37.867+0000][1099278][debug][gc,age      ] GC(108) Desired survivor size 20971520 bytes, new threshold 15 (max threshold 15)
[2025-08-28T13:46:37.869+0000][1099278][info ][gc,phases   ] GC(108)   Pre Evacuate Collection Set: 0.1ms
[2025-08-28T13:46:37.869+0000][1099278][info ][gc,phases   ] GC(108)   Merge Heap Roots: 0.1ms
[2025-08-28T13:46:37.869+0000][1099278][info ][gc,phases   ] GC(108)   Evacuate Collection Set: 1.4ms
[2025-08-28T13:46:37.869+0000][1099278][info ][gc,phases   ] GC(108)   Post Evacuate Collection Set: 0.3ms
[2025-08-28T13:46:37.869+0000][1099278][info ][gc,phases   ] GC(108)   Other: 0.1ms
[2025-08-28T13:46:37.869+0000][1099278][trace][gc,age      ] GC(108) Age table with threshold 15 (max threshold 15)
[2025-08-28T13:46:37.869+0000][1099278][trace][gc,age      ] GC(108) - age   1:       8984 bytes,       8984 total
[2025-08-28T13:46:37.869+0000][1099278][trace][gc,age      ] GC(108) - age   2:        712 bytes,       9696 total
[2025-08-28T13:46:37.869+0000][1099278][trace][gc,age      ] GC(108) - age   3:        440 bytes,      10136 total
[2025-08-28T13:46:37.869+0000][1099278][trace][gc,age      ] GC(108) - age   4:        224 bytes,      10360 total
[2025-08-28T13:46:37.869+0000][1099278][trace][gc,age      ] GC(108) - age   6:        752 bytes,      11112 total
[2025-08-28T13:46:37.869+0000][1099278][trace][gc,age      ] GC(108) - age   7:        600 bytes,      11712 total
[2025-08-28T13:46:37.869+0000][1099278][trace][gc,age      ] GC(108) - age   8:       1784 bytes,      13496 total
[2025-08-28T13:46:37.869+0000][1099278][trace][gc,age      ] GC(108) - age  11:        552 bytes,      14048 total
[2025-08-28T13:46:37.869+0000][1099278][trace][gc,age      ] GC(108) - age  12:        960 bytes,      15008 total
[2025-08-28T13:46:37.869+0000][1099278][info ][gc,heap     ] GC(108) Eden regions: 75->0(75)
[2025-08-28T13:46:37.869+0000][1099278][info ][gc,heap     ] GC(108) Survivor regions: 1->1(10)
[2025-08-28T13:46:37.869+0000][1099278][info ][gc,heap     ] GC(108) Old regions: 25->25
[2025-08-28T13:46:37.869+0000][1099278][info ][gc,heap     ] GC(108) Humongous regions: 0->0
[2025-08-28T13:46:37.869+0000][1099278][info ][gc,metaspace] GC(108) Metaspace: 139575K(143488K)->139575K(143488K) NonClass: 120571K(122624K)->120571K(122624K) Class: 19004K(20864K)->19004K(20864K)
[2025-08-28T13:46:37.869+0000][1099278][info ][gc          ] GC(108) Pause Young (Normal) (G1 Evacuation Pause) 399M->99M(512M) 2.106ms
[2025-08-28T13:46:37.869+0000][1099278][info ][gc,cpu      ] GC(108) User=0.01s Sys=0.00s Real=0.00s
[2025-08-28T13:46:37.869+0000][1099278][info ][safepoint   ] Safepoint "G1CollectForAllocation", Time since last: 3106510894 ns, Reaching safepoint: 785720 ns, Cleanup: 6550 ns, At safepoint: 2200316 ns, Total: 2992586 ns
[2025-08-28T13:46:39.869+0000][1099278][info ][safepoint   ] Safepoint "Cleanup", Time since last: 2000123955 ns, Reaching safepoint: 17476 ns, Cleanup: 18618 ns, At safepoint: 3325 ns, Total: 39419 ns
[2025-08-28T13:46:40.819+0000][1099278][info ][gc,start    ] GC(109) Pause Young (Normal) (G1 Evacuation Pause)
[2025-08-28T13:46:40.819+0000][1099278][info ][gc,task     ] GC(109) Using 12 workers of 33 for evacuation
[2025-08-28T13:46:40.819+0000][1099278][debug][gc,age      ] GC(109) Desired survivor size 20971520 bytes, new threshold 15 (max threshold 15)
[2025-08-28T13:46:40.821+0000][1099278][info ][gc,phases   ] GC(109)   Pre Evacuate Collection Set: 0.1ms
[2025-08-28T13:46:40.821+0000][1099278][info ][gc,phases   ] GC(109)   Merge Heap Roots: 0.1ms
[2025-08-28T13:46:40.821+0000][1099278][info ][gc,phases   ] GC(109)   Evacuate Collection Set: 1.2ms
[2025-08-28T13:46:40.821+0000][1099278][info ][gc,phases   ] GC(109)   Post Evacuate Collection Set: 0.3ms
[2025-08-28T13:46:40.821+0000][1099278][info ][gc,phases   ] GC(109)   Other: 0.1ms
[2025-08-28T13:46:40.821+0000][1099278][trace][gc,age      ] GC(109) Age table with threshold 15 (max threshold 15)
[2025-08-28T13:46:40.821+0000][1099278][trace][gc,age      ] GC(109) - age   1:       8408 bytes,       8408 total
[2025-08-28T13:46:40.821+0000][1099278][trace][gc,age      ] GC(109) - age   2:       1112 bytes,       9520 total
[2025-08-28T13:46:40.821+0000][1099278][trace][gc,age      ] GC(109) - age   3:        176 bytes,       9696 total
[2025-08-28T13:46:40.821+0000][1099278][trace][gc,age      ] GC(109) - age   4:        192 bytes,       9888 total
[2025-08-28T13:46:40.821+0000][1099278][trace][gc,age      ] GC(109) - age   5:        224 bytes,      10112 total
[2025-08-28T13:46:40.821+0000][1099278][trace][gc,age      ] GC(109) - age   7:        752 bytes,      10864 total
[2025-08-28T13:46:40.821+0000][1099278][trace][gc,age      ] GC(109) - age   8:        600 bytes,      11464 total
[2025-08-28T13:46:40.821+0000][1099278][trace][gc,age      ] GC(109) - age   9:       1784 bytes,      13248 total
[2025-08-28T13:46:40.821+0000][1099278][trace][gc,age      ] GC(109) - age  12:        552 bytes,      13800 total
[2025-08-28T13:46:40.821+0000][1099278][trace][gc,age      ] GC(109) - age  13:        960 bytes,      14760 total
[2025-08-28T13:46:40.821+0000][1099278][info ][gc,heap     ] GC(109) Eden regions: 75->0(75)
[2025-08-28T13:46:40.821+0000][1099278][info ][gc,heap     ] GC(109) Survivor regions: 1->1(10)
[2025-08-28T13:46:40.821+0000][1099278][info ][gc,heap     ] GC(109) Old regions: 25->25
[2025-08-28T13:46:40.821+0000][1099278][info ][gc,heap     ] GC(109) Humongous regions: 0->0
[2025-08-28T13:46:40.821+0000][1099278][info ][gc,metaspace] GC(109) Metaspace: 139575K(143488K)->139575K(143488K) NonClass: 120571K(122624K)->120571K(122624K) Class: 19004K(20864K)->19004K(20864K)
[2025-08-28T13:46:40.821+0000][1099278][info ][gc          ] GC(109) Pause Young (Normal) (G1 Evacuation Pause) 399M->99M(512M) 1.960ms
[2025-08-28T13:46:40.821+0000][1099278][info ][gc,cpu      ] GC(109) User=0.01s Sys=0.00s Real=0.01s
[2025-08-28T13:46:40.821+0000][1099278][info ][safepoint   ] Safepoint "G1CollectForAllocation", Time since last: 946707631 ns, Reaching safepoint: 3165606 ns, Cleanup: 6720 ns, At safepoint: 2058012 ns, Total: 5230338 ns
[2025-08-28T13:46:43.956+0000][1099278][info ][gc,start    ] GC(110) Pause Young (Normal) (G1 Evacuation Pause)
[2025-08-28T13:46:43.956+0000][1099278][info ][gc,task     ] GC(110) Using 12 workers of 33 for evacuation
[2025-08-28T13:46:43.956+0000][1099278][debug][gc,age      ] GC(110) Desired survivor size 20971520 bytes, new threshold 15 (max threshold 15)
[2025-08-28T13:46:43.957+0000][1099278][info ][gc,phases   ] GC(110)   Pre Evacuate Collection Set: 0.2ms
[2025-08-28T13:46:43.957+0000][1099278][info ][gc,phases   ] GC(110)   Merge Heap Roots: 0.1ms
[2025-08-28T13:46:43.957+0000][1099278][info ][gc,phases   ] GC(110)   Evacuate Collection Set: 0.9ms
[2025-08-28T13:46:43.957+0000][1099278][info ][gc,phases   ] GC(110)   Post Evacuate Collection Set: 0.3ms
[2025-08-28T13:46:43.957+0000][1099278][info ][gc,phases   ] GC(110)   Other: 0.1ms
[2025-08-28T13:46:43.957+0000][1099278][trace][gc,age      ] GC(110) Age table with threshold 15 (max threshold 15)
[2025-08-28T13:46:43.957+0000][1099278][trace][gc,age      ] GC(110) - age   1:       6968 bytes,       6968 total
[2025-08-28T13:46:43.957+0000][1099278][trace][gc,age      ] GC(110) - age   3:        488 bytes,       7456 total
[2025-08-28T13:46:43.957+0000][1099278][trace][gc,age      ] GC(110) - age   4:        176 bytes,       7632 total
[2025-08-28T13:46:43.957+0000][1099278][trace][gc,age      ] GC(110) - age   5:        192 bytes,       7824 total
[2025-08-28T13:46:43.957+0000][1099278][trace][gc,age      ] GC(110) - age   6:        224 bytes,       8048 total
[2025-08-28T13:46:43.957+0000][1099278][trace][gc,age      ] GC(110) - age   8:        752 bytes,       8800 total
[2025-08-28T13:46:43.957+0000][1099278][trace][gc,age      ] GC(110) - age   9:        600 bytes,       9400 total
[2025-08-28T13:46:43.957+0000][1099278][trace][gc,age      ] GC(110) - age  10:       1536 bytes,      10936 total
[2025-08-28T13:46:43.957+0000][1099278][trace][gc,age      ] GC(110) - age  13:        552 bytes,      11488 total
[2025-08-28T13:46:43.957+0000][1099278][trace][gc,age      ] GC(110) - age  14:        960 bytes,      12448 total
[2025-08-28T13:46:43.957+0000][1099278][info ][gc,heap     ] GC(110) Eden regions: 75->0(75)
[2025-08-28T13:46:43.957+0000][1099278][info ][gc,heap     ] GC(110) Survivor regions: 1->1(10)
[2025-08-28T13:46:43.957+0000][1099278][info ][gc,heap     ] GC(110) Old regions: 25->25
[2025-08-28T13:46:43.957+0000][1099278][info ][gc,heap     ] GC(110) Humongous regions: 0->0
[2025-08-28T13:46:43.957+0000][1099278][info ][gc,metaspace] GC(110) Metaspace: 139581K(143488K)->139581K(143488K) NonClass: 120577K(122624K)->120577K(122624K) Class: 19004K(20864K)->19004K(20864K)
[2025-08-28T13:46:43.957+0000][1099278][info ][gc          ] GC(110) Pause Young (Normal) (G1 Evacuation Pause) 399M->99M(512M) 1.615ms
[2025-08-28T13:46:43.957+0000][1099278][info ][gc,cpu      ] GC(110) User=0.01s Sys=0.00s Real=0.00s
[2025-08-28T13:46:43.957+0000][1099278][info ][safepoint   ] Safepoint "G1CollectForAllocation", Time since last: 3134003190 ns, Reaching safepoint: 44267 ns, Cleanup: 5979 ns, At safepoint: 1707615 ns, Total: 1757861 ns
[2025-08-28T13:46:47.069+0000][1099278][info ][gc,start    ] GC(111) Pause Young (Normal) (G1 Evacuation Pause)
[2025-08-28T13:46:47.069+0000][1099278][info ][gc,task     ] GC(111) Using 12 workers of 33 for evacuation
[2025-08-28T13:46:47.069+0000][1099278][debug][gc,age      ] GC(111) Desired survivor size 20971520 bytes, new threshold 15 (max threshold 15)
[2025-08-28T13:46:47.071+0000][1099278][info ][gc,phases   ] GC(111)   Pre Evacuate Collection Set: 0.1ms
[2025-08-28T13:46:47.071+0000][1099278][info ][gc,phases   ] GC(111)   Merge Heap Roots: 0.1ms
[2025-08-28T13:46:47.071+0000][1099278][info ][gc,phases   ] GC(111)   Evacuate Collection Set: 1.1ms
[2025-08-28T13:46:47.071+0000][1099278][info ][gc,phases   ] GC(111)   Post Evacuate Collection Set: 0.3ms
[2025-08-28T13:46:47.071+0000][1099278][info ][gc,phases   ] GC(111)   Other: 0.1ms
[2025-08-28T13:46:47.071+0000][1099278][trace][gc,age      ] GC(111) Age table with threshold 15 (max threshold 15)
[2025-08-28T13:46:47.071+0000][1099278][trace][gc,age      ] GC(111) - age   1:     662072 bytes,     662072 total
[2025-08-28T13:46:47.071+0000][1099278][trace][gc,age      ] GC(111) - age   2:       1408 bytes,     663480 total
[2025-08-28T13:46:47.071+0000][1099278][trace][gc,age      ] GC(111) - age   4:        248 bytes,     663728 total
[2025-08-28T13:46:47.071+0000][1099278][trace][gc,age      ] GC(111) - age   5:        176 bytes,     663904 total
[2025-08-28T13:46:47.071+0000][1099278][trace][gc,age      ] GC(111) - age   6:        192 bytes,     664096 total
[2025-08-28T13:46:47.071+0000][1099278][trace][gc,age      ] GC(111) - age   9:        752 bytes,     664848 total
[2025-08-28T13:46:47.071+0000][1099278][trace][gc,age      ] GC(111) - age  10:        200 bytes,     665048 total
[2025-08-28T13:46:47.071+0000][1099278][trace][gc,age      ] GC(111) - age  11:        336 bytes,     665384 total
[2025-08-28T13:46:47.071+0000][1099278][trace][gc,age      ] GC(111) - age  14:        552 bytes,     665936 total
[2025-08-28T13:46:47.071+0000][1099278][trace][gc,age      ] GC(111) - age  15:        960 bytes,     666896 total
[2025-08-28T13:46:47.071+0000][1099278][info ][gc,heap     ] GC(111) Eden regions: 75->0(75)
[2025-08-28T13:46:47.071+0000][1099278][info ][gc,heap     ] GC(111) Survivor regions: 1->1(10)
[2025-08-28T13:46:47.071+0000][1099278][info ][gc,heap     ] GC(111) Old regions: 25->25
[2025-08-28T13:46:47.071+0000][1099278][info ][gc,heap     ] GC(111) Humongous regions: 0->0
[2025-08-28T13:46:47.071+0000][1099278][info ][gc,metaspace] GC(111) Metaspace: 139581K(143488K)->139581K(143488K) NonClass: 120577K(122624K)->120577K(122624K) Class: 19004K(20864K)->19004K(20864K)
[2025-08-28T13:46:47.071+0000][1099278][info ][gc          ] GC(111) Pause Young (Normal) (G1 Evacuation Pause) 399M->99M(512M) 1.894ms
[2025-08-28T13:46:47.071+0000][1099278][info ][gc,cpu      ] GC(111) User=0.01s Sys=0.00s Real=0.01s
[2025-08-28T13:46:47.071+0000][1099278][info ][safepoint   ] Safepoint "G1CollectForAllocation", Time since last: 3111260590 ns, Reaching safepoint: 545851 ns, Cleanup: 7341 ns, At safepoint: 1987285 ns, Total: 2540477 ns
[2025-08-28T13:46:50.019+0000][1099278][info ][gc,start    ] GC(112) Pause Young (Normal) (G1 Evacuation Pause)
[2025-08-28T13:46:50.019+0000][1099278][info ][gc,task     ] GC(112) Using 12 workers of 33 for evacuation
[2025-08-28T13:46:50.019+0000][1099278][debug][gc,age      ] GC(112) Desired survivor size 20971520 bytes, new threshold 15 (max threshold 15)
[2025-08-28T13:46:50.021+0000][1099278][info ][gc,phases   ] GC(112)   Pre Evacuate Collection Set: 0.1ms
[2025-08-28T13:46:50.021+0000][1099278][info ][gc,phases   ] GC(112)   Merge Heap Roots: 0.1ms
[2025-08-28T13:46:50.021+0000][1099278][info ][gc,phases   ] GC(112)   Evacuate Collection Set: 1.5ms
[2025-08-28T13:46:50.021+0000][1099278][info ][gc,phases   ] GC(112)   Post Evacuate Collection Set: 0.3ms
[2025-08-28T13:46:50.021+0000][1099278][info ][gc,phases   ] GC(112)   Other: 0.1ms
[2025-08-28T13:46:50.021+0000][1099278][trace][gc,age      ] GC(112) Age table with threshold 15 (max threshold 15)
[2025-08-28T13:46:50.021+0000][1099278][trace][gc,age      ] GC(112) - age   1:      25176 bytes,      25176 total
[2025-08-28T13:46:50.021+0000][1099278][trace][gc,age      ] GC(112) - age   2:       2400 bytes,      27576 total
[2025-08-28T13:46:50.021+0000][1099278][trace][gc,age      ] GC(112) - age   3:        696 bytes,      28272 total
[2025-08-28T13:46:50.021+0000][1099278][trace][gc,age      ] GC(112) - age   5:        248 bytes,      28520 total
[2025-08-28T13:46:50.021+0000][1099278][trace][gc,age      ] GC(112) - age   6:        176 bytes,      28696 total
[2025-08-28T13:46:50.021+0000][1099278][trace][gc,age      ] GC(112) - age   7:        192 bytes,      28888 total
[2025-08-28T13:46:50.021+0000][1099278][trace][gc,age      ] GC(112) - age  10:        752 bytes,      29640 total
[2025-08-28T13:46:50.021+0000][1099278][trace][gc,age      ] GC(112) - age  11:        200 bytes,      29840 total
[2025-08-28T13:46:50.021+0000][1099278][trace][gc,age      ] GC(112) - age  12:        336 bytes,      30176 total
[2025-08-28T13:46:50.021+0000][1099278][trace][gc,age      ] GC(112) - age  15:        552 bytes,      30728 total
[2025-08-28T13:46:50.021+0000][1099278][info ][gc,heap     ] GC(112) Eden regions: 75->0(75)
[2025-08-28T13:46:50.021+0000][1099278][info ][gc,heap     ] GC(112) Survivor regions: 1->1(10)
[2025-08-28T13:46:50.021+0000][1099278][info ][gc,heap     ] GC(112) Old regions: 25->25
[2025-08-28T13:46:50.021+0000][1099278][info ][gc,heap     ] GC(112) Humongous regions: 0->0
[2025-08-28T13:46:50.021+0000][1099278][info ][gc,metaspace] GC(112) Metaspace: 139581K(143488K)->139581K(143488K) NonClass: 120577K(122624K)->120577K(122624K) Class: 19004K(20864K)->19004K(20864K)
[2025-08-28T13:46:50.021+0000][1099278][info ][gc          ] GC(112) Pause Young (Normal) (G1 Evacuation Pause) 399M->99M(512M) 2.174ms
[2025-08-28T13:46:50.021+0000][1099278][info ][gc,cpu      ] GC(112) User=0.01s Sys=0.01s Real=0.01s
[2025-08-28T13:46:50.021+0000][1099278][info ][safepoint   ] Safepoint "G1CollectForAllocation", Time since last: 2947135383 ns, Reaching safepoint: 807082 ns, Cleanup: 4637 ns, At safepoint: 2244913 ns, Total: 3056632 ns
[2025-08-28T13:46:51.856+0000][1099278][info ][safepoint   ] Safepoint "Cleanup", Time since last: 1834883902 ns, Reaching safepoint: 13129 ns, Cleanup: 14262 ns, At safepoint: 2093 ns, Total: 29484 ns
[2025-08-28T13:46:53.147+0000][1099278][info ][gc,start    ] GC(113) Pause Young (Normal) (G1 Evacuation Pause)
[2025-08-28T13:46:53.147+0000][1099278][info ][gc,task     ] GC(113) Using 12 workers of 33 for evacuation
[2025-08-28T13:46:53.147+0000][1099278][debug][gc,age      ] GC(113) Desired survivor size 20971520 bytes, new threshold 15 (max threshold 15)
[2025-08-28T13:46:53.149+0000][1099278][info ][gc,phases   ] GC(113)   Pre Evacuate Collection Set: 0.2ms
[2025-08-28T13:46:53.149+0000][1099278][info ][gc,phases   ] GC(113)   Merge Heap Roots: 0.1ms
[2025-08-28T13:46:53.149+0000][1099278][info ][gc,phases   ] GC(113)   Evacuate Collection Set: 1.5ms
[2025-08-28T13:46:53.149+0000][1099278][info ][gc,phases   ] GC(113)   Post Evacuate Collection Set: 0.3ms
[2025-08-28T13:46:53.149+0000][1099278][info ][gc,phases   ] GC(113)   Other: 0.1ms
[2025-08-28T13:46:53.149+0000][1099278][trace][gc,age      ] GC(113) Age table with threshold 15 (max threshold 15)
[2025-08-28T13:46:53.149+0000][1099278][trace][gc,age      ] GC(113) - age   1:      42360 bytes,      42360 total
[2025-08-28T13:46:53.149+0000][1099278][trace][gc,age      ] GC(113) - age   3:       2400 bytes,      44760 total
[2025-08-28T13:46:53.149+0000][1099278][trace][gc,age      ] GC(113) - age   4:        248 bytes,      45008 total
[2025-08-28T13:46:53.149+0000][1099278][trace][gc,age      ] GC(113) - age   6:        248 bytes,      45256 total
[2025-08-28T13:46:53.149+0000][1099278][trace][gc,age      ] GC(113) - age   7:        176 bytes,      45432 total
[2025-08-28T13:46:53.149+0000][1099278][trace][gc,age      ] GC(113) - age   8:        192 bytes,      45624 total
[2025-08-28T13:46:53.149+0000][1099278][trace][gc,age      ] GC(113) - age  11:        752 bytes,      46376 total
[2025-08-28T13:46:53.149+0000][1099278][trace][gc,age      ] GC(113) - age  12:        200 bytes,      46576 total
[2025-08-28T13:46:53.149+0000][1099278][trace][gc,age      ] GC(113) - age  13:        336 bytes,      46912 total
[2025-08-28T13:46:53.149+0000][1099278][info ][gc,heap     ] GC(113) Eden regions: 75->0(75)
[2025-08-28T13:46:53.149+0000][1099278][info ][gc,heap     ] GC(113) Survivor regions: 1->1(10)
[2025-08-28T13:46:53.149+0000][1099278][info ][gc,heap     ] GC(113) Old regions: 25->25
[2025-08-28T13:46:53.149+0000][1099278][info ][gc,heap     ] GC(113) Humongous regions: 0->0
[2025-08-28T13:46:53.149+0000][1099278][info ][gc,metaspace] GC(113) Metaspace: 139581K(143488K)->139581K(143488K) NonClass: 120577K(122624K)->120577K(122624K) Class: 19004K(20864K)->19004K(20864K)
[2025-08-28T13:46:53.149+0000][1099278][info ][gc          ] GC(113) Pause Young (Normal) (G1 Evacuation Pause) 399M->99M(512M) 2.204ms
[2025-08-28T13:46:53.149+0000][1099278][info ][gc,cpu      ] GC(113) User=0.01s Sys=0.00s Real=0.00s
[2025-08-28T13:46:53.149+0000][1099278][info ][safepoint   ] Safepoint "G1CollectForAllocation", Time since last: 1290354469 ns, Reaching safepoint: 111127 ns, Cleanup: 3385 ns, At safepoint: 2271453 ns, Total: 2385965 ns
[2025-08-28T13:46:56.084+0000][1099278][info ][gc,start    ] GC(114) Pause Young (Normal) (G1 Evacuation Pause)
[2025-08-28T13:46:56.084+0000][1099278][info ][gc,task     ] GC(114) Using 12 workers of 33 for evacuation
[2025-08-28T13:46:56.084+0000][1099278][debug][gc,age      ] GC(114) Desired survivor size 20971520 bytes, new threshold 15 (max threshold 15)
[2025-08-28T13:46:56.086+0000][1099278][info ][gc,phases   ] GC(114)   Pre Evacuate Collection Set: 0.1ms
[2025-08-28T13:46:56.086+0000][1099278][info ][gc,phases   ] GC(114)   Merge Heap Roots: 0.1ms
[2025-08-28T13:46:56.086+0000][1099278][info ][gc,phases   ] GC(114)   Evacuate Collection Set: 1.4ms
[2025-08-28T13:46:56.086+0000][1099278][info ][gc,phases   ] GC(114)   Post Evacuate Collection Set: 0.3ms
[2025-08-28T13:46:56.086+0000][1099278][info ][gc,phases   ] GC(114)   Other: 0.0ms
[2025-08-28T13:46:56.086+0000][1099278][trace][gc,age      ] GC(114) Age table with threshold 15 (max threshold 15)
[2025-08-28T13:46:56.086+0000][1099278][trace][gc,age      ] GC(114) - age   1:       8048 bytes,       8048 total
[2025-08-28T13:46:56.086+0000][1099278][trace][gc,age      ] GC(114) - age   2:       1464 bytes,       9512 total
[2025-08-28T13:46:56.086+0000][1099278][trace][gc,age      ] GC(114) - age   4:       2160 bytes,      11672 total
[2025-08-28T13:46:56.086+0000][1099278][trace][gc,age      ] GC(114) - age   5:        248 bytes,      11920 total
[2025-08-28T13:46:56.086+0000][1099278][trace][gc,age      ] GC(114) - age   7:        248 bytes,      12168 total
[2025-08-28T13:46:56.086+0000][1099278][trace][gc,age      ] GC(114) - age   8:        176 bytes,      12344 total
[2025-08-28T13:46:56.086+0000][1099278][trace][gc,age      ] GC(114) - age   9:        192 bytes,      12536 total
[2025-08-28T13:46:56.086+0000][1099278][trace][gc,age      ] GC(114) - age  12:        752 bytes,      13288 total
[2025-08-28T13:46:56.086+0000][1099278][trace][gc,age      ] GC(114) - age  13:        200 bytes,      13488 total
[2025-08-28T13:46:56.086+0000][1099278][trace][gc,age      ] GC(114) - age  14:        336 bytes,      13824 total
[2025-08-28T13:46:56.086+0000][1099278][info ][gc,heap     ] GC(114) Eden regions: 75->0(75)
[2025-08-28T13:46:56.086+0000][1099278][info ][gc,heap     ] GC(114) Survivor regions: 1->1(10)
[2025-08-28T13:46:56.086+0000][1099278][info ][gc,heap     ] GC(114) Old regions: 25->25
[2025-08-28T13:46:56.086+0000][1099278][info ][gc,heap     ] GC(114) Humongous regions: 0->0
[2025-08-28T13:46:56.086+0000][1099278][info ][gc,metaspace] GC(114) Metaspace: 139581K(143488K)->139581K(143488K) NonClass: 120577K(122624K)->120577K(122624K) Class: 19004K(20864K)->19004K(20864K)
[2025-08-28T13:46:56.086+0000][1099278][info ][gc          ] GC(114) Pause Young (Normal) (G1 Evacuation Pause) 399M->99M(512M) 2.120ms
[2025-08-28T13:46:56.086+0000][1099278][info ][gc,cpu      ] GC(114) User=0.01s Sys=0.00s Real=0.00s
[2025-08-28T13:46:56.086+0000][1099278][info ][safepoint   ] Safepoint "G1CollectForAllocation", Time since last: 2935182624 ns, Reaching safepoint: 13400 ns, Cleanup: 12238 ns, At safepoint: 2191894 ns, Total: 2217532 ns
[2025-08-28T13:46:58.864+0000][1099278][info ][safepoint   ] Safepoint "Cleanup", Time since last: 2778109961 ns, Reaching safepoint: 40972 ns, Cleanup: 8663 ns, At safepoint: 5108 ns, Total: 54743 ns
[2025-08-28T13:46:58.959+0000][1099278][info ][gc,start    ] GC(115) Pause Young (Normal) (G1 Evacuation Pause)
[2025-08-28T13:46:58.959+0000][1099278][info ][gc,task     ] GC(115) Using 12 workers of 33 for evacuation
[2025-08-28T13:46:58.959+0000][1099278][debug][gc,age      ] GC(115) Desired survivor size 20971520 bytes, new threshold 15 (max threshold 15)
[2025-08-28T13:46:58.961+0000][1099278][info ][gc,phases   ] GC(115)   Pre Evacuate Collection Set: 0.1ms
[2025-08-28T13:46:58.961+0000][1099278][info ][gc,phases   ] GC(115)   Merge Heap Roots: 0.1ms
[2025-08-28T13:46:58.961+0000][1099278][info ][gc,phases   ] GC(115)   Evacuate Collection Set: 1.2ms
[2025-08-28T13:46:58.961+0000][1099278][info ][gc,phases   ] GC(115)   Post Evacuate Collection Set: 0.3ms
[2025-08-28T13:46:58.961+0000][1099278][info ][gc,phases   ] GC(115)   Other: 0.0ms
[2025-08-28T13:46:58.961+0000][1099278][trace][gc,age      ] GC(115) Age table with threshold 15 (max threshold 15)
[2025-08-28T13:46:58.961+0000][1099278][trace][gc,age      ] GC(115) - age   1:     676872 bytes,     676872 total
[2025-08-28T13:46:58.961+0000][1099278][trace][gc,age      ] GC(115) - age   2:        240 bytes,     677112 total
[2025-08-28T13:46:58.961+0000][1099278][trace][gc,age      ] GC(115) - age   3:        752 bytes,     677864 total
[2025-08-28T13:46:58.961+0000][1099278][trace][gc,age      ] GC(115) - age   5:       2160 bytes,     680024 total
[2025-08-28T13:46:58.961+0000][1099278][trace][gc,age      ] GC(115) - age   6:        248 bytes,     680272 total
[2025-08-28T13:46:58.961+0000][1099278][trace][gc,age      ] GC(115) - age   8:        248 bytes,     680520 total
[2025-08-28T13:46:58.961+0000][1099278][trace][gc,age      ] GC(115) - age   9:        176 bytes,     680696 total
[2025-08-28T13:46:58.961+0000][1099278][trace][gc,age      ] GC(115) - age  10:        192 bytes,     680888 total
[2025-08-28T13:46:58.961+0000][1099278][trace][gc,age      ] GC(115) - age  13:        752 bytes,     681640 total
[2025-08-28T13:46:58.961+0000][1099278][trace][gc,age      ] GC(115) - age  14:        200 bytes,     681840 total
[2025-08-28T13:46:58.961+0000][1099278][trace][gc,age      ] GC(115) - age  15:        336 bytes,     682176 total
[2025-08-28T13:46:58.961+0000][1099278][info ][gc,heap     ] GC(115) Eden regions: 75->0(75)
[2025-08-28T13:46:58.961+0000][1099278][info ][gc,heap     ] GC(115) Survivor regions: 1->1(10)
[2025-08-28T13:46:58.961+0000][1099278][info ][gc,heap     ] GC(115) Old regions: 25->25
[2025-08-28T13:46:58.961+0000][1099278][info ][gc,heap     ] GC(115) Humongous regions: 0->0
[2025-08-28T13:46:58.961+0000][1099278][info ][gc,metaspace] GC(115) Metaspace: 139581K(143488K)->139581K(143488K) NonClass: 120577K(122624K)->120577K(122624K) Class: 19004K(20864K)->19004K(20864K)
[2025-08-28T13:46:58.961+0000][1099278][info ][gc          ] GC(115) Pause Young (Normal) (G1 Evacuation Pause) 399M->99M(512M) 1.890ms
[2025-08-28T13:46:58.961+0000][1099278][info ][gc,cpu      ] GC(115) User=0.01s Sys=0.00s Real=0.01s
[2025-08-28T13:46:58.961+0000][1099278][info ][safepoint   ] Safepoint "G1CollectForAllocation", Time since last: 94876806 ns, Reaching safepoint: 10867 ns, Cleanup: 2914 ns, At safepoint: 1957080 ns, Total: 1970861 ns
[2025-08-28T13:47:02.059+0000][1099278][info ][gc,start    ] GC(116) Pause Young (Normal) (G1 Evacuation Pause)
[2025-08-28T13:47:02.060+0000][1099278][info ][gc,task     ] GC(116) Using 12 workers of 33 for evacuation
[2025-08-28T13:47:02.060+0000][1099278][debug][gc,age      ] GC(116) Desired survivor size 20971520 bytes, new threshold 15 (max threshold 15)
[2025-08-28T13:47:02.061+0000][1099278][info ][gc,phases   ] GC(116)   Pre Evacuate Collection Set: 0.1ms
[2025-08-28T13:47:02.061+0000][1099278][info ][gc,phases   ] GC(116)   Merge Heap Roots: 0.1ms
[2025-08-28T13:47:02.061+0000][1099278][info ][gc,phases   ] GC(116)   Evacuate Collection Set: 1.2ms
[2025-08-28T13:47:02.061+0000][1099278][info ][gc,phases   ] GC(116)   Post Evacuate Collection Set: 0.3ms
[2025-08-28T13:47:02.061+0000][1099278][info ][gc,phases   ] GC(116)   Other: 0.0ms
[2025-08-28T13:47:02.061+0000][1099278][trace][gc,age      ] GC(116) Age table with threshold 15 (max threshold 15)
[2025-08-28T13:47:02.061+0000][1099278][trace][gc,age      ] GC(116) - age   1:       7584 bytes,       7584 total
[2025-08-28T13:47:02.061+0000][1099278][trace][gc,age      ] GC(116) - age   2:        712 bytes,       8296 total
[2025-08-28T13:47:02.061+0000][1099278][trace][gc,age      ] GC(116) - age   3:        240 bytes,       8536 total
[2025-08-28T13:47:02.061+0000][1099278][trace][gc,age      ] GC(116) - age   4:        752 bytes,       9288 total
[2025-08-28T13:47:02.061+0000][1099278][trace][gc,age      ] GC(116) - age   6:       2160 bytes,      11448 total
[2025-08-28T13:47:02.061+0000][1099278][trace][gc,age      ] GC(116) - age   7:        248 bytes,      11696 total
[2025-08-28T13:47:02.061+0000][1099278][trace][gc,age      ] GC(116) - age   9:        248 bytes,      11944 total
[2025-08-28T13:47:02.061+0000][1099278][trace][gc,age      ] GC(116) - age  10:        176 bytes,      12120 total
[2025-08-28T13:47:02.061+0000][1099278][trace][gc,age      ] GC(116) - age  11:        192 bytes,      12312 total
[2025-08-28T13:47:02.061+0000][1099278][trace][gc,age      ] GC(116) - age  14:        752 bytes,      13064 total
[2025-08-28T13:47:02.061+0000][1099278][trace][gc,age      ] GC(116) - age  15:        200 bytes,      13264 total
[2025-08-28T13:47:02.061+0000][1099278][info ][gc,heap     ] GC(116) Eden regions: 75->0(75)
[2025-08-28T13:47:02.061+0000][1099278][info ][gc,heap     ] GC(116) Survivor regions: 1->1(10)
[2025-08-28T13:47:02.061+0000][1099278][info ][gc,heap     ] GC(116) Old regions: 25->25
[2025-08-28T13:47:02.061+0000][1099278][info ][gc,heap     ] GC(116) Humongous regions: 0->0
[2025-08-28T13:47:02.061+0000][1099278][info ][gc,metaspace] GC(116) Metaspace: 139581K(143488K)->139581K(143488K) NonClass: 120577K(122624K)->120577K(122624K) Class: 19004K(20864K)->19004K(20864K)
[2025-08-28T13:47:02.061+0000][1099278][info ][gc          ] GC(116) Pause Young (Normal) (G1 Evacuation Pause) 399M->99M(512M) 1.900ms
[2025-08-28T13:47:02.061+0000][1099278][info ][gc,cpu      ] GC(116) User=0.01s Sys=0.00s Real=0.01s
[2025-08-28T13:47:02.061+0000][1099278][info ][safepoint   ] Safepoint "G1CollectForAllocation", Time since last: 3098208110 ns, Reaching safepoint: 13070 ns, Cleanup: 3515 ns, At safepoint: 1966545 ns, Total: 1983130 ns
[2025-08-28T13:47:03.061+0000][1099278][info ][safepoint   ] Safepoint "Cleanup", Time since last: 1000072838 ns, Reaching safepoint: 13050 ns, Cleanup: 9795 ns, At safepoint: 2393 ns, Total: 25238 ns
[2025-08-28T13:47:04.997+0000][1099278][info ][gc,start    ] GC(117) Pause Young (Normal) (G1 Evacuation Pause)
[2025-08-28T13:47:04.997+0000][1099278][info ][gc,task     ] GC(117) Using 12 workers of 33 for evacuation
[2025-08-28T13:47:04.997+0000][1099278][debug][gc,age      ] GC(117) Desired survivor size 20971520 bytes, new threshold 15 (max threshold 15)
[2025-08-28T13:47:04.998+0000][1099278][info ][gc,phases   ] GC(117)   Pre Evacuate Collection Set: 0.1ms
[2025-08-28T13:47:04.998+0000][1099278][info ][gc,phases   ] GC(117)   Merge Heap Roots: 0.0ms
[2025-08-28T13:47:04.998+0000][1099278][info ][gc,phases   ] GC(117)   Evacuate Collection Set: 1.4ms
[2025-08-28T13:47:04.999+0000][1099278][info ][gc,phases   ] GC(117)   Post Evacuate Collection Set: 0.3ms
[2025-08-28T13:47:04.999+0000][1099278][info ][gc,phases   ] GC(117)   Other: 0.1ms
[2025-08-28T13:47:04.999+0000][1099278][trace][gc,age      ] GC(117) Age table with threshold 15 (max threshold 15)
[2025-08-28T13:47:04.999+0000][1099278][trace][gc,age      ] GC(117) - age   1:      11200 bytes,      11200 total
[2025-08-28T13:47:04.999+0000][1099278][trace][gc,age      ] GC(117) - age   5:        752 bytes,      11952 total
[2025-08-28T13:47:04.999+0000][1099278][trace][gc,age      ] GC(117) - age   7:       2160 bytes,      14112 total
[2025-08-28T13:47:04.999+0000][1099278][trace][gc,age      ] GC(117) - age   8:        248 bytes,      14360 total
[2025-08-28T13:47:04.999+0000][1099278][trace][gc,age      ] GC(117) - age  10:        248 bytes,      14608 total
[2025-08-28T13:47:04.999+0000][1099278][trace][gc,age      ] GC(117) - age  12:        192 bytes,      14800 total
[2025-08-28T13:47:04.999+0000][1099278][trace][gc,age      ] GC(117) - age  15:        752 bytes,      15552 total
[2025-08-28T13:47:04.999+0000][1099278][info ][gc,heap     ] GC(117) Eden regions: 75->0(75)
[2025-08-28T13:47:04.999+0000][1099278][info ][gc,heap     ] GC(117) Survivor regions: 1->1(10)
[2025-08-28T13:47:04.999+0000][1099278][info ][gc,heap     ] GC(117) Old regions: 25->25
[2025-08-28T13:47:04.999+0000][1099278][info ][gc,heap     ] GC(117) Humongous regions: 0->0
[2025-08-28T13:47:04.999+0000][1099278][info ][gc,metaspace] GC(117) Metaspace: 139581K(143488K)->139581K(143488K) NonClass: 120577K(122624K)->120577K(122624K) Class: 19004K(20864K)->19004K(20864K)
[2025-08-28T13:47:04.999+0000][1099278][info ][gc          ] GC(117) Pause Young (Normal) (G1 Evacuation Pause) 399M->99M(512M) 2.022ms
[2025-08-28T13:47:04.999+0000][1099278][info ][gc,cpu      ] GC(117) User=0.01s Sys=0.00s Real=0.00s
[2025-08-28T13:47:04.999+0000][1099278][info ][safepoint   ] Safepoint "G1CollectForAllocation", Time since last: 1934979540 ns, Reaching safepoint: 12939 ns, Cleanup: 3235 ns, At safepoint: 2098273 ns, Total: 2114447 ns
[2025-08-28T13:47:07.946+0000][1099278][info ][gc,start    ] GC(118) Pause Young (Normal) (G1 Evacuation Pause)
[2025-08-28T13:47:07.947+0000][1099278][info ][gc,task     ] GC(118) Using 12 workers of 33 for evacuation
[2025-08-28T13:47:07.947+0000][1099278][debug][gc,age      ] GC(118) Desired survivor size 20971520 bytes, new threshold 15 (max threshold 15)
[2025-08-28T13:47:07.948+0000][1099278][info ][gc,phases   ] GC(118)   Pre Evacuate Collection Set: 0.2ms
[2025-08-28T13:47:07.948+0000][1099278][info ][gc,phases   ] GC(118)   Merge Heap Roots: 0.1ms
[2025-08-28T13:47:07.948+0000][1099278][info ][gc,phases   ] GC(118)   Evacuate Collection Set: 1.2ms
[2025-08-28T13:47:07.948+0000][1099278][info ][gc,phases   ] GC(118)   Post Evacuate Collection Set: 0.3ms
[2025-08-28T13:47:07.948+0000][1099278][info ][gc,phases   ] GC(118)   Other: 0.0ms
[2025-08-28T13:47:07.948+0000][1099278][trace][gc,age      ] GC(118) Age table with threshold 15 (max threshold 15)
[2025-08-28T13:47:07.948+0000][1099278][trace][gc,age      ] GC(118) - age   1:     123776 bytes,     123776 total
[2025-08-28T13:47:07.948+0000][1099278][trace][gc,age      ] GC(118) - age   2:       3216 bytes,     126992 total
[2025-08-28T13:47:07.948+0000][1099278][trace][gc,age      ] GC(118) - age   6:        752 bytes,     127744 total
[2025-08-28T13:47:07.948+0000][1099278][trace][gc,age      ] GC(118) - age   8:       1936 bytes,     129680 total
[2025-08-28T13:47:07.948+0000][1099278][trace][gc,age      ] GC(118) - age   9:        248 bytes,     129928 total
[2025-08-28T13:47:07.948+0000][1099278][trace][gc,age      ] GC(118) - age  11:        248 bytes,     130176 total
[2025-08-28T13:47:07.948+0000][1099278][trace][gc,age      ] GC(118) - age  13:        192 bytes,     130368 total
[2025-08-28T13:47:07.948+0000][1099278][info ][gc,heap     ] GC(118) Eden regions: 75->0(75)
[2025-08-28T13:47:07.948+0000][1099278][info ][gc,heap     ] GC(118) Survivor regions: 1->1(10)
[2025-08-28T13:47:07.948+0000][1099278][info ][gc,heap     ] GC(118) Old regions: 25->25
[2025-08-28T13:47:07.948+0000][1099278][info ][gc,heap     ] GC(118) Humongous regions: 0->0
[2025-08-28T13:47:07.948+0000][1099278][info ][gc,metaspace] GC(118) Metaspace: 139581K(143488K)->139581K(143488K) NonClass: 120577K(122624K)->120577K(122624K) Class: 19004K(20864K)->19004K(20864K)
[2025-08-28T13:47:07.948+0000][1099278][info ][gc          ] GC(118) Pause Young (Normal) (G1 Evacuation Pause) 399M->99M(512M) 1.917ms
[2025-08-28T13:47:07.948+0000][1099278][info ][gc,cpu      ] GC(118) User=0.01s Sys=0.00s Real=0.00s
[2025-08-28T13:47:07.948+0000][1099278][info ][safepoint   ] Safepoint "G1CollectForAllocation", Time since last: 2947841022 ns, Reaching safepoint: 11477 ns, Cleanup: 3375 ns, At safepoint: 1986715 ns, Total: 2001567 ns
[2025-08-28T13:47:10.822+0000][1099278][info ][gc,start    ] GC(119) Pause Young (Normal) (G1 Evacuation Pause)
[2025-08-28T13:47:10.822+0000][1099278][info ][gc,task     ] GC(119) Using 12 workers of 33 for evacuation
[2025-08-28T13:47:10.822+0000][1099278][debug][gc,age      ] GC(119) Desired survivor size 20971520 bytes, new threshold 15 (max threshold 15)
[2025-08-28T13:47:10.824+0000][1099278][info ][gc,phases   ] GC(119)   Pre Evacuate Collection Set: 0.1ms
[2025-08-28T13:47:10.824+0000][1099278][info ][gc,phases   ] GC(119)   Merge Heap Roots: 0.1ms
[2025-08-28T13:47:10.824+0000][1099278][info ][gc,phases   ] GC(119)   Evacuate Collection Set: 1.4ms
[2025-08-28T13:47:10.824+0000][1099278][info ][gc,phases   ] GC(119)   Post Evacuate Collection Set: 0.3ms
[2025-08-28T13:47:10.824+0000][1099278][info ][gc,phases   ] GC(119)   Other: 0.1ms
[2025-08-28T13:47:10.824+0000][1099278][trace][gc,age      ] GC(119) Age table with threshold 15 (max threshold 15)
[2025-08-28T13:47:10.824+0000][1099278][trace][gc,age      ] GC(119) - age   1:     255904 bytes,     255904 total
[2025-08-28T13:47:10.824+0000][1099278][trace][gc,age      ] GC(119) - age   2:        400 bytes,     256304 total
[2025-08-28T13:47:10.824+0000][1099278][trace][gc,age      ] GC(119) - age   3:       2680 bytes,     258984 total
[2025-08-28T13:47:10.824+0000][1099278][trace][gc,age      ] GC(119) - age   7:        752 bytes,     259736 total
[2025-08-28T13:47:10.824+0000][1099278][trace][gc,age      ] GC(119) - age   9:       1936 bytes,     261672 total
[2025-08-28T13:47:10.824+0000][1099278][trace][gc,age      ] GC(119) - age  10:        248 bytes,     261920 total
[2025-08-28T13:47:10.824+0000][1099278][trace][gc,age      ] GC(119) - age  14:        192 bytes,     262112 total
[2025-08-28T13:47:10.824+0000][1099278][info ][gc,heap     ] GC(119) Eden regions: 75->0(75)
[2025-08-28T13:47:10.824+0000][1099278][info ][gc,heap     ] GC(119) Survivor regions: 1->1(10)
[2025-08-28T13:47:10.824+0000][1099278][info ][gc,heap     ] GC(119) Old regions: 25->25
[2025-08-28T13:47:10.824+0000][1099278][info ][gc,heap     ] GC(119) Humongous regions: 0->0
[2025-08-28T13:47:10.824+0000][1099278][info ][gc,metaspace] GC(119) Metaspace: 139581K(143488K)->139581K(143488K) NonClass: 120577K(122624K)->120577K(122624K) Class: 19004K(20864K)->19004K(20864K)
[2025-08-28T13:47:10.824+0000][1099278][info ][gc          ] GC(119) Pause Young (Normal) (G1 Evacuation Pause) 399M->99M(512M) 2.066ms
[2025-08-28T13:47:10.824+0000][1099278][info ][gc,cpu      ] GC(119) User=0.01s Sys=0.01s Real=0.00s
[2025-08-28T13:47:10.824+0000][1099278][info ][safepoint   ] Safepoint "G1CollectForAllocation", Time since last: 2873408783 ns, Reaching safepoint: 40460 ns, Cleanup: 3185 ns, At safepoint: 2140096 ns, Total: 2183741 ns
[2025-08-28T13:47:13.747+0000][1099278][info ][gc,start    ] GC(120) Pause Young (Normal) (G1 Evacuation Pause)
[2025-08-28T13:47:13.747+0000][1099278][info ][gc,task     ] GC(120) Using 12 workers of 33 for evacuation
[2025-08-28T13:47:13.747+0000][1099278][debug][gc,age      ] GC(120) Desired survivor size 20971520 bytes, new threshold 15 (max threshold 15)
[2025-08-28T13:47:13.749+0000][1099278][info ][gc,phases   ] GC(120)   Pre Evacuate Collection Set: 0.2ms
[2025-08-28T13:47:13.749+0000][1099278][info ][gc,phases   ] GC(120)   Merge Heap Roots: 0.1ms
[2025-08-28T13:47:13.749+0000][1099278][info ][gc,phases   ] GC(120)   Evacuate Collection Set: 1.3ms
[2025-08-28T13:47:13.749+0000][1099278][info ][gc,phases   ] GC(120)   Post Evacuate Collection Set: 0.3ms
[2025-08-28T13:47:13.749+0000][1099278][info ][gc,phases   ] GC(120)   Other: 0.1ms
[2025-08-28T13:47:13.749+0000][1099278][trace][gc,age      ] GC(120) Age table with threshold 15 (max threshold 15)
[2025-08-28T13:47:13.749+0000][1099278][trace][gc,age      ] GC(120) - age   1:     674080 bytes,     674080 total
[2025-08-28T13:47:13.749+0000][1099278][trace][gc,age      ] GC(120) - age   3:        224 bytes,     674304 total
[2025-08-28T13:47:13.749+0000][1099278][trace][gc,age      ] GC(120) - age   4:       2680 bytes,     676984 total
[2025-08-28T13:47:13.749+0000][1099278][trace][gc,age      ] GC(120) - age   8:        752 bytes,     677736 total
[2025-08-28T13:47:13.749+0000][1099278][trace][gc,age      ] GC(120) - age  10:       1936 bytes,     679672 total
[2025-08-28T13:47:13.749+0000][1099278][trace][gc,age      ] GC(120) - age  15:        192 bytes,     679864 total
[2025-08-28T13:47:13.749+0000][1099278][info ][gc,heap     ] GC(120) Eden regions: 75->0(75)
[2025-08-28T13:47:13.749+0000][1099278][info ][gc,heap     ] GC(120) Survivor regions: 1->1(10)
[2025-08-28T13:47:13.749+0000][1099278][info ][gc,heap     ] GC(120) Old regions: 25->25
[2025-08-28T13:47:13.749+0000][1099278][info ][gc,heap     ] GC(120) Humongous regions: 0->0
[2025-08-28T13:47:13.749+0000][1099278][info ][gc,metaspace] GC(120) Metaspace: 139581K(143488K)->139581K(143488K) NonClass: 120577K(122624K)->120577K(122624K) Class: 19004K(20864K)->19004K(20864K)
[2025-08-28T13:47:13.749+0000][1099278][info ][gc          ] GC(120) Pause Young (Normal) (G1 Evacuation Pause) 399M->99M(512M) 1.906ms
[2025-08-28T13:47:13.749+0000][1099278][info ][gc,cpu      ] GC(120) User=0.01s Sys=0.00s Real=0.00s
[2025-08-28T13:47:13.749+0000][1099278][info ][safepoint   ] Safepoint "G1CollectForAllocation", Time since last: 2923268463 ns, Reaching safepoint: 40291 ns, Cleanup: 3104 ns, At safepoint: 1980486 ns, Total: 2023881 ns
[2025-08-28T13:47:15.749+0000][1099278][info ][safepoint   ] Safepoint "Cleanup", Time since last: 2000148402 ns, Reaching safepoint: 12959 ns, Cleanup: 8743 ns, At safepoint: 2384 ns, Total: 24086 ns
[2025-08-28T13:47:16.884+0000][1099278][info ][gc,start    ] GC(121) Pause Young (Normal) (G1 Evacuation Pause)
[2025-08-28T13:47:16.884+0000][1099278][info ][gc,task     ] GC(121) Using 12 workers of 33 for evacuation
[2025-08-28T13:47:16.884+0000][1099278][debug][gc,age      ] GC(121) Desired survivor size 20971520 bytes, new threshold 15 (max threshold 15)
[2025-08-28T13:47:16.886+0000][1099278][info ][gc,phases   ] GC(121)   Pre Evacuate Collection Set: 0.1ms
[2025-08-28T13:47:16.886+0000][1099278][info ][gc,phases   ] GC(121)   Merge Heap Roots: 0.1ms
[2025-08-28T13:47:16.886+0000][1099278][info ][gc,phases   ] GC(121)   Evacuate Collection Set: 0.9ms
[2025-08-28T13:47:16.886+0000][1099278][info ][gc,phases   ] GC(121)   Post Evacuate Collection Set: 0.3ms
[2025-08-28T13:47:16.886+0000][1099278][info ][gc,phases   ] GC(121)   Other: 0.1ms
[2025-08-28T13:47:16.886+0000][1099278][trace][gc,age      ] GC(121) Age table with threshold 15 (max threshold 15)
[2025-08-28T13:47:16.886+0000][1099278][trace][gc,age      ] GC(121) - age   1:       7768 bytes,       7768 total
[2025-08-28T13:47:16.886+0000][1099278][trace][gc,age      ] GC(121) - age   2:        712 bytes,       8480 total
[2025-08-28T13:47:16.886+0000][1099278][trace][gc,age      ] GC(121) - age   4:        224 bytes,       8704 total
[2025-08-28T13:47:16.886+0000][1099278][trace][gc,age      ] GC(121) - age   5:       2440 bytes,      11144 total
[2025-08-28T13:47:16.886+0000][1099278][trace][gc,age      ] GC(121) - age   9:        752 bytes,      11896 total
[2025-08-28T13:47:16.886+0000][1099278][trace][gc,age      ] GC(121) - age  11:        424 bytes,      12320 total
[2025-08-28T13:47:16.886+0000][1099278][info ][gc,heap     ] GC(121) Eden regions: 75->0(75)
[2025-08-28T13:47:16.886+0000][1099278][info ][gc,heap     ] GC(121) Survivor regions: 1->1(10)
[2025-08-28T13:47:16.886+0000][1099278][info ][gc,heap     ] GC(121) Old regions: 25->25
[2025-08-28T13:47:16.886+0000][1099278][info ][gc,heap     ] GC(121) Humongous regions: 0->0
[2025-08-28T13:47:16.886+0000][1099278][info ][gc,metaspace] GC(121) Metaspace: 139581K(143488K)->139581K(143488K) NonClass: 120577K(122624K)->120577K(122624K) Class: 19004K(20864K)->19004K(20864K)
[2025-08-28T13:47:16.886+0000][1099278][info ][gc          ] GC(121) Pause Young (Normal) (G1 Evacuation Pause) 399M->99M(512M) 1.533ms
[2025-08-28T13:47:16.886+0000][1099278][info ][gc,cpu      ] GC(121) User=0.00s Sys=0.00s Real=0.00s
[2025-08-28T13:47:16.886+0000][1099278][info ][safepoint   ] Safepoint "G1CollectForAllocation", Time since last: 1134596813 ns, Reaching safepoint: 12899 ns, Cleanup: 3295 ns, At safepoint: 1601887 ns, Total: 1618081 ns
[2025-08-28T13:47:17.886+0000][1099278][info ][safepoint   ] Safepoint "Cleanup", Time since last: 1000071787 ns, Reaching safepoint: 13931 ns, Cleanup: 14872 ns, At safepoint: 2534 ns, Total: 31337 ns
[2025-08-28T13:47:18.886+0000][1099278][info ][safepoint   ] Safepoint "Cleanup", Time since last: 1000100010 ns, Reaching safepoint: 41762 ns, Cleanup: 9014 ns, At safepoint: 5408 ns, Total: 56184 ns
[2025-08-28T13:47:19.772+0000][1099278][info ][gc,start    ] GC(122) Pause Young (Normal) (G1 Evacuation Pause)
[2025-08-28T13:47:19.772+0000][1099278][info ][gc,task     ] GC(122) Using 12 workers of 33 for evacuation
[2025-08-28T13:47:19.772+0000][1099278][debug][gc,age      ] GC(122) Desired survivor size 20971520 bytes, new threshold 15 (max threshold 15)
[2025-08-28T13:47:19.774+0000][1099278][info ][gc,phases   ] GC(122)   Pre Evacuate Collection Set: 0.2ms
[2025-08-28T13:47:19.774+0000][1099278][info ][gc,phases   ] GC(122)   Merge Heap Roots: 0.1ms
[2025-08-28T13:47:19.774+0000][1099278][info ][gc,phases   ] GC(122)   Evacuate Collection Set: 1.3ms
[2025-08-28T13:47:19.774+0000][1099278][info ][gc,phases   ] GC(122)   Post Evacuate Collection Set: 0.4ms
[2025-08-28T13:47:19.774+0000][1099278][info ][gc,phases   ] GC(122)   Other: 0.0ms
[2025-08-28T13:47:19.774+0000][1099278][trace][gc,age      ] GC(122) Age table with threshold 15 (max threshold 15)
[2025-08-28T13:47:19.774+0000][1099278][trace][gc,age      ] GC(122) - age   1:     698592 bytes,     698592 total
[2025-08-28T13:47:19.774+0000][1099278][trace][gc,age      ] GC(122) - age   2:       2208 bytes,     700800 total
[2025-08-28T13:47:19.774+0000][1099278][trace][gc,age      ] GC(122) - age   5:        224 bytes,     701024 total
[2025-08-28T13:47:19.774+0000][1099278][trace][gc,age      ] GC(122) - age   6:       2440 bytes,     703464 total
[2025-08-28T13:47:19.774+0000][1099278][trace][gc,age      ] GC(122) - age  10:        752 bytes,     704216 total
[2025-08-28T13:47:19.774+0000][1099278][trace][gc,age      ] GC(122) - age  12:        424 bytes,     704640 total
[2025-08-28T13:47:19.774+0000][1099278][info ][gc,heap     ] GC(122) Eden regions: 75->0(75)
[2025-08-28T13:47:19.774+0000][1099278][info ][gc,heap     ] GC(122) Survivor regions: 1->1(10)
[2025-08-28T13:47:19.774+0000][1099278][info ][gc,heap     ] GC(122) Old regions: 25->25
[2025-08-28T13:47:19.774+0000][1099278][info ][gc,heap     ] GC(122) Humongous regions: 0->0
[2025-08-28T13:47:19.774+0000][1099278][info ][gc,metaspace] GC(122) Metaspace: 139598K(143552K)->139598K(143552K) NonClass: 120590K(122624K)->120590K(122624K) Class: 19008K(20928K)->19008K(20928K)
[2025-08-28T13:47:19.774+0000][1099278][info ][gc          ] GC(122) Pause Young (Normal) (G1 Evacuation Pause) 399M->99M(512M) 2.149ms
[2025-08-28T13:47:19.774+0000][1099278][info ][gc,cpu      ] GC(122) User=0.00s Sys=0.01s Real=0.00s
[2025-08-28T13:47:19.774+0000][1099278][info ][safepoint   ] Safepoint "G1CollectForAllocation", Time since last: 885941604 ns, Reaching safepoint: 78538 ns, Cleanup: 4156 ns, At safepoint: 2224061 ns, Total: 2306755 ns
[2025-08-28T13:47:22.722+0000][1099278][info ][gc,start    ] GC(123) Pause Young (Normal) (G1 Evacuation Pause)
[2025-08-28T13:47:22.722+0000][1099278][info ][gc,task     ] GC(123) Using 12 workers of 33 for evacuation
[2025-08-28T13:47:22.722+0000][1099278][debug][gc,age      ] GC(123) Desired survivor size 20971520 bytes, new threshold 15 (max threshold 15)
[2025-08-28T13:47:22.724+0000][1099278][info ][gc,phases   ] GC(123)   Pre Evacuate Collection Set: 0.2ms
[2025-08-28T13:47:22.724+0000][1099278][info ][gc,phases   ] GC(123)   Merge Heap Roots: 0.1ms
[2025-08-28T13:47:22.724+0000][1099278][info ][gc,phases   ] GC(123)   Evacuate Collection Set: 1.2ms
[2025-08-28T13:47:22.724+0000][1099278][info ][gc,phases   ] GC(123)   Post Evacuate Collection Set: 0.4ms
[2025-08-28T13:47:22.724+0000][1099278][info ][gc,phases   ] GC(123)   Other: 0.0ms
[2025-08-28T13:47:22.724+0000][1099278][trace][gc,age      ] GC(123) Age table with threshold 15 (max threshold 15)
[2025-08-28T13:47:22.724+0000][1099278][trace][gc,age      ] GC(123) - age   1:     623944 bytes,     623944 total
[2025-08-28T13:47:22.724+0000][1099278][trace][gc,age      ] GC(123) - age   2:     294208 bytes,     918152 total
[2025-08-28T13:47:22.724+0000][1099278][trace][gc,age      ] GC(123) - age   3:       2208 bytes,     920360 total
[2025-08-28T13:47:22.724+0000][1099278][trace][gc,age      ] GC(123) - age   6:        224 bytes,     920584 total
[2025-08-28T13:47:22.724+0000][1099278][trace][gc,age      ] GC(123) - age   7:       2440 bytes,     923024 total
[2025-08-28T13:47:22.724+0000][1099278][trace][gc,age      ] GC(123) - age  11:        752 bytes,     923776 total
[2025-08-28T13:47:22.724+0000][1099278][trace][gc,age      ] GC(123) - age  13:        424 bytes,     924200 total
[2025-08-28T13:47:22.724+0000][1099278][info ][gc,heap     ] GC(123) Eden regions: 75->0(75)
[2025-08-28T13:47:22.724+0000][1099278][info ][gc,heap     ] GC(123) Survivor regions: 1->1(10)
[2025-08-28T13:47:22.724+0000][1099278][info ][gc,heap     ] GC(123) Old regions: 25->25
[2025-08-28T13:47:22.724+0000][1099278][info ][gc,heap     ] GC(123) Humongous regions: 0->0
[2025-08-28T13:47:22.724+0000][1099278][info ][gc,metaspace] GC(123) Metaspace: 139598K(143552K)->139598K(143552K) NonClass: 120590K(122624K)->120590K(122624K) Class: 19008K(20928K)->19008K(20928K)
[2025-08-28T13:47:22.724+0000][1099278][info ][gc          ] GC(123) Pause Young (Normal) (G1 Evacuation Pause) 399M->99M(512M) 1.984ms
[2025-08-28T13:47:22.724+0000][1099278][info ][gc,cpu      ] GC(123) User=0.01s Sys=0.00s Real=0.00s
[2025-08-28T13:47:22.724+0000][1099278][info ][safepoint   ] Safepoint "G1CollectForAllocation", Time since last: 2947865494 ns, Reaching safepoint: 12729 ns, Cleanup: 3785 ns, At safepoint: 2069078 ns, Total: 2085592 ns
[2025-08-28T13:47:25.860+0000][1099278][info ][gc,start    ] GC(124) Pause Young (Normal) (G1 Evacuation Pause)
[2025-08-28T13:47:25.860+0000][1099278][info ][gc,task     ] GC(124) Using 12 workers of 33 for evacuation
[2025-08-28T13:47:25.860+0000][1099278][debug][gc,age      ] GC(124) Desired survivor size 20971520 bytes, new threshold 15 (max threshold 15)
[2025-08-28T13:47:25.862+0000][1099278][info ][gc,phases   ] GC(124)   Pre Evacuate Collection Set: 0.1ms
[2025-08-28T13:47:25.862+0000][1099278][info ][gc,phases   ] GC(124)   Merge Heap Roots: 0.1ms
[2025-08-28T13:47:25.862+0000][1099278][info ][gc,phases   ] GC(124)   Evacuate Collection Set: 0.9ms
[2025-08-28T13:47:25.862+0000][1099278][info ][gc,phases   ] GC(124)   Post Evacuate Collection Set: 0.4ms
[2025-08-28T13:47:25.862+0000][1099278][info ][gc,phases   ] GC(124)   Other: 0.1ms
[2025-08-28T13:47:25.862+0000][1099278][trace][gc,age      ] GC(124) Age table with threshold 15 (max threshold 15)
[2025-08-28T13:47:25.862+0000][1099278][trace][gc,age      ] GC(124) - age   1:       6904 bytes,       6904 total
[2025-08-28T13:47:25.862+0000][1099278][trace][gc,age      ] GC(124) - age   2:         32 bytes,       6936 total
[2025-08-28T13:47:25.862+0000][1099278][trace][gc,age      ] GC(124) - age   3:     293496 bytes,     300432 total
[2025-08-28T13:47:25.862+0000][1099278][trace][gc,age      ] GC(124) - age   4:       1968 bytes,     302400 total
[2025-08-28T13:47:25.862+0000][1099278][trace][gc,age      ] GC(124) - age   8:       2440 bytes,     304840 total
[2025-08-28T13:47:25.862+0000][1099278][trace][gc,age      ] GC(124) - age  12:        752 bytes,     305592 total
[2025-08-28T13:47:25.862+0000][1099278][trace][gc,age      ] GC(124) - age  14:        424 bytes,     306016 total
[2025-08-28T13:47:25.862+0000][1099278][info ][gc,heap     ] GC(124) Eden regions: 75->0(75)
[2025-08-28T13:47:25.862+0000][1099278][info ][gc,heap     ] GC(124) Survivor regions: 1->1(10)
[2025-08-28T13:47:25.862+0000][1099278][info ][gc,heap     ] GC(124) Old regions: 25->25
[2025-08-28T13:47:25.862+0000][1099278][info ][gc,heap     ] GC(124) Humongous regions: 0->0
[2025-08-28T13:47:25.862+0000][1099278][info ][gc,metaspace] GC(124) Metaspace: 139598K(143552K)->139598K(143552K) NonClass: 120590K(122624K)->120590K(122624K) Class: 19008K(20928K)->19008K(20928K)
[2025-08-28T13:47:25.862+0000][1099278][info ][gc          ] GC(124) Pause Young (Normal) (G1 Evacuation Pause) 399M->99M(512M) 1.716ms
[2025-08-28T13:47:25.862+0000][1099278][info ][gc,cpu      ] GC(124) User=0.01s Sys=0.00s Real=0.01s
[2025-08-28T13:47:25.862+0000][1099278][info ][safepoint   ] Safepoint "G1CollectForAllocation", Time since last: 3135986321 ns, Reaching safepoint: 12749 ns, Cleanup: 3385 ns, At safepoint: 1823139 ns, Total: 1839273 ns
[2025-08-28T13:47:28.810+0000][1099278][info ][gc,start    ] GC(125) Pause Young (Normal) (G1 Evacuation Pause)
[2025-08-28T13:47:28.810+0000][1099278][info ][gc,task     ] GC(125) Using 12 workers of 33 for evacuation
[2025-08-28T13:47:28.810+0000][1099278][debug][gc,age      ] GC(125) Desired survivor size 20971520 bytes, new threshold 15 (max threshold 15)
[2025-08-28T13:47:28.812+0000][1099278][info ][gc,phases   ] GC(125)   Pre Evacuate Collection Set: 0.2ms
[2025-08-28T13:47:28.812+0000][1099278][info ][gc,phases   ] GC(125)   Merge Heap Roots: 0.0ms
[2025-08-28T13:47:28.812+0000][1099278][info ][gc,phases   ] GC(125)   Evacuate Collection Set: 1.4ms
[2025-08-28T13:47:28.812+0000][1099278][info ][gc,phases   ] GC(125)   Post Evacuate Collection Set: 0.4ms
[2025-08-28T13:47:28.812+0000][1099278][info ][gc,phases   ] GC(125)   Other: 0.1ms
[2025-08-28T13:47:28.812+0000][1099278][trace][gc,age      ] GC(125) Age table with threshold 15 (max threshold 15)
[2025-08-28T13:47:28.812+0000][1099278][trace][gc,age      ] GC(125) - age   1:     691888 bytes,     691888 total
[2025-08-28T13:47:28.812+0000][1099278][trace][gc,age      ] GC(125) - age   2:        496 bytes,     692384 total
[2025-08-28T13:47:28.812+0000][1099278][trace][gc,age      ] GC(125) - age   3:         32 bytes,     692416 total
[2025-08-28T13:47:28.812+0000][1099278][trace][gc,age      ] GC(125) - age   4:     293496 bytes,     985912 total
[2025-08-28T13:47:28.812+0000][1099278][trace][gc,age      ] GC(125) - age   5:       1968 bytes,     987880 total
[2025-08-28T13:47:28.812+0000][1099278][trace][gc,age      ] GC(125) - age   9:       2440 bytes,     990320 total
[2025-08-28T13:47:28.812+0000][1099278][trace][gc,age      ] GC(125) - age  13:        752 bytes,     991072 total
[2025-08-28T13:47:28.812+0000][1099278][trace][gc,age      ] GC(125) - age  15:        424 bytes,     991496 total
[2025-08-28T13:47:28.812+0000][1099278][info ][gc,heap     ] GC(125) Eden regions: 75->0(75)
[2025-08-28T13:47:28.812+0000][1099278][info ][gc,heap     ] GC(125) Survivor regions: 1->1(10)
[2025-08-28T13:47:28.812+0000][1099278][info ][gc,heap     ] GC(125) Old regions: 25->25
[2025-08-28T13:47:28.812+0000][1099278][info ][gc,heap     ] GC(125) Humongous regions: 0->0
[2025-08-28T13:47:28.812+0000][1099278][info ][gc,metaspace] GC(125) Metaspace: 139598K(143552K)->139598K(143552K) NonClass: 120590K(122624K)->120590K(122624K) Class: 19008K(20928K)->19008K(20928K)
[2025-08-28T13:47:28.812+0000][1099278][info ][gc          ] GC(125) Pause Young (Normal) (G1 Evacuation Pause) 399M->100M(512M) 2.235ms
[2025-08-28T13:47:28.812+0000][1099278][info ][gc,cpu      ] GC(125) User=0.01s Sys=0.00s Real=0.01s
[2025-08-28T13:47:28.812+0000][1099278][info ][safepoint   ] Safepoint "G1CollectForAllocation", Time since last: 2947793437 ns, Reaching safepoint: 32219 ns, Cleanup: 3956 ns, At safepoint: 2311041 ns, Total: 2347216 ns
[2025-08-28T13:47:31.998+0000][1099278][info ][gc,start    ] GC(126) Pause Young (Normal) (G1 Evacuation Pause)
[2025-08-28T13:47:31.998+0000][1099278][info ][gc,task     ] GC(126) Using 12 workers of 33 for evacuation
[2025-08-28T13:47:31.998+0000][1099278][debug][gc,age      ] GC(126) Desired survivor size 20971520 bytes, new threshold 15 (max threshold 15)
[2025-08-28T13:47:31.999+0000][1099278][info ][gc,phases   ] GC(126)   Pre Evacuate Collection Set: 0.1ms
[2025-08-28T13:47:31.999+0000][1099278][info ][gc,phases   ] GC(126)   Merge Heap Roots: 0.1ms
[2025-08-28T13:47:31.999+0000][1099278][info ][gc,phases   ] GC(126)   Evacuate Collection Set: 1.0ms
[2025-08-28T13:47:31.999+0000][1099278][info ][gc,phases   ] GC(126)   Post Evacuate Collection Set: 0.4ms
[2025-08-28T13:47:31.999+0000][1099278][info ][gc,phases   ] GC(126)   Other: 0.1ms
[2025-08-28T13:47:31.999+0000][1099278][trace][gc,age      ] GC(126) Age table with threshold 15 (max threshold 15)
[2025-08-28T13:47:31.999+0000][1099278][trace][gc,age      ] GC(126) - age   1:       7488 bytes,       7488 total
[2025-08-28T13:47:31.999+0000][1099278][trace][gc,age      ] GC(126) - age   2:        712 bytes,       8200 total
[2025-08-28T13:47:31.999+0000][1099278][trace][gc,age      ] GC(126) - age   3:        496 bytes,       8696 total
[2025-08-28T13:47:31.999+0000][1099278][trace][gc,age      ] GC(126) - age   4:         32 bytes,       8728 total
[2025-08-28T13:47:31.999+0000][1099278][trace][gc,age      ] GC(126) - age   5:     293496 bytes,     302224 total
[2025-08-28T13:47:31.999+0000][1099278][trace][gc,age      ] GC(126) - age   6:       1968 bytes,     304192 total
[2025-08-28T13:47:31.999+0000][1099278][trace][gc,age      ] GC(126) - age  10:       2440 bytes,     306632 total
[2025-08-28T13:47:31.999+0000][1099278][trace][gc,age      ] GC(126) - age  14:        752 bytes,     307384 total
[2025-08-28T13:47:31.999+0000][1099278][info ][gc,heap     ] GC(126) Eden regions: 75->0(75)
[2025-08-28T13:47:31.999+0000][1099278][info ][gc,heap     ] GC(126) Survivor regions: 1->1(10)
[2025-08-28T13:47:31.999+0000][1099278][info ][gc,heap     ] GC(126) Old regions: 25->25
[2025-08-28T13:47:31.999+0000][1099278][info ][gc,heap     ] GC(126) Humongous regions: 0->0
[2025-08-28T13:47:31.999+0000][1099278][info ][gc,metaspace] GC(126) Metaspace: 139598K(143552K)->139598K(143552K) NonClass: 120590K(122624K)->120590K(122624K) Class: 19008K(20928K)->19008K(20928K)
[2025-08-28T13:47:31.999+0000][1099278][info ][gc          ] GC(126) Pause Young (Normal) (G1 Evacuation Pause) 400M->99M(512M) 1.815ms
[2025-08-28T13:47:31.999+0000][1099278][info ][gc,cpu      ] GC(126) User=0.00s Sys=0.00s Real=0.00s
[2025-08-28T13:47:32.000+0000][1099278][info ][safepoint   ] Safepoint "G1CollectForAllocation", Time since last: 3185466387 ns, Reaching safepoint: 15003 ns, Cleanup: 4096 ns, At safepoint: 1891040 ns, Total: 1910139 ns
[2025-08-28T13:47:34.000+0000][1099278][info ][safepoint   ] Safepoint "Cleanup", Time since last: 2000159963 ns, Reaching safepoint: 39840 ns, Cleanup: 9725 ns, At safepoint: 5278 ns, Total: 54843 ns
[2025-08-28T13:47:34.934+0000][1099278][info ][gc,start    ] GC(127) Pause Young (Normal) (G1 Evacuation Pause)
[2025-08-28T13:47:34.934+0000][1099278][info ][gc,task     ] GC(127) Using 12 workers of 33 for evacuation
[2025-08-28T13:47:34.934+0000][1099278][debug][gc,age      ] GC(127) Desired survivor size 20971520 bytes, new threshold 15 (max threshold 15)
[2025-08-28T13:47:34.936+0000][1099278][info ][gc,phases   ] GC(127)   Pre Evacuate Collection Set: 0.2ms
[2025-08-28T13:47:34.936+0000][1099278][info ][gc,phases   ] GC(127)   Merge Heap Roots: 0.1ms
[2025-08-28T13:47:34.937+0000][1099278][info ][gc,phases   ] GC(127)   Evacuate Collection Set: 1.4ms
[2025-08-28T13:47:34.937+0000][1099278][info ][gc,phases   ] GC(127)   Post Evacuate Collection Set: 0.4ms
[2025-08-28T13:47:34.937+0000][1099278][info ][gc,phases   ] GC(127)   Other: 0.0ms
[2025-08-28T13:47:34.937+0000][1099278][trace][gc,age      ] GC(127) Age table with threshold 15 (max threshold 15)
[2025-08-28T13:47:34.937+0000][1099278][trace][gc,age      ] GC(127) - age   1:       8976 bytes,       8976 total
[2025-08-28T13:47:34.937+0000][1099278][trace][gc,age      ] GC(127) - age   4:        256 bytes,       9232 total
[2025-08-28T13:47:34.937+0000][1099278][trace][gc,age      ] GC(127) - age   5:         32 bytes,       9264 total
[2025-08-28T13:47:34.937+0000][1099278][trace][gc,age      ] GC(127) - age   6:     293496 bytes,     302760 total
[2025-08-28T13:47:34.937+0000][1099278][trace][gc,age      ] GC(127) - age   7:       1968 bytes,     304728 total
[2025-08-28T13:47:34.937+0000][1099278][trace][gc,age      ] GC(127) - age  11:       2264 bytes,     306992 total
[2025-08-28T13:47:34.937+0000][1099278][trace][gc,age      ] GC(127) - age  15:        752 bytes,     307744 total
[2025-08-28T13:47:34.937+0000][1099278][info ][gc,heap     ] GC(127) Eden regions: 75->0(75)
[2025-08-28T13:47:34.937+0000][1099278][info ][gc,heap     ] GC(127) Survivor regions: 1->1(10)
[2025-08-28T13:47:34.937+0000][1099278][info ][gc,heap     ] GC(127) Old regions: 25->25
[2025-08-28T13:47:34.937+0000][1099278][info ][gc,heap     ] GC(127) Humongous regions: 0->0
[2025-08-28T13:47:34.937+0000][1099278][info ][gc,metaspace] GC(127) Metaspace: 139598K(143552K)->139598K(143552K) NonClass: 120590K(122624K)->120590K(122624K) Class: 19008K(20928K)->19008K(20928K)
[2025-08-28T13:47:34.937+0000][1099278][info ][gc          ] GC(127) Pause Young (Normal) (G1 Evacuation Pause) 399M->99M(512M) 2.204ms
[2025-08-28T13:47:34.937+0000][1099278][info ][gc,cpu      ] GC(127) User=0.00s Sys=0.01s Real=0.00s
[2025-08-28T13:47:34.937+0000][1099278][info ][safepoint   ] Safepoint "G1CollectForAllocation", Time since last: 934580527 ns, Reaching safepoint: 13029 ns, Cleanup: 3766 ns, At safepoint: 2282799 ns, Total: 2299594 ns
[2025-08-28T13:47:37.884+0000][1099278][info ][gc,start    ] GC(128) Pause Young (Normal) (G1 Evacuation Pause)
[2025-08-28T13:47:37.884+0000][1099278][info ][gc,task     ] GC(128) Using 12 workers of 33 for evacuation
[2025-08-28T13:47:37.884+0000][1099278][debug][gc,age      ] GC(128) Desired survivor size 20971520 bytes, new threshold 15 (max threshold 15)
[2025-08-28T13:47:37.886+0000][1099278][info ][gc,phases   ] GC(128)   Pre Evacuate Collection Set: 0.1ms
[2025-08-28T13:47:37.886+0000][1099278][info ][gc,phases   ] GC(128)   Merge Heap Roots: 0.1ms
[2025-08-28T13:47:37.886+0000][1099278][info ][gc,phases   ] GC(128)   Evacuate Collection Set: 1.3ms
[2025-08-28T13:47:37.886+0000][1099278][info ][gc,phases   ] GC(128)   Post Evacuate Collection Set: 0.4ms
[2025-08-28T13:47:37.886+0000][1099278][info ][gc,phases   ] GC(128)   Other: 0.0ms
[2025-08-28T13:47:37.886+0000][1099278][trace][gc,age      ] GC(128) Age table with threshold 15 (max threshold 15)
[2025-08-28T13:47:37.886+0000][1099278][trace][gc,age      ] GC(128) - age   1:     173040 bytes,     173040 total
[2025-08-28T13:47:37.886+0000][1099278][trace][gc,age      ] GC(128) - age   2:        952 bytes,     173992 total
[2025-08-28T13:47:37.886+0000][1099278][trace][gc,age      ] GC(128) - age   5:        256 bytes,     174248 total
[2025-08-28T13:47:37.886+0000][1099278][trace][gc,age      ] GC(128) - age   6:         32 bytes,     174280 total
[2025-08-28T13:47:37.886+0000][1099278][trace][gc,age      ] GC(128) - age   7:     293496 bytes,     467776 total
[2025-08-28T13:47:37.886+0000][1099278][trace][gc,age      ] GC(128) - age   8:       1968 bytes,     469744 total
[2025-08-28T13:47:37.886+0000][1099278][trace][gc,age      ] GC(128) - age  12:       2264 bytes,     472008 total
[2025-08-28T13:47:37.886+0000][1099278][info ][gc,heap     ] GC(128) Eden regions: 75->0(75)
[2025-08-28T13:47:37.886+0000][1099278][info ][gc,heap     ] GC(128) Survivor regions: 1->1(10)
[2025-08-28T13:47:37.886+0000][1099278][info ][gc,heap     ] GC(128) Old regions: 25->25
[2025-08-28T13:47:37.886+0000][1099278][info ][gc,heap     ] GC(128) Humongous regions: 0->0
[2025-08-28T13:47:37.886+0000][1099278][info ][gc,metaspace] GC(128) Metaspace: 139598K(143552K)->139598K(143552K) NonClass: 120590K(122624K)->120590K(122624K) Class: 19008K(20928K)->19008K(20928K)
[2025-08-28T13:47:37.886+0000][1099278][info ][gc          ] GC(128) Pause Young (Normal) (G1 Evacuation Pause) 399M->99M(512M) 2.066ms
[2025-08-28T13:47:37.886+0000][1099278][info ][gc,cpu      ] GC(128) User=0.00s Sys=0.00s Real=0.00s
[2025-08-28T13:47:37.886+0000][1099278][info ][safepoint   ] Safepoint "G1CollectForAllocation", Time since last: 2947691574 ns, Reaching safepoint: 14582 ns, Cleanup: 4046 ns, At safepoint: 2146344 ns, Total: 2164972 ns
[2025-08-28T13:47:40.822+0000][1099278][info ][gc,start    ] GC(129) Pause Young (Normal) (G1 Evacuation Pause)
[2025-08-28T13:47:40.822+0000][1099278][info ][gc,task     ] GC(129) Using 12 workers of 33 for evacuation
[2025-08-28T13:47:40.822+0000][1099278][debug][gc,age      ] GC(129) Desired survivor size 20971520 bytes, new threshold 15 (max threshold 15)
[2025-08-28T13:47:40.824+0000][1099278][info ][gc,phases   ] GC(129)   Pre Evacuate Collection Set: 0.2ms
[2025-08-28T13:47:40.824+0000][1099278][info ][gc,phases   ] GC(129)   Merge Heap Roots: 0.1ms
[2025-08-28T13:47:40.824+0000][1099278][info ][gc,phases   ] GC(129)   Evacuate Collection Set: 1.4ms
[2025-08-28T13:47:40.824+0000][1099278][info ][gc,phases   ] GC(129)   Post Evacuate Collection Set: 0.4ms
[2025-08-28T13:47:40.824+0000][1099278][info ][gc,phases   ] GC(129)   Other: 0.1ms
[2025-08-28T13:47:40.824+0000][1099278][trace][gc,age      ] GC(129) Age table with threshold 15 (max threshold 15)
[2025-08-28T13:47:40.824+0000][1099278][trace][gc,age      ] GC(129) - age   1:     140408 bytes,     140408 total
[2025-08-28T13:47:40.824+0000][1099278][trace][gc,age      ] GC(129) - age   2:        176 bytes,     140584 total
[2025-08-28T13:47:40.824+0000][1099278][trace][gc,age      ] GC(129) - age   3:        416 bytes,     141000 total
[2025-08-28T13:47:40.824+0000][1099278][trace][gc,age      ] GC(129) - age   6:        256 bytes,     141256 total
[2025-08-28T13:47:40.824+0000][1099278][trace][gc,age      ] GC(129) - age   7:         32 bytes,     141288 total
[2025-08-28T13:47:40.824+0000][1099278][trace][gc,age      ] GC(129) - age   8:     293496 bytes,     434784 total
[2025-08-28T13:47:40.824+0000][1099278][trace][gc,age      ] GC(129) - age   9:       1968 bytes,     436752 total
[2025-08-28T13:47:40.824+0000][1099278][trace][gc,age      ] GC(129) - age  13:       2264 bytes,     439016 total
[2025-08-28T13:47:40.824+0000][1099278][info ][gc,heap     ] GC(129) Eden regions: 75->0(75)
[2025-08-28T13:47:40.824+0000][1099278][info ][gc,heap     ] GC(129) Survivor regions: 1->1(10)
[2025-08-28T13:47:40.824+0000][1099278][info ][gc,heap     ] GC(129) Old regions: 25->25
[2025-08-28T13:47:40.824+0000][1099278][info ][gc,heap     ] GC(129) Humongous regions: 0->0
[2025-08-28T13:47:40.824+0000][1099278][info ][gc,metaspace] GC(129) Metaspace: 139598K(143552K)->139598K(143552K) NonClass: 120590K(122624K)->120590K(122624K) Class: 19008K(20928K)->19008K(20928K)
[2025-08-28T13:47:40.824+0000][1099278][info ][gc          ] GC(129) Pause Young (Normal) (G1 Evacuation Pause) 399M->99M(512M) 2.197ms
[2025-08-28T13:47:40.824+0000][1099278][info ][gc,cpu      ] GC(129) User=0.01s Sys=0.00s Real=0.00s
[2025-08-28T13:47:40.824+0000][1099278][info ][safepoint   ] Safepoint "G1CollectForAllocation", Time since last: 2935278869 ns, Reaching safepoint: 47531 ns, Cleanup: 4157 ns, At safepoint: 2276339 ns, Total: 2328027 ns
[2025-08-28T13:47:43.660+0000][1099278][info ][gc,start    ] GC(130) Pause Young (Normal) (G1 Evacuation Pause)
[2025-08-28T13:47:43.660+0000][1099278][info ][gc,task     ] GC(130) Using 12 workers of 33 for evacuation
[2025-08-28T13:47:43.660+0000][1099278][debug][gc,age      ] GC(130) Desired survivor size 20971520 bytes, new threshold 15 (max threshold 15)
[2025-08-28T13:47:43.661+0000][1099278][info ][gc,phases   ] GC(130)   Pre Evacuate Collection Set: 0.1ms
[2025-08-28T13:47:43.661+0000][1099278][info ][gc,phases   ] GC(130)   Merge Heap Roots: 0.1ms
[2025-08-28T13:47:43.661+0000][1099278][info ][gc,phases   ] GC(130)   Evacuate Collection Set: 1.2ms
[2025-08-28T13:47:43.661+0000][1099278][info ][gc,phases   ] GC(130)   Post Evacuate Collection Set: 0.4ms
[2025-08-28T13:47:43.661+0000][1099278][info ][gc,phases   ] GC(130)   Other: 0.0ms
[2025-08-28T13:47:43.661+0000][1099278][trace][gc,age      ] GC(130) Age table with threshold 15 (max threshold 15)
[2025-08-28T13:47:43.661+0000][1099278][trace][gc,age      ] GC(130) - age   1:     659888 bytes,     659888 total
[2025-08-28T13:47:43.661+0000][1099278][trace][gc,age      ] GC(130) - age   4:        416 bytes,     660304 total
[2025-08-28T13:47:43.661+0000][1099278][trace][gc,age      ] GC(130) - age   7:        256 bytes,     660560 total
[2025-08-28T13:47:43.661+0000][1099278][trace][gc,age      ] GC(130) - age   8:         32 bytes,     660592 total
[2025-08-28T13:47:43.661+0000][1099278][trace][gc,age      ] GC(130) - age   9:     293496 bytes,     954088 total
[2025-08-28T13:47:43.661+0000][1099278][trace][gc,age      ] GC(130) - age  10:       1968 bytes,     956056 total
[2025-08-28T13:47:43.661+0000][1099278][trace][gc,age      ] GC(130) - age  14:       2264 bytes,     958320 total
[2025-08-28T13:47:43.661+0000][1099278][info ][gc,heap     ] GC(130) Eden regions: 75->0(75)
[2025-08-28T13:47:43.661+0000][1099278][info ][gc,heap     ] GC(130) Survivor regions: 1->1(10)
[2025-08-28T13:47:43.661+0000][1099278][info ][gc,heap     ] GC(130) Old regions: 25->25
[2025-08-28T13:47:43.661+0000][1099278][info ][gc,heap     ] GC(130) Humongous regions: 0->0
[2025-08-28T13:47:43.661+0000][1099278][info ][gc,metaspace] GC(130) Metaspace: 139598K(143552K)->139598K(143552K) NonClass: 120590K(122624K)->120590K(122624K) Class: 19008K(20928K)->19008K(20928K)
[2025-08-28T13:47:43.662+0000][1099278][info ][gc          ] GC(130) Pause Young (Normal) (G1 Evacuation Pause) 399M->99M(512M) 1.946ms
[2025-08-28T13:47:43.662+0000][1099278][info ][gc,cpu      ] GC(130) User=0.01s Sys=0.00s Real=0.01s
[2025-08-28T13:47:43.662+0000][1099278][info ][safepoint   ] Safepoint "G1CollectForAllocation", Time since last: 2835432224 ns, Reaching safepoint: 14762 ns, Cleanup: 4087 ns, At safepoint: 2024591 ns, Total: 2043440 ns
[2025-08-28T13:47:45.662+0000][1099278][info ][safepoint   ] Safepoint "Cleanup", Time since last: 2000162747 ns, Reaching safepoint: 49905 ns, Cleanup: 14482 ns, At safepoint: 2724 ns, Total: 67111 ns
[2025-08-28T13:47:47.310+0000][1099278][info ][gc,start    ] GC(131) Pause Young (Normal) (G1 Evacuation Pause)
[2025-08-28T13:47:47.310+0000][1099278][info ][gc,task     ] GC(131) Using 12 workers of 33 for evacuation
[2025-08-28T13:47:47.310+0000][1099278][debug][gc,age      ] GC(131) Desired survivor size 20971520 bytes, new threshold 15 (max threshold 15)
[2025-08-28T13:47:47.312+0000][1099278][info ][gc,phases   ] GC(131)   Pre Evacuate Collection Set: 0.1ms
[2025-08-28T13:47:47.312+0000][1099278][info ][gc,phases   ] GC(131)   Merge Heap Roots: 0.1ms
[2025-08-28T13:47:47.312+0000][1099278][info ][gc,phases   ] GC(131)   Evacuate Collection Set: 1.1ms
[2025-08-28T13:47:47.312+0000][1099278][info ][gc,phases   ] GC(131)   Post Evacuate Collection Set: 0.4ms
[2025-08-28T13:47:47.312+0000][1099278][info ][gc,phases   ] GC(131)   Other: 0.0ms
[2025-08-28T13:47:47.312+0000][1099278][trace][gc,age      ] GC(131) Age table with threshold 15 (max threshold 15)
[2025-08-28T13:47:47.312+0000][1099278][trace][gc,age      ] GC(131) - age   1:     663536 bytes,     663536 total
[2025-08-28T13:47:47.312+0000][1099278][trace][gc,age      ] GC(131) - age   2:        712 bytes,     664248 total
[2025-08-28T13:47:47.312+0000][1099278][trace][gc,age      ] GC(131) - age   5:        176 bytes,     664424 total
[2025-08-28T13:47:47.312+0000][1099278][trace][gc,age      ] GC(131) - age   8:         32 bytes,     664456 total
[2025-08-28T13:47:47.312+0000][1099278][trace][gc,age      ] GC(131) - age   9:         32 bytes,     664488 total
[2025-08-28T13:47:47.312+0000][1099278][trace][gc,age      ] GC(131) - age  10:     293496 bytes,     957984 total
[2025-08-28T13:47:47.312+0000][1099278][trace][gc,age      ] GC(131) - age  11:        368 bytes,     958352 total
[2025-08-28T13:47:47.312+0000][1099278][trace][gc,age      ] GC(131) - age  15:       2264 bytes,     960616 total
[2025-08-28T13:47:47.312+0000][1099278][info ][gc,heap     ] GC(131) Eden regions: 75->0(75)
[2025-08-28T13:47:47.312+0000][1099278][info ][gc,heap     ] GC(131) Survivor regions: 1->1(10)
[2025-08-28T13:47:47.312+0000][1099278][info ][gc,heap     ] GC(131) Old regions: 25->25
[2025-08-28T13:47:47.312+0000][1099278][info ][gc,heap     ] GC(131) Humongous regions: 0->0
[2025-08-28T13:47:47.312+0000][1099278][info ][gc,metaspace] GC(131) Metaspace: 139599K(143552K)->139599K(143552K) NonClass: 120590K(122624K)->120590K(122624K) Class: 19008K(20928K)->19008K(20928K)
[2025-08-28T13:47:47.312+0000][1099278][info ][gc          ] GC(131) Pause Young (Normal) (G1 Evacuation Pause) 399M->100M(512M) 1.924ms
[2025-08-28T13:47:47.312+0000][1099278][info ][gc,cpu      ] GC(131) User=0.01s Sys=0.01s Real=0.01s
[2025-08-28T13:47:47.312+0000][1099278][info ][safepoint   ] Safepoint "G1CollectForAllocation", Time since last: 1647960007 ns, Reaching safepoint: 14782 ns, Cleanup: 4787 ns, At safepoint: 2014917 ns, Total: 2034486 ns
[2025-08-28T13:47:50.259+0000][1099278][info ][gc,start    ] GC(132) Pause Young (Normal) (G1 Evacuation Pause)
[2025-08-28T13:47:50.259+0000][1099278][info ][gc,task     ] GC(132) Using 12 workers of 33 for evacuation
[2025-08-28T13:47:50.259+0000][1099278][debug][gc,age      ] GC(132) Desired survivor size 20971520 bytes, new threshold 15 (max threshold 15)
[2025-08-28T13:47:50.261+0000][1099278][info ][gc,phases   ] GC(132)   Pre Evacuate Collection Set: 0.1ms
[2025-08-28T13:47:50.261+0000][1099278][info ][gc,phases   ] GC(132)   Merge Heap Roots: 0.1ms
[2025-08-28T13:47:50.261+0000][1099278][info ][gc,phases   ] GC(132)   Evacuate Collection Set: 1.1ms
[2025-08-28T13:47:50.261+0000][1099278][info ][gc,phases   ] GC(132)   Post Evacuate Collection Set: 0.4ms
[2025-08-28T13:47:50.261+0000][1099278][info ][gc,phases   ] GC(132)   Other: 0.1ms
[2025-08-28T13:47:50.261+0000][1099278][trace][gc,age      ] GC(132) Age table with threshold 15 (max threshold 15)
[2025-08-28T13:47:50.261+0000][1099278][trace][gc,age      ] GC(132) - age   1:       8520 bytes,       8520 total
[2025-08-28T13:47:50.261+0000][1099278][trace][gc,age      ] GC(132) - age   2:       3496 bytes,      12016 total
[2025-08-28T13:47:50.261+0000][1099278][trace][gc,age      ] GC(132) - age   6:        176 bytes,      12192 total
[2025-08-28T13:47:50.261+0000][1099278][trace][gc,age      ] GC(132) - age   9:         32 bytes,      12224 total
[2025-08-28T13:47:50.261+0000][1099278][trace][gc,age      ] GC(132) - age  10:         32 bytes,      12256 total
[2025-08-28T13:47:50.261+0000][1099278][trace][gc,age      ] GC(132) - age  11:     293496 bytes,     305752 total
[2025-08-28T13:47:50.261+0000][1099278][trace][gc,age      ] GC(132) - age  12:        368 bytes,     306120 total
[2025-08-28T13:47:50.261+0000][1099278][info ][gc,heap     ] GC(132) Eden regions: 75->0(75)
[2025-08-28T13:47:50.261+0000][1099278][info ][gc,heap     ] GC(132) Survivor regions: 1->1(10)
[2025-08-28T13:47:50.261+0000][1099278][info ][gc,heap     ] GC(132) Old regions: 25->25
[2025-08-28T13:47:50.261+0000][1099278][info ][gc,heap     ] GC(132) Humongous regions: 0->0
[2025-08-28T13:47:50.261+0000][1099278][info ][gc,metaspace] GC(132) Metaspace: 139599K(143552K)->139599K(143552K) NonClass: 120590K(122624K)->120590K(122624K) Class: 19008K(20928K)->19008K(20928K)
[2025-08-28T13:47:50.261+0000][1099278][info ][gc          ] GC(132) Pause Young (Normal) (G1 Evacuation Pause) 400M->99M(512M) 1.972ms
[2025-08-28T13:47:50.261+0000][1099278][info ][gc,cpu      ] GC(132) User=0.01s Sys=0.00s Real=0.01s
[2025-08-28T13:47:50.261+0000][1099278][info ][safepoint   ] Safepoint "G1CollectForAllocation", Time since last: 2947559506 ns, Reaching safepoint: 48503 ns, Cleanup: 4647 ns, At safepoint: 2050470 ns, Total: 2103620 ns
[2025-08-28T13:47:53.119+0000][1099278][info ][gc,start    ] GC(133) Pause Young (Normal) (G1 Evacuation Pause)
[2025-08-28T13:47:53.119+0000][1099278][info ][gc,task     ] GC(133) Using 12 workers of 33 for evacuation
[2025-08-28T13:47:53.119+0000][1099278][debug][gc,age      ] GC(133) Desired survivor size 20971520 bytes, new threshold 15 (max threshold 15)
[2025-08-28T13:47:53.121+0000][1099278][info ][gc,phases   ] GC(133)   Pre Evacuate Collection Set: 0.2ms
[2025-08-28T13:47:53.121+0000][1099278][info ][gc,phases   ] GC(133)   Merge Heap Roots: 0.1ms
[2025-08-28T13:47:53.121+0000][1099278][info ][gc,phases   ] GC(133)   Evacuate Collection Set: 1.2ms
[2025-08-28T13:47:53.121+0000][1099278][info ][gc,phases   ] GC(133)   Post Evacuate Collection Set: 0.4ms
[2025-08-28T13:47:53.121+0000][1099278][info ][gc,phases   ] GC(133)   Other: 0.0ms
[2025-08-28T13:47:53.121+0000][1099278][trace][gc,age      ] GC(133) Age table with threshold 15 (max threshold 15)
[2025-08-28T13:47:53.121+0000][1099278][trace][gc,age      ] GC(133) - age   1:     660144 bytes,     660144 total
[2025-08-28T13:47:53.121+0000][1099278][trace][gc,age      ] GC(133) - age   3:       3496 bytes,     663640 total
[2025-08-28T13:47:53.121+0000][1099278][trace][gc,age      ] GC(133) - age   7:        176 bytes,     663816 total
[2025-08-28T13:47:53.121+0000][1099278][trace][gc,age      ] GC(133) - age  10:         32 bytes,     663848 total
[2025-08-28T13:47:53.121+0000][1099278][trace][gc,age      ] GC(133) - age  11:         32 bytes,     663880 total
[2025-08-28T13:47:53.121+0000][1099278][trace][gc,age      ] GC(133) - age  12:     293496 bytes,     957376 total
[2025-08-28T13:47:53.121+0000][1099278][trace][gc,age      ] GC(133) - age  13:        368 bytes,     957744 total
[2025-08-28T13:47:53.121+0000][1099278][info ][gc,heap     ] GC(133) Eden regions: 75->0(75)
[2025-08-28T13:47:53.121+0000][1099278][info ][gc,heap     ] GC(133) Survivor regions: 1->1(10)
[2025-08-28T13:47:53.121+0000][1099278][info ][gc,heap     ] GC(133) Old regions: 25->25
[2025-08-28T13:47:53.121+0000][1099278][info ][gc,heap     ] GC(133) Humongous regions: 0->0
[2025-08-28T13:47:53.121+0000][1099278][info ][gc,metaspace] GC(133) Metaspace: 139599K(143552K)->139599K(143552K) NonClass: 120590K(122624K)->120590K(122624K) Class: 19008K(20928K)->19008K(20928K)
[2025-08-28T13:47:53.121+0000][1099278][info ][gc          ] GC(133) Pause Young (Normal) (G1 Evacuation Pause) 399M->100M(512M) 2.059ms
[2025-08-28T13:47:53.121+0000][1099278][info ][gc,cpu      ] GC(133) User=0.01s Sys=0.00s Real=0.01s
[2025-08-28T13:47:53.121+0000][1099278][info ][safepoint   ] Safepoint "G1CollectForAllocation", Time since last: 2857517580 ns, Reaching safepoint: 15463 ns, Cleanup: 4467 ns, At safepoint: 2138632 ns, Total: 2158562 ns
[2025-08-28T13:47:56.069+0000][1099278][info ][gc,start    ] GC(134) Pause Young (Normal) (G1 Evacuation Pause)
[2025-08-28T13:47:56.069+0000][1099278][info ][gc,task     ] GC(134) Using 12 workers of 33 for evacuation
[2025-08-28T13:47:56.069+0000][1099278][debug][gc,age      ] GC(134) Desired survivor size 20971520 bytes, new threshold 15 (max threshold 15)
[2025-08-28T13:47:56.071+0000][1099278][info ][gc,phases   ] GC(134)   Pre Evacuate Collection Set: 0.2ms
[2025-08-28T13:47:56.071+0000][1099278][info ][gc,phases   ] GC(134)   Merge Heap Roots: 0.1ms
[2025-08-28T13:47:56.071+0000][1099278][info ][gc,phases   ] GC(134)   Evacuate Collection Set: 1.1ms
[2025-08-28T13:47:56.071+0000][1099278][info ][gc,phases   ] GC(134)   Post Evacuate Collection Set: 0.4ms
[2025-08-28T13:47:56.071+0000][1099278][info ][gc,phases   ] GC(134)   Other: 0.1ms
[2025-08-28T13:47:56.071+0000][1099278][trace][gc,age      ] GC(134) Age table with threshold 15 (max threshold 15)
[2025-08-28T13:47:56.071+0000][1099278][trace][gc,age      ] GC(134) - age   1:     640016 bytes,     640016 total
[2025-08-28T13:47:56.071+0000][1099278][trace][gc,age      ] GC(134) - age   2:        712 bytes,     640728 total
[2025-08-28T13:47:56.071+0000][1099278][trace][gc,age      ] GC(134) - age   4:       3256 bytes,     643984 total
[2025-08-28T13:47:56.071+0000][1099278][trace][gc,age      ] GC(134) - age   8:        176 bytes,     644160 total
[2025-08-28T13:47:56.071+0000][1099278][trace][gc,age      ] GC(134) - age  11:         32 bytes,     644192 total
[2025-08-28T13:47:56.071+0000][1099278][trace][gc,age      ] GC(134) - age  12:         32 bytes,     644224 total
[2025-08-28T13:47:56.071+0000][1099278][trace][gc,age      ] GC(134) - age  13:     293496 bytes,     937720 total
[2025-08-28T13:47:56.071+0000][1099278][trace][gc,age      ] GC(134) - age  14:        368 bytes,     938088 total
[2025-08-28T13:47:56.071+0000][1099278][info ][gc,heap     ] GC(134) Eden regions: 75->0(75)
[2025-08-28T13:47:56.071+0000][1099278][info ][gc,heap     ] GC(134) Survivor regions: 1->1(10)
[2025-08-28T13:47:56.071+0000][1099278][info ][gc,heap     ] GC(134) Old regions: 25->25
[2025-08-28T13:47:56.071+0000][1099278][info ][gc,heap     ] GC(134) Humongous regions: 0->0
[2025-08-28T13:47:56.071+0000][1099278][info ][gc,metaspace] GC(134) Metaspace: 139599K(143552K)->139599K(143552K) NonClass: 120590K(122624K)->120590K(122624K) Class: 19008K(20928K)->19008K(20928K)
[2025-08-28T13:47:56.071+0000][1099278][info ][gc          ] GC(134) Pause Young (Normal) (G1 Evacuation Pause) 400M->100M(512M) 1.971ms
[2025-08-28T13:47:56.071+0000][1099278][info ][gc,cpu      ] GC(134) User=0.01s Sys=0.00s Real=0.01s
[2025-08-28T13:47:56.071+0000][1099278][info ][safepoint   ] Safepoint "G1CollectForAllocation", Time since last: 2947879777 ns, Reaching safepoint: 46039 ns, Cleanup: 4307 ns, At safepoint: 2052263 ns, Total: 2102609 ns
[2025-08-28T13:47:58.996+0000][1099278][info ][gc,start    ] GC(135) Pause Young (Normal) (G1 Evacuation Pause)
[2025-08-28T13:47:58.996+0000][1099278][info ][gc,task     ] GC(135) Using 12 workers of 33 for evacuation
[2025-08-28T13:47:58.996+0000][1099278][debug][gc,age      ] GC(135) Desired survivor size 20971520 bytes, new threshold 15 (max threshold 15)
[2025-08-28T13:47:58.998+0000][1099278][info ][gc,phases   ] GC(135)   Pre Evacuate Collection Set: 0.1ms
[2025-08-28T13:47:58.998+0000][1099278][info ][gc,phases   ] GC(135)   Merge Heap Roots: 0.1ms
[2025-08-28T13:47:58.998+0000][1099278][info ][gc,phases   ] GC(135)   Evacuate Collection Set: 0.9ms
[2025-08-28T13:47:58.998+0000][1099278][info ][gc,phases   ] GC(135)   Post Evacuate Collection Set: 0.4ms
[2025-08-28T13:47:58.998+0000][1099278][info ][gc,phases   ] GC(135)   Other: 0.1ms
[2025-08-28T13:47:58.998+0000][1099278][trace][gc,age      ] GC(135) Age table with threshold 15 (max threshold 15)
[2025-08-28T13:47:58.998+0000][1099278][trace][gc,age      ] GC(135) - age   1:       7080 bytes,       7080 total
[2025-08-28T13:47:58.998+0000][1099278][trace][gc,age      ] GC(135) - age   2:        240 bytes,       7320 total
[2025-08-28T13:47:58.998+0000][1099278][trace][gc,age      ] GC(135) - age   5:       3256 bytes,      10576 total
[2025-08-28T13:47:58.998+0000][1099278][trace][gc,age      ] GC(135) - age   9:        176 bytes,      10752 total
[2025-08-28T13:47:58.998+0000][1099278][trace][gc,age      ] GC(135) - age  12:         32 bytes,      10784 total
[2025-08-28T13:47:58.998+0000][1099278][trace][gc,age      ] GC(135) - age  13:         32 bytes,      10816 total
[2025-08-28T13:47:58.998+0000][1099278][trace][gc,age      ] GC(135) - age  14:     293496 bytes,     304312 total
[2025-08-28T13:47:58.998+0000][1099278][trace][gc,age      ] GC(135) - age  15:        368 bytes,     304680 total
[2025-08-28T13:47:58.998+0000][1099278][info ][gc,heap     ] GC(135) Eden regions: 75->0(75)
[2025-08-28T13:47:58.998+0000][1099278][info ][gc,heap     ] GC(135) Survivor regions: 1->1(10)
[2025-08-28T13:47:58.998+0000][1099278][info ][gc,heap     ] GC(135) Old regions: 25->25
[2025-08-28T13:47:58.998+0000][1099278][info ][gc,heap     ] GC(135) Humongous regions: 0->0
[2025-08-28T13:47:58.998+0000][1099278][info ][gc,metaspace] GC(135) Metaspace: 139599K(143552K)->139599K(143552K) NonClass: 120590K(122624K)->120590K(122624K) Class: 19008K(20928K)->19008K(20928K)
[2025-08-28T13:47:58.998+0000][1099278][info ][gc          ] GC(135) Pause Young (Normal) (G1 Evacuation Pause) 400M->99M(512M) 1.731ms
[2025-08-28T13:47:58.998+0000][1099278][info ][gc,cpu      ] GC(135) User=0.01s Sys=0.00s Real=0.00s
[2025-08-28T13:47:58.998+0000][1099278][info ][safepoint   ] Safepoint "G1CollectForAllocation", Time since last: 2924876462 ns, Reaching safepoint: 14542 ns, Cleanup: 4387 ns, At safepoint: 1810710 ns, Total: 1829639 ns
[2025-08-28T13:48:02.119+0000][1099278][info ][gc,start    ] GC(136) Pause Young (Normal) (G1 Evacuation Pause)
[2025-08-28T13:48:02.119+0000][1099278][info ][gc,task     ] GC(136) Using 12 workers of 33 for evacuation
[2025-08-28T13:48:02.119+0000][1099278][debug][gc,age      ] GC(136) Desired survivor size 20971520 bytes, new threshold 15 (max threshold 15)
[2025-08-28T13:48:02.121+0000][1099278][info ][gc,phases   ] GC(136)   Pre Evacuate Collection Set: 0.2ms
[2025-08-28T13:48:02.121+0000][1099278][info ][gc,phases   ] GC(136)   Merge Heap Roots: 0.1ms
[2025-08-28T13:48:02.121+0000][1099278][info ][gc,phases   ] GC(136)   Evacuate Collection Set: 1.1ms
[2025-08-28T13:48:02.121+0000][1099278][info ][gc,phases   ] GC(136)   Post Evacuate Collection Set: 0.4ms
[2025-08-28T13:48:02.121+0000][1099278][info ][gc,phases   ] GC(136)   Other: 0.1ms
[2025-08-28T13:48:02.121+0000][1099278][trace][gc,age      ] GC(136) Age table with threshold 15 (max threshold 15)
[2025-08-28T13:48:02.121+0000][1099278][trace][gc,age      ] GC(136) - age   1:       7584 bytes,       7584 total
[2025-08-28T13:48:02.121+0000][1099278][trace][gc,age      ] GC(136) - age   2:        936 bytes,       8520 total
[2025-08-28T13:48:02.121+0000][1099278][trace][gc,age      ] GC(136) - age   3:        240 bytes,       8760 total
[2025-08-28T13:48:02.121+0000][1099278][trace][gc,age      ] GC(136) - age   6:       3256 bytes,      12016 total
[2025-08-28T13:48:02.121+0000][1099278][trace][gc,age      ] GC(136) - age  10:        176 bytes,      12192 total
[2025-08-28T13:48:02.121+0000][1099278][trace][gc,age      ] GC(136) - age  13:         32 bytes,      12224 total
[2025-08-28T13:48:02.121+0000][1099278][trace][gc,age      ] GC(136) - age  14:         32 bytes,      12256 total
[2025-08-28T13:48:02.121+0000][1099278][trace][gc,age      ] GC(136) - age  15:     293496 bytes,     305752 total
[2025-08-28T13:48:02.121+0000][1099278][info ][gc,heap     ] GC(136) Eden regions: 75->0(75)
[2025-08-28T13:48:02.121+0000][1099278][info ][gc,heap     ] GC(136) Survivor regions: 1->1(10)
[2025-08-28T13:48:02.121+0000][1099278][info ][gc,heap     ] GC(136) Old regions: 25->25
[2025-08-28T13:48:02.121+0000][1099278][info ][gc,heap     ] GC(136) Humongous regions: 0->0
[2025-08-28T13:48:02.121+0000][1099278][info ][gc,metaspace] GC(136) Metaspace: 139599K(143552K)->139599K(143552K) NonClass: 120590K(122624K)->120590K(122624K) Class: 19008K(20928K)->19008K(20928K)
[2025-08-28T13:48:02.121+0000][1099278][info ][gc          ] GC(136) Pause Young (Normal) (G1 Evacuation Pause) 399M->99M(512M) 1.872ms
[2025-08-28T13:48:02.121+0000][1099278][info ][gc,cpu      ] GC(136) User=0.00s Sys=0.00s Real=0.01s
[2025-08-28T13:48:02.121+0000][1099278][info ][safepoint   ] Safepoint "G1CollectForAllocation", Time since last: 3121339349 ns, Reaching safepoint: 48302 ns, Cleanup: 4307 ns, At safepoint: 1951291 ns, Total: 2003900 ns
[2025-08-28T13:48:05.069+0000][1099278][info ][gc,start    ] GC(137) Pause Young (Normal) (G1 Evacuation Pause)
[2025-08-28T13:48:05.069+0000][1099278][info ][gc,task     ] GC(137) Using 12 workers of 33 for evacuation
[2025-08-28T13:48:05.069+0000][1099278][debug][gc,age      ] GC(137) Desired survivor size 20971520 bytes, new threshold 15 (max threshold 15)
[2025-08-28T13:48:05.071+0000][1099278][info ][gc,phases   ] GC(137)   Pre Evacuate Collection Set: 0.1ms
[2025-08-28T13:48:05.071+0000][1099278][info ][gc,phases   ] GC(137)   Merge Heap Roots: 0.1ms
[2025-08-28T13:48:05.071+0000][1099278][info ][gc,phases   ] GC(137)   Evacuate Collection Set: 1.1ms
[2025-08-28T13:48:05.071+0000][1099278][info ][gc,phases   ] GC(137)   Post Evacuate Collection Set: 0.3ms
[2025-08-28T13:48:05.071+0000][1099278][info ][gc,phases   ] GC(137)   Other: 0.2ms
[2025-08-28T13:48:05.071+0000][1099278][trace][gc,age      ] GC(137) Age table with threshold 15 (max threshold 15)
[2025-08-28T13:48:05.071+0000][1099278][trace][gc,age      ] GC(137) - age   1:     644448 bytes,     644448 total
[2025-08-28T13:48:05.071+0000][1099278][trace][gc,age      ] GC(137) - age   3:        224 bytes,     644672 total
[2025-08-28T13:48:05.071+0000][1099278][trace][gc,age      ] GC(137) - age   7:       2904 bytes,     647576 total
[2025-08-28T13:48:05.071+0000][1099278][trace][gc,age      ] GC(137) - age  14:         32 bytes,     647608 total
[2025-08-28T13:48:05.071+0000][1099278][trace][gc,age      ] GC(137) - age  15:         32 bytes,     647640 total
[2025-08-28T13:48:05.071+0000][1099278][info ][gc,heap     ] GC(137) Eden regions: 75->0(75)
[2025-08-28T13:48:05.071+0000][1099278][info ][gc,heap     ] GC(137) Survivor regions: 1->1(10)
[2025-08-28T13:48:05.071+0000][1099278][info ][gc,heap     ] GC(137) Old regions: 25->25
[2025-08-28T13:48:05.071+0000][1099278][info ][gc,heap     ] GC(137) Humongous regions: 0->0
[2025-08-28T13:48:05.071+0000][1099278][info ][gc,metaspace] GC(137) Metaspace: 139599K(143552K)->139599K(143552K) NonClass: 120590K(122624K)->120590K(122624K) Class: 19008K(20928K)->19008K(20928K)
[2025-08-28T13:48:05.071+0000][1099278][info ][gc          ] GC(137) Pause Young (Normal) (G1 Evacuation Pause) 399M->100M(512M) 1.952ms
[2025-08-28T13:48:05.071+0000][1099278][info ][gc,cpu      ] GC(137) User=0.01s Sys=0.00s Real=0.01s
[2025-08-28T13:48:05.071+0000][1099278][info ][safepoint   ] Safepoint "G1CollectForAllocation", Time since last: 2947887258 ns, Reaching safepoint: 49084 ns, Cleanup: 12268 ns, At safepoint: 2031532 ns, Total: 2092884 ns
[2025-08-28T13:48:08.026+0000][1099278][info ][gc,start    ] GC(138) Pause Young (Normal) (G1 Evacuation Pause)
[2025-08-28T13:48:08.026+0000][1099278][info ][gc,task     ] GC(138) Using 12 workers of 33 for evacuation
[2025-08-28T13:48:08.026+0000][1099278][debug][gc,age      ] GC(138) Desired survivor size 20971520 bytes, new threshold 15 (max threshold 15)
[2025-08-28T13:48:08.027+0000][1099278][info ][gc,phases   ] GC(138)   Pre Evacuate Collection Set: 0.2ms
[2025-08-28T13:48:08.027+0000][1099278][info ][gc,phases   ] GC(138)   Merge Heap Roots: 0.1ms
[2025-08-28T13:48:08.027+0000][1099278][info ][gc,phases   ] GC(138)   Evacuate Collection Set: 0.8ms
[2025-08-28T13:48:08.027+0000][1099278][info ][gc,phases   ] GC(138)   Post Evacuate Collection Set: 0.4ms
[2025-08-28T13:48:08.027+0000][1099278][info ][gc,phases   ] GC(138)   Other: 0.0ms
[2025-08-28T13:48:08.027+0000][1099278][trace][gc,age      ] GC(138) Age table with threshold 15 (max threshold 15)
[2025-08-28T13:48:08.027+0000][1099278][trace][gc,age      ] GC(138) - age   1:       5888 bytes,       5888 total
[2025-08-28T13:48:08.027+0000][1099278][trace][gc,age      ] GC(138) - age   2:       2752 bytes,       8640 total
[2025-08-28T13:48:08.027+0000][1099278][trace][gc,age      ] GC(138) - age   4:        224 bytes,       8864 total
[2025-08-28T13:48:08.027+0000][1099278][trace][gc,age      ] GC(138) - age   8:       2904 bytes,      11768 total
[2025-08-28T13:48:08.027+0000][1099278][trace][gc,age      ] GC(138) - age  15:         32 bytes,      11800 total
[2025-08-28T13:48:08.027+0000][1099278][info ][gc,heap     ] GC(138) Eden regions: 75->0(75)
[2025-08-28T13:48:08.027+0000][1099278][info ][gc,heap     ] GC(138) Survivor regions: 1->1(10)
[2025-08-28T13:48:08.027+0000][1099278][info ][gc,heap     ] GC(138) Old regions: 25->25
[2025-08-28T13:48:08.027+0000][1099278][info ][gc,heap     ] GC(138) Humongous regions: 0->0
[2025-08-28T13:48:08.027+0000][1099278][info ][gc,metaspace] GC(138) Metaspace: 139599K(143552K)->139599K(143552K) NonClass: 120590K(122624K)->120590K(122624K) Class: 19008K(20928K)->19008K(20928K)
[2025-08-28T13:48:08.027+0000][1099278][info ][gc          ] GC(138) Pause Young (Normal) (G1 Evacuation Pause) 400M->99M(512M) 1.558ms
[2025-08-28T13:48:08.027+0000][1099278][info ][gc,cpu      ] GC(138) User=0.01s Sys=0.00s Real=0.00s
[2025-08-28T13:48:08.027+0000][1099278][info ][safepoint   ] Safepoint "G1CollectForAllocation", Time since last: 2954594724 ns, Reaching safepoint: 14552 ns, Cleanup: 4496 ns, At safepoint: 1637710 ns, Total: 1656758 ns
[2025-08-28T13:48:10.969+0000][1099278][info ][gc,start    ] GC(139) Pause Young (Normal) (G1 Evacuation Pause)
[2025-08-28T13:48:10.969+0000][1099278][info ][gc,task     ] GC(139) Using 12 workers of 33 for evacuation
[2025-08-28T13:48:10.969+0000][1099278][debug][gc,age      ] GC(139) Desired survivor size 20971520 bytes, new threshold 15 (max threshold 15)
[2025-08-28T13:48:10.970+0000][1099278][info ][gc,phases   ] GC(139)   Pre Evacuate Collection Set: 0.2ms
[2025-08-28T13:48:10.970+0000][1099278][info ][gc,phases   ] GC(139)   Merge Heap Roots: 0.1ms
[2025-08-28T13:48:10.970+0000][1099278][info ][gc,phases   ] GC(139)   Evacuate Collection Set: 1.1ms
[2025-08-28T13:48:10.970+0000][1099278][info ][gc,phases   ] GC(139)   Post Evacuate Collection Set: 0.3ms
[2025-08-28T13:48:10.971+0000][1099278][info ][gc,phases   ] GC(139)   Other: 0.1ms
[2025-08-28T13:48:10.971+0000][1099278][trace][gc,age      ] GC(139) Age table with threshold 15 (max threshold 15)
[2025-08-28T13:48:10.971+0000][1099278][trace][gc,age      ] GC(139) - age   1:       8344 bytes,       8344 total
[2025-08-28T13:48:10.971+0000][1099278][trace][gc,age      ] GC(139) - age   2:        176 bytes,       8520 total
[2025-08-28T13:48:10.971+0000][1099278][trace][gc,age      ] GC(139) - age   3:       2336 bytes,      10856 total
[2025-08-28T13:48:10.971+0000][1099278][trace][gc,age      ] GC(139) - age   5:        224 bytes,      11080 total
[2025-08-28T13:48:10.971+0000][1099278][trace][gc,age      ] GC(139) - age   9:       2904 bytes,      13984 total
[2025-08-28T13:48:10.971+0000][1099278][info ][gc,heap     ] GC(139) Eden regions: 75->0(75)
[2025-08-28T13:48:10.971+0000][1099278][info ][gc,heap     ] GC(139) Survivor regions: 1->1(10)
[2025-08-28T13:48:10.971+0000][1099278][info ][gc,heap     ] GC(139) Old regions: 25->25
[2025-08-28T13:48:10.971+0000][1099278][info ][gc,heap     ] GC(139) Humongous regions: 0->0
[2025-08-28T13:48:10.971+0000][1099278][info ][gc,metaspace] GC(139) Metaspace: 139599K(143552K)->139599K(143552K) NonClass: 120590K(122624K)->120590K(122624K) Class: 19008K(20928K)->19008K(20928K)
[2025-08-28T13:48:10.971+0000][1099278][info ][gc          ] GC(139) Pause Young (Normal) (G1 Evacuation Pause) 399M->99M(512M) 1.799ms
[2025-08-28T13:48:10.971+0000][1099278][info ][gc,cpu      ] GC(139) User=0.00s Sys=0.01s Real=0.01s
[2025-08-28T13:48:10.971+0000][1099278][info ][safepoint   ] Safepoint "G1CollectForAllocation", Time since last: 2941292482 ns, Reaching safepoint: 46069 ns, Cleanup: 4527 ns, At safepoint: 1883560 ns, Total: 1934156 ns
[2025-08-28T13:48:13.894+0000][1099278][info ][gc,start    ] GC(140) Pause Young (Normal) (G1 Evacuation Pause)
[2025-08-28T13:48:13.894+0000][1099278][info ][gc,task     ] GC(140) Using 12 workers of 33 for evacuation
[2025-08-28T13:48:13.894+0000][1099278][debug][gc,age      ] GC(140) Desired survivor size 20971520 bytes, new threshold 15 (max threshold 15)
[2025-08-28T13:48:13.896+0000][1099278][info ][gc,phases   ] GC(140)   Pre Evacuate Collection Set: 0.1ms
[2025-08-28T13:48:13.896+0000][1099278][info ][gc,phases   ] GC(140)   Merge Heap Roots: 0.1ms
[2025-08-28T13:48:13.896+0000][1099278][info ][gc,phases   ] GC(140)   Evacuate Collection Set: 1.0ms
[2025-08-28T13:48:13.896+0000][1099278][info ][gc,phases   ] GC(140)   Post Evacuate Collection Set: 0.3ms
[2025-08-28T13:48:13.896+0000][1099278][info ][gc,phases   ] GC(140)   Other: 0.0ms
[2025-08-28T13:48:13.896+0000][1099278][trace][gc,age      ] GC(140) Age table with threshold 15 (max threshold 15)
[2025-08-28T13:48:13.896+0000][1099278][trace][gc,age      ] GC(140) - age   1:       8296 bytes,       8296 total
[2025-08-28T13:48:13.896+0000][1099278][trace][gc,age      ] GC(140) - age   4:       2152 bytes,      10448 total
[2025-08-28T13:48:13.896+0000][1099278][trace][gc,age      ] GC(140) - age   6:        224 bytes,      10672 total
[2025-08-28T13:48:13.896+0000][1099278][trace][gc,age      ] GC(140) - age  10:       2904 bytes,      13576 total
[2025-08-28T13:48:13.896+0000][1099278][info ][gc,heap     ] GC(140) Eden regions: 75->0(75)
[2025-08-28T13:48:13.896+0000][1099278][info ][gc,heap     ] GC(140) Survivor regions: 1->1(10)
[2025-08-28T13:48:13.896+0000][1099278][info ][gc,heap     ] GC(140) Old regions: 25->25
[2025-08-28T13:48:13.896+0000][1099278][info ][gc,heap     ] GC(140) Humongous regions: 0->0
[2025-08-28T13:48:13.896+0000][1099278][info ][gc,metaspace] GC(140) Metaspace: 139599K(143552K)->139599K(143552K) NonClass: 120590K(122624K)->120590K(122624K) Class: 19008K(20928K)->19008K(20928K)
[2025-08-28T13:48:13.896+0000][1099278][info ][gc          ] GC(140) Pause Young (Normal) (G1 Evacuation Pause) 399M->99M(512M) 1.711ms
[2025-08-28T13:48:13.896+0000][1099278][info ][gc,cpu      ] GC(140) User=0.01s Sys=0.00s Real=0.00s
[2025-08-28T13:48:13.896+0000][1099278][info ][safepoint   ] Safepoint "G1CollectForAllocation", Time since last: 2923498633 ns, Reaching safepoint: 15052 ns, Cleanup: 4307 ns, At safepoint: 1791591 ns, Total: 1810950 ns
[2025-08-28T13:48:17.031+0000][1099278][info ][gc,start    ] GC(141) Pause Young (Normal) (G1 Evacuation Pause)
[2025-08-28T13:48:17.031+0000][1099278][info ][gc,task     ] GC(141) Using 12 workers of 33 for evacuation
[2025-08-28T13:48:17.031+0000][1099278][debug][gc,age      ] GC(141) Desired survivor size 20971520 bytes, new threshold 15 (max threshold 15)
[2025-08-28T13:48:17.033+0000][1099278][info ][gc,phases   ] GC(141)   Pre Evacuate Collection Set: 0.2ms
[2025-08-28T13:48:17.033+0000][1099278][info ][gc,phases   ] GC(141)   Merge Heap Roots: 0.1ms
[2025-08-28T13:48:17.033+0000][1099278][info ][gc,phases   ] GC(141)   Evacuate Collection Set: 1.1ms
[2025-08-28T13:48:17.033+0000][1099278][info ][gc,phases   ] GC(141)   Post Evacuate Collection Set: 0.3ms
[2025-08-28T13:48:17.033+0000][1099278][info ][gc,phases   ] GC(141)   Other: 0.0ms
[2025-08-28T13:48:17.033+0000][1099278][trace][gc,age      ] GC(141) Age table with threshold 15 (max threshold 15)
[2025-08-28T13:48:17.033+0000][1099278][trace][gc,age      ] GC(141) - age   1:       9984 bytes,       9984 total
[2025-08-28T13:48:17.033+0000][1099278][trace][gc,age      ] GC(141) - age   2:        712 bytes,      10696 total
[2025-08-28T13:48:17.033+0000][1099278][trace][gc,age      ] GC(141) - age   5:       1912 bytes,      12608 total
[2025-08-28T13:48:17.033+0000][1099278][trace][gc,age      ] GC(141) - age   7:        224 bytes,      12832 total
[2025-08-28T13:48:17.033+0000][1099278][trace][gc,age      ] GC(141) - age  11:       1144 bytes,      13976 total
[2025-08-28T13:48:17.033+0000][1099278][info ][gc,heap     ] GC(141) Eden regions: 75->0(75)
[2025-08-28T13:48:17.033+0000][1099278][info ][gc,heap     ] GC(141) Survivor regions: 1->1(10)
[2025-08-28T13:48:17.033+0000][1099278][info ][gc,heap     ] GC(141) Old regions: 25->25
[2025-08-28T13:48:17.033+0000][1099278][info ][gc,heap     ] GC(141) Humongous regions: 0->0
[2025-08-28T13:48:17.033+0000][1099278][info ][gc,metaspace] GC(141) Metaspace: 139599K(143552K)->139599K(143552K) NonClass: 120590K(122624K)->120590K(122624K) Class: 19008K(20928K)->19008K(20928K)
[2025-08-28T13:48:17.033+0000][1099278][info ][gc          ] GC(141) Pause Young (Normal) (G1 Evacuation Pause) 399M->99M(512M) 1.827ms
[2025-08-28T13:48:17.033+0000][1099278][info ][gc,cpu      ] GC(141) User=0.00s Sys=0.01s Real=0.00s
[2025-08-28T13:48:17.033+0000][1099278][info ][safepoint   ] Safepoint "G1CollectForAllocation", Time since last: 3135343855 ns, Reaching safepoint: 47832 ns, Cleanup: 4217 ns, At safepoint: 1904581 ns, Total: 1956630 ns
[2025-08-28T13:48:20.194+0000][1099278][info ][gc,start    ] GC(142) Pause Young (Normal) (G1 Evacuation Pause)
[2025-08-28T13:48:20.194+0000][1099278][info ][gc,task     ] GC(142) Using 12 workers of 33 for evacuation
[2025-08-28T13:48:20.194+0000][1099278][debug][gc,age      ] GC(142) Desired survivor size 20971520 bytes, new threshold 15 (max threshold 15)
[2025-08-28T13:48:20.196+0000][1099278][info ][gc,phases   ] GC(142)   Pre Evacuate Collection Set: 0.2ms
[2025-08-28T13:48:20.196+0000][1099278][info ][gc,phases   ] GC(142)   Merge Heap Roots: 0.1ms
[2025-08-28T13:48:20.196+0000][1099278][info ][gc,phases   ] GC(142)   Evacuate Collection Set: 1.4ms
[2025-08-28T13:48:20.196+0000][1099278][info ][gc,phases   ] GC(142)   Post Evacuate Collection Set: 0.3ms
[2025-08-28T13:48:20.196+0000][1099278][info ][gc,phases   ] GC(142)   Other: 0.1ms
[2025-08-28T13:48:20.196+0000][1099278][trace][gc,age      ] GC(142) Age table with threshold 15 (max threshold 15)
[2025-08-28T13:48:20.196+0000][1099278][trace][gc,age      ] GC(142) - age   1:       8552 bytes,       8552 total
[2025-08-28T13:48:20.196+0000][1099278][trace][gc,age      ] GC(142) - age   2:       2176 bytes,      10728 total
[2025-08-28T13:48:20.196+0000][1099278][trace][gc,age      ] GC(142) - age   6:       1912 bytes,      12640 total
[2025-08-28T13:48:20.196+0000][1099278][trace][gc,age      ] GC(142) - age   8:        224 bytes,      12864 total
[2025-08-28T13:48:20.196+0000][1099278][trace][gc,age      ] GC(142) - age  12:       1144 bytes,      14008 total
[2025-08-28T13:48:20.196+0000][1099278][info ][gc,heap     ] GC(142) Eden regions: 75->0(75)
[2025-08-28T13:48:20.196+0000][1099278][info ][gc,heap     ] GC(142) Survivor regions: 1->1(10)
[2025-08-28T13:48:20.196+0000][1099278][info ][gc,heap     ] GC(142) Old regions: 25->25
[2025-08-28T13:48:20.196+0000][1099278][info ][gc,heap     ] GC(142) Humongous regions: 0->0
[2025-08-28T13:48:20.196+0000][1099278][info ][gc,metaspace] GC(142) Metaspace: 139599K(143552K)->139599K(143552K) NonClass: 120590K(122624K)->120590K(122624K) Class: 19008K(20928K)->19008K(20928K)
[2025-08-28T13:48:20.196+0000][1099278][info ][gc          ] GC(142) Pause Young (Normal) (G1 Evacuation Pause) 399M->99M(512M) 2.033ms
[2025-08-28T13:48:20.196+0000][1099278][info ][gc,cpu      ] GC(142) User=0.01s Sys=0.00s Real=0.00s
[2025-08-28T13:48:20.196+0000][1099278][info ][safepoint   ] Safepoint "G1CollectForAllocation", Time since last: 3160405471 ns, Reaching safepoint: 46650 ns, Cleanup: 4357 ns, At safepoint: 2112243 ns, Total: 2163250 ns
[2025-08-28T13:48:23.056+0000][1099278][info ][gc,start    ] GC(143) Pause Young (Normal) (G1 Evacuation Pause)
[2025-08-28T13:48:23.056+0000][1099278][info ][gc,task     ] GC(143) Using 12 workers of 33 for evacuation
[2025-08-28T13:48:23.056+0000][1099278][debug][gc,age      ] GC(143) Desired survivor size 20971520 bytes, new threshold 15 (max threshold 15)
[2025-08-28T13:48:23.058+0000][1099278][info ][gc,phases   ] GC(143)   Pre Evacuate Collection Set: 0.1ms
[2025-08-28T13:48:23.058+0000][1099278][info ][gc,phases   ] GC(143)   Merge Heap Roots: 0.1ms
[2025-08-28T13:48:23.058+0000][1099278][info ][gc,phases   ] GC(143)   Evacuate Collection Set: 1.2ms
[2025-08-28T13:48:23.058+0000][1099278][info ][gc,phases   ] GC(143)   Post Evacuate Collection Set: 0.4ms
[2025-08-28T13:48:23.058+0000][1099278][info ][gc,phases   ] GC(143)   Other: 0.0ms
[2025-08-28T13:48:23.058+0000][1099278][trace][gc,age      ] GC(143) Age table with threshold 15 (max threshold 15)
[2025-08-28T13:48:23.058+0000][1099278][trace][gc,age      ] GC(143) - age   1:      41608 bytes,      41608 total
[2025-08-28T13:48:23.058+0000][1099278][trace][gc,age      ] GC(143) - age   2:         32 bytes,      41640 total
[2025-08-28T13:48:23.058+0000][1099278][trace][gc,age      ] GC(143) - age   3:       2176 bytes,      43816 total
[2025-08-28T13:48:23.058+0000][1099278][trace][gc,age      ] GC(143) - age   7:       1912 bytes,      45728 total
[2025-08-28T13:48:23.058+0000][1099278][trace][gc,age      ] GC(143) - age   9:        224 bytes,      45952 total
[2025-08-28T13:48:23.058+0000][1099278][trace][gc,age      ] GC(143) - age  13:       1144 bytes,      47096 total
[2025-08-28T13:48:23.058+0000][1099278][info ][gc,heap     ] GC(143) Eden regions: 75->0(75)
[2025-08-28T13:48:23.058+0000][1099278][info ][gc,heap     ] GC(143) Survivor regions: 1->1(10)
[2025-08-28T13:48:23.058+0000][1099278][info ][gc,heap     ] GC(143) Old regions: 25->25
[2025-08-28T13:48:23.058+0000][1099278][info ][gc,heap     ] GC(143) Humongous regions: 0->0
[2025-08-28T13:48:23.058+0000][1099278][info ][gc,metaspace] GC(143) Metaspace: 139600K(143552K)->139600K(143552K) NonClass: 120591K(122624K)->120591K(122624K) Class: 19008K(20928K)->19008K(20928K)
[2025-08-28T13:48:23.058+0000][1099278][info ][gc          ] GC(143) Pause Young (Normal) (G1 Evacuation Pause) 399M->99M(512M) 1.858ms
[2025-08-28T13:48:23.058+0000][1099278][info ][gc,cpu      ] GC(143) User=0.01s Sys=0.00s Real=0.00s
[2025-08-28T13:48:23.058+0000][1099278][info ][safepoint   ] Safepoint "G1CollectForAllocation", Time since last: 2860431965 ns, Reaching safepoint: 15343 ns, Cleanup: 4256 ns, At safepoint: 1941437 ns, Total: 1961036 ns
[2025-08-28T13:48:26.004+0000][1099278][info ][gc,start    ] GC(144) Pause Young (Normal) (G1 Evacuation Pause)
[2025-08-28T13:48:26.005+0000][1099278][info ][gc,task     ] GC(144) Using 12 workers of 33 for evacuation
[2025-08-28T13:48:26.005+0000][1099278][debug][gc,age      ] GC(144) Desired survivor size 20971520 bytes, new threshold 15 (max threshold 15)
[2025-08-28T13:48:26.006+0000][1099278][info ][gc,phases   ] GC(144)   Pre Evacuate Collection Set: 0.2ms
[2025-08-28T13:48:26.006+0000][1099278][info ][gc,phases   ] GC(144)   Merge Heap Roots: 0.1ms
[2025-08-28T13:48:26.006+0000][1099278][info ][gc,phases   ] GC(144)   Evacuate Collection Set: 1.0ms
[2025-08-28T13:48:26.006+0000][1099278][info ][gc,phases   ] GC(144)   Post Evacuate Collection Set: 0.3ms
[2025-08-28T13:48:26.006+0000][1099278][info ][gc,phases   ] GC(144)   Other: 0.1ms
[2025-08-28T13:48:26.006+0000][1099278][trace][gc,age      ] GC(144) Age table with threshold 15 (max threshold 15)
[2025-08-28T13:48:26.006+0000][1099278][trace][gc,age      ] GC(144) - age   1:       6176 bytes,       6176 total
[2025-08-28T13:48:26.006+0000][1099278][trace][gc,age      ] GC(144) - age   2:        712 bytes,       6888 total
[2025-08-28T13:48:26.006+0000][1099278][trace][gc,age      ] GC(144) - age   3:         32 bytes,       6920 total
[2025-08-28T13:48:26.006+0000][1099278][trace][gc,age      ] GC(144) - age   4:       1936 bytes,       8856 total
[2025-08-28T13:48:26.006+0000][1099278][trace][gc,age      ] GC(144) - age   8:       1688 bytes,      10544 total
[2025-08-28T13:48:26.006+0000][1099278][trace][gc,age      ] GC(144) - age  10:        224 bytes,      10768 total
[2025-08-28T13:48:26.006+0000][1099278][trace][gc,age      ] GC(144) - age  14:       1144 bytes,      11912 total
[2025-08-28T13:48:26.006+0000][1099278][info ][gc,heap     ] GC(144) Eden regions: 75->0(75)
[2025-08-28T13:48:26.006+0000][1099278][info ][gc,heap     ] GC(144) Survivor regions: 1->1(10)
[2025-08-28T13:48:26.006+0000][1099278][info ][gc,heap     ] GC(144) Old regions: 25->25
[2025-08-28T13:48:26.006+0000][1099278][info ][gc,heap     ] GC(144) Humongous regions: 0->0
[2025-08-28T13:48:26.006+0000][1099278][info ][gc,metaspace] GC(144) Metaspace: 139601K(143552K)->139601K(143552K) NonClass: 120592K(122624K)->120592K(122624K) Class: 19008K(20928K)->19008K(20928K)
[2025-08-28T13:48:26.006+0000][1099278][info ][gc          ] GC(144) Pause Young (Normal) (G1 Evacuation Pause) 399M->99M(512M) 1.740ms
[2025-08-28T13:48:26.006+0000][1099278][info ][gc,cpu      ] GC(144) User=0.01s Sys=0.00s Real=0.00s
[2025-08-28T13:48:26.006+0000][1099278][info ][safepoint   ] Safepoint "G1CollectForAllocation", Time since last: 2946200996 ns, Reaching safepoint: 48343 ns, Cleanup: 4236 ns, At safepoint: 1823390 ns, Total: 1875969 ns
[2025-08-28T13:48:28.944+0000][1099278][info ][gc,start    ] GC(145) Pause Young (Normal) (G1 Evacuation Pause)
[2025-08-28T13:48:28.944+0000][1099278][info ][gc,task     ] GC(145) Using 12 workers of 33 for evacuation
[2025-08-28T13:48:28.944+0000][1099278][debug][gc,age      ] GC(145) Desired survivor size 20971520 bytes, new threshold 15 (max threshold 15)
[2025-08-28T13:48:28.946+0000][1099278][info ][gc,phases   ] GC(145)   Pre Evacuate Collection Set: 0.2ms
[2025-08-28T13:48:28.946+0000][1099278][info ][gc,phases   ] GC(145)   Merge Heap Roots: 0.1ms
[2025-08-28T13:48:28.946+0000][1099278][info ][gc,phases   ] GC(145)   Evacuate Collection Set: 1.2ms
[2025-08-28T13:48:28.946+0000][1099278][info ][gc,phases   ] GC(145)   Post Evacuate Collection Set: 0.3ms
[2025-08-28T13:48:28.946+0000][1099278][info ][gc,phases   ] GC(145)   Other: 0.1ms
[2025-08-28T13:48:28.946+0000][1099278][trace][gc,age      ] GC(145) Age table with threshold 15 (max threshold 15)
[2025-08-28T13:48:28.946+0000][1099278][trace][gc,age      ] GC(145) - age   1:       8520 bytes,       8520 total
[2025-08-28T13:48:28.946+0000][1099278][trace][gc,age      ] GC(145) - age   2:        464 bytes,       8984 total
[2025-08-28T13:48:28.946+0000][1099278][trace][gc,age      ] GC(145) - age   4:         32 bytes,       9016 total
[2025-08-28T13:48:28.946+0000][1099278][trace][gc,age      ] GC(145) - age   5:       1936 bytes,      10952 total
[2025-08-28T13:48:28.946+0000][1099278][trace][gc,age      ] GC(145) - age   9:       1688 bytes,      12640 total
[2025-08-28T13:48:28.946+0000][1099278][trace][gc,age      ] GC(145) - age  11:        224 bytes,      12864 total
[2025-08-28T13:48:28.946+0000][1099278][trace][gc,age      ] GC(145) - age  15:       1144 bytes,      14008 total
[2025-08-28T13:48:28.946+0000][1099278][info ][gc,heap     ] GC(145) Eden regions: 75->0(75)
[2025-08-28T13:48:28.946+0000][1099278][info ][gc,heap     ] GC(145) Survivor regions: 1->1(10)
[2025-08-28T13:48:28.946+0000][1099278][info ][gc,heap     ] GC(145) Old regions: 25->25
[2025-08-28T13:48:28.946+0000][1099278][info ][gc,heap     ] GC(145) Humongous regions: 0->0
[2025-08-28T13:48:28.946+0000][1099278][info ][gc,metaspace] GC(145) Metaspace: 139601K(143552K)->139601K(143552K) NonClass: 120592K(122624K)->120592K(122624K) Class: 19008K(20928K)->19008K(20928K)
[2025-08-28T13:48:28.946+0000][1099278][info ][gc          ] GC(145) Pause Young (Normal) (G1 Evacuation Pause) 399M->99M(512M) 1.985ms
[2025-08-28T13:48:28.946+0000][1099278][info ][gc,cpu      ] GC(145) User=0.01s Sys=0.00s Real=0.00s
[2025-08-28T13:48:28.946+0000][1099278][info ][safepoint   ] Safepoint "G1CollectForAllocation", Time since last: 2937537297 ns, Reaching safepoint: 14813 ns, Cleanup: 4576 ns, At safepoint: 2065143 ns, Total: 2084532 ns
[2025-08-28T13:48:32.069+0000][1099278][info ][gc,start    ] GC(146) Pause Young (Normal) (G1 Evacuation Pause)
[2025-08-28T13:48:32.069+0000][1099278][info ][gc,task     ] GC(146) Using 12 workers of 33 for evacuation
[2025-08-28T13:48:32.069+0000][1099278][debug][gc,age      ] GC(146) Desired survivor size 20971520 bytes, new threshold 15 (max threshold 15)
[2025-08-28T13:48:32.071+0000][1099278][info ][gc,phases   ] GC(146)   Pre Evacuate Collection Set: 0.2ms
[2025-08-28T13:48:32.071+0000][1099278][info ][gc,phases   ] GC(146)   Merge Heap Roots: 0.1ms
[2025-08-28T13:48:32.071+0000][1099278][info ][gc,phases   ] GC(146)   Evacuate Collection Set: 1.3ms
[2025-08-28T13:48:32.071+0000][1099278][info ][gc,phases   ] GC(146)   Post Evacuate Collection Set: 0.3ms
[2025-08-28T13:48:32.071+0000][1099278][info ][gc,phases   ] GC(146)   Other: 0.1ms
[2025-08-28T13:48:32.071+0000][1099278][trace][gc,age      ] GC(146) Age table with threshold 15 (max threshold 15)
[2025-08-28T13:48:32.071+0000][1099278][trace][gc,age      ] GC(146) - age   1:       7896 bytes,       7896 total
[2025-08-28T13:48:32.071+0000][1099278][trace][gc,age      ] GC(146) - age   2:        712 bytes,       8608 total
[2025-08-28T13:48:32.071+0000][1099278][trace][gc,age      ] GC(146) - age   3:        464 bytes,       9072 total
[2025-08-28T13:48:32.071+0000][1099278][trace][gc,age      ] GC(146) - age   5:         32 bytes,       9104 total
[2025-08-28T13:48:32.071+0000][1099278][trace][gc,age      ] GC(146) - age   6:       1936 bytes,      11040 total
[2025-08-28T13:48:32.071+0000][1099278][trace][gc,age      ] GC(146) - age  10:       1688 bytes,      12728 total
[2025-08-28T13:48:32.071+0000][1099278][trace][gc,age      ] GC(146) - age  12:        224 bytes,      12952 total
[2025-08-28T13:48:32.071+0000][1099278][info ][gc,heap     ] GC(146) Eden regions: 75->0(75)
[2025-08-28T13:48:32.071+0000][1099278][info ][gc,heap     ] GC(146) Survivor regions: 1->1(10)
[2025-08-28T13:48:32.071+0000][1099278][info ][gc,heap     ] GC(146) Old regions: 25->25
[2025-08-28T13:48:32.071+0000][1099278][info ][gc,heap     ] GC(146) Humongous regions: 0->0
[2025-08-28T13:48:32.071+0000][1099278][info ][gc,metaspace] GC(146) Metaspace: 139605K(143552K)->139605K(143552K) NonClass: 120597K(122624K)->120597K(122624K) Class: 19008K(20928K)->19008K(20928K)
[2025-08-28T13:48:32.071+0000][1099278][info ][gc          ] GC(146) Pause Young (Normal) (G1 Evacuation Pause) 399M->99M(512M) 1.961ms
[2025-08-28T13:48:32.071+0000][1099278][info ][gc,cpu      ] GC(146) User=0.01s Sys=0.00s Real=0.01s
[2025-08-28T13:48:32.071+0000][1099278][info ][safepoint   ] Safepoint "G1CollectForAllocation", Time since last: 3122857581 ns, Reaching safepoint: 48894 ns, Cleanup: 4456 ns, At safepoint: 2042019 ns, Total: 2095369 ns
[2025-08-28T13:48:34.994+0000][1099278][info ][gc,start    ] GC(147) Pause Young (Normal) (G1 Evacuation Pause)
[2025-08-28T13:48:34.994+0000][1099278][info ][gc,task     ] GC(147) Using 12 workers of 33 for evacuation
[2025-08-28T13:48:34.994+0000][1099278][debug][gc,age      ] GC(147) Desired survivor size 20971520 bytes, new threshold 15 (max threshold 15)
[2025-08-28T13:48:34.996+0000][1099278][info ][gc,phases   ] GC(147)   Pre Evacuate Collection Set: 0.2ms
[2025-08-28T13:48:34.996+0000][1099278][info ][gc,phases   ] GC(147)   Merge Heap Roots: 0.0ms
[2025-08-28T13:48:34.996+0000][1099278][info ][gc,phases   ] GC(147)   Evacuate Collection Set: 1.1ms
[2025-08-28T13:48:34.996+0000][1099278][info ][gc,phases   ] GC(147)   Post Evacuate Collection Set: 0.3ms
[2025-08-28T13:48:34.996+0000][1099278][info ][gc,phases   ] GC(147)   Other: 0.0ms
[2025-08-28T13:48:34.996+0000][1099278][trace][gc,age      ] GC(147) Age table with threshold 15 (max threshold 15)
[2025-08-28T13:48:34.996+0000][1099278][trace][gc,age      ] GC(147) - age   1:     625904 bytes,     625904 total
[2025-08-28T13:48:34.996+0000][1099278][trace][gc,age      ] GC(147) - age   2:         88 bytes,     625992 total
[2025-08-28T13:48:34.996+0000][1099278][trace][gc,age      ] GC(147) - age   4:        224 bytes,     626216 total
[2025-08-28T13:48:34.996+0000][1099278][trace][gc,age      ] GC(147) - age   6:         32 bytes,     626248 total
[2025-08-28T13:48:34.996+0000][1099278][trace][gc,age      ] GC(147) - age   7:       1936 bytes,     628184 total
[2025-08-28T13:48:34.996+0000][1099278][trace][gc,age      ] GC(147) - age  11:       1512 bytes,     629696 total
[2025-08-28T13:48:34.996+0000][1099278][trace][gc,age      ] GC(147) - age  13:        224 bytes,     629920 total
[2025-08-28T13:48:34.996+0000][1099278][info ][gc,heap     ] GC(147) Eden regions: 75->0(75)
[2025-08-28T13:48:34.996+0000][1099278][info ][gc,heap     ] GC(147) Survivor regions: 1->1(10)
[2025-08-28T13:48:34.996+0000][1099278][info ][gc,heap     ] GC(147) Old regions: 25->25
[2025-08-28T13:48:34.996+0000][1099278][info ][gc,heap     ] GC(147) Humongous regions: 0->0
[2025-08-28T13:48:34.996+0000][1099278][info ][gc,metaspace] GC(147) Metaspace: 139605K(143552K)->139605K(143552K) NonClass: 120597K(122624K)->120597K(122624K) Class: 19008K(20928K)->19008K(20928K)
[2025-08-28T13:48:34.996+0000][1099278][info ][gc          ] GC(147) Pause Young (Normal) (G1 Evacuation Pause) 399M->100M(512M) 1.760ms
[2025-08-28T13:48:34.996+0000][1099278][info ][gc,cpu      ] GC(147) User=0.01s Sys=0.00s Real=0.00s
[2025-08-28T13:48:34.996+0000][1099278][info ][safepoint   ] Safepoint "G1CollectForAllocation", Time since last: 2923141721 ns, Reaching safepoint: 14913 ns, Cleanup: 4577 ns, At safepoint: 1841186 ns, Total: 1860676 ns
[2025-08-28T13:48:37.956+0000][1099278][info ][gc,start    ] GC(148) Pause Young (Normal) (G1 Evacuation Pause)
[2025-08-28T13:48:37.956+0000][1099278][info ][gc,task     ] GC(148) Using 12 workers of 33 for evacuation
[2025-08-28T13:48:37.956+0000][1099278][debug][gc,age      ] GC(148) Desired survivor size 20971520 bytes, new threshold 15 (max threshold 15)
[2025-08-28T13:48:37.958+0000][1099278][info ][gc,phases   ] GC(148)   Pre Evacuate Collection Set: 0.1ms
[2025-08-28T13:48:37.958+0000][1099278][info ][gc,phases   ] GC(148)   Merge Heap Roots: 0.1ms
[2025-08-28T13:48:37.958+0000][1099278][info ][gc,phases   ] GC(148)   Evacuate Collection Set: 1.1ms
[2025-08-28T13:48:37.958+0000][1099278][info ][gc,phases   ] GC(148)   Post Evacuate Collection Set: 0.3ms
[2025-08-28T13:48:37.958+0000][1099278][info ][gc,phases   ] GC(148)   Other: 0.1ms
[2025-08-28T13:48:37.958+0000][1099278][trace][gc,age      ] GC(148) Age table with threshold 15 (max threshold 15)
[2025-08-28T13:48:37.958+0000][1099278][trace][gc,age      ] GC(148) - age   1:       7984 bytes,       7984 total
[2025-08-28T13:48:37.958+0000][1099278][trace][gc,age      ] GC(148) - age   2:        952 bytes,       8936 total
[2025-08-28T13:48:37.958+0000][1099278][trace][gc,age      ] GC(148) - age   3:         88 bytes,       9024 total
[2025-08-28T13:48:37.958+0000][1099278][trace][gc,age      ] GC(148) - age   5:        224 bytes,       9248 total
[2025-08-28T13:48:37.958+0000][1099278][trace][gc,age      ] GC(148) - age   7:         32 bytes,       9280 total
[2025-08-28T13:48:37.958+0000][1099278][trace][gc,age      ] GC(148) - age   8:       1936 bytes,      11216 total
[2025-08-28T13:48:37.958+0000][1099278][trace][gc,age      ] GC(148) - age  12:       1512 bytes,      12728 total
[2025-08-28T13:48:37.958+0000][1099278][trace][gc,age      ] GC(148) - age  14:        224 bytes,      12952 total
[2025-08-28T13:48:37.958+0000][1099278][info ][gc,heap     ] GC(148) Eden regions: 75->0(75)
[2025-08-28T13:48:37.958+0000][1099278][info ][gc,heap     ] GC(148) Survivor regions: 1->1(10)
[2025-08-28T13:48:37.958+0000][1099278][info ][gc,heap     ] GC(148) Old regions: 25->25
[2025-08-28T13:48:37.958+0000][1099278][info ][gc,heap     ] GC(148) Humongous regions: 0->0
[2025-08-28T13:48:37.958+0000][1099278][info ][gc,metaspace] GC(148) Metaspace: 139605K(143552K)->139605K(143552K) NonClass: 120597K(122624K)->120597K(122624K) Class: 19008K(20928K)->19008K(20928K)
[2025-08-28T13:48:37.958+0000][1099278][info ][gc          ] GC(148) Pause Young (Normal) (G1 Evacuation Pause) 400M->99M(512M) 1.784ms
[2025-08-28T13:48:37.958+0000][1099278][info ][gc,cpu      ] GC(148) User=0.00s Sys=0.00s Real=0.00s
[2025-08-28T13:48:37.958+0000][1099278][info ][safepoint   ] Safepoint "G1CollectForAllocation", Time since last: 2960313092 ns, Reaching safepoint: 50676 ns, Cleanup: 4336 ns, At safepoint: 1873325 ns, Total: 1928337 ns
[2025-08-28T13:48:40.894+0000][1099278][info ][gc,start    ] GC(149) Pause Young (Normal) (G1 Evacuation Pause)
[2025-08-28T13:48:40.894+0000][1099278][info ][gc,task     ] GC(149) Using 12 workers of 33 for evacuation
[2025-08-28T13:48:40.894+0000][1099278][debug][gc,age      ] GC(149) Desired survivor size 20971520 bytes, new threshold 15 (max threshold 15)
[2025-08-28T13:48:40.895+0000][1099278][info ][gc,phases   ] GC(149)   Pre Evacuate Collection Set: 0.1ms
[2025-08-28T13:48:40.895+0000][1099278][info ][gc,phases   ] GC(149)   Merge Heap Roots: 0.0ms
[2025-08-28T13:48:40.895+0000][1099278][info ][gc,phases   ] GC(149)   Evacuate Collection Set: 1.0ms
[2025-08-28T13:48:40.895+0000][1099278][info ][gc,phases   ] GC(149)   Post Evacuate Collection Set: 0.3ms
[2025-08-28T13:48:40.895+0000][1099278][info ][gc,phases   ] GC(149)   Other: 0.1ms
[2025-08-28T13:48:40.895+0000][1099278][trace][gc,age      ] GC(149) Age table with threshold 15 (max threshold 15)
[2025-08-28T13:48:40.895+0000][1099278][trace][gc,age      ] GC(149) - age   1:       8344 bytes,       8344 total
[2025-08-28T13:48:40.895+0000][1099278][trace][gc,age      ] GC(149) - age   2:        176 bytes,       8520 total
[2025-08-28T13:48:40.895+0000][1099278][trace][gc,age      ] GC(149) - age   3:        416 bytes,       8936 total
[2025-08-28T13:48:40.895+0000][1099278][trace][gc,age      ] GC(149) - age   4:         88 bytes,       9024 total
[2025-08-28T13:48:40.895+0000][1099278][trace][gc,age      ] GC(149) - age   6:        224 bytes,       9248 total
[2025-08-28T13:48:40.895+0000][1099278][trace][gc,age      ] GC(149) - age   8:         32 bytes,       9280 total
[2025-08-28T13:48:40.895+0000][1099278][trace][gc,age      ] GC(149) - age   9:       1936 bytes,      11216 total
[2025-08-28T13:48:40.895+0000][1099278][trace][gc,age      ] GC(149) - age  13:       1512 bytes,      12728 total
[2025-08-28T13:48:40.895+0000][1099278][trace][gc,age      ] GC(149) - age  15:        224 bytes,      12952 total
[2025-08-28T13:48:40.895+0000][1099278][info ][gc,heap     ] GC(149) Eden regions: 75->0(75)
[2025-08-28T13:48:40.895+0000][1099278][info ][gc,heap     ] GC(149) Survivor regions: 1->1(10)
[2025-08-28T13:48:40.895+0000][1099278][info ][gc,heap     ] GC(149) Old regions: 25->25
[2025-08-28T13:48:40.895+0000][1099278][info ][gc,heap     ] GC(149) Humongous regions: 0->0
[2025-08-28T13:48:40.895+0000][1099278][info ][gc,metaspace] GC(149) Metaspace: 139605K(143552K)->139605K(143552K) NonClass: 120597K(122624K)->120597K(122624K) Class: 19008K(20928K)->19008K(20928K)
[2025-08-28T13:48:40.895+0000][1099278][info ][gc          ] GC(149) Pause Young (Normal) (G1 Evacuation Pause) 399M->99M(512M) 1.600ms
[2025-08-28T13:48:40.895+0000][1099278][info ][gc,cpu      ] GC(149) User=0.00s Sys=0.01s Real=0.00s
[2025-08-28T13:48:40.896+0000][1099278][info ][safepoint   ] Safepoint "G1CollectForAllocation", Time since last: 2935650947 ns, Reaching safepoint: 116185 ns, Cleanup: 4016 ns, At safepoint: 1677240 ns, Total: 1797441 ns
[2025-08-28T13:48:44.890+0000][1099278][info ][gc,start    ] GC(150) Pause Young (Normal) (G1 Evacuation Pause)
[2025-08-28T13:48:44.890+0000][1099278][info ][gc,task     ] GC(150) Using 12 workers of 33 for evacuation
[2025-08-28T13:48:44.890+0000][1099278][debug][gc,age      ] GC(150) Desired survivor size 20971520 bytes, new threshold 15 (max threshold 15)
[2025-08-28T13:48:44.892+0000][1099278][info ][gc,phases   ] GC(150)   Pre Evacuate Collection Set: 0.1ms
[2025-08-28T13:48:44.892+0000][1099278][info ][gc,phases   ] GC(150)   Merge Heap Roots: 0.0ms
[2025-08-28T13:48:44.892+0000][1099278][info ][gc,phases   ] GC(150)   Evacuate Collection Set: 1.2ms
[2025-08-28T13:48:44.892+0000][1099278][info ][gc,phases   ] GC(150)   Post Evacuate Collection Set: 0.3ms
[2025-08-28T13:48:44.892+0000][1099278][info ][gc,phases   ] GC(150)   Other: 0.0ms
[2025-08-28T13:48:44.892+0000][1099278][trace][gc,age      ] GC(150) Age table with threshold 15 (max threshold 15)
[2025-08-28T13:48:44.892+0000][1099278][trace][gc,age      ] GC(150) - age   1:     660224 bytes,     660224 total
[2025-08-28T13:48:44.892+0000][1099278][trace][gc,age      ] GC(150) - age   4:        416 bytes,     660640 total
[2025-08-28T13:48:44.892+0000][1099278][trace][gc,age      ] GC(150) - age   5:         88 bytes,     660728 total
[2025-08-28T13:48:44.892+0000][1099278][trace][gc,age      ] GC(150) - age   9:         32 bytes,     660760 total
[2025-08-28T13:48:44.892+0000][1099278][trace][gc,age      ] GC(150) - age  10:       1936 bytes,     662696 total
[2025-08-28T13:48:44.892+0000][1099278][trace][gc,age      ] GC(150) - age  14:       1512 bytes,     664208 total
[2025-08-28T13:48:44.892+0000][1099278][info ][gc,heap     ] GC(150) Eden regions: 75->0(75)
[2025-08-28T13:48:44.892+0000][1099278][info ][gc,heap     ] GC(150) Survivor regions: 1->1(10)
[2025-08-28T13:48:44.892+0000][1099278][info ][gc,heap     ] GC(150) Old regions: 25->25
[2025-08-28T13:48:44.892+0000][1099278][info ][gc,heap     ] GC(150) Humongous regions: 0->0
[2025-08-28T13:48:44.892+0000][1099278][info ][gc,metaspace] GC(150) Metaspace: 139605K(143552K)->139605K(143552K) NonClass: 120597K(122624K)->120597K(122624K) Class: 19008K(20928K)->19008K(20928K)
[2025-08-28T13:48:44.892+0000][1099278][info ][gc          ] GC(150) Pause Young (Normal) (G1 Evacuation Pause) 399M->100M(512M) 1.838ms
[2025-08-28T13:48:44.892+0000][1099278][info ][gc,cpu      ] GC(150) User=0.01s Sys=0.00s Real=0.01s
[2025-08-28T13:48:44.892+0000][1099278][info ][safepoint   ] Safepoint "G1CollectForAllocation", Time since last: 3994366691 ns, Reaching safepoint: 14862 ns, Cleanup: 4777 ns, At safepoint: 1914907 ns, Total: 1934546 ns
[2025-08-28T13:48:47.853+0000][1099278][info ][gc,start    ] GC(151) Pause Young (Normal) (G1 Evacuation Pause)
[2025-08-28T13:48:47.853+0000][1099278][info ][gc,task     ] GC(151) Using 12 workers of 33 for evacuation
[2025-08-28T13:48:47.853+0000][1099278][debug][gc,age      ] GC(151) Desired survivor size 20971520 bytes, new threshold 15 (max threshold 15)
[2025-08-28T13:48:47.855+0000][1099278][info ][gc,phases   ] GC(151)   Pre Evacuate Collection Set: 0.2ms
[2025-08-28T13:48:47.855+0000][1099278][info ][gc,phases   ] GC(151)   Merge Heap Roots: 0.1ms
[2025-08-28T13:48:47.855+0000][1099278][info ][gc,phases   ] GC(151)   Evacuate Collection Set: 1.3ms
[2025-08-28T13:48:47.855+0000][1099278][info ][gc,phases   ] GC(151)   Post Evacuate Collection Set: 0.4ms
[2025-08-28T13:48:47.855+0000][1099278][info ][gc,phases   ] GC(151)   Other: 0.0ms
[2025-08-28T13:48:47.855+0000][1099278][trace][gc,age      ] GC(151) Age table with threshold 15 (max threshold 15)
[2025-08-28T13:48:47.855+0000][1099278][trace][gc,age      ] GC(151) - age   1:     678312 bytes,     678312 total
[2025-08-28T13:48:47.855+0000][1099278][trace][gc,age      ] GC(151) - age   2:       1480 bytes,     679792 total
[2025-08-28T13:48:47.855+0000][1099278][trace][gc,age      ] GC(151) - age   5:        176 bytes,     679968 total
[2025-08-28T13:48:47.855+0000][1099278][trace][gc,age      ] GC(151) - age   6:         88 bytes,     680056 total
[2025-08-28T13:48:47.855+0000][1099278][trace][gc,age      ] GC(151) - age  10:         32 bytes,     680088 total
[2025-08-28T13:48:47.855+0000][1099278][trace][gc,age      ] GC(151) - age  11:        336 bytes,     680424 total
[2025-08-28T13:48:47.855+0000][1099278][trace][gc,age      ] GC(151) - age  15:       1512 bytes,     681936 total
[2025-08-28T13:48:47.855+0000][1099278][info ][gc,heap     ] GC(151) Eden regions: 75->0(75)
[2025-08-28T13:48:47.855+0000][1099278][info ][gc,heap     ] GC(151) Survivor regions: 1->1(10)
[2025-08-28T13:48:47.855+0000][1099278][info ][gc,heap     ] GC(151) Old regions: 25->25
[2025-08-28T13:48:47.855+0000][1099278][info ][gc,heap     ] GC(151) Humongous regions: 0->0
[2025-08-28T13:48:47.855+0000][1099278][info ][gc,metaspace] GC(151) Metaspace: 139606K(143552K)->139606K(143552K) NonClass: 120597K(122624K)->120597K(122624K) Class: 19008K(20928K)->19008K(20928K)
[2025-08-28T13:48:47.855+0000][1099278][info ][gc          ] GC(151) Pause Young (Normal) (G1 Evacuation Pause) 400M->100M(512M) 2.018ms
[2025-08-28T13:48:47.855+0000][1099278][info ][gc,cpu      ] GC(151) User=0.00s Sys=0.00s Real=0.00s
[2025-08-28T13:48:47.855+0000][1099278][info ][safepoint   ] Safepoint "G1CollectForAllocation", Time since last: 2960706534 ns, Reaching safepoint: 48213 ns, Cleanup: 12068 ns, At safepoint: 2100055 ns, Total: 2160336 ns
[2025-08-28T13:48:50.790+0000][1099278][info ][gc,start    ] GC(152) Pause Young (Normal) (G1 Evacuation Pause)
[2025-08-28T13:48:50.790+0000][1099278][info ][gc,task     ] GC(152) Using 12 workers of 33 for evacuation
[2025-08-28T13:48:50.790+0000][1099278][debug][gc,age      ] GC(152) Desired survivor size 20971520 bytes, new threshold 15 (max threshold 15)
[2025-08-28T13:48:50.792+0000][1099278][info ][gc,phases   ] GC(152)   Pre Evacuate Collection Set: 0.1ms
[2025-08-28T13:48:50.792+0000][1099278][info ][gc,phases   ] GC(152)   Merge Heap Roots: 0.1ms
[2025-08-28T13:48:50.792+0000][1099278][info ][gc,phases   ] GC(152)   Evacuate Collection Set: 1.3ms
[2025-08-28T13:48:50.792+0000][1099278][info ][gc,phases   ] GC(152)   Post Evacuate Collection Set: 0.3ms
[2025-08-28T13:48:50.792+0000][1099278][info ][gc,phases   ] GC(152)   Other: 0.0ms
[2025-08-28T13:48:50.792+0000][1099278][trace][gc,age      ] GC(152) Age table with threshold 15 (max threshold 15)
[2025-08-28T13:48:50.792+0000][1099278][trace][gc,age      ] GC(152) - age   1:       8928 bytes,       8928 total
[2025-08-28T13:48:50.792+0000][1099278][trace][gc,age      ] GC(152) - age   2:       2352 bytes,      11280 total
[2025-08-28T13:48:50.792+0000][1099278][trace][gc,age      ] GC(152) - age   3:        816 bytes,      12096 total
[2025-08-28T13:48:50.792+0000][1099278][trace][gc,age      ] GC(152) - age   6:        176 bytes,      12272 total
[2025-08-28T13:48:50.792+0000][1099278][trace][gc,age      ] GC(152) - age   7:         88 bytes,      12360 total
[2025-08-28T13:48:50.792+0000][1099278][trace][gc,age      ] GC(152) - age  11:         32 bytes,      12392 total
[2025-08-28T13:48:50.792+0000][1099278][trace][gc,age      ] GC(152) - age  12:        336 bytes,      12728 total
[2025-08-28T13:48:50.792+0000][1099278][info ][gc,heap     ] GC(152) Eden regions: 75->0(75)
[2025-08-28T13:48:50.792+0000][1099278][info ][gc,heap     ] GC(152) Survivor regions: 1->1(10)
[2025-08-28T13:48:50.792+0000][1099278][info ][gc,heap     ] GC(152) Old regions: 25->25
[2025-08-28T13:48:50.792+0000][1099278][info ][gc,heap     ] GC(152) Humongous regions: 0->0
[2025-08-28T13:48:50.792+0000][1099278][info ][gc,metaspace] GC(152) Metaspace: 139606K(143552K)->139606K(143552K) NonClass: 120597K(122624K)->120597K(122624K) Class: 19008K(20928K)->19008K(20928K)
[2025-08-28T13:48:50.792+0000][1099278][info ][gc          ] GC(152) Pause Young (Normal) (G1 Evacuation Pause) 400M->99M(512M) 2.040ms
[2025-08-28T13:48:50.792+0000][1099278][info ][gc,cpu      ] GC(152) User=0.01s Sys=0.00s Real=0.01s
[2025-08-28T13:48:50.792+0000][1099278][info ][safepoint   ] Safepoint "G1CollectForAllocation", Time since last: 2935042884 ns, Reaching safepoint: 38798 ns, Cleanup: 4046 ns, At safepoint: 2118233 ns, Total: 2161077 ns
[2025-08-28T13:48:53.715+0000][1099278][info ][gc,start    ] GC(153) Pause Young (Normal) (G1 Evacuation Pause)
[2025-08-28T13:48:53.715+0000][1099278][info ][gc,task     ] GC(153) Using 12 workers of 33 for evacuation
[2025-08-28T13:48:53.715+0000][1099278][debug][gc,age      ] GC(153) Desired survivor size 20971520 bytes, new threshold 15 (max threshold 15)
[2025-08-28T13:48:53.717+0000][1099278][info ][gc,phases   ] GC(153)   Pre Evacuate Collection Set: 0.1ms
[2025-08-28T13:48:53.717+0000][1099278][info ][gc,phases   ] GC(153)   Merge Heap Roots: 0.1ms
[2025-08-28T13:48:53.717+0000][1099278][info ][gc,phases   ] GC(153)   Evacuate Collection Set: 1.0ms
[2025-08-28T13:48:53.717+0000][1099278][info ][gc,phases   ] GC(153)   Post Evacuate Collection Set: 0.3ms
[2025-08-28T13:48:53.717+0000][1099278][info ][gc,phases   ] GC(153)   Other: 0.0ms
[2025-08-28T13:48:53.717+0000][1099278][trace][gc,age      ] GC(153) Age table with threshold 15 (max threshold 15)
[2025-08-28T13:48:53.717+0000][1099278][trace][gc,age      ] GC(153) - age   1:     658592 bytes,     658592 total
[2025-08-28T13:48:53.717+0000][1099278][trace][gc,age      ] GC(153) - age   2:        584 bytes,     659176 total
[2025-08-28T13:48:53.717+0000][1099278][trace][gc,age      ] GC(153) - age   3:       2176 bytes,     661352 total
[2025-08-28T13:48:53.717+0000][1099278][trace][gc,age      ] GC(153) - age   4:        816 bytes,     662168 total
[2025-08-28T13:48:53.717+0000][1099278][trace][gc,age      ] GC(153) - age   7:        176 bytes,     662344 total
[2025-08-28T13:48:53.717+0000][1099278][trace][gc,age      ] GC(153) - age   8:         88 bytes,     662432 total
[2025-08-28T13:48:53.717+0000][1099278][trace][gc,age      ] GC(153) - age  12:         32 bytes,     662464 total
[2025-08-28T13:48:53.717+0000][1099278][trace][gc,age      ] GC(153) - age  13:        336 bytes,     662800 total
[2025-08-28T13:48:53.717+0000][1099278][info ][gc,heap     ] GC(153) Eden regions: 75->0(75)
[2025-08-28T13:48:53.717+0000][1099278][info ][gc,heap     ] GC(153) Survivor regions: 1->1(10)
[2025-08-28T13:48:53.717+0000][1099278][info ][gc,heap     ] GC(153) Old regions: 25->25
[2025-08-28T13:48:53.717+0000][1099278][info ][gc,heap     ] GC(153) Humongous regions: 0->0
[2025-08-28T13:48:53.717+0000][1099278][info ][gc,metaspace] GC(153) Metaspace: 139606K(143552K)->139606K(143552K) NonClass: 120597K(122624K)->120597K(122624K) Class: 19008K(20928K)->19008K(20928K)
[2025-08-28T13:48:53.717+0000][1099278][info ][gc          ] GC(153) Pause Young (Normal) (G1 Evacuation Pause) 399M->100M(512M) 1.621ms
[2025-08-28T13:48:53.717+0000][1099278][info ][gc,cpu      ] GC(153) User=0.00s Sys=0.00s Real=0.00s
[2025-08-28T13:48:53.717+0000][1099278][info ][safepoint   ] Safepoint "G1CollectForAllocation", Time since last: 2923145417 ns, Reaching safepoint: 14962 ns, Cleanup: 4587 ns, At safepoint: 1702849 ns, Total: 1722398 ns
[2025-08-28T13:48:56.677+0000][1099278][info ][gc,start    ] GC(154) Pause Young (Normal) (G1 Evacuation Pause)
[2025-08-28T13:48:56.678+0000][1099278][info ][gc,task     ] GC(154) Using 12 workers of 33 for evacuation
[2025-08-28T13:48:56.678+0000][1099278][debug][gc,age      ] GC(154) Desired survivor size 20971520 bytes, new threshold 15 (max threshold 15)
[2025-08-28T13:48:56.679+0000][1099278][info ][gc,phases   ] GC(154)   Pre Evacuate Collection Set: 0.2ms
[2025-08-28T13:48:56.679+0000][1099278][info ][gc,phases   ] GC(154)   Merge Heap Roots: 0.1ms
[2025-08-28T13:48:56.679+0000][1099278][info ][gc,phases   ] GC(154)   Evacuate Collection Set: 1.1ms
[2025-08-28T13:48:56.679+0000][1099278][info ][gc,phases   ] GC(154)   Post Evacuate Collection Set: 0.3ms
[2025-08-28T13:48:56.679+0000][1099278][info ][gc,phases   ] GC(154)   Other: 0.1ms
[2025-08-28T13:48:56.679+0000][1099278][trace][gc,age      ] GC(154) Age table with threshold 15 (max threshold 15)
[2025-08-28T13:48:56.679+0000][1099278][trace][gc,age      ] GC(154) - age   1:     659672 bytes,     659672 total
[2025-08-28T13:48:56.679+0000][1099278][trace][gc,age      ] GC(154) - age   2:        712 bytes,     660384 total
[2025-08-28T13:48:56.679+0000][1099278][trace][gc,age      ] GC(154) - age   3:        584 bytes,     660968 total
[2025-08-28T13:48:56.679+0000][1099278][trace][gc,age      ] GC(154) - age   4:       1936 bytes,     662904 total
[2025-08-28T13:48:56.679+0000][1099278][trace][gc,age      ] GC(154) - age   5:        816 bytes,     663720 total
[2025-08-28T13:48:56.679+0000][1099278][trace][gc,age      ] GC(154) - age   8:        176 bytes,     663896 total
[2025-08-28T13:48:56.679+0000][1099278][trace][gc,age      ] GC(154) - age   9:         88 bytes,     663984 total
[2025-08-28T13:48:56.679+0000][1099278][trace][gc,age      ] GC(154) - age  13:         32 bytes,     664016 total
[2025-08-28T13:48:56.679+0000][1099278][trace][gc,age      ] GC(154) - age  14:        336 bytes,     664352 total
[2025-08-28T13:48:56.679+0000][1099278][info ][gc,heap     ] GC(154) Eden regions: 75->0(75)
[2025-08-28T13:48:56.679+0000][1099278][info ][gc,heap     ] GC(154) Survivor regions: 1->1(10)
[2025-08-28T13:48:56.679+0000][1099278][info ][gc,heap     ] GC(154) Old regions: 25->25
[2025-08-28T13:48:56.679+0000][1099278][info ][gc,heap     ] GC(154) Humongous regions: 0->0
[2025-08-28T13:48:56.679+0000][1099278][info ][gc,metaspace] GC(154) Metaspace: 139606K(143552K)->139606K(143552K) NonClass: 120597K(122624K)->120597K(122624K) Class: 19008K(20928K)->19008K(20928K)
[2025-08-28T13:48:56.679+0000][1099278][info ][gc          ] GC(154) Pause Young (Normal) (G1 Evacuation Pause) 400M->100M(512M) 1.811ms
[2025-08-28T13:48:56.679+0000][1099278][info ][gc,cpu      ] GC(154) User=0.01s Sys=0.00s Real=0.00s
[2025-08-28T13:48:56.679+0000][1099278][info ][safepoint   ] Safepoint "G1CollectForAllocation", Time since last: 2960602938 ns, Reaching safepoint: 48773 ns, Cleanup: 4277 ns, At safepoint: 1890070 ns, Total: 1943120 ns
[2025-08-28T13:48:59.627+0000][1099278][info ][gc,start    ] GC(155) Pause Young (Normal) (G1 Evacuation Pause)
[2025-08-28T13:48:59.627+0000][1099278][info ][gc,task     ] GC(155) Using 12 workers of 33 for evacuation
[2025-08-28T13:48:59.627+0000][1099278][debug][gc,age      ] GC(155) Desired survivor size 20971520 bytes, new threshold 15 (max threshold 15)
[2025-08-28T13:48:59.629+0000][1099278][info ][gc,phases   ] GC(155)   Pre Evacuate Collection Set: 0.1ms
[2025-08-28T13:48:59.629+0000][1099278][info ][gc,phases   ] GC(155)   Merge Heap Roots: 0.1ms
[2025-08-28T13:48:59.629+0000][1099278][info ][gc,phases   ] GC(155)   Evacuate Collection Set: 1.4ms
[2025-08-28T13:48:59.629+0000][1099278][info ][gc,phases   ] GC(155)   Post Evacuate Collection Set: 0.3ms
[2025-08-28T13:48:59.629+0000][1099278][info ][gc,phases   ] GC(155)   Other: 0.1ms
[2025-08-28T13:48:59.629+0000][1099278][trace][gc,age      ] GC(155) Age table with threshold 15 (max threshold 15)
[2025-08-28T13:48:59.629+0000][1099278][trace][gc,age      ] GC(155) - age   1:       8520 bytes,       8520 total
[2025-08-28T13:48:59.629+0000][1099278][trace][gc,age      ] GC(155) - age   2:        240 bytes,       8760 total
[2025-08-28T13:48:59.629+0000][1099278][trace][gc,age      ] GC(155) - age   4:        584 bytes,       9344 total
[2025-08-28T13:48:59.629+0000][1099278][trace][gc,age      ] GC(155) - age   5:       1936 bytes,      11280 total
[2025-08-28T13:48:59.629+0000][1099278][trace][gc,age      ] GC(155) - age   6:        816 bytes,      12096 total
[2025-08-28T13:48:59.629+0000][1099278][trace][gc,age      ] GC(155) - age   9:        176 bytes,      12272 total
[2025-08-28T13:48:59.629+0000][1099278][trace][gc,age      ] GC(155) - age  10:         88 bytes,      12360 total
[2025-08-28T13:48:59.629+0000][1099278][trace][gc,age      ] GC(155) - age  14:         32 bytes,      12392 total
[2025-08-28T13:48:59.629+0000][1099278][trace][gc,age      ] GC(155) - age  15:        336 bytes,      12728 total
[2025-08-28T13:48:59.629+0000][1099278][info ][gc,heap     ] GC(155) Eden regions: 75->0(75)
[2025-08-28T13:48:59.629+0000][1099278][info ][gc,heap     ] GC(155) Survivor regions: 1->1(10)
[2025-08-28T13:48:59.629+0000][1099278][info ][gc,heap     ] GC(155) Old regions: 25->25
[2025-08-28T13:48:59.629+0000][1099278][info ][gc,heap     ] GC(155) Humongous regions: 0->0
[2025-08-28T13:48:59.629+0000][1099278][info ][gc,metaspace] GC(155) Metaspace: 139606K(143552K)->139606K(143552K) NonClass: 120597K(122624K)->120597K(122624K) Class: 19008K(20928K)->19008K(20928K)
[2025-08-28T13:48:59.629+0000][1099278][info ][gc          ] GC(155) Pause Young (Normal) (G1 Evacuation Pause) 400M->99M(512M) 2.025ms
[2025-08-28T13:48:59.629+0000][1099278][info ][gc,cpu      ] GC(155) User=0.01s Sys=0.00s Real=0.00s
[2025-08-28T13:48:59.629+0000][1099278][info ][safepoint   ] Safepoint "G1CollectForAllocation", Time since last: 2947919130 ns, Reaching safepoint: 14802 ns, Cleanup: 4307 ns, At safepoint: 2108889 ns, Total: 2127998 ns
[2025-08-28T13:49:02.740+0000][1099278][info ][gc,start    ] GC(156) Pause Young (Normal) (G1 Evacuation Pause)
[2025-08-28T13:49:02.740+0000][1099278][info ][gc,task     ] GC(156) Using 12 workers of 33 for evacuation
[2025-08-28T13:49:02.740+0000][1099278][debug][gc,age      ] GC(156) Desired survivor size 20971520 bytes, new threshold 15 (max threshold 15)
[2025-08-28T13:49:02.742+0000][1099278][info ][gc,phases   ] GC(156)   Pre Evacuate Collection Set: 0.2ms
[2025-08-28T13:49:02.742+0000][1099278][info ][gc,phases   ] GC(156)   Merge Heap Roots: 0.0ms
[2025-08-28T13:49:02.742+0000][1099278][info ][gc,phases   ] GC(156)   Evacuate Collection Set: 1.3ms
[2025-08-28T13:49:02.742+0000][1099278][info ][gc,phases   ] GC(156)   Post Evacuate Collection Set: 0.4ms
[2025-08-28T13:49:02.742+0000][1099278][info ][gc,phases   ] GC(156)   Other: 0.1ms
[2025-08-28T13:49:02.742+0000][1099278][trace][gc,age      ] GC(156) Age table with threshold 15 (max threshold 15)
[2025-08-28T13:49:02.742+0000][1099278][trace][gc,age      ] GC(156) - age   1:     271888 bytes,     271888 total
[2025-08-28T13:49:02.742+0000][1099278][trace][gc,age      ] GC(156) - age   2:        712 bytes,     272600 total
[2025-08-28T13:49:02.742+0000][1099278][trace][gc,age      ] GC(156) - age   3:        240 bytes,     272840 total
[2025-08-28T13:49:02.742+0000][1099278][trace][gc,age      ] GC(156) - age   5:        584 bytes,     273424 total
[2025-08-28T13:49:02.742+0000][1099278][trace][gc,age      ] GC(156) - age   6:       1936 bytes,     275360 total
[2025-08-28T13:49:02.742+0000][1099278][trace][gc,age      ] GC(156) - age   7:        816 bytes,     276176 total
[2025-08-28T13:49:02.742+0000][1099278][trace][gc,age      ] GC(156) - age  10:        176 bytes,     276352 total
[2025-08-28T13:49:02.742+0000][1099278][trace][gc,age      ] GC(156) - age  11:         88 bytes,     276440 total
[2025-08-28T13:49:02.742+0000][1099278][trace][gc,age      ] GC(156) - age  15:         32 bytes,     276472 total
[2025-08-28T13:49:02.742+0000][1099278][info ][gc,heap     ] GC(156) Eden regions: 75->0(75)
[2025-08-28T13:49:02.742+0000][1099278][info ][gc,heap     ] GC(156) Survivor regions: 1->1(10)
[2025-08-28T13:49:02.742+0000][1099278][info ][gc,heap     ] GC(156) Old regions: 25->25
[2025-08-28T13:49:02.742+0000][1099278][info ][gc,heap     ] GC(156) Humongous regions: 0->0
[2025-08-28T13:49:02.742+0000][1099278][info ][gc,metaspace] GC(156) Metaspace: 139606K(143552K)->139606K(143552K) NonClass: 120597K(122624K)->120597K(122624K) Class: 19008K(20928K)->19008K(20928K)
[2025-08-28T13:49:02.742+0000][1099278][info ][gc          ] GC(156) Pause Young (Normal) (G1 Evacuation Pause) 399M->99M(512M) 2.117ms
[2025-08-28T13:49:02.742+0000][1099278][info ][gc,cpu      ] GC(156) User=0.00s Sys=0.01s Real=0.01s
[2025-08-28T13:49:02.742+0000][1099278][info ][safepoint   ] Safepoint "G1CollectForAllocation", Time since last: 3110355996 ns, Reaching safepoint: 43776 ns, Cleanup: 4196 ns, At safepoint: 2254538 ns, Total: 2302510 ns
[2025-08-28T13:49:05.665+0000][1099278][info ][gc,start    ] GC(157) Pause Young (Normal) (G1 Evacuation Pause)
[2025-08-28T13:49:05.665+0000][1099278][info ][gc,task     ] GC(157) Using 12 workers of 33 for evacuation
[2025-08-28T13:49:05.665+0000][1099278][debug][gc,age      ] GC(157) Desired survivor size 20971520 bytes, new threshold 15 (max threshold 15)
[2025-08-28T13:49:05.667+0000][1099278][info ][gc,phases   ] GC(157)   Pre Evacuate Collection Set: 0.2ms
[2025-08-28T13:49:05.667+0000][1099278][info ][gc,phases   ] GC(157)   Merge Heap Roots: 0.1ms
[2025-08-28T13:49:05.667+0000][1099278][info ][gc,phases   ] GC(157)   Evacuate Collection Set: 1.1ms
[2025-08-28T13:49:05.667+0000][1099278][info ][gc,phases   ] GC(157)   Post Evacuate Collection Set: 0.3ms
[2025-08-28T13:49:05.667+0000][1099278][info ][gc,phases   ] GC(157)   Other: 0.1ms
[2025-08-28T13:49:05.667+0000][1099278][trace][gc,age      ] GC(157) Age table with threshold 15 (max threshold 15)
[2025-08-28T13:49:05.667+0000][1099278][trace][gc,age      ] GC(157) - age   1:      10472 bytes,      10472 total
[2025-08-28T13:49:05.667+0000][1099278][trace][gc,age      ] GC(157) - age   6:        584 bytes,      11056 total
[2025-08-28T13:49:05.667+0000][1099278][trace][gc,age      ] GC(157) - age   7:       1936 bytes,      12992 total
[2025-08-28T13:49:05.667+0000][1099278][trace][gc,age      ] GC(157) - age   8:        592 bytes,      13584 total
[2025-08-28T13:49:05.667+0000][1099278][trace][gc,age      ] GC(157) - age  12:         88 bytes,      13672 total
[2025-08-28T13:49:05.667+0000][1099278][info ][gc,heap     ] GC(157) Eden regions: 75->0(75)
[2025-08-28T13:49:05.667+0000][1099278][info ][gc,heap     ] GC(157) Survivor regions: 1->1(10)
[2025-08-28T13:49:05.667+0000][1099278][info ][gc,heap     ] GC(157) Old regions: 25->25
[2025-08-28T13:49:05.667+0000][1099278][info ][gc,heap     ] GC(157) Humongous regions: 0->0
[2025-08-28T13:49:05.667+0000][1099278][info ][gc,metaspace] GC(157) Metaspace: 139606K(143552K)->139606K(143552K) NonClass: 120597K(122624K)->120597K(122624K) Class: 19008K(20928K)->19008K(20928K)
[2025-08-28T13:49:05.667+0000][1099278][info ][gc          ] GC(157) Pause Young (Normal) (G1 Evacuation Pause) 399M->99M(512M) 1.889ms
[2025-08-28T13:49:05.667+0000][1099278][info ][gc,cpu      ] GC(157) User=0.00s Sys=0.01s Real=0.00s
[2025-08-28T13:49:05.667+0000][1099278][info ][safepoint   ] Safepoint "G1CollectForAllocation", Time since last: 2922674480 ns, Reaching safepoint: 85558 ns, Cleanup: 6830 ns, At safepoint: 1988057 ns, Total: 2080445 ns
[2025-08-28T13:49:08.615+0000][1099278][info ][gc,start    ] GC(158) Pause Young (Normal) (G1 Evacuation Pause)
[2025-08-28T13:49:08.615+0000][1099278][info ][gc,task     ] GC(158) Using 12 workers of 33 for evacuation
[2025-08-28T13:49:08.615+0000][1099278][debug][gc,age      ] GC(158) Desired survivor size 20971520 bytes, new threshold 15 (max threshold 15)
[2025-08-28T13:49:08.617+0000][1099278][info ][gc,phases   ] GC(158)   Pre Evacuate Collection Set: 0.2ms
[2025-08-28T13:49:08.617+0000][1099278][info ][gc,phases   ] GC(158)   Merge Heap Roots: 0.1ms
[2025-08-28T13:49:08.617+0000][1099278][info ][gc,phases   ] GC(158)   Evacuate Collection Set: 1.4ms
[2025-08-28T13:49:08.617+0000][1099278][info ][gc,phases   ] GC(158)   Post Evacuate Collection Set: 0.3ms
[2025-08-28T13:49:08.617+0000][1099278][info ][gc,phases   ] GC(158)   Other: 0.1ms
[2025-08-28T13:49:08.617+0000][1099278][trace][gc,age      ] GC(158) Age table with threshold 15 (max threshold 15)
[2025-08-28T13:49:08.617+0000][1099278][trace][gc,age      ] GC(158) - age   1:       8520 bytes,       8520 total
[2025-08-28T13:49:08.617+0000][1099278][trace][gc,age      ] GC(158) - age   2:       1952 bytes,      10472 total
[2025-08-28T13:49:08.617+0000][1099278][trace][gc,age      ] GC(158) - age   7:        584 bytes,      11056 total
[2025-08-28T13:49:08.617+0000][1099278][trace][gc,age      ] GC(158) - age   8:       1936 bytes,      12992 total
[2025-08-28T13:49:08.617+0000][1099278][trace][gc,age      ] GC(158) - age   9:        592 bytes,      13584 total
[2025-08-28T13:49:08.617+0000][1099278][trace][gc,age      ] GC(158) - age  13:         88 bytes,      13672 total
[2025-08-28T13:49:08.617+0000][1099278][info ][gc,heap     ] GC(158) Eden regions: 75->0(75)
[2025-08-28T13:49:08.617+0000][1099278][info ][gc,heap     ] GC(158) Survivor regions: 1->1(10)
[2025-08-28T13:49:08.617+0000][1099278][info ][gc,heap     ] GC(158) Old regions: 25->25
[2025-08-28T13:49:08.617+0000][1099278][info ][gc,heap     ] GC(158) Humongous regions: 0->0
[2025-08-28T13:49:08.617+0000][1099278][info ][gc,metaspace] GC(158) Metaspace: 139606K(143552K)->139606K(143552K) NonClass: 120597K(122624K)->120597K(122624K) Class: 19008K(20928K)->19008K(20928K)
[2025-08-28T13:49:08.617+0000][1099278][info ][gc          ] GC(158) Pause Young (Normal) (G1 Evacuation Pause) 399M->99M(512M) 2.180ms
[2025-08-28T13:49:08.617+0000][1099278][info ][gc,cpu      ] GC(158) User=0.01s Sys=0.00s Real=0.00s
[2025-08-28T13:49:08.617+0000][1099278][info ][safepoint   ] Safepoint "G1CollectForAllocation", Time since last: 2947928285 ns, Reaching safepoint: 234903 ns, Cleanup: 6109 ns, At safepoint: 2286275 ns, Total: 2527287 ns
[2025-08-28T13:49:11.544+0000][1099278][info ][gc,start    ] GC(159) Pause Young (Normal) (G1 Evacuation Pause)
[2025-08-28T13:49:11.544+0000][1099278][info ][gc,task     ] GC(159) Using 12 workers of 33 for evacuation
[2025-08-28T13:49:11.544+0000][1099278][debug][gc,age      ] GC(159) Desired survivor size 20971520 bytes, new threshold 15 (max threshold 15)
[2025-08-28T13:49:11.545+0000][1099278][info ][gc,phases   ] GC(159)   Pre Evacuate Collection Set: 0.2ms
[2025-08-28T13:49:11.545+0000][1099278][info ][gc,phases   ] GC(159)   Merge Heap Roots: 0.0ms
[2025-08-28T13:49:11.545+0000][1099278][info ][gc,phases   ] GC(159)   Evacuate Collection Set: 0.8ms
[2025-08-28T13:49:11.545+0000][1099278][info ][gc,phases   ] GC(159)   Post Evacuate Collection Set: 0.4ms
[2025-08-28T13:49:11.545+0000][1099278][info ][gc,phases   ] GC(159)   Other: 0.1ms
[2025-08-28T13:49:11.545+0000][1099278][trace][gc,age      ] GC(159) Age table with threshold 15 (max threshold 15)
[2025-08-28T13:49:11.545+0000][1099278][trace][gc,age      ] GC(159) - age   1:       5560 bytes,       5560 total
[2025-08-28T13:49:11.545+0000][1099278][trace][gc,age      ] GC(159) - age   2:        712 bytes,       6272 total
[2025-08-28T13:49:11.545+0000][1099278][trace][gc,age      ] GC(159) - age   3:       1952 bytes,       8224 total
[2025-08-28T13:49:11.545+0000][1099278][trace][gc,age      ] GC(159) - age   8:        584 bytes,       8808 total
[2025-08-28T13:49:11.545+0000][1099278][trace][gc,age      ] GC(159) - age   9:       1936 bytes,      10744 total
[2025-08-28T13:49:11.545+0000][1099278][trace][gc,age      ] GC(159) - age  10:        592 bytes,      11336 total
[2025-08-28T13:49:11.545+0000][1099278][trace][gc,age      ] GC(159) - age  14:         88 bytes,      11424 total
[2025-08-28T13:49:11.545+0000][1099278][info ][gc,heap     ] GC(159) Eden regions: 75->0(75)
[2025-08-28T13:49:11.545+0000][1099278][info ][gc,heap     ] GC(159) Survivor regions: 1->1(10)
[2025-08-28T13:49:11.545+0000][1099278][info ][gc,heap     ] GC(159) Old regions: 25->25
[2025-08-28T13:49:11.545+0000][1099278][info ][gc,heap     ] GC(159) Humongous regions: 0->0
[2025-08-28T13:49:11.545+0000][1099278][info ][gc,metaspace] GC(159) Metaspace: 139606K(143552K)->139606K(143552K) NonClass: 120597K(122624K)->120597K(122624K) Class: 19008K(20928K)->19008K(20928K)
[2025-08-28T13:49:11.545+0000][1099278][info ][gc          ] GC(159) Pause Young (Normal) (G1 Evacuation Pause) 399M->99M(512M) 1.559ms
[2025-08-28T13:49:11.545+0000][1099278][info ][gc,cpu      ] GC(159) User=0.01s Sys=0.00s Real=0.00s
[2025-08-28T13:49:11.545+0000][1099278][info ][safepoint   ] Safepoint "G1CollectForAllocation", Time since last: 2926565506 ns, Reaching safepoint: 48923 ns, Cleanup: 6440 ns, At safepoint: 1647415 ns, Total: 1702778 ns
[2025-08-28T13:49:14.486+0000][1099278][info ][gc,start    ] GC(160) Pause Young (Normal) (G1 Evacuation Pause)
[2025-08-28T13:49:14.486+0000][1099278][info ][gc,task     ] GC(160) Using 12 workers of 33 for evacuation
[2025-08-28T13:49:14.486+0000][1099278][debug][gc,age      ] GC(160) Desired survivor size 20971520 bytes, new threshold 15 (max threshold 15)
[2025-08-28T13:49:14.488+0000][1099278][info ][gc,phases   ] GC(160)   Pre Evacuate Collection Set: 0.2ms
[2025-08-28T13:49:14.488+0000][1099278][info ][gc,phases   ] GC(160)   Merge Heap Roots: 0.1ms
[2025-08-28T13:49:14.488+0000][1099278][info ][gc,phases   ] GC(160)   Evacuate Collection Set: 1.4ms
[2025-08-28T13:49:14.488+0000][1099278][info ][gc,phases   ] GC(160)   Post Evacuate Collection Set: 0.4ms
[2025-08-28T13:49:14.488+0000][1099278][info ][gc,phases   ] GC(160)   Other: 0.1ms
[2025-08-28T13:49:14.488+0000][1099278][trace][gc,age      ] GC(160) Age table with threshold 15 (max threshold 15)
[2025-08-28T13:49:14.488+0000][1099278][trace][gc,age      ] GC(160) - age   1:     642112 bytes,     642112 total
[2025-08-28T13:49:14.488+0000][1099278][trace][gc,age      ] GC(160) - age   4:       1952 bytes,     644064 total
[2025-08-28T13:49:14.488+0000][1099278][trace][gc,age      ] GC(160) - age   9:        584 bytes,     644648 total
[2025-08-28T13:49:14.488+0000][1099278][trace][gc,age      ] GC(160) - age  10:       1936 bytes,     646584 total
[2025-08-28T13:49:14.488+0000][1099278][trace][gc,age      ] GC(160) - age  11:        592 bytes,     647176 total
[2025-08-28T13:49:14.488+0000][1099278][trace][gc,age      ] GC(160) - age  15:         88 bytes,     647264 total
[2025-08-28T13:49:14.488+0000][1099278][info ][gc,heap     ] GC(160) Eden regions: 75->0(75)
[2025-08-28T13:49:14.488+0000][1099278][info ][gc,heap     ] GC(160) Survivor regions: 1->1(10)
[2025-08-28T13:49:14.488+0000][1099278][info ][gc,heap     ] GC(160) Old regions: 25->25
[2025-08-28T13:49:14.488+0000][1099278][info ][gc,heap     ] GC(160) Humongous regions: 0->0
[2025-08-28T13:49:14.488+0000][1099278][info ][gc,metaspace] GC(160) Metaspace: 139606K(143552K)->139606K(143552K) NonClass: 120597K(122624K)->120597K(122624K) Class: 19008K(20928K)->19008K(20928K)
[2025-08-28T13:49:14.488+0000][1099278][info ][gc          ] GC(160) Pause Young (Normal) (G1 Evacuation Pause) 399M->100M(512M) 2.308ms
[2025-08-28T13:49:14.488+0000][1099278][info ][gc,cpu      ] GC(160) User=0.01s Sys=0.00s Real=0.00s
[2025-08-28T13:49:14.488+0000][1099278][info ][safepoint   ] Safepoint "G1CollectForAllocation", Time since last: 2940217289 ns, Reaching safepoint: 16745 ns, Cleanup: 6479 ns, At safepoint: 2444744 ns, Total: 2467968 ns
[2025-08-28T13:49:17.852+0000][1099278][info ][gc,start    ] GC(161) Pause Young (Normal) (G1 Evacuation Pause)
[2025-08-28T13:49:17.852+0000][1099278][info ][gc,task     ] GC(161) Using 12 workers of 33 for evacuation
[2025-08-28T13:49:17.852+0000][1099278][debug][gc,age      ] GC(161) Desired survivor size 20971520 bytes, new threshold 15 (max threshold 15)
[2025-08-28T13:49:17.854+0000][1099278][info ][gc,phases   ] GC(161)   Pre Evacuate Collection Set: 0.2ms
[2025-08-28T13:49:17.854+0000][1099278][info ][gc,phases   ] GC(161)   Merge Heap Roots: 0.1ms
[2025-08-28T13:49:17.854+0000][1099278][info ][gc,phases   ] GC(161)   Evacuate Collection Set: 1.2ms
[2025-08-28T13:49:17.854+0000][1099278][info ][gc,phases   ] GC(161)   Post Evacuate Collection Set: 0.3ms
[2025-08-28T13:49:17.854+0000][1099278][info ][gc,phases   ] GC(161)   Other: 0.0ms
[2025-08-28T13:49:17.854+0000][1099278][trace][gc,age      ] GC(161) Age table with threshold 15 (max threshold 15)
[2025-08-28T13:49:17.854+0000][1099278][trace][gc,age      ] GC(161) - age   1:     628232 bytes,     628232 total
[2025-08-28T13:49:17.854+0000][1099278][trace][gc,age      ] GC(161) - age   2:        536 bytes,     628768 total
[2025-08-28T13:49:17.854+0000][1099278][trace][gc,age      ] GC(161) - age   5:       1712 bytes,     630480 total
[2025-08-28T13:49:17.854+0000][1099278][trace][gc,age      ] GC(161) - age  10:        584 bytes,     631064 total
[2025-08-28T13:49:17.854+0000][1099278][trace][gc,age      ] GC(161) - age  11:        336 bytes,     631400 total
[2025-08-28T13:49:17.854+0000][1099278][trace][gc,age      ] GC(161) - age  12:        592 bytes,     631992 total
[2025-08-28T13:49:17.854+0000][1099278][info ][gc,heap     ] GC(161) Eden regions: 75->0(75)
[2025-08-28T13:49:17.854+0000][1099278][info ][gc,heap     ] GC(161) Survivor regions: 1->1(10)
[2025-08-28T13:49:17.854+0000][1099278][info ][gc,heap     ] GC(161) Old regions: 25->25
[2025-08-28T13:49:17.854+0000][1099278][info ][gc,heap     ] GC(161) Humongous regions: 0->0
[2025-08-28T13:49:17.854+0000][1099278][info ][gc,metaspace] GC(161) Metaspace: 139607K(143552K)->139607K(143552K) NonClass: 120598K(122624K)->120598K(122624K) Class: 19008K(20928K)->19008K(20928K)
[2025-08-28T13:49:17.854+0000][1099278][info ][gc          ] GC(161) Pause Young (Normal) (G1 Evacuation Pause) 400M->100M(512M) 1.931ms
[2025-08-28T13:49:17.854+0000][1099278][info ][gc,cpu      ] GC(161) User=0.01s Sys=0.00s Real=0.00s
[2025-08-28T13:49:17.854+0000][1099278][info ][safepoint   ] Safepoint "G1CollectForAllocation", Time since last: 3364126935 ns, Reaching safepoint: 43296 ns, Cleanup: 3605 ns, At safepoint: 2009840 ns, Total: 2056741 ns
[2025-08-28T13:49:20.778+0000][1099278][info ][gc,start    ] GC(162) Pause Young (Normal) (G1 Evacuation Pause)
[2025-08-28T13:49:20.778+0000][1099278][info ][gc,task     ] GC(162) Using 12 workers of 33 for evacuation
[2025-08-28T13:49:20.778+0000][1099278][debug][gc,age      ] GC(162) Desired survivor size 20971520 bytes, new threshold 15 (max threshold 15)
[2025-08-28T13:49:20.779+0000][1099278][info ][gc,phases   ] GC(162)   Pre Evacuate Collection Set: 0.1ms
[2025-08-28T13:49:20.779+0000][1099278][info ][gc,phases   ] GC(162)   Merge Heap Roots: 0.1ms
[2025-08-28T13:49:20.779+0000][1099278][info ][gc,phases   ] GC(162)   Evacuate Collection Set: 1.0ms
[2025-08-28T13:49:20.779+0000][1099278][info ][gc,phases   ] GC(162)   Post Evacuate Collection Set: 0.3ms
[2025-08-28T13:49:20.779+0000][1099278][info ][gc,phases   ] GC(162)   Other: 0.0ms
[2025-08-28T13:49:20.779+0000][1099278][trace][gc,age      ] GC(162) Age table with threshold 15 (max threshold 15)
[2025-08-28T13:49:20.779+0000][1099278][trace][gc,age      ] GC(162) - age   1:     657584 bytes,     657584 total
[2025-08-28T13:49:20.779+0000][1099278][trace][gc,age      ] GC(162) - age   2:       2352 bytes,     659936 total
[2025-08-28T13:49:20.779+0000][1099278][trace][gc,age      ] GC(162) - age   6:       1712 bytes,     661648 total
[2025-08-28T13:49:20.779+0000][1099278][trace][gc,age      ] GC(162) - age  11:        584 bytes,     662232 total
[2025-08-28T13:49:20.779+0000][1099278][trace][gc,age      ] GC(162) - age  12:        336 bytes,     662568 total
[2025-08-28T13:49:20.779+0000][1099278][trace][gc,age      ] GC(162) - age  13:        592 bytes,     663160 total
[2025-08-28T13:49:20.779+0000][1099278][info ][gc,heap     ] GC(162) Eden regions: 75->0(75)
[2025-08-28T13:49:20.779+0000][1099278][info ][gc,heap     ] GC(162) Survivor regions: 1->1(10)
[2025-08-28T13:49:20.779+0000][1099278][info ][gc,heap     ] GC(162) Old regions: 25->25
[2025-08-28T13:49:20.779+0000][1099278][info ][gc,heap     ] GC(162) Humongous regions: 0->0
[2025-08-28T13:49:20.779+0000][1099278][info ][gc,metaspace] GC(162) Metaspace: 139607K(143552K)->139607K(143552K) NonClass: 120598K(122624K)->120598K(122624K) Class: 19008K(20928K)->19008K(20928K)
[2025-08-28T13:49:20.779+0000][1099278][info ][gc          ] GC(162) Pause Young (Normal) (G1 Evacuation Pause) 400M->100M(512M) 1.578ms
[2025-08-28T13:49:20.779+0000][1099278][info ][gc,cpu      ] GC(162) User=0.00s Sys=0.00s Real=0.00s
[2025-08-28T13:49:20.779+0000][1099278][info ][safepoint   ] Safepoint "G1CollectForAllocation", Time since last: 2923336845 ns, Reaching safepoint: 79559 ns, Cleanup: 3505 ns, At safepoint: 1652784 ns, Total: 1735848 ns
[2025-08-28T13:49:23.727+0000][1099278][info ][gc,start    ] GC(163) Pause Young (Normal) (G1 Evacuation Pause)
[2025-08-28T13:49:23.727+0000][1099278][info ][gc,task     ] GC(163) Using 12 workers of 33 for evacuation
[2025-08-28T13:49:23.727+0000][1099278][debug][gc,age      ] GC(163) Desired survivor size 20971520 bytes, new threshold 15 (max threshold 15)
[2025-08-28T13:49:23.729+0000][1099278][info ][gc,phases   ] GC(163)   Pre Evacuate Collection Set: 0.2ms
[2025-08-28T13:49:23.729+0000][1099278][info ][gc,phases   ] GC(163)   Merge Heap Roots: 0.1ms
[2025-08-28T13:49:23.729+0000][1099278][info ][gc,phases   ] GC(163)   Evacuate Collection Set: 1.3ms
[2025-08-28T13:49:23.729+0000][1099278][info ][gc,phases   ] GC(163)   Post Evacuate Collection Set: 0.3ms
[2025-08-28T13:49:23.729+0000][1099278][info ][gc,phases   ] GC(163)   Other: 0.1ms
[2025-08-28T13:49:23.729+0000][1099278][trace][gc,age      ] GC(163) Age table with threshold 15 (max threshold 15)
[2025-08-28T13:49:23.729+0000][1099278][trace][gc,age      ] GC(163) - age   1:     223312 bytes,     223312 total
[2025-08-28T13:49:23.729+0000][1099278][trace][gc,age      ] GC(163) - age   2:         32 bytes,     223344 total
[2025-08-28T13:49:23.729+0000][1099278][trace][gc,age      ] GC(163) - age   3:       2176 bytes,     225520 total
[2025-08-28T13:49:23.729+0000][1099278][trace][gc,age      ] GC(163) - age   7:       1488 bytes,     227008 total
[2025-08-28T13:49:23.729+0000][1099278][trace][gc,age      ] GC(163) - age  12:        584 bytes,     227592 total
[2025-08-28T13:49:23.729+0000][1099278][trace][gc,age      ] GC(163) - age  13:        336 bytes,     227928 total
[2025-08-28T13:49:23.729+0000][1099278][trace][gc,age      ] GC(163) - age  14:        592 bytes,     228520 total
[2025-08-28T13:49:23.729+0000][1099278][info ][gc,heap     ] GC(163) Eden regions: 75->0(75)
[2025-08-28T13:49:23.729+0000][1099278][info ][gc,heap     ] GC(163) Survivor regions: 1->1(10)
[2025-08-28T13:49:23.729+0000][1099278][info ][gc,heap     ] GC(163) Old regions: 25->25
[2025-08-28T13:49:23.729+0000][1099278][info ][gc,heap     ] GC(163) Humongous regions: 0->0
[2025-08-28T13:49:23.729+0000][1099278][info ][gc,metaspace] GC(163) Metaspace: 139607K(143552K)->139607K(143552K) NonClass: 120598K(122624K)->120598K(122624K) Class: 19008K(20928K)->19008K(20928K)
[2025-08-28T13:49:23.729+0000][1099278][info ][gc          ] GC(163) Pause Young (Normal) (G1 Evacuation Pause) 400M->99M(512M) 1.980ms
[2025-08-28T13:49:23.729+0000][1099278][info ][gc,cpu      ] GC(163) User=0.00s Sys=0.00s Real=0.00s
[2025-08-28T13:49:23.729+0000][1099278][info ][safepoint   ] Safepoint "G1CollectForAllocation", Time since last: 2947807292 ns, Reaching safepoint: 47231 ns, Cleanup: 4166 ns, At safepoint: 2059665 ns, Total: 2111062 ns
[2025-08-28T13:49:26.665+0000][1099278][info ][gc,start    ] GC(164) Pause Young (Normal) (G1 Evacuation Pause)
[2025-08-28T13:49:26.665+0000][1099278][info ][gc,task     ] GC(164) Using 12 workers of 33 for evacuation
[2025-08-28T13:49:26.665+0000][1099278][debug][gc,age      ] GC(164) Desired survivor size 20971520 bytes, new threshold 15 (max threshold 15)
[2025-08-28T13:49:26.667+0000][1099278][info ][gc,phases   ] GC(164)   Pre Evacuate Collection Set: 0.1ms
[2025-08-28T13:49:26.667+0000][1099278][info ][gc,phases   ] GC(164)   Merge Heap Roots: 0.1ms
[2025-08-28T13:49:26.667+0000][1099278][info ][gc,phases   ] GC(164)   Evacuate Collection Set: 1.1ms
[2025-08-28T13:49:26.667+0000][1099278][info ][gc,phases   ] GC(164)   Post Evacuate Collection Set: 0.3ms
[2025-08-28T13:49:26.667+0000][1099278][info ][gc,phases   ] GC(164)   Other: 0.1ms
[2025-08-28T13:49:26.667+0000][1099278][trace][gc,age      ] GC(164) Age table with threshold 15 (max threshold 15)
[2025-08-28T13:49:26.667+0000][1099278][trace][gc,age      ] GC(164) - age   1:     622760 bytes,     622760 total
[2025-08-28T13:49:26.667+0000][1099278][trace][gc,age      ] GC(164) - age   2:        936 bytes,     623696 total
[2025-08-28T13:49:26.667+0000][1099278][trace][gc,age      ] GC(164) - age   3:         32 bytes,     623728 total
[2025-08-28T13:49:26.667+0000][1099278][trace][gc,age      ] GC(164) - age   4:       1936 bytes,     625664 total
[2025-08-28T13:49:26.667+0000][1099278][trace][gc,age      ] GC(164) - age   8:       1488 bytes,     627152 total
[2025-08-28T13:49:26.667+0000][1099278][trace][gc,age      ] GC(164) - age  13:        584 bytes,     627736 total
[2025-08-28T13:49:26.667+0000][1099278][trace][gc,age      ] GC(164) - age  14:        336 bytes,     628072 total
[2025-08-28T13:49:26.667+0000][1099278][trace][gc,age      ] GC(164) - age  15:        592 bytes,     628664 total
[2025-08-28T13:49:26.667+0000][1099278][info ][gc,heap     ] GC(164) Eden regions: 75->0(75)
[2025-08-28T13:49:26.667+0000][1099278][info ][gc,heap     ] GC(164) Survivor regions: 1->1(10)
[2025-08-28T13:49:26.667+0000][1099278][info ][gc,heap     ] GC(164) Old regions: 25->25
[2025-08-28T13:49:26.667+0000][1099278][info ][gc,heap     ] GC(164) Humongous regions: 0->0
[2025-08-28T13:49:26.667+0000][1099278][info ][gc,metaspace] GC(164) Metaspace: 139607K(143552K)->139607K(143552K) NonClass: 120598K(122624K)->120598K(122624K) Class: 19008K(20928K)->19008K(20928K)
[2025-08-28T13:49:26.667+0000][1099278][info ][gc          ] GC(164) Pause Young (Normal) (G1 Evacuation Pause) 399M->100M(512M) 1.679ms
[2025-08-28T13:49:26.667+0000][1099278][info ][gc,cpu      ] GC(164) User=0.01s Sys=0.00s Real=0.00s
[2025-08-28T13:49:26.667+0000][1099278][info ][safepoint   ] Safepoint "G1CollectForAllocation", Time since last: 2935834853 ns, Reaching safepoint: 42244 ns, Cleanup: 4286 ns, At safepoint: 1752534 ns, Total: 1799064 ns
[2025-08-28T13:49:29.627+0000][1099278][info ][gc,start    ] GC(165) Pause Young (Normal) (G1 Evacuation Pause)
[2025-08-28T13:49:29.627+0000][1099278][info ][gc,task     ] GC(165) Using 12 workers of 33 for evacuation
[2025-08-28T13:49:29.627+0000][1099278][debug][gc,age      ] GC(165) Desired survivor size 20971520 bytes, new threshold 15 (max threshold 15)
[2025-08-28T13:49:29.629+0000][1099278][info ][gc,phases   ] GC(165)   Pre Evacuate Collection Set: 0.1ms
[2025-08-28T13:49:29.629+0000][1099278][info ][gc,phases   ] GC(165)   Merge Heap Roots: 0.1ms
[2025-08-28T13:49:29.629+0000][1099278][info ][gc,phases   ] GC(165)   Evacuate Collection Set: 1.3ms
[2025-08-28T13:49:29.629+0000][1099278][info ][gc,phases   ] GC(165)   Post Evacuate Collection Set: 0.3ms
[2025-08-28T13:49:29.629+0000][1099278][info ][gc,phases   ] GC(165)   Other: 0.0ms
[2025-08-28T13:49:29.629+0000][1099278][trace][gc,age      ] GC(165) Age table with threshold 15 (max threshold 15)
[2025-08-28T13:49:29.629+0000][1099278][trace][gc,age      ] GC(165) - age   1:      58104 bytes,      58104 total
[2025-08-28T13:49:29.629+0000][1099278][trace][gc,age      ] GC(165) - age   2:        240 bytes,      58344 total
[2025-08-28T13:49:29.629+0000][1099278][trace][gc,age      ] GC(165) - age   3:        224 bytes,      58568 total
[2025-08-28T13:49:29.629+0000][1099278][trace][gc,age      ] GC(165) - age   4:         32 bytes,      58600 total
[2025-08-28T13:49:29.629+0000][1099278][trace][gc,age      ] GC(165) - age   5:       1936 bytes,      60536 total
[2025-08-28T13:49:29.629+0000][1099278][trace][gc,age      ] GC(165) - age   9:       1488 bytes,      62024 total
[2025-08-28T13:49:29.629+0000][1099278][trace][gc,age      ] GC(165) - age  14:        584 bytes,      62608 total
[2025-08-28T13:49:29.629+0000][1099278][trace][gc,age      ] GC(165) - age  15:        336 bytes,      62944 total
[2025-08-28T13:49:29.629+0000][1099278][info ][gc,heap     ] GC(165) Eden regions: 75->0(75)
[2025-08-28T13:49:29.629+0000][1099278][info ][gc,heap     ] GC(165) Survivor regions: 1->1(10)
[2025-08-28T13:49:29.629+0000][1099278][info ][gc,heap     ] GC(165) Old regions: 25->25
[2025-08-28T13:49:29.629+0000][1099278][info ][gc,heap     ] GC(165) Humongous regions: 0->0
[2025-08-28T13:49:29.629+0000][1099278][info ][gc,metaspace] GC(165) Metaspace: 139607K(143552K)->139607K(143552K) NonClass: 120598K(122624K)->120598K(122624K) Class: 19008K(20928K)->19008K(20928K)
[2025-08-28T13:49:29.629+0000][1099278][info ][gc          ] GC(165) Pause Young (Normal) (G1 Evacuation Pause) 400M->99M(512M) 1.967ms
[2025-08-28T13:49:29.629+0000][1099278][info ][gc,cpu      ] GC(165) User=0.01s Sys=0.00s Real=0.00s
[2025-08-28T13:49:29.629+0000][1099278][info ][safepoint   ] Safepoint "G1CollectForAllocation", Time since last: 2960116177 ns, Reaching safepoint: 12859 ns, Cleanup: 3645 ns, At safepoint: 2042309 ns, Total: 2058813 ns
[2025-08-28T13:49:32.777+0000][1099278][info ][gc,start    ] GC(166) Pause Young (Normal) (G1 Evacuation Pause)
[2025-08-28T13:49:32.777+0000][1099278][info ][gc,task     ] GC(166) Using 12 workers of 33 for evacuation
[2025-08-28T13:49:32.777+0000][1099278][debug][gc,age      ] GC(166) Desired survivor size 20971520 bytes, new threshold 15 (max threshold 15)
[2025-08-28T13:49:32.778+0000][1099278][info ][gc,phases   ] GC(166)   Pre Evacuate Collection Set: 0.1ms
[2025-08-28T13:49:32.778+0000][1099278][info ][gc,phases   ] GC(166)   Merge Heap Roots: 0.1ms
[2025-08-28T13:49:32.778+0000][1099278][info ][gc,phases   ] GC(166)   Evacuate Collection Set: 0.8ms
[2025-08-28T13:49:32.778+0000][1099278][info ][gc,phases   ] GC(166)   Post Evacuate Collection Set: 0.3ms
[2025-08-28T13:49:32.778+0000][1099278][info ][gc,phases   ] GC(166)   Other: 0.1ms
[2025-08-28T13:49:32.778+0000][1099278][trace][gc,age      ] GC(166) Age table with threshold 15 (max threshold 15)
[2025-08-28T13:49:32.779+0000][1099278][trace][gc,age      ] GC(166) - age   1:       5560 bytes,       5560 total
[2025-08-28T13:49:32.779+0000][1099278][trace][gc,age      ] GC(166) - age   2:        712 bytes,       6272 total
[2025-08-28T13:49:32.779+0000][1099278][trace][gc,age      ] GC(166) - age   3:        240 bytes,       6512 total
[2025-08-28T13:49:32.779+0000][1099278][trace][gc,age      ] GC(166) - age   4:        224 bytes,       6736 total
[2025-08-28T13:49:32.779+0000][1099278][trace][gc,age      ] GC(166) - age   5:         32 bytes,       6768 total
[2025-08-28T13:49:32.779+0000][1099278][trace][gc,age      ] GC(166) - age   6:       1936 bytes,       8704 total
[2025-08-28T13:49:32.779+0000][1099278][trace][gc,age      ] GC(166) - age  10:       1488 bytes,      10192 total
[2025-08-28T13:49:32.779+0000][1099278][trace][gc,age      ] GC(166) - age  15:        584 bytes,      10776 total
[2025-08-28T13:49:32.779+0000][1099278][info ][gc,heap     ] GC(166) Eden regions: 75->0(75)
[2025-08-28T13:49:32.779+0000][1099278][info ][gc,heap     ] GC(166) Survivor regions: 1->1(10)
[2025-08-28T13:49:32.779+0000][1099278][info ][gc,heap     ] GC(166) Old regions: 25->25
[2025-08-28T13:49:32.779+0000][1099278][info ][gc,heap     ] GC(166) Humongous regions: 0->0
[2025-08-28T13:49:32.779+0000][1099278][info ][gc,metaspace] GC(166) Metaspace: 139607K(143552K)->139607K(143552K) NonClass: 120598K(122624K)->120598K(122624K) Class: 19008K(20928K)->19008K(20928K)
[2025-08-28T13:49:32.779+0000][1099278][info ][gc          ] GC(166) Pause Young (Normal) (G1 Evacuation Pause) 399M->99M(512M) 1.471ms
[2025-08-28T13:49:32.779+0000][1099278][info ][gc,cpu      ] GC(166) User=0.01s Sys=0.00s Real=0.00s
[2025-08-28T13:49:32.779+0000][1099278][info ][safepoint   ] Safepoint "G1CollectForAllocation", Time since last: 3147833162 ns, Reaching safepoint: 45288 ns, Cleanup: 4097 ns, At safepoint: 1550721 ns, Total: 1600106 ns
[2025-08-28T13:49:35.703+0000][1099278][info ][gc,start    ] GC(167) Pause Young (Normal) (G1 Evacuation Pause)
[2025-08-28T13:49:35.703+0000][1099278][info ][gc,task     ] GC(167) Using 12 workers of 33 for evacuation
[2025-08-28T13:49:35.703+0000][1099278][debug][gc,age      ] GC(167) Desired survivor size 20971520 bytes, new threshold 15 (max threshold 15)
[2025-08-28T13:49:35.704+0000][1099278][info ][gc,phases   ] GC(167)   Pre Evacuate Collection Set: 0.1ms
[2025-08-28T13:49:35.704+0000][1099278][info ][gc,phases   ] GC(167)   Merge Heap Roots: 0.1ms
[2025-08-28T13:49:35.704+0000][1099278][info ][gc,phases   ] GC(167)   Evacuate Collection Set: 1.1ms
[2025-08-28T13:49:35.704+0000][1099278][info ][gc,phases   ] GC(167)   Post Evacuate Collection Set: 0.3ms
[2025-08-28T13:49:35.704+0000][1099278][info ][gc,phases   ] GC(167)   Other: 0.0ms
[2025-08-28T13:49:35.704+0000][1099278][trace][gc,age      ] GC(167) Age table with threshold 15 (max threshold 15)
[2025-08-28T13:49:35.704+0000][1099278][trace][gc,age      ] GC(167) - age   1:     624272 bytes,     624272 total
[2025-08-28T13:49:35.704+0000][1099278][trace][gc,age      ] GC(167) - age   5:        224 bytes,     624496 total
[2025-08-28T13:49:35.704+0000][1099278][trace][gc,age      ] GC(167) - age   6:         32 bytes,     624528 total
[2025-08-28T13:49:35.704+0000][1099278][trace][gc,age      ] GC(167) - age   7:       1936 bytes,     626464 total
[2025-08-28T13:49:35.704+0000][1099278][trace][gc,age      ] GC(167) - age  11:       1312 bytes,     627776 total
[2025-08-28T13:49:35.704+0000][1099278][info ][gc,heap     ] GC(167) Eden regions: 75->0(75)
[2025-08-28T13:49:35.704+0000][1099278][info ][gc,heap     ] GC(167) Survivor regions: 1->1(10)
[2025-08-28T13:49:35.704+0000][1099278][info ][gc,heap     ] GC(167) Old regions: 25->25
[2025-08-28T13:49:35.705+0000][1099278][info ][gc,heap     ] GC(167) Humongous regions: 0->0
[2025-08-28T13:49:35.705+0000][1099278][info ][gc,metaspace] GC(167) Metaspace: 139608K(143552K)->139608K(143552K) NonClass: 120599K(122624K)->120599K(122624K) Class: 19008K(20928K)->19008K(20928K)
[2025-08-28T13:49:35.705+0000][1099278][info ][gc          ] GC(167) Pause Young (Normal) (G1 Evacuation Pause) 399M->100M(512M) 1.764ms
[2025-08-28T13:49:35.705+0000][1099278][info ][gc,cpu      ] GC(167) User=0.00s Sys=0.00s Real=0.00s
[2025-08-28T13:49:35.705+0000][1099278][info ][safepoint   ] Safepoint "G1CollectForAllocation", Time since last: 2924115912 ns, Reaching safepoint: 13671 ns, Cleanup: 3695 ns, At safepoint: 1835389 ns, Total: 1852755 ns
[2025-08-28T13:49:39.705+0000][1099278][info ][safepoint   ] Safepoint "Cleanup", Time since last: 4000297049 ns, Reaching safepoint: 45809 ns, Cleanup: 23485 ns, At safepoint: 3095 ns, Total: 72389 ns
[2025-08-28T13:49:40.705+0000][1099278][info ][safepoint   ] Safepoint "Cleanup", Time since last: 1000106648 ns, Reaching safepoint: 14882 ns, Cleanup: 12469 ns, At safepoint: 2534 ns, Total: 29885 ns
[2025-08-28T13:49:41.705+0000][1099278][info ][safepoint   ] Safepoint "Cleanup", Time since last: 1000107369 ns, Reaching safepoint: 14442 ns, Cleanup: 24877 ns, At safepoint: 2905 ns, Total: 42224 ns
[2025-08-28T13:49:45.025+0000][1099278][info ][gc,start    ] GC(168) Pause Young (Normal) (G1 Evacuation Pause)
[2025-08-28T13:49:45.025+0000][1099278][info ][gc,task     ] GC(168) Using 12 workers of 33 for evacuation
[2025-08-28T13:49:45.025+0000][1099278][debug][gc,age      ] GC(168) Desired survivor size 20971520 bytes, new threshold 15 (max threshold 15)
[2025-08-28T13:49:45.027+0000][1099278][info ][gc,phases   ] GC(168)   Pre Evacuate Collection Set: 0.1ms
[2025-08-28T13:49:45.027+0000][1099278][info ][gc,phases   ] GC(168)   Merge Heap Roots: 0.1ms
[2025-08-28T13:49:45.027+0000][1099278][info ][gc,phases   ] GC(168)   Evacuate Collection Set: 0.7ms
[2025-08-28T13:49:45.027+0000][1099278][info ][gc,phases   ] GC(168)   Post Evacuate Collection Set: 0.4ms
[2025-08-28T13:49:45.027+0000][1099278][info ][gc,phases   ] GC(168)   Other: 0.1ms
[2025-08-28T13:49:45.027+0000][1099278][trace][gc,age      ] GC(168) Age table with threshold 15 (max threshold 15)
[2025-08-28T13:49:45.027+0000][1099278][trace][gc,age      ] GC(168) - age   1:     222536 bytes,     222536 total
[2025-08-28T13:49:45.027+0000][1099278][trace][gc,age      ] GC(168) - age   2:        272 bytes,     222808 total
[2025-08-28T13:49:45.027+0000][1099278][trace][gc,age      ] GC(168) - age   6:        224 bytes,     223032 total
[2025-08-28T13:49:45.027+0000][1099278][trace][gc,age      ] GC(168) - age   7:         32 bytes,     223064 total
[2025-08-28T13:49:45.027+0000][1099278][trace][gc,age      ] GC(168) - age   8:       1816 bytes,     224880 total
[2025-08-28T13:49:45.027+0000][1099278][trace][gc,age      ] GC(168) - age  12:       1312 bytes,     226192 total
[2025-08-28T13:49:45.027+0000][1099278][info ][gc,heap     ] GC(168) Eden regions: 75->0(75)
[2025-08-28T13:49:45.027+0000][1099278][info ][gc,heap     ] GC(168) Survivor regions: 1->1(10)
[2025-08-28T13:49:45.027+0000][1099278][info ][gc,heap     ] GC(168) Old regions: 25->25
[2025-08-28T13:49:45.027+0000][1099278][info ][gc,heap     ] GC(168) Humongous regions: 0->0
[2025-08-28T13:49:45.027+0000][1099278][info ][gc,metaspace] GC(168) Metaspace: 139642K(143616K)->139642K(143616K) NonClass: 120633K(122688K)->120633K(122688K) Class: 19008K(20928K)->19008K(20928K)
[2025-08-28T13:49:45.027+0000][1099278][info ][gc          ] GC(168) Pause Young (Normal) (G1 Evacuation Pause) 400M->99M(512M) 1.583ms
[2025-08-28T13:49:45.027+0000][1099278][info ][gc,cpu      ] GC(168) User=0.01s Sys=0.00s Real=0.00s
[2025-08-28T13:49:45.027+0000][1099278][info ][safepoint   ] Safepoint "G1CollectForAllocation", Time since last: 3320163481 ns, Reaching safepoint: 23976 ns, Cleanup: 14862 ns, At safepoint: 1722479 ns, Total: 1761317 ns
[2025-08-28T13:49:46.027+0000][1099278][info ][safepoint   ] Safepoint "Cleanup", Time since last: 1000104175 ns, Reaching safepoint: 14492 ns, Cleanup: 75042 ns, At safepoint: 2544 ns, Total: 92078 ns
[2025-08-28T13:49:47.027+0000][1099278][info ][safepoint   ] Safepoint "Cleanup", Time since last: 1000118236 ns, Reaching safepoint: 15293 ns, Cleanup: 15383 ns, At safepoint: 3756 ns, Total: 34432 ns
[2025-08-28T13:49:49.567+0000][1099278][info ][gc,start    ] GC(169) Pause Young (Normal) (G1 Evacuation Pause)
[2025-08-28T13:49:49.567+0000][1099278][info ][gc,task     ] GC(169) Using 12 workers of 33 for evacuation
[2025-08-28T13:49:49.567+0000][1099278][debug][gc,age      ] GC(169) Desired survivor size 20971520 bytes, new threshold 15 (max threshold 15)
[2025-08-28T13:49:49.569+0000][1099278][info ][gc,phases   ] GC(169)   Pre Evacuate Collection Set: 0.2ms
[2025-08-28T13:49:49.569+0000][1099278][info ][gc,phases   ] GC(169)   Merge Heap Roots: 0.1ms
[2025-08-28T13:49:49.569+0000][1099278][info ][gc,phases   ] GC(169)   Evacuate Collection Set: 0.9ms
[2025-08-28T13:49:49.569+0000][1099278][info ][gc,phases   ] GC(169)   Post Evacuate Collection Set: 0.4ms
[2025-08-28T13:49:49.569+0000][1099278][info ][gc,phases   ] GC(169)   Other: 0.1ms
[2025-08-28T13:49:49.569+0000][1099278][trace][gc,age      ] GC(169) Age table with threshold 15 (max threshold 15)
[2025-08-28T13:49:49.569+0000][1099278][trace][gc,age      ] GC(169) - age   1:     267680 bytes,     267680 total
[2025-08-28T13:49:49.569+0000][1099278][trace][gc,age      ] GC(169) - age   2:     198640 bytes,     466320 total
[2025-08-28T13:49:49.569+0000][1099278][trace][gc,age      ] GC(169) - age   3:        272 bytes,     466592 total
[2025-08-28T13:49:49.569+0000][1099278][trace][gc,age      ] GC(169) - age   7:        224 bytes,     466816 total
[2025-08-28T13:49:49.569+0000][1099278][trace][gc,age      ] GC(169) - age   8:         32 bytes,     466848 total
[2025-08-28T13:49:49.569+0000][1099278][trace][gc,age      ] GC(169) - age   9:        224 bytes,     467072 total
[2025-08-28T13:49:49.569+0000][1099278][trace][gc,age      ] GC(169) - age  13:       1312 bytes,     468384 total
[2025-08-28T13:49:49.569+0000][1099278][info ][gc,heap     ] GC(169) Eden regions: 75->0(75)
[2025-08-28T13:49:49.569+0000][1099278][info ][gc,heap     ] GC(169) Survivor regions: 1->1(10)
[2025-08-28T13:49:49.569+0000][1099278][info ][gc,heap     ] GC(169) Old regions: 25->25
[2025-08-28T13:49:49.569+0000][1099278][info ][gc,heap     ] GC(169) Humongous regions: 0->0
[2025-08-28T13:49:49.569+0000][1099278][info ][gc,metaspace] GC(169) Metaspace: 139667K(143616K)->139667K(143616K) NonClass: 120658K(122688K)->120658K(122688K) Class: 19009K(20928K)->19009K(20928K)
[2025-08-28T13:49:49.569+0000][1099278][info ][gc          ] GC(169) Pause Young (Normal) (G1 Evacuation Pause) 399M->99M(512M) 1.766ms
[2025-08-28T13:49:49.569+0000][1099278][info ][gc,cpu      ] GC(169) User=0.01s Sys=0.00s Real=0.00s
[2025-08-28T13:49:49.569+0000][1099278][info ][safepoint   ] Safepoint "G1CollectForAllocation", Time since last: 2539442441 ns, Reaching safepoint: 52659 ns, Cleanup: 5779 ns, At safepoint: 1858603 ns, Total: 1917041 ns
[2025-08-28T13:49:53.593+0000][1099278][info ][gc,start    ] GC(170) Pause Young (Normal) (G1 Evacuation Pause)
[2025-08-28T13:49:53.593+0000][1099278][info ][gc,task     ] GC(170) Using 12 workers of 33 for evacuation
[2025-08-28T13:49:53.593+0000][1099278][debug][gc,age      ] GC(170) Desired survivor size 20971520 bytes, new threshold 15 (max threshold 15)
[2025-08-28T13:49:53.595+0000][1099278][info ][gc,phases   ] GC(170)   Pre Evacuate Collection Set: 0.2ms
[2025-08-28T13:49:53.595+0000][1099278][info ][gc,phases   ] GC(170)   Merge Heap Roots: 0.1ms
[2025-08-28T13:49:53.595+0000][1099278][info ][gc,phases   ] GC(170)   Evacuate Collection Set: 1.1ms
[2025-08-28T13:49:53.595+0000][1099278][info ][gc,phases   ] GC(170)   Post Evacuate Collection Set: 0.5ms
[2025-08-28T13:49:53.595+0000][1099278][info ][gc,phases   ] GC(170)   Other: 0.1ms
[2025-08-28T13:49:53.595+0000][1099278][trace][gc,age      ] GC(170) Age table with threshold 15 (max threshold 15)
[2025-08-28T13:49:53.595+0000][1099278][trace][gc,age      ] GC(170) - age   1:     539800 bytes,     539800 total
[2025-08-28T13:49:53.595+0000][1099278][trace][gc,age      ] GC(170) - age   2:     131472 bytes,     671272 total
[2025-08-28T13:49:53.595+0000][1099278][trace][gc,age      ] GC(170) - age   3:     198640 bytes,     869912 total
[2025-08-28T13:49:53.595+0000][1099278][trace][gc,age      ] GC(170) - age   4:        272 bytes,     870184 total
[2025-08-28T13:49:53.595+0000][1099278][trace][gc,age      ] GC(170) - age   8:        224 bytes,     870408 total
[2025-08-28T13:49:53.595+0000][1099278][trace][gc,age      ] GC(170) - age   9:         32 bytes,     870440 total
[2025-08-28T13:49:53.595+0000][1099278][trace][gc,age      ] GC(170) - age  10:        224 bytes,     870664 total
[2025-08-28T13:49:53.595+0000][1099278][trace][gc,age      ] GC(170) - age  14:       1312 bytes,     871976 total
[2025-08-28T13:49:53.595+0000][1099278][info ][gc,heap     ] GC(170) Eden regions: 75->0(75)
[2025-08-28T13:49:53.595+0000][1099278][info ][gc,heap     ] GC(170) Survivor regions: 1->1(10)
[2025-08-28T13:49:53.595+0000][1099278][info ][gc,heap     ] GC(170) Old regions: 25->25
[2025-08-28T13:49:53.595+0000][1099278][info ][gc,heap     ] GC(170) Humongous regions: 0->0
[2025-08-28T13:49:53.595+0000][1099278][info ][gc,metaspace] GC(170) Metaspace: 139668K(143616K)->139668K(143616K) NonClass: 120659K(122688K)->120659K(122688K) Class: 19009K(20928K)->19009K(20928K)
[2025-08-28T13:49:53.595+0000][1099278][info ][gc          ] GC(170) Pause Young (Normal) (G1 Evacuation Pause) 399M->100M(512M) 2.152ms
[2025-08-28T13:49:53.595+0000][1099278][info ][gc,cpu      ] GC(170) User=0.01s Sys=0.00s Real=0.00s
[2025-08-28T13:49:53.595+0000][1099278][info ][safepoint   ] Safepoint "G1CollectForAllocation", Time since last: 4023904123 ns, Reaching safepoint: 48623 ns, Cleanup: 5508 ns, At safepoint: 2297463 ns, Total: 2351594 ns
[2025-08-28T13:49:55.595+0000][1099278][info ][safepoint   ] Safepoint "Cleanup", Time since last: 2000246938 ns, Reaching safepoint: 122874 ns, Cleanup: 8523 ns, At safepoint: 3145 ns, Total: 134542 ns
[2025-08-28T13:49:56.596+0000][1099278][info ][safepoint   ] Safepoint "Cleanup", Time since last: 1000099577 ns, Reaching safepoint: 38719 ns, Cleanup: 18497 ns, At safepoint: 2474 ns, Total: 59690 ns
[2025-08-28T13:49:57.806+0000][1099278][info ][gc,start    ] GC(171) Pause Young (Normal) (G1 Evacuation Pause)
[2025-08-28T13:49:57.806+0000][1099278][info ][gc,task     ] GC(171) Using 12 workers of 33 for evacuation
[2025-08-28T13:49:57.806+0000][1099278][debug][gc,age      ] GC(171) Desired survivor size 20971520 bytes, new threshold 15 (max threshold 15)
[2025-08-28T13:49:57.811+0000][1099278][info ][gc,phases   ] GC(171)   Pre Evacuate Collection Set: 0.2ms
[2025-08-28T13:49:57.811+0000][1099278][info ][gc,phases   ] GC(171)   Merge Heap Roots: 0.1ms
[2025-08-28T13:49:57.811+0000][1099278][info ][gc,phases   ] GC(171)   Evacuate Collection Set: 4.6ms
[2025-08-28T13:49:57.811+0000][1099278][info ][gc,phases   ] GC(171)   Post Evacuate Collection Set: 0.5ms
[2025-08-28T13:49:57.811+0000][1099278][info ][gc,phases   ] GC(171)   Other: 0.1ms
[2025-08-28T13:49:57.811+0000][1099278][trace][gc,age      ] GC(171) Age table with threshold 15 (max threshold 15)
[2025-08-28T13:49:57.811+0000][1099278][trace][gc,age      ] GC(171) - age   1:      31592 bytes,      31592 total
[2025-08-28T13:49:57.811+0000][1099278][trace][gc,age      ] GC(171) - age   2:        744 bytes,      32336 total
[2025-08-28T13:49:57.811+0000][1099278][trace][gc,age      ] GC(171) - age   3:     120824 bytes,     153160 total
[2025-08-28T13:49:57.811+0000][1099278][trace][gc,age      ] GC(171) - age   4:     198464 bytes,     351624 total
[2025-08-28T13:49:57.811+0000][1099278][trace][gc,age      ] GC(171) - age   5:        272 bytes,     351896 total
[2025-08-28T13:49:57.811+0000][1099278][trace][gc,age      ] GC(171) - age   9:        224 bytes,     352120 total
[2025-08-28T13:49:57.811+0000][1099278][trace][gc,age      ] GC(171) - age  10:         32 bytes,     352152 total
[2025-08-28T13:49:57.811+0000][1099278][trace][gc,age      ] GC(171) - age  11:        224 bytes,     352376 total
[2025-08-28T13:49:57.811+0000][1099278][trace][gc,age      ] GC(171) - age  15:       1312 bytes,     353688 total
[2025-08-28T13:49:57.811+0000][1099278][info ][gc,heap     ] GC(171) Eden regions: 75->0(75)
[2025-08-28T13:49:57.811+0000][1099278][info ][gc,heap     ] GC(171) Survivor regions: 1->1(10)
[2025-08-28T13:49:57.811+0000][1099278][info ][gc,heap     ] GC(171) Old regions: 25->25
[2025-08-28T13:49:57.811+0000][1099278][info ][gc,heap     ] GC(171) Humongous regions: 0->0
[2025-08-28T13:49:57.811+0000][1099278][info ][gc,metaspace] GC(171) Metaspace: 139668K(143616K)->139668K(143616K) NonClass: 120659K(122688K)->120659K(122688K) Class: 19009K(20928K)->19009K(20928K)
[2025-08-28T13:49:57.811+0000][1099278][info ][gc          ] GC(171) Pause Young (Normal) (G1 Evacuation Pause) 400M->99M(512M) 5.622ms
[2025-08-28T13:49:57.811+0000][1099278][info ][gc,cpu      ] GC(171) User=0.01s Sys=0.01s Real=0.01s
[2025-08-28T13:49:57.811+0000][1099278][info ][safepoint   ] Safepoint "G1CollectForAllocation", Time since last: 1209833949 ns, Reaching safepoint: 40421 ns, Cleanup: 3155 ns, At safepoint: 5716582 ns, Total: 5760158 ns
[2025-08-28T13:50:00.811+0000][1099278][info ][safepoint   ] Safepoint "Cleanup", Time since last: 3000227158 ns, Reaching safepoint: 13971 ns, Cleanup: 11016 ns, At safepoint: 5178 ns, Total: 30165 ns
[2025-08-28T13:50:02.037+0000][1099278][info ][gc,start    ] GC(172) Pause Young (Normal) (G1 Evacuation Pause)
[2025-08-28T13:50:02.037+0000][1099278][info ][gc,task     ] GC(172) Using 12 workers of 33 for evacuation
[2025-08-28T13:50:02.037+0000][1099278][debug][gc,age      ] GC(172) Desired survivor size 20971520 bytes, new threshold 15 (max threshold 15)
[2025-08-28T13:50:02.039+0000][1099278][info ][gc,phases   ] GC(172)   Pre Evacuate Collection Set: 0.1ms
[2025-08-28T13:50:02.039+0000][1099278][info ][gc,phases   ] GC(172)   Merge Heap Roots: 0.1ms
[2025-08-28T13:50:02.039+0000][1099278][info ][gc,phases   ] GC(172)   Evacuate Collection Set: 1.3ms
[2025-08-28T13:50:02.039+0000][1099278][info ][gc,phases   ] GC(172)   Post Evacuate Collection Set: 0.4ms
[2025-08-28T13:50:02.039+0000][1099278][info ][gc,phases   ] GC(172)   Other: 0.1ms
[2025-08-28T13:50:02.039+0000][1099278][trace][gc,age      ] GC(172) Age table with threshold 15 (max threshold 15)
[2025-08-28T13:50:02.039+0000][1099278][trace][gc,age      ] GC(172) - age   1:     539728 bytes,     539728 total
[2025-08-28T13:50:02.039+0000][1099278][trace][gc,age      ] GC(172) - age   2:      11696 bytes,     551424 total
[2025-08-28T13:50:02.039+0000][1099278][trace][gc,age      ] GC(172) - age   3:         32 bytes,     551456 total
[2025-08-28T13:50:02.039+0000][1099278][trace][gc,age      ] GC(172) - age   4:     120824 bytes,     672280 total
[2025-08-28T13:50:02.039+0000][1099278][trace][gc,age      ] GC(172) - age   5:     198464 bytes,     870744 total
[2025-08-28T13:50:02.039+0000][1099278][trace][gc,age      ] GC(172) - age   6:        272 bytes,     871016 total
[2025-08-28T13:50:02.039+0000][1099278][trace][gc,age      ] GC(172) - age  10:        224 bytes,     871240 total
[2025-08-28T13:50:02.039+0000][1099278][trace][gc,age      ] GC(172) - age  11:         32 bytes,     871272 total
[2025-08-28T13:50:02.039+0000][1099278][trace][gc,age      ] GC(172) - age  12:        224 bytes,     871496 total
[2025-08-28T13:50:02.039+0000][1099278][info ][gc,heap     ] GC(172) Eden regions: 75->0(75)
[2025-08-28T13:50:02.039+0000][1099278][info ][gc,heap     ] GC(172) Survivor regions: 1->1(10)
[2025-08-28T13:50:02.039+0000][1099278][info ][gc,heap     ] GC(172) Old regions: 25->25
[2025-08-28T13:50:02.039+0000][1099278][info ][gc,heap     ] GC(172) Humongous regions: 0->0
[2025-08-28T13:50:02.039+0000][1099278][info ][gc,metaspace] GC(172) Metaspace: 139668K(143616K)->139668K(143616K) NonClass: 120659K(122688K)->120659K(122688K) Class: 19009K(20928K)->19009K(20928K)
[2025-08-28T13:50:02.039+0000][1099278][info ][gc          ] GC(172) Pause Young (Normal) (G1 Evacuation Pause) 399M->100M(512M) 2.081ms
[2025-08-28T13:50:02.040+0000][1099278][info ][gc,cpu      ] GC(172) User=0.00s Sys=0.00s Real=0.00s
[2025-08-28T13:50:02.040+0000][1099278][info ][safepoint   ] Safepoint "G1CollectForAllocation", Time since last: 1225839873 ns, Reaching safepoint: 13510 ns, Cleanup: 3936 ns, At safepoint: 2193836 ns, Total: 2211282 ns
[2025-08-28T13:50:04.040+0000][1099278][info ][safepoint   ] Safepoint "Cleanup", Time since last: 2000155327 ns, Reaching safepoint: 43806 ns, Cleanup: 18638 ns, At safepoint: 2193 ns, Total: 64637 ns
[2025-08-28T13:50:06.177+0000][1099278][info ][gc,start    ] GC(173) Pause Young (Normal) (G1 Evacuation Pause)
[2025-08-28T13:50:06.177+0000][1099278][info ][gc,task     ] GC(173) Using 12 workers of 33 for evacuation
[2025-08-28T13:50:06.177+0000][1099278][debug][gc,age      ] GC(173) Desired survivor size 20971520 bytes, new threshold 15 (max threshold 15)
[2025-08-28T13:50:06.178+0000][1099278][info ][gc,phases   ] GC(173)   Pre Evacuate Collection Set: 0.1ms
[2025-08-28T13:50:06.178+0000][1099278][info ][gc,phases   ] GC(173)   Merge Heap Roots: 0.1ms
[2025-08-28T13:50:06.178+0000][1099278][info ][gc,phases   ] GC(173)   Evacuate Collection Set: 0.8ms
[2025-08-28T13:50:06.178+0000][1099278][info ][gc,phases   ] GC(173)   Post Evacuate Collection Set: 0.4ms
[2025-08-28T13:50:06.178+0000][1099278][info ][gc,phases   ] GC(173)   Other: 0.0ms
[2025-08-28T13:50:06.178+0000][1099278][trace][gc,age      ] GC(173) Age table with threshold 15 (max threshold 15)
[2025-08-28T13:50:06.178+0000][1099278][trace][gc,age      ] GC(173) - age   1:     568440 bytes,     568440 total
[2025-08-28T13:50:06.178+0000][1099278][trace][gc,age      ] GC(173) - age   3:       1184 bytes,     569624 total
[2025-08-28T13:50:06.178+0000][1099278][trace][gc,age      ] GC(173) - age   4:         32 bytes,     569656 total
[2025-08-28T13:50:06.178+0000][1099278][trace][gc,age      ] GC(173) - age   5:     119888 bytes,     689544 total
[2025-08-28T13:50:06.178+0000][1099278][trace][gc,age      ] GC(173) - age   6:     198464 bytes,     888008 total
[2025-08-28T13:50:06.178+0000][1099278][trace][gc,age      ] GC(173) - age   7:         96 bytes,     888104 total
[2025-08-28T13:50:06.178+0000][1099278][trace][gc,age      ] GC(173) - age  11:        224 bytes,     888328 total
[2025-08-28T13:50:06.178+0000][1099278][trace][gc,age      ] GC(173) - age  12:         32 bytes,     888360 total
[2025-08-28T13:50:06.178+0000][1099278][trace][gc,age      ] GC(173) - age  13:        224 bytes,     888584 total
[2025-08-28T13:50:06.178+0000][1099278][info ][gc,heap     ] GC(173) Eden regions: 75->0(75)
[2025-08-28T13:50:06.178+0000][1099278][info ][gc,heap     ] GC(173) Survivor regions: 1->1(10)
[2025-08-28T13:50:06.178+0000][1099278][info ][gc,heap     ] GC(173) Old regions: 25->25
[2025-08-28T13:50:06.179+0000][1099278][info ][gc,heap     ] GC(173) Humongous regions: 0->0
[2025-08-28T13:50:06.179+0000][1099278][info ][gc,metaspace] GC(173) Metaspace: 139669K(143616K)->139669K(143616K) NonClass: 120659K(122688K)->120659K(122688K) Class: 19009K(20928K)->19009K(20928K)
[2025-08-28T13:50:06.179+0000][1099278][info ][gc          ] GC(173) Pause Young (Normal) (G1 Evacuation Pause) 400M->100M(512M) 1.570ms
[2025-08-28T13:50:06.179+0000][1099278][info ][gc,cpu      ] GC(173) User=0.01s Sys=0.00s Real=0.00s
[2025-08-28T13:50:06.179+0000][1099278][info ][safepoint   ] Safepoint "G1CollectForAllocation", Time since last: 2137123553 ns, Reaching safepoint: 13060 ns, Cleanup: 3706 ns, At safepoint: 1647184 ns, Total: 1663950 ns
[2025-08-28T13:50:08.179+0000][1099278][info ][safepoint   ] Safepoint "Cleanup", Time since last: 2000114015 ns, Reaching safepoint: 45879 ns, Cleanup: 12679 ns, At safepoint: 2394 ns, Total: 60952 ns
[2025-08-28T13:50:10.202+0000][1099278][info ][gc,start    ] GC(174) Pause Young (Normal) (G1 Evacuation Pause)
[2025-08-28T13:50:10.202+0000][1099278][info ][gc,task     ] GC(174) Using 12 workers of 33 for evacuation
[2025-08-28T13:50:10.202+0000][1099278][debug][gc,age      ] GC(174) Desired survivor size 20971520 bytes, new threshold 15 (max threshold 15)
[2025-08-28T13:50:10.203+0000][1099278][info ][gc,phases   ] GC(174)   Pre Evacuate Collection Set: 0.1ms
[2025-08-28T13:50:10.203+0000][1099278][info ][gc,phases   ] GC(174)   Merge Heap Roots: 0.1ms
[2025-08-28T13:50:10.203+0000][1099278][info ][gc,phases   ] GC(174)   Evacuate Collection Set: 0.8ms
[2025-08-28T13:50:10.203+0000][1099278][info ][gc,phases   ] GC(174)   Post Evacuate Collection Set: 0.4ms
[2025-08-28T13:50:10.203+0000][1099278][info ][gc,phases   ] GC(174)   Other: 0.0ms
[2025-08-28T13:50:10.203+0000][1099278][trace][gc,age      ] GC(174) Age table with threshold 15 (max threshold 15)
[2025-08-28T13:50:10.203+0000][1099278][trace][gc,age      ] GC(174) - age   1:     555416 bytes,     555416 total
[2025-08-28T13:50:10.203+0000][1099278][trace][gc,age      ] GC(174) - age   2:      12984 bytes,     568400 total
[2025-08-28T13:50:10.203+0000][1099278][trace][gc,age      ] GC(174) - age   4:        872 bytes,     569272 total
[2025-08-28T13:50:10.203+0000][1099278][trace][gc,age      ] GC(174) - age   5:         32 bytes,     569304 total
[2025-08-28T13:50:10.203+0000][1099278][trace][gc,age      ] GC(174) - age   6:     119888 bytes,     689192 total
[2025-08-28T13:50:10.203+0000][1099278][trace][gc,age      ] GC(174) - age   7:     198464 bytes,     887656 total
[2025-08-28T13:50:10.203+0000][1099278][trace][gc,age      ] GC(174) - age   8:         96 bytes,     887752 total
[2025-08-28T13:50:10.203+0000][1099278][trace][gc,age      ] GC(174) - age  12:        224 bytes,     887976 total
[2025-08-28T13:50:10.203+0000][1099278][trace][gc,age      ] GC(174) - age  13:         32 bytes,     888008 total
[2025-08-28T13:50:10.203+0000][1099278][trace][gc,age      ] GC(174) - age  14:        224 bytes,     888232 total
[2025-08-28T13:50:10.203+0000][1099278][info ][gc,heap     ] GC(174) Eden regions: 75->0(75)
[2025-08-28T13:50:10.204+0000][1099278][info ][gc,heap     ] GC(174) Survivor regions: 1->1(10)
[2025-08-28T13:50:10.204+0000][1099278][info ][gc,heap     ] GC(174) Old regions: 25->25
[2025-08-28T13:50:10.204+0000][1099278][info ][gc,heap     ] GC(174) Humongous regions: 0->0
[2025-08-28T13:50:10.204+0000][1099278][info ][gc,metaspace] GC(174) Metaspace: 139680K(143616K)->139680K(143616K) NonClass: 120671K(122688K)->120671K(122688K) Class: 19009K(20928K)->19009K(20928K)
[2025-08-28T13:50:10.204+0000][1099278][info ][gc          ] GC(174) Pause Young (Normal) (G1 Evacuation Pause) 400M->100M(512M) 1.608ms
[2025-08-28T13:50:10.204+0000][1099278][info ][gc,cpu      ] GC(174) User=0.01s Sys=0.00s Real=0.00s
[2025-08-28T13:50:10.204+0000][1099278][info ][safepoint   ] Safepoint "G1CollectForAllocation", Time since last: 2023144296 ns, Reaching safepoint: 13360 ns, Cleanup: 3686 ns, At safepoint: 1684520 ns, Total: 1701566 ns
[2025-08-28T13:50:13.888+0000][1099278][info ][gc,start    ] GC(175) Pause Young (Normal) (G1 Evacuation Pause)
[2025-08-28T13:50:13.888+0000][1099278][info ][gc,task     ] GC(175) Using 12 workers of 33 for evacuation
[2025-08-28T13:50:13.888+0000][1099278][debug][gc,age      ] GC(175) Desired survivor size 20971520 bytes, new threshold 15 (max threshold 15)
[2025-08-28T13:50:13.889+0000][1099278][info ][gc,phases   ] GC(175)   Pre Evacuate Collection Set: 0.1ms
[2025-08-28T13:50:13.889+0000][1099278][info ][gc,phases   ] GC(175)   Merge Heap Roots: 0.1ms
[2025-08-28T13:50:13.889+0000][1099278][info ][gc,phases   ] GC(175)   Evacuate Collection Set: 1.0ms
[2025-08-28T13:50:13.889+0000][1099278][info ][gc,phases   ] GC(175)   Post Evacuate Collection Set: 0.4ms
[2025-08-28T13:50:13.889+0000][1099278][info ][gc,phases   ] GC(175)   Other: 0.1ms
[2025-08-28T13:50:13.889+0000][1099278][trace][gc,age      ] GC(175) Age table with threshold 15 (max threshold 15)
[2025-08-28T13:50:13.889+0000][1099278][trace][gc,age      ] GC(175) - age   1:     551416 bytes,     551416 total
[2025-08-28T13:50:13.890+0000][1099278][trace][gc,age      ] GC(175) - age   3:       2840 bytes,     554256 total
[2025-08-28T13:50:13.890+0000][1099278][trace][gc,age      ] GC(175) - age   5:        872 bytes,     555128 total
[2025-08-28T13:50:13.890+0000][1099278][trace][gc,age      ] GC(175) - age   6:         32 bytes,     555160 total
[2025-08-28T13:50:13.890+0000][1099278][trace][gc,age      ] GC(175) - age   7:     119664 bytes,     674824 total
[2025-08-28T13:50:13.890+0000][1099278][trace][gc,age      ] GC(175) - age   8:     198464 bytes,     873288 total
[2025-08-28T13:50:13.890+0000][1099278][trace][gc,age      ] GC(175) - age   9:         96 bytes,     873384 total
[2025-08-28T13:50:13.890+0000][1099278][trace][gc,age      ] GC(175) - age  13:        224 bytes,     873608 total
[2025-08-28T13:50:13.890+0000][1099278][trace][gc,age      ] GC(175) - age  14:         32 bytes,     873640 total
[2025-08-28T13:50:13.890+0000][1099278][trace][gc,age      ] GC(175) - age  15:        224 bytes,     873864 total
[2025-08-28T13:50:13.890+0000][1099278][info ][gc,heap     ] GC(175) Eden regions: 75->0(75)
[2025-08-28T13:50:13.890+0000][1099278][info ][gc,heap     ] GC(175) Survivor regions: 1->1(10)
[2025-08-28T13:50:13.890+0000][1099278][info ][gc,heap     ] GC(175) Old regions: 25->25
[2025-08-28T13:50:13.890+0000][1099278][info ][gc,heap     ] GC(175) Humongous regions: 0->0
[2025-08-28T13:50:13.890+0000][1099278][info ][gc,metaspace] GC(175) Metaspace: 139680K(143616K)->139680K(143616K) NonClass: 120671K(122688K)->120671K(122688K) Class: 19009K(20928K)->19009K(20928K)
[2025-08-28T13:50:13.890+0000][1099278][info ][gc          ] GC(175) Pause Young (Normal) (G1 Evacuation Pause) 400M->100M(512M) 1.857ms
[2025-08-28T13:50:13.890+0000][1099278][info ][gc,cpu      ] GC(175) User=0.01s Sys=0.00s Real=0.00s
[2025-08-28T13:50:13.890+0000][1099278][info ][safepoint   ] Safepoint "G1CollectForAllocation", Time since last: 3684022800 ns, Reaching safepoint: 48633 ns, Cleanup: 4467 ns, At safepoint: 1942328 ns, Total: 1995428 ns
[2025-08-28T13:50:15.890+0000][1099278][info ][safepoint   ] Safepoint "Cleanup", Time since last: 2000113263 ns, Reaching safepoint: 12068 ns, Cleanup: 7702 ns, At safepoint: 2354 ns, Total: 22124 ns
[2025-08-28T13:50:18.088+0000][1099278][info ][gc,start    ] GC(176) Pause Young (Normal) (G1 Evacuation Pause)
[2025-08-28T13:50:18.088+0000][1099278][info ][gc,task     ] GC(176) Using 12 workers of 33 for evacuation
[2025-08-28T13:50:18.088+0000][1099278][debug][gc,age      ] GC(176) Desired survivor size 20971520 bytes, new threshold 15 (max threshold 15)
[2025-08-28T13:50:18.090+0000][1099278][info ][gc,phases   ] GC(176)   Pre Evacuate Collection Set: 0.1ms
[2025-08-28T13:50:18.090+0000][1099278][info ][gc,phases   ] GC(176)   Merge Heap Roots: 0.1ms
[2025-08-28T13:50:18.090+0000][1099278][info ][gc,phases   ] GC(176)   Evacuate Collection Set: 1.2ms
[2025-08-28T13:50:18.090+0000][1099278][info ][gc,phases   ] GC(176)   Post Evacuate Collection Set: 0.4ms
[2025-08-28T13:50:18.090+0000][1099278][info ][gc,phases   ] GC(176)   Other: 0.1ms
[2025-08-28T13:50:18.090+0000][1099278][trace][gc,age      ] GC(176) Age table with threshold 15 (max threshold 15)
[2025-08-28T13:50:18.090+0000][1099278][trace][gc,age      ] GC(176) - age   1:     541736 bytes,     541736 total
[2025-08-28T13:50:18.090+0000][1099278][trace][gc,age      ] GC(176) - age   2:      12224 bytes,     553960 total
[2025-08-28T13:50:18.090+0000][1099278][trace][gc,age      ] GC(176) - age   4:       2600 bytes,     556560 total
[2025-08-28T13:50:18.090+0000][1099278][trace][gc,age      ] GC(176) - age   6:        872 bytes,     557432 total
[2025-08-28T13:50:18.090+0000][1099278][trace][gc,age      ] GC(176) - age   7:         32 bytes,     557464 total
[2025-08-28T13:50:18.090+0000][1099278][trace][gc,age      ] GC(176) - age   8:     117392 bytes,     674856 total
[2025-08-28T13:50:18.090+0000][1099278][trace][gc,age      ] GC(176) - age   9:     198464 bytes,     873320 total
[2025-08-28T13:50:18.090+0000][1099278][trace][gc,age      ] GC(176) - age  10:         96 bytes,     873416 total
[2025-08-28T13:50:18.090+0000][1099278][trace][gc,age      ] GC(176) - age  14:        224 bytes,     873640 total
[2025-08-28T13:50:18.090+0000][1099278][trace][gc,age      ] GC(176) - age  15:         32 bytes,     873672 total
[2025-08-28T13:50:18.090+0000][1099278][info ][gc,heap     ] GC(176) Eden regions: 75->0(75)
[2025-08-28T13:50:18.090+0000][1099278][info ][gc,heap     ] GC(176) Survivor regions: 1->1(10)
[2025-08-28T13:50:18.090+0000][1099278][info ][gc,heap     ] GC(176) Old regions: 25->25
[2025-08-28T13:50:18.090+0000][1099278][info ][gc,heap     ] GC(176) Humongous regions: 0->0
[2025-08-28T13:50:18.090+0000][1099278][info ][gc,metaspace] GC(176) Metaspace: 139681K(143616K)->139681K(143616K) NonClass: 120672K(122688K)->120672K(122688K) Class: 19009K(20928K)->19009K(20928K)
[2025-08-28T13:50:18.090+0000][1099278][info ][gc          ] GC(176) Pause Young (Normal) (G1 Evacuation Pause) 400M->100M(512M) 1.959ms
[2025-08-28T13:50:18.090+0000][1099278][info ][gc,cpu      ] GC(176) User=0.01s Sys=0.00s Real=0.00s
[2025-08-28T13:50:18.090+0000][1099278][info ][safepoint   ] Safepoint "G1CollectForAllocation", Time since last: 2197894258 ns, Reaching safepoint: 48062 ns, Cleanup: 4206 ns, At safepoint: 2038823 ns, Total: 2091091 ns
[2025-08-28T13:50:22.253+0000][1099278][info ][gc,start    ] GC(177) Pause Young (Normal) (G1 Evacuation Pause)
[2025-08-28T13:50:22.253+0000][1099278][info ][gc,task     ] GC(177) Using 12 workers of 33 for evacuation
[2025-08-28T13:50:22.253+0000][1099278][debug][gc,age      ] GC(177) Desired survivor size 20971520 bytes, new threshold 15 (max threshold 15)
[2025-08-28T13:50:22.255+0000][1099278][info ][gc,phases   ] GC(177)   Pre Evacuate Collection Set: 0.2ms
[2025-08-28T13:50:22.255+0000][1099278][info ][gc,phases   ] GC(177)   Merge Heap Roots: 0.1ms
[2025-08-28T13:50:22.255+0000][1099278][info ][gc,phases   ] GC(177)   Evacuate Collection Set: 1.0ms
[2025-08-28T13:50:22.255+0000][1099278][info ][gc,phases   ] GC(177)   Post Evacuate Collection Set: 0.4ms
[2025-08-28T13:50:22.255+0000][1099278][info ][gc,phases   ] GC(177)   Other: 0.0ms
[2025-08-28T13:50:22.255+0000][1099278][trace][gc,age      ] GC(177) Age table with threshold 15 (max threshold 15)
[2025-08-28T13:50:22.255+0000][1099278][trace][gc,age      ] GC(177) - age   1:     395472 bytes,     395472 total
[2025-08-28T13:50:22.255+0000][1099278][trace][gc,age      ] GC(177) - age   2:       2720 bytes,     398192 total
[2025-08-28T13:50:22.255+0000][1099278][trace][gc,age      ] GC(177) - age   3:       1416 bytes,     399608 total
[2025-08-28T13:50:22.255+0000][1099278][trace][gc,age      ] GC(177) - age   5:       2600 bytes,     402208 total
[2025-08-28T13:50:22.255+0000][1099278][trace][gc,age      ] GC(177) - age   7:        872 bytes,     403080 total
[2025-08-28T13:50:22.255+0000][1099278][trace][gc,age      ] GC(177) - age   8:         32 bytes,     403112 total
[2025-08-28T13:50:22.255+0000][1099278][trace][gc,age      ] GC(177) - age   9:     116960 bytes,     520072 total
[2025-08-28T13:50:22.255+0000][1099278][trace][gc,age      ] GC(177) - age  10:     198464 bytes,     718536 total
[2025-08-28T13:50:22.255+0000][1099278][trace][gc,age      ] GC(177) - age  11:         96 bytes,     718632 total
[2025-08-28T13:50:22.255+0000][1099278][trace][gc,age      ] GC(177) - age  15:        224 bytes,     718856 total
[2025-08-28T13:50:22.255+0000][1099278][info ][gc,heap     ] GC(177) Eden regions: 75->0(75)
[2025-08-28T13:50:22.255+0000][1099278][info ][gc,heap     ] GC(177) Survivor regions: 1->1(10)
[2025-08-28T13:50:22.255+0000][1099278][info ][gc,heap     ] GC(177) Old regions: 25->25
[2025-08-28T13:50:22.255+0000][1099278][info ][gc,heap     ] GC(177) Humongous regions: 0->0
[2025-08-28T13:50:22.255+0000][1099278][info ][gc,metaspace] GC(177) Metaspace: 139681K(143616K)->139681K(143616K) NonClass: 120672K(122688K)->120672K(122688K) Class: 19009K(20928K)->19009K(20928K)
[2025-08-28T13:50:22.255+0000][1099278][info ][gc          ] GC(177) Pause Young (Normal) (G1 Evacuation Pause) 400M->100M(512M) 1.775ms
[2025-08-28T13:50:22.255+0000][1099278][info ][gc,cpu      ] GC(177) User=0.01s Sys=0.00s Real=0.00s
[2025-08-28T13:50:22.255+0000][1099278][info ][safepoint   ] Safepoint "G1CollectForAllocation", Time since last: 4163539055 ns, Reaching safepoint: 15393 ns, Cleanup: 4777 ns, At safepoint: 1857230 ns, Total: 1877400 ns
[2025-08-28T13:50:26.279+0000][1099278][info ][gc,start    ] GC(178) Pause Young (Normal) (G1 Evacuation Pause)
[2025-08-28T13:50:26.279+0000][1099278][info ][gc,task     ] GC(178) Using 12 workers of 33 for evacuation
[2025-08-28T13:50:26.279+0000][1099278][debug][gc,age      ] GC(178) Desired survivor size 20971520 bytes, new threshold 15 (max threshold 15)
[2025-08-28T13:50:26.282+0000][1099278][info ][gc,phases   ] GC(178)   Pre Evacuate Collection Set: 0.2ms
[2025-08-28T13:50:26.282+0000][1099278][info ][gc,phases   ] GC(178)   Merge Heap Roots: 0.1ms
[2025-08-28T13:50:26.282+0000][1099278][info ][gc,phases   ] GC(178)   Evacuate Collection Set: 1.5ms
[2025-08-28T13:50:26.282+0000][1099278][info ][gc,phases   ] GC(178)   Post Evacuate Collection Set: 0.4ms
[2025-08-28T13:50:26.282+0000][1099278][info ][gc,phases   ] GC(178)   Other: 0.0ms
[2025-08-28T13:50:26.282+0000][1099278][trace][gc,age      ] GC(178) Age table with threshold 15 (max threshold 15)
[2025-08-28T13:50:26.282+0000][1099278][trace][gc,age      ] GC(178) - age   1:     540288 bytes,     540288 total
[2025-08-28T13:50:26.282+0000][1099278][trace][gc,age      ] GC(178) - age   2:      11432 bytes,     551720 total
[2025-08-28T13:50:26.282+0000][1099278][trace][gc,age      ] GC(178) - age   3:       2304 bytes,     554024 total
[2025-08-28T13:50:26.282+0000][1099278][trace][gc,age      ] GC(178) - age   4:       1416 bytes,     555440 total
[2025-08-28T13:50:26.282+0000][1099278][trace][gc,age      ] GC(178) - age   6:       2288 bytes,     557728 total
[2025-08-28T13:50:26.282+0000][1099278][trace][gc,age      ] GC(178) - age   8:        872 bytes,     558600 total
[2025-08-28T13:50:26.282+0000][1099278][trace][gc,age      ] GC(178) - age   9:         32 bytes,     558632 total
[2025-08-28T13:50:26.282+0000][1099278][trace][gc,age      ] GC(178) - age  10:     116960 bytes,     675592 total
[2025-08-28T13:50:26.282+0000][1099278][trace][gc,age      ] GC(178) - age  11:     198464 bytes,     874056 total
[2025-08-28T13:50:26.282+0000][1099278][trace][gc,age      ] GC(178) - age  12:         64 bytes,     874120 total
[2025-08-28T13:50:26.282+0000][1099278][info ][gc,heap     ] GC(178) Eden regions: 75->0(75)
[2025-08-28T13:50:26.282+0000][1099278][info ][gc,heap     ] GC(178) Survivor regions: 1->1(10)
[2025-08-28T13:50:26.282+0000][1099278][info ][gc,heap     ] GC(178) Old regions: 25->25
[2025-08-28T13:50:26.282+0000][1099278][info ][gc,heap     ] GC(178) Humongous regions: 0->0
[2025-08-28T13:50:26.282+0000][1099278][info ][gc,metaspace] GC(178) Metaspace: 139681K(143616K)->139681K(143616K) NonClass: 120672K(122688K)->120672K(122688K) Class: 19009K(20928K)->19009K(20928K)
[2025-08-28T13:50:26.282+0000][1099278][info ][gc          ] GC(178) Pause Young (Normal) (G1 Evacuation Pause) 400M->100M(512M) 2.357ms
[2025-08-28T13:50:26.282+0000][1099278][info ][gc,cpu      ] GC(178) User=0.01s Sys=0.01s Real=0.01s
[2025-08-28T13:50:26.282+0000][1099278][info ][safepoint   ] Safepoint "G1CollectForAllocation", Time since last: 4023910611 ns, Reaching safepoint: 199140 ns, Cleanup: 4106 ns, At safepoint: 2432615 ns, Total: 2635861 ns
[2025-08-28T13:50:28.282+0000][1099278][info ][safepoint   ] Safepoint "Cleanup", Time since last: 2000156909 ns, Reaching safepoint: 46189 ns, Cleanup: 14842 ns, At safepoint: 5348 ns, Total: 66379 ns
[2025-08-28T13:50:30.788+0000][1099278][info ][gc,start    ] GC(179) Pause Young (Normal) (G1 Evacuation Pause)
[2025-08-28T13:50:30.788+0000][1099278][info ][gc,task     ] GC(179) Using 12 workers of 33 for evacuation
[2025-08-28T13:50:30.788+0000][1099278][debug][gc,age      ] GC(179) Desired survivor size 20971520 bytes, new threshold 15 (max threshold 15)
[2025-08-28T13:50:30.790+0000][1099278][info ][gc,phases   ] GC(179)   Pre Evacuate Collection Set: 0.2ms
[2025-08-28T13:50:30.790+0000][1099278][info ][gc,phases   ] GC(179)   Merge Heap Roots: 0.1ms
[2025-08-28T13:50:30.790+0000][1099278][info ][gc,phases   ] GC(179)   Evacuate Collection Set: 1.1ms
[2025-08-28T13:50:30.790+0000][1099278][info ][gc,phases   ] GC(179)   Post Evacuate Collection Set: 0.4ms
[2025-08-28T13:50:30.790+0000][1099278][info ][gc,phases   ] GC(179)   Other: 0.1ms
[2025-08-28T13:50:30.790+0000][1099278][trace][gc,age      ] GC(179) Age table with threshold 15 (max threshold 15)
[2025-08-28T13:50:30.790+0000][1099278][trace][gc,age      ] GC(179) - age   1:     550472 bytes,     550472 total
[2025-08-28T13:50:30.790+0000][1099278][trace][gc,age      ] GC(179) - age   2:        520 bytes,     550992 total
[2025-08-28T13:50:30.790+0000][1099278][trace][gc,age      ] GC(179) - age   3:        848 bytes,     551840 total
[2025-08-28T13:50:30.790+0000][1099278][trace][gc,age      ] GC(179) - age   4:       2304 bytes,     554144 total
[2025-08-28T13:50:30.790+0000][1099278][trace][gc,age      ] GC(179) - age   5:       1416 bytes,     555560 total
[2025-08-28T13:50:30.790+0000][1099278][trace][gc,age      ] GC(179) - age   7:       2288 bytes,     557848 total
[2025-08-28T13:50:30.790+0000][1099278][trace][gc,age      ] GC(179) - age   9:        872 bytes,     558720 total
[2025-08-28T13:50:30.790+0000][1099278][trace][gc,age      ] GC(179) - age  10:         32 bytes,     558752 total
[2025-08-28T13:50:30.790+0000][1099278][trace][gc,age      ] GC(179) - age  11:     116960 bytes,     675712 total
[2025-08-28T13:50:30.790+0000][1099278][trace][gc,age      ] GC(179) - age  12:     198464 bytes,     874176 total
[2025-08-28T13:50:30.790+0000][1099278][trace][gc,age      ] GC(179) - age  13:         64 bytes,     874240 total
[2025-08-28T13:50:30.790+0000][1099278][info ][gc,heap     ] GC(179) Eden regions: 75->0(75)
[2025-08-28T13:50:30.790+0000][1099278][info ][gc,heap     ] GC(179) Survivor regions: 1->1(10)
[2025-08-28T13:50:30.790+0000][1099278][info ][gc,heap     ] GC(179) Old regions: 25->25
[2025-08-28T13:50:30.790+0000][1099278][info ][gc,heap     ] GC(179) Humongous regions: 0->0
[2025-08-28T13:50:30.790+0000][1099278][info ][gc,metaspace] GC(179) Metaspace: 139681K(143616K)->139681K(143616K) NonClass: 120672K(122688K)->120672K(122688K) Class: 19009K(20928K)->19009K(20928K)
[2025-08-28T13:50:30.790+0000][1099278][info ][gc          ] GC(179) Pause Young (Normal) (G1 Evacuation Pause) 400M->100M(512M) 1.925ms
[2025-08-28T13:50:30.790+0000][1099278][info ][gc,cpu      ] GC(179) User=0.01s Sys=0.00s Real=0.00s
[2025-08-28T13:50:30.790+0000][1099278][info ][safepoint   ] Safepoint "G1CollectForAllocation", Time since last: 2505983955 ns, Reaching safepoint: 14432 ns, Cleanup: 3575 ns, At safepoint: 2000936 ns, Total: 2018943 ns
[2025-08-28T13:50:34.800+0000][1099278][info ][gc,start    ] GC(180) Pause Young (Normal) (G1 Evacuation Pause)
[2025-08-28T13:50:34.800+0000][1099278][info ][gc,task     ] GC(180) Using 12 workers of 33 for evacuation
[2025-08-28T13:50:34.800+0000][1099278][debug][gc,age      ] GC(180) Desired survivor size 20971520 bytes, new threshold 15 (max threshold 15)
[2025-08-28T13:50:34.801+0000][1099278][info ][gc,phases   ] GC(180)   Pre Evacuate Collection Set: 0.1ms
[2025-08-28T13:50:34.801+0000][1099278][info ][gc,phases   ] GC(180)   Merge Heap Roots: 0.1ms
[2025-08-28T13:50:34.801+0000][1099278][info ][gc,phases   ] GC(180)   Evacuate Collection Set: 0.8ms
[2025-08-28T13:50:34.801+0000][1099278][info ][gc,phases   ] GC(180)   Post Evacuate Collection Set: 0.4ms
[2025-08-28T13:50:34.801+0000][1099278][info ][gc,phases   ] GC(180)   Other: 0.0ms
[2025-08-28T13:50:34.801+0000][1099278][trace][gc,age      ] GC(180) Age table with threshold 15 (max threshold 15)
[2025-08-28T13:50:34.801+0000][1099278][trace][gc,age      ] GC(180) - age   1:     556232 bytes,     556232 total
[2025-08-28T13:50:34.801+0000][1099278][trace][gc,age      ] GC(180) - age   2:      10632 bytes,     566864 total
[2025-08-28T13:50:34.801+0000][1099278][trace][gc,age      ] GC(180) - age   3:        520 bytes,     567384 total
[2025-08-28T13:50:34.801+0000][1099278][trace][gc,age      ] GC(180) - age   4:        848 bytes,     568232 total
[2025-08-28T13:50:34.801+0000][1099278][trace][gc,age      ] GC(180) - age   5:       2304 bytes,     570536 total
[2025-08-28T13:50:34.801+0000][1099278][trace][gc,age      ] GC(180) - age   6:       1416 bytes,     571952 total
[2025-08-28T13:50:34.801+0000][1099278][trace][gc,age      ] GC(180) - age   8:       1800 bytes,     573752 total
[2025-08-28T13:50:34.801+0000][1099278][trace][gc,age      ] GC(180) - age  10:        872 bytes,     574624 total
[2025-08-28T13:50:34.801+0000][1099278][trace][gc,age      ] GC(180) - age  11:         32 bytes,     574656 total
[2025-08-28T13:50:34.801+0000][1099278][trace][gc,age      ] GC(180) - age  12:     116960 bytes,     691616 total
[2025-08-28T13:50:34.801+0000][1099278][trace][gc,age      ] GC(180) - age  13:     198464 bytes,     890080 total
[2025-08-28T13:50:34.801+0000][1099278][trace][gc,age      ] GC(180) - age  14:         64 bytes,     890144 total
[2025-08-28T13:50:34.801+0000][1099278][info ][gc,heap     ] GC(180) Eden regions: 75->0(75)
[2025-08-28T13:50:34.801+0000][1099278][info ][gc,heap     ] GC(180) Survivor regions: 1->1(10)
[2025-08-28T13:50:34.801+0000][1099278][info ][gc,heap     ] GC(180) Old regions: 25->25
[2025-08-28T13:50:34.801+0000][1099278][info ][gc,heap     ] GC(180) Humongous regions: 0->0
[2025-08-28T13:50:34.801+0000][1099278][info ][gc,metaspace] GC(180) Metaspace: 139681K(143616K)->139681K(143616K) NonClass: 120672K(122688K)->120672K(122688K) Class: 19009K(20928K)->19009K(20928K)
[2025-08-28T13:50:34.801+0000][1099278][info ][gc          ] GC(180) Pause Young (Normal) (G1 Evacuation Pause) 400M->100M(512M) 1.554ms
[2025-08-28T13:50:34.801+0000][1099278][info ][gc,cpu      ] GC(180) User=0.01s Sys=0.00s Real=0.01s
[2025-08-28T13:50:34.801+0000][1099278][info ][safepoint   ] Safepoint "G1CollectForAllocation", Time since last: 4009860352 ns, Reaching safepoint: 46079 ns, Cleanup: 3555 ns, At safepoint: 1623990 ns, Total: 1673624 ns
[2025-08-28T13:50:38.802+0000][1099278][info ][safepoint   ] Safepoint "Cleanup", Time since last: 4000231580 ns, Reaching safepoint: 43145 ns, Cleanup: 11747 ns, At safepoint: 2684 ns, Total: 57576 ns
[2025-08-28T13:50:39.013+0000][1099278][info ][gc,start    ] GC(181) Pause Young (Normal) (G1 Evacuation Pause)
[2025-08-28T13:50:39.013+0000][1099278][info ][gc,task     ] GC(181) Using 12 workers of 33 for evacuation
[2025-08-28T13:50:39.013+0000][1099278][debug][gc,age      ] GC(181) Desired survivor size 20971520 bytes, new threshold 15 (max threshold 15)
[2025-08-28T13:50:39.015+0000][1099278][info ][gc,phases   ] GC(181)   Pre Evacuate Collection Set: 0.1ms
[2025-08-28T13:50:39.015+0000][1099278][info ][gc,phases   ] GC(181)   Merge Heap Roots: 0.0ms
[2025-08-28T13:50:39.015+0000][1099278][info ][gc,phases   ] GC(181)   Evacuate Collection Set: 0.8ms
[2025-08-28T13:50:39.015+0000][1099278][info ][gc,phases   ] GC(181)   Post Evacuate Collection Set: 0.4ms
[2025-08-28T13:50:39.015+0000][1099278][info ][gc,phases   ] GC(181)   Other: 0.1ms
[2025-08-28T13:50:39.015+0000][1099278][trace][gc,age      ] GC(181) Age table with threshold 15 (max threshold 15)
[2025-08-28T13:50:39.015+0000][1099278][trace][gc,age      ] GC(181) - age   1:     551208 bytes,     551208 total
[2025-08-28T13:50:39.015+0000][1099278][trace][gc,age      ] GC(181) - age   2:        176 bytes,     551384 total
[2025-08-28T13:50:39.015+0000][1099278][trace][gc,age      ] GC(181) - age   3:        472 bytes,     551856 total
[2025-08-28T13:50:39.015+0000][1099278][trace][gc,age      ] GC(181) - age   4:        280 bytes,     552136 total
[2025-08-28T13:50:39.015+0000][1099278][trace][gc,age      ] GC(181) - age   5:        848 bytes,     552984 total
[2025-08-28T13:50:39.015+0000][1099278][trace][gc,age      ] GC(181) - age   6:       2304 bytes,     555288 total
[2025-08-28T13:50:39.015+0000][1099278][trace][gc,age      ] GC(181) - age   7:        880 bytes,     556168 total
[2025-08-28T13:50:39.015+0000][1099278][trace][gc,age      ] GC(181) - age   9:       1800 bytes,     557968 total
[2025-08-28T13:50:39.015+0000][1099278][trace][gc,age      ] GC(181) - age  11:        872 bytes,     558840 total
[2025-08-28T13:50:39.015+0000][1099278][trace][gc,age      ] GC(181) - age  12:         32 bytes,     558872 total
[2025-08-28T13:50:39.015+0000][1099278][trace][gc,age      ] GC(181) - age  13:     116960 bytes,     675832 total
[2025-08-28T13:50:39.015+0000][1099278][trace][gc,age      ] GC(181) - age  14:     198464 bytes,     874296 total
[2025-08-28T13:50:39.015+0000][1099278][trace][gc,age      ] GC(181) - age  15:         64 bytes,     874360 total
[2025-08-28T13:50:39.015+0000][1099278][info ][gc,heap     ] GC(181) Eden regions: 75->0(75)
[2025-08-28T13:50:39.015+0000][1099278][info ][gc,heap     ] GC(181) Survivor regions: 1->1(10)
[2025-08-28T13:50:39.015+0000][1099278][info ][gc,heap     ] GC(181) Old regions: 25->25
[2025-08-28T13:50:39.015+0000][1099278][info ][gc,heap     ] GC(181) Humongous regions: 0->0
[2025-08-28T13:50:39.015+0000][1099278][info ][gc,metaspace] GC(181) Metaspace: 139681K(143616K)->139681K(143616K) NonClass: 120672K(122688K)->120672K(122688K) Class: 19009K(20928K)->19009K(20928K)
[2025-08-28T13:50:39.015+0000][1099278][info ][gc          ] GC(181) Pause Young (Normal) (G1 Evacuation Pause) 400M->100M(512M) 1.625ms
[2025-08-28T13:50:39.015+0000][1099278][info ][gc,cpu      ] GC(181) User=0.01s Sys=0.01s Real=0.00s
[2025-08-28T13:50:39.015+0000][1099278][info ][safepoint   ] Safepoint "G1CollectForAllocation", Time since last: 211657653 ns, Reaching safepoint: 14061 ns, Cleanup: 5358 ns, At safepoint: 1698001 ns, Total: 1717420 ns
[2025-08-28T13:50:42.876+0000][1099278][info ][gc,start    ] GC(182) Pause Young (Normal) (G1 Evacuation Pause)
[2025-08-28T13:50:42.876+0000][1099278][info ][gc,task     ] GC(182) Using 12 workers of 33 for evacuation
[2025-08-28T13:50:42.876+0000][1099278][debug][gc,age      ] GC(182) Desired survivor size 20971520 bytes, new threshold 15 (max threshold 15)
[2025-08-28T13:50:42.878+0000][1099278][info ][gc,phases   ] GC(182)   Pre Evacuate Collection Set: 0.1ms
[2025-08-28T13:50:42.878+0000][1099278][info ][gc,phases   ] GC(182)   Merge Heap Roots: 0.1ms
[2025-08-28T13:50:42.878+0000][1099278][info ][gc,phases   ] GC(182)   Evacuate Collection Set: 1.0ms
[2025-08-28T13:50:42.878+0000][1099278][info ][gc,phases   ] GC(182)   Post Evacuate Collection Set: 0.4ms
[2025-08-28T13:50:42.878+0000][1099278][info ][gc,phases   ] GC(182)   Other: 0.0ms
[2025-08-28T13:50:42.878+0000][1099278][trace][gc,age      ] GC(182) Age table with threshold 15 (max threshold 15)
[2025-08-28T13:50:42.878+0000][1099278][trace][gc,age      ] GC(182) - age   1:     540496 bytes,     540496 total
[2025-08-28T13:50:42.878+0000][1099278][trace][gc,age      ] GC(182) - age   2:      12016 bytes,     552512 total
[2025-08-28T13:50:42.878+0000][1099278][trace][gc,age      ] GC(182) - age   3:        176 bytes,     552688 total
[2025-08-28T13:50:42.878+0000][1099278][trace][gc,age      ] GC(182) - age   4:        472 bytes,     553160 total
[2025-08-28T13:50:42.878+0000][1099278][trace][gc,age      ] GC(182) - age   5:        280 bytes,     553440 total
[2025-08-28T13:50:42.878+0000][1099278][trace][gc,age      ] GC(182) - age   6:        848 bytes,     554288 total
[2025-08-28T13:50:42.878+0000][1099278][trace][gc,age      ] GC(182) - age   7:       2304 bytes,     556592 total
[2025-08-28T13:50:42.878+0000][1099278][trace][gc,age      ] GC(182) - age   8:        880 bytes,     557472 total
[2025-08-28T13:50:42.878+0000][1099278][trace][gc,age      ] GC(182) - age  10:       1800 bytes,     559272 total
[2025-08-28T13:50:42.878+0000][1099278][trace][gc,age      ] GC(182) - age  12:        872 bytes,     560144 total
[2025-08-28T13:50:42.878+0000][1099278][trace][gc,age      ] GC(182) - age  13:         32 bytes,     560176 total
[2025-08-28T13:50:42.878+0000][1099278][trace][gc,age      ] GC(182) - age  14:     116960 bytes,     677136 total
[2025-08-28T13:50:42.878+0000][1099278][trace][gc,age      ] GC(182) - age  15:     198464 bytes,     875600 total
[2025-08-28T13:50:42.878+0000][1099278][info ][gc,heap     ] GC(182) Eden regions: 75->0(75)
[2025-08-28T13:50:42.878+0000][1099278][info ][gc,heap     ] GC(182) Survivor regions: 1->1(10)
[2025-08-28T13:50:42.878+0000][1099278][info ][gc,heap     ] GC(182) Old regions: 25->25
[2025-08-28T13:50:42.878+0000][1099278][info ][gc,heap     ] GC(182) Humongous regions: 0->0
[2025-08-28T13:50:42.878+0000][1099278][info ][gc,metaspace] GC(182) Metaspace: 139681K(143616K)->139681K(143616K) NonClass: 120672K(122688K)->120672K(122688K) Class: 19009K(20928K)->19009K(20928K)
[2025-08-28T13:50:42.878+0000][1099278][info ][gc          ] GC(182) Pause Young (Normal) (G1 Evacuation Pause) 400M->100M(512M) 1.798ms
[2025-08-28T13:50:42.878+0000][1099278][info ][gc,cpu      ] GC(182) User=0.01s Sys=0.00s Real=0.00s
[2025-08-28T13:50:42.878+0000][1099278][info ][safepoint   ] Safepoint "G1CollectForAllocation", Time since last: 3860792974 ns, Reaching safepoint: 13370 ns, Cleanup: 10646 ns, At safepoint: 1870711 ns, Total: 1894727 ns
[2025-08-28T13:50:45.878+0000][1099278][info ][safepoint   ] Safepoint "Cleanup", Time since last: 3000218894 ns, Reaching safepoint: 41683 ns, Cleanup: 12028 ns, At safepoint: 2483 ns, Total: 56194 ns
[2025-08-28T13:50:46.878+0000][1099278][info ][safepoint   ] Safepoint "Cleanup", Time since last: 1000102079 ns, Reaching safepoint: 13871 ns, Cleanup: 10746 ns, At safepoint: 2424 ns, Total: 27041 ns
[2025-08-28T13:50:47.020+0000][1099278][info ][gc,start    ] GC(183) Pause Young (Normal) (G1 Evacuation Pause)
[2025-08-28T13:50:47.020+0000][1099278][info ][gc,task     ] GC(183) Using 12 workers of 33 for evacuation
[2025-08-28T13:50:47.020+0000][1099278][debug][gc,age      ] GC(183) Desired survivor size 20971520 bytes, new threshold 15 (max threshold 15)
[2025-08-28T13:50:47.022+0000][1099278][info ][gc,phases   ] GC(183)   Pre Evacuate Collection Set: 0.1ms
[2025-08-28T13:50:47.022+0000][1099278][info ][gc,phases   ] GC(183)   Merge Heap Roots: 0.1ms
[2025-08-28T13:50:47.022+0000][1099278][info ][gc,phases   ] GC(183)   Evacuate Collection Set: 1.1ms
[2025-08-28T13:50:47.022+0000][1099278][info ][gc,phases   ] GC(183)   Post Evacuate Collection Set: 0.4ms
[2025-08-28T13:50:47.022+0000][1099278][info ][gc,phases   ] GC(183)   Other: 0.0ms
[2025-08-28T13:50:47.022+0000][1099278][trace][gc,age      ] GC(183) Age table with threshold 15 (max threshold 15)
[2025-08-28T13:50:47.022+0000][1099278][trace][gc,age      ] GC(183) - age   1:     558432 bytes,     558432 total
[2025-08-28T13:50:47.022+0000][1099278][trace][gc,age      ] GC(183) - age   2:       1504 bytes,     559936 total
[2025-08-28T13:50:47.022+0000][1099278][trace][gc,age      ] GC(183) - age   3:      11240 bytes,     571176 total
[2025-08-28T13:50:47.022+0000][1099278][trace][gc,age      ] GC(183) - age   4:        176 bytes,     571352 total
[2025-08-28T13:50:47.022+0000][1099278][trace][gc,age      ] GC(183) - age   5:        472 bytes,     571824 total
[2025-08-28T13:50:47.022+0000][1099278][trace][gc,age      ] GC(183) - age   6:        280 bytes,     572104 total
[2025-08-28T13:50:47.022+0000][1099278][trace][gc,age      ] GC(183) - age   7:        848 bytes,     572952 total
[2025-08-28T13:50:47.022+0000][1099278][trace][gc,age      ] GC(183) - age   8:        336 bytes,     573288 total
[2025-08-28T13:50:47.022+0000][1099278][trace][gc,age      ] GC(183) - age   9:        880 bytes,     574168 total
[2025-08-28T13:50:47.022+0000][1099278][trace][gc,age      ] GC(183) - age  11:       1800 bytes,     575968 total
[2025-08-28T13:50:47.022+0000][1099278][trace][gc,age      ] GC(183) - age  13:        872 bytes,     576840 total
[2025-08-28T13:50:47.022+0000][1099278][trace][gc,age      ] GC(183) - age  14:         32 bytes,     576872 total
[2025-08-28T13:50:47.022+0000][1099278][trace][gc,age      ] GC(183) - age  15:     116848 bytes,     693720 total
[2025-08-28T13:50:47.022+0000][1099278][info ][gc,heap     ] GC(183) Eden regions: 75->0(75)
[2025-08-28T13:50:47.022+0000][1099278][info ][gc,heap     ] GC(183) Survivor regions: 1->1(10)
[2025-08-28T13:50:47.022+0000][1099278][info ][gc,heap     ] GC(183) Old regions: 25->25
[2025-08-28T13:50:47.022+0000][1099278][info ][gc,heap     ] GC(183) Humongous regions: 0->0
[2025-08-28T13:50:47.022+0000][1099278][info ][gc,metaspace] GC(183) Metaspace: 139683K(143616K)->139683K(143616K) NonClass: 120673K(122688K)->120673K(122688K) Class: 19009K(20928K)->19009K(20928K)
[2025-08-28T13:50:47.022+0000][1099278][info ][gc          ] GC(183) Pause Young (Normal) (G1 Evacuation Pause) 400M->100M(512M) 1.813ms
[2025-08-28T13:50:47.022+0000][1099278][info ][gc,cpu      ] GC(183) User=0.01s Sys=0.00s Real=0.01s
[2025-08-28T13:50:47.022+0000][1099278][info ][safepoint   ] Safepoint "G1CollectForAllocation", Time since last: 141657227 ns, Reaching safepoint: 13260 ns, Cleanup: 3846 ns, At safepoint: 1883540 ns, Total: 1900646 ns
[2025-08-28T13:50:49.022+0000][1099278][info ][safepoint   ] Safepoint "Cleanup", Time since last: 2000159440 ns, Reaching safepoint: 44316 ns, Cleanup: 12219 ns, At safepoint: 2724 ns, Total: 59259 ns
[2025-08-28T13:50:50.022+0000][1099278][info ][safepoint   ] Safepoint "Cleanup", Time since last: 1000104362 ns, Reaching safepoint: 13140 ns, Cleanup: 11317 ns, At safepoint: 2694 ns, Total: 27151 ns
[2025-08-28T13:50:51.176+0000][1099278][info ][gc,start    ] GC(184) Pause Young (Normal) (G1 Evacuation Pause)
[2025-08-28T13:50:51.176+0000][1099278][info ][gc,task     ] GC(184) Using 12 workers of 33 for evacuation
[2025-08-28T13:50:51.176+0000][1099278][debug][gc,age      ] GC(184) Desired survivor size 20971520 bytes, new threshold 15 (max threshold 15)
[2025-08-28T13:50:51.177+0000][1099278][info ][gc,phases   ] GC(184)   Pre Evacuate Collection Set: 0.1ms
[2025-08-28T13:50:51.177+0000][1099278][info ][gc,phases   ] GC(184)   Merge Heap Roots: 0.0ms
[2025-08-28T13:50:51.177+0000][1099278][info ][gc,phases   ] GC(184)   Evacuate Collection Set: 0.7ms
[2025-08-28T13:50:51.177+0000][1099278][info ][gc,phases   ] GC(184)   Post Evacuate Collection Set: 0.3ms
[2025-08-28T13:50:51.177+0000][1099278][info ][gc,phases   ] GC(184)   Other: 0.0ms
[2025-08-28T13:50:51.177+0000][1099278][trace][gc,age      ] GC(184) Age table with threshold 15 (max threshold 15)
[2025-08-28T13:50:51.177+0000][1099278][trace][gc,age      ] GC(184) - age   1:     345456 bytes,     345456 total
[2025-08-28T13:50:51.177+0000][1099278][trace][gc,age      ] GC(184) - age   2:       2544 bytes,     348000 total
[2025-08-28T13:50:51.177+0000][1099278][trace][gc,age      ] GC(184) - age   3:       1328 bytes,     349328 total
[2025-08-28T13:50:51.177+0000][1099278][trace][gc,age      ] GC(184) - age   4:       1080 bytes,     350408 total
[2025-08-28T13:50:51.177+0000][1099278][trace][gc,age      ] GC(184) - age   5:        176 bytes,     350584 total
[2025-08-28T13:50:51.177+0000][1099278][trace][gc,age      ] GC(184) - age   6:        160 bytes,     350744 total
[2025-08-28T13:50:51.177+0000][1099278][trace][gc,age      ] GC(184) - age   7:        280 bytes,     351024 total
[2025-08-28T13:50:51.177+0000][1099278][trace][gc,age      ] GC(184) - age   8:        848 bytes,     351872 total
[2025-08-28T13:50:51.177+0000][1099278][trace][gc,age      ] GC(184) - age   9:        336 bytes,     352208 total
[2025-08-28T13:50:51.177+0000][1099278][trace][gc,age      ] GC(184) - age  10:        880 bytes,     353088 total
[2025-08-28T13:50:51.177+0000][1099278][trace][gc,age      ] GC(184) - age  12:       1800 bytes,     354888 total
[2025-08-28T13:50:51.177+0000][1099278][trace][gc,age      ] GC(184) - age  14:        872 bytes,     355760 total
[2025-08-28T13:50:51.177+0000][1099278][info ][gc,heap     ] GC(184) Eden regions: 75->0(75)
[2025-08-28T13:50:51.177+0000][1099278][info ][gc,heap     ] GC(184) Survivor regions: 1->1(10)
[2025-08-28T13:50:51.177+0000][1099278][info ][gc,heap     ] GC(184) Old regions: 25->25
[2025-08-28T13:50:51.177+0000][1099278][info ][gc,heap     ] GC(184) Humongous regions: 0->0
[2025-08-28T13:50:51.177+0000][1099278][info ][gc,metaspace] GC(184) Metaspace: 139683K(143616K)->139683K(143616K) NonClass: 120673K(122688K)->120673K(122688K) Class: 19009K(20928K)->19009K(20928K)
[2025-08-28T13:50:51.177+0000][1099278][info ][gc          ] GC(184) Pause Young (Normal) (G1 Evacuation Pause) 400M->100M(512M) 1.331ms
[2025-08-28T13:50:51.177+0000][1099278][info ][gc,cpu      ] GC(184) User=0.01s Sys=0.00s Real=0.00s
[2025-08-28T13:50:51.177+0000][1099278][info ][safepoint   ] Safepoint "G1CollectForAllocation", Time since last: 1153827118 ns, Reaching safepoint: 14071 ns, Cleanup: 3916 ns, At safepoint: 1400294 ns, Total: 1418281 ns
[2025-08-28T13:50:53.178+0000][1099278][info ][safepoint   ] Safepoint "Cleanup", Time since last: 2000153981 ns, Reaching safepoint: 13080 ns, Cleanup: 8453 ns, At safepoint: 2533 ns, Total: 24066 ns
[2025-08-28T13:50:55.202+0000][1099278][info ][gc,start    ] GC(185) Pause Young (Normal) (G1 Evacuation Pause)
[2025-08-28T13:50:55.202+0000][1099278][info ][gc,task     ] GC(185) Using 12 workers of 33 for evacuation
[2025-08-28T13:50:55.202+0000][1099278][debug][gc,age      ] GC(185) Desired survivor size 20971520 bytes, new threshold 15 (max threshold 15)
[2025-08-28T13:50:55.203+0000][1099278][info ][gc,phases   ] GC(185)   Pre Evacuate Collection Set: 0.1ms
[2025-08-28T13:50:55.204+0000][1099278][info ][gc,phases   ] GC(185)   Merge Heap Roots: 0.0ms
[2025-08-28T13:50:55.204+0000][1099278][info ][gc,phases   ] GC(185)   Evacuate Collection Set: 1.2ms
[2025-08-28T13:50:55.204+0000][1099278][info ][gc,phases   ] GC(185)   Post Evacuate Collection Set: 0.3ms
[2025-08-28T13:50:55.204+0000][1099278][info ][gc,phases   ] GC(185)   Other: 0.1ms
[2025-08-28T13:50:55.204+0000][1099278][trace][gc,age      ] GC(185) Age table with threshold 15 (max threshold 15)
[2025-08-28T13:50:55.204+0000][1099278][trace][gc,age      ] GC(185) - age   1:     539968 bytes,     539968 total
[2025-08-28T13:50:55.204+0000][1099278][trace][gc,age      ] GC(185) - age   2:      10776 bytes,     550744 total
[2025-08-28T13:50:55.204+0000][1099278][trace][gc,age      ] GC(185) - age   3:       2304 bytes,     553048 total
[2025-08-28T13:50:55.204+0000][1099278][trace][gc,age      ] GC(185) - age   4:       1328 bytes,     554376 total
[2025-08-28T13:50:55.204+0000][1099278][trace][gc,age      ] GC(185) - age   5:       1080 bytes,     555456 total
[2025-08-28T13:50:55.204+0000][1099278][trace][gc,age      ] GC(185) - age   6:        176 bytes,     555632 total
[2025-08-28T13:50:55.204+0000][1099278][trace][gc,age      ] GC(185) - age   7:        160 bytes,     555792 total
[2025-08-28T13:50:55.204+0000][1099278][trace][gc,age      ] GC(185) - age   8:        280 bytes,     556072 total
[2025-08-28T13:50:55.204+0000][1099278][trace][gc,age      ] GC(185) - age   9:        848 bytes,     556920 total
[2025-08-28T13:50:55.204+0000][1099278][trace][gc,age      ] GC(185) - age  10:        336 bytes,     557256 total
[2025-08-28T13:50:55.204+0000][1099278][trace][gc,age      ] GC(185) - age  11:        880 bytes,     558136 total
[2025-08-28T13:50:55.204+0000][1099278][trace][gc,age      ] GC(185) - age  13:       1800 bytes,     559936 total
[2025-08-28T13:50:55.204+0000][1099278][trace][gc,age      ] GC(185) - age  15:        872 bytes,     560808 total
[2025-08-28T13:50:55.204+0000][1099278][info ][gc,heap     ] GC(185) Eden regions: 75->0(75)
[2025-08-28T13:50:55.204+0000][1099278][info ][gc,heap     ] GC(185) Survivor regions: 1->1(10)
[2025-08-28T13:50:55.204+0000][1099278][info ][gc,heap     ] GC(185) Old regions: 25->25
[2025-08-28T13:50:55.204+0000][1099278][info ][gc,heap     ] GC(185) Humongous regions: 0->0
[2025-08-28T13:50:55.204+0000][1099278][info ][gc,metaspace] GC(185) Metaspace: 139683K(143616K)->139683K(143616K) NonClass: 120673K(122688K)->120673K(122688K) Class: 19009K(20928K)->19009K(20928K)
[2025-08-28T13:50:55.204+0000][1099278][info ][gc          ] GC(185) Pause Young (Normal) (G1 Evacuation Pause) 400M->100M(512M) 1.969ms
[2025-08-28T13:50:55.204+0000][1099278][info ][gc,cpu      ] GC(185) User=0.01s Sys=0.00s Real=0.00s
[2025-08-28T13:50:55.204+0000][1099278][info ][safepoint   ] Safepoint "G1CollectForAllocation", Time since last: 2024040942 ns, Reaching safepoint: 51487 ns, Cleanup: 3465 ns, At safepoint: 2093666 ns, Total: 2148618 ns
[2025-08-28T13:50:59.411+0000][1099278][info ][gc,start    ] GC(186) Pause Young (Normal) (G1 Evacuation Pause)
[2025-08-28T13:50:59.411+0000][1099278][info ][gc,task     ] GC(186) Using 12 workers of 33 for evacuation
[2025-08-28T13:50:59.411+0000][1099278][debug][gc,age      ] GC(186) Desired survivor size 20971520 bytes, new threshold 15 (max threshold 15)
[2025-08-28T13:50:59.412+0000][1099278][info ][gc,phases   ] GC(186)   Pre Evacuate Collection Set: 0.1ms
[2025-08-28T13:50:59.413+0000][1099278][info ][gc,phases   ] GC(186)   Merge Heap Roots: 0.1ms
[2025-08-28T13:50:59.413+0000][1099278][info ][gc,phases   ] GC(186)   Evacuate Collection Set: 0.9ms
[2025-08-28T13:50:59.413+0000][1099278][info ][gc,phases   ] GC(186)   Post Evacuate Collection Set: 0.4ms
[2025-08-28T13:50:59.413+0000][1099278][info ][gc,phases   ] GC(186)   Other: 0.1ms
[2025-08-28T13:50:59.413+0000][1099278][trace][gc,age      ] GC(186) Age table with threshold 15 (max threshold 15)
[2025-08-28T13:50:59.413+0000][1099278][trace][gc,age      ] GC(186) - age   1:     567520 bytes,     567520 total
[2025-08-28T13:50:59.413+0000][1099278][trace][gc,age      ] GC(186) - age   2:        240 bytes,     567760 total
[2025-08-28T13:50:59.413+0000][1099278][trace][gc,age      ] GC(186) - age   3:        816 bytes,     568576 total
[2025-08-28T13:50:59.413+0000][1099278][trace][gc,age      ] GC(186) - age   4:       2304 bytes,     570880 total
[2025-08-28T13:50:59.413+0000][1099278][trace][gc,age      ] GC(186) - age   5:       1328 bytes,     572208 total
[2025-08-28T13:50:59.413+0000][1099278][trace][gc,age      ] GC(186) - age   6:        768 bytes,     572976 total
[2025-08-28T13:50:59.413+0000][1099278][trace][gc,age      ] GC(186) - age   7:        176 bytes,     573152 total
[2025-08-28T13:50:59.413+0000][1099278][trace][gc,age      ] GC(186) - age   8:        160 bytes,     573312 total
[2025-08-28T13:50:59.413+0000][1099278][trace][gc,age      ] GC(186) - age   9:        280 bytes,     573592 total
[2025-08-28T13:50:59.413+0000][1099278][trace][gc,age      ] GC(186) - age  10:        848 bytes,     574440 total
[2025-08-28T13:50:59.413+0000][1099278][trace][gc,age      ] GC(186) - age  11:        336 bytes,     574776 total
[2025-08-28T13:50:59.413+0000][1099278][trace][gc,age      ] GC(186) - age  12:        880 bytes,     575656 total
[2025-08-28T13:50:59.413+0000][1099278][trace][gc,age      ] GC(186) - age  14:       1800 bytes,     577456 total
[2025-08-28T13:50:59.413+0000][1099278][info ][gc,heap     ] GC(186) Eden regions: 75->0(75)
[2025-08-28T13:50:59.413+0000][1099278][info ][gc,heap     ] GC(186) Survivor regions: 1->1(10)
[2025-08-28T13:50:59.413+0000][1099278][info ][gc,heap     ] GC(186) Old regions: 25->25
[2025-08-28T13:50:59.413+0000][1099278][info ][gc,heap     ] GC(186) Humongous regions: 0->0
[2025-08-28T13:50:59.413+0000][1099278][info ][gc,metaspace] GC(186) Metaspace: 139683K(143616K)->139683K(143616K) NonClass: 120674K(122688K)->120674K(122688K) Class: 19009K(20928K)->19009K(20928K)
[2025-08-28T13:50:59.413+0000][1099278][info ][gc          ] GC(186) Pause Young (Normal) (G1 Evacuation Pause) 400M->100M(512M) 1.708ms
[2025-08-28T13:50:59.413+0000][1099278][info ][gc,cpu      ] GC(186) User=0.00s Sys=0.00s Real=0.00s
[2025-08-28T13:50:59.413+0000][1099278][info ][safepoint   ] Safepoint "G1CollectForAllocation", Time since last: 4207089970 ns, Reaching safepoint: 43676 ns, Cleanup: 4426 ns, At safepoint: 1822669 ns, Total: 1870771 ns
[2025-08-28T13:51:03.636+0000][1099278][info ][gc,start    ] GC(187) Pause Young (Normal) (G1 Evacuation Pause)
[2025-08-28T13:51:03.636+0000][1099278][info ][gc,task     ] GC(187) Using 12 workers of 33 for evacuation
[2025-08-28T13:51:03.636+0000][1099278][debug][gc,age      ] GC(187) Desired survivor size 20971520 bytes, new threshold 15 (max threshold 15)
[2025-08-28T13:51:03.638+0000][1099278][info ][gc,phases   ] GC(187)   Pre Evacuate Collection Set: 0.2ms
[2025-08-28T13:51:03.638+0000][1099278][info ][gc,phases   ] GC(187)   Merge Heap Roots: 0.1ms
[2025-08-28T13:51:03.638+0000][1099278][info ][gc,phases   ] GC(187)   Evacuate Collection Set: 1.0ms
[2025-08-28T13:51:03.638+0000][1099278][info ][gc,phases   ] GC(187)   Post Evacuate Collection Set: 0.4ms
[2025-08-28T13:51:03.638+0000][1099278][info ][gc,phases   ] GC(187)   Other: 0.1ms
[2025-08-28T13:51:03.638+0000][1099278][trace][gc,age      ] GC(187) Age table with threshold 15 (max threshold 15)
[2025-08-28T13:51:03.638+0000][1099278][trace][gc,age      ] GC(187) - age   1:     540304 bytes,     540304 total
[2025-08-28T13:51:03.638+0000][1099278][trace][gc,age      ] GC(187) - age   2:      11624 bytes,     551928 total
[2025-08-28T13:51:03.638+0000][1099278][trace][gc,age      ] GC(187) - age   3:        240 bytes,     552168 total
[2025-08-28T13:51:03.638+0000][1099278][trace][gc,age      ] GC(187) - age   4:        816 bytes,     552984 total
[2025-08-28T13:51:03.638+0000][1099278][trace][gc,age      ] GC(187) - age   5:       2304 bytes,     555288 total
[2025-08-28T13:51:03.638+0000][1099278][trace][gc,age      ] GC(187) - age   6:       1328 bytes,     556616 total
[2025-08-28T13:51:03.638+0000][1099278][trace][gc,age      ] GC(187) - age   7:        544 bytes,     557160 total
[2025-08-28T13:51:03.638+0000][1099278][trace][gc,age      ] GC(187) - age   9:        160 bytes,     557320 total
[2025-08-28T13:51:03.638+0000][1099278][trace][gc,age      ] GC(187) - age  10:        280 bytes,     557600 total
[2025-08-28T13:51:03.638+0000][1099278][trace][gc,age      ] GC(187) - age  11:        848 bytes,     558448 total
[2025-08-28T13:51:03.638+0000][1099278][trace][gc,age      ] GC(187) - age  12:        336 bytes,     558784 total
[2025-08-28T13:51:03.638+0000][1099278][trace][gc,age      ] GC(187) - age  13:        880 bytes,     559664 total
[2025-08-28T13:51:03.638+0000][1099278][trace][gc,age      ] GC(187) - age  15:       1624 bytes,     561288 total
[2025-08-28T13:51:03.638+0000][1099278][info ][gc,heap     ] GC(187) Eden regions: 75->0(75)
[2025-08-28T13:51:03.638+0000][1099278][info ][gc,heap     ] GC(187) Survivor regions: 1->1(10)
[2025-08-28T13:51:03.638+0000][1099278][info ][gc,heap     ] GC(187) Old regions: 25->25
[2025-08-28T13:51:03.638+0000][1099278][info ][gc,heap     ] GC(187) Humongous regions: 0->0
[2025-08-28T13:51:03.638+0000][1099278][info ][gc,metaspace] GC(187) Metaspace: 139683K(143616K)->139683K(143616K) NonClass: 120674K(122688K)->120674K(122688K) Class: 19009K(20928K)->19009K(20928K)
[2025-08-28T13:51:03.638+0000][1099278][info ][gc          ] GC(187) Pause Young (Normal) (G1 Evacuation Pause) 400M->100M(512M) 1.803ms
[2025-08-28T13:51:03.638+0000][1099278][info ][gc,cpu      ] GC(187) User=0.01s Sys=0.00s Real=0.00s
[2025-08-28T13:51:03.638+0000][1099278][info ][safepoint   ] Safepoint "G1CollectForAllocation", Time since last: 4223492935 ns, Reaching safepoint: 13961 ns, Cleanup: 3996 ns, At safepoint: 1880275 ns, Total: 1898232 ns
[2025-08-28T13:51:07.861+0000][1099278][info ][gc,start    ] GC(188) Pause Young (Normal) (G1 Evacuation Pause)
[2025-08-28T13:51:07.861+0000][1099278][info ][gc,task     ] GC(188) Using 12 workers of 33 for evacuation
[2025-08-28T13:51:07.861+0000][1099278][debug][gc,age      ] GC(188) Desired survivor size 20971520 bytes, new threshold 15 (max threshold 15)
[2025-08-28T13:51:07.862+0000][1099278][info ][gc,phases   ] GC(188)   Pre Evacuate Collection Set: 0.1ms
[2025-08-28T13:51:07.862+0000][1099278][info ][gc,phases   ] GC(188)   Merge Heap Roots: 0.1ms
[2025-08-28T13:51:07.862+0000][1099278][info ][gc,phases   ] GC(188)   Evacuate Collection Set: 0.8ms
[2025-08-28T13:51:07.862+0000][1099278][info ][gc,phases   ] GC(188)   Post Evacuate Collection Set: 0.3ms
[2025-08-28T13:51:07.862+0000][1099278][info ][gc,phases   ] GC(188)   Other: 0.1ms
[2025-08-28T13:51:07.862+0000][1099278][trace][gc,age      ] GC(188) Age table with threshold 15 (max threshold 15)
[2025-08-28T13:51:07.862+0000][1099278][trace][gc,age      ] GC(188) - age   1:     566416 bytes,     566416 total
[2025-08-28T13:51:07.862+0000][1099278][trace][gc,age      ] GC(188) - age   2:       1112 bytes,     567528 total
[2025-08-28T13:51:07.862+0000][1099278][trace][gc,age      ] GC(188) - age   3:       1664 bytes,     569192 total
[2025-08-28T13:51:07.862+0000][1099278][trace][gc,age      ] GC(188) - age   5:        504 bytes,     569696 total
[2025-08-28T13:51:07.862+0000][1099278][trace][gc,age      ] GC(188) - age   6:       2304 bytes,     572000 total
[2025-08-28T13:51:07.862+0000][1099278][trace][gc,age      ] GC(188) - age   7:       1328 bytes,     573328 total
[2025-08-28T13:51:07.862+0000][1099278][trace][gc,age      ] GC(188) - age   8:        544 bytes,     573872 total
[2025-08-28T13:51:07.862+0000][1099278][trace][gc,age      ] GC(188) - age  10:        160 bytes,     574032 total
[2025-08-28T13:51:07.862+0000][1099278][trace][gc,age      ] GC(188) - age  11:        280 bytes,     574312 total
[2025-08-28T13:51:07.862+0000][1099278][trace][gc,age      ] GC(188) - age  12:        848 bytes,     575160 total
[2025-08-28T13:51:07.862+0000][1099278][trace][gc,age      ] GC(188) - age  13:        336 bytes,     575496 total
[2025-08-28T13:51:07.862+0000][1099278][trace][gc,age      ] GC(188) - age  14:        880 bytes,     576376 total
[2025-08-28T13:51:07.862+0000][1099278][info ][gc,heap     ] GC(188) Eden regions: 75->0(75)
[2025-08-28T13:51:07.863+0000][1099278][info ][gc,heap     ] GC(188) Survivor regions: 1->1(10)
[2025-08-28T13:51:07.863+0000][1099278][info ][gc,heap     ] GC(188) Old regions: 25->25
[2025-08-28T13:51:07.863+0000][1099278][info ][gc,heap     ] GC(188) Humongous regions: 0->0
[2025-08-28T13:51:07.863+0000][1099278][info ][gc,metaspace] GC(188) Metaspace: 139684K(143616K)->139684K(143616K) NonClass: 120675K(122688K)->120675K(122688K) Class: 19009K(20928K)->19009K(20928K)
[2025-08-28T13:51:07.863+0000][1099278][info ][gc          ] GC(188) Pause Young (Normal) (G1 Evacuation Pause) 400M->100M(512M) 1.505ms
[2025-08-28T13:51:07.863+0000][1099278][info ][gc,cpu      ] GC(188) User=0.00s Sys=0.00s Real=0.00s
[2025-08-28T13:51:07.863+0000][1099278][info ][safepoint   ] Safepoint "G1CollectForAllocation", Time since last: 4222899804 ns, Reaching safepoint: 13621 ns, Cleanup: 4627 ns, At safepoint: 1625752 ns, Total: 1644000 ns
[2025-08-28T13:51:11.887+0000][1099278][info ][gc,start    ] GC(189) Pause Young (Normal) (G1 Evacuation Pause)
[2025-08-28T13:51:11.887+0000][1099278][info ][gc,task     ] GC(189) Using 12 workers of 33 for evacuation
[2025-08-28T13:51:11.887+0000][1099278][debug][gc,age      ] GC(189) Desired survivor size 20971520 bytes, new threshold 15 (max threshold 15)
[2025-08-28T13:51:11.888+0000][1099278][info ][gc,phases   ] GC(189)   Pre Evacuate Collection Set: 0.1ms
[2025-08-28T13:51:11.888+0000][1099278][info ][gc,phases   ] GC(189)   Merge Heap Roots: 0.0ms
[2025-08-28T13:51:11.888+0000][1099278][info ][gc,phases   ] GC(189)   Evacuate Collection Set: 1.1ms
[2025-08-28T13:51:11.888+0000][1099278][info ][gc,phases   ] GC(189)   Post Evacuate Collection Set: 0.3ms
[2025-08-28T13:51:11.888+0000][1099278][info ][gc,phases   ] GC(189)   Other: 0.1ms
[2025-08-28T13:51:11.888+0000][1099278][trace][gc,age      ] GC(189) Age table with threshold 15 (max threshold 15)
[2025-08-28T13:51:11.888+0000][1099278][trace][gc,age      ] GC(189) - age   1:     539552 bytes,     539552 total
[2025-08-28T13:51:11.888+0000][1099278][trace][gc,age      ] GC(189) - age   2:      11936 bytes,     551488 total
[2025-08-28T13:51:11.888+0000][1099278][trace][gc,age      ] GC(189) - age   3:        576 bytes,     552064 total
[2025-08-28T13:51:11.888+0000][1099278][trace][gc,age      ] GC(189) - age   4:       1664 bytes,     553728 total
[2025-08-28T13:51:11.888+0000][1099278][trace][gc,age      ] GC(189) - age   6:        504 bytes,     554232 total
[2025-08-28T13:51:11.888+0000][1099278][trace][gc,age      ] GC(189) - age   7:       2304 bytes,     556536 total
[2025-08-28T13:51:11.888+0000][1099278][trace][gc,age      ] GC(189) - age   8:       1328 bytes,     557864 total
[2025-08-28T13:51:11.888+0000][1099278][trace][gc,age      ] GC(189) - age   9:        544 bytes,     558408 total
[2025-08-28T13:51:11.888+0000][1099278][trace][gc,age      ] GC(189) - age  11:        160 bytes,     558568 total
[2025-08-28T13:51:11.888+0000][1099278][trace][gc,age      ] GC(189) - age  12:        280 bytes,     558848 total
[2025-08-28T13:51:11.888+0000][1099278][trace][gc,age      ] GC(189) - age  13:        848 bytes,     559696 total
[2025-08-28T13:51:11.888+0000][1099278][trace][gc,age      ] GC(189) - age  14:        336 bytes,     560032 total
[2025-08-28T13:51:11.888+0000][1099278][trace][gc,age      ] GC(189) - age  15:        880 bytes,     560912 total
[2025-08-28T13:51:11.888+0000][1099278][info ][gc,heap     ] GC(189) Eden regions: 75->0(75)
[2025-08-28T13:51:11.888+0000][1099278][info ][gc,heap     ] GC(189) Survivor regions: 1->1(10)
[2025-08-28T13:51:11.888+0000][1099278][info ][gc,heap     ] GC(189) Old regions: 25->25
[2025-08-28T13:51:11.888+0000][1099278][info ][gc,heap     ] GC(189) Humongous regions: 0->0
[2025-08-28T13:51:11.888+0000][1099278][info ][gc,metaspace] GC(189) Metaspace: 139684K(143616K)->139684K(143616K) NonClass: 120675K(122688K)->120675K(122688K) Class: 19009K(20928K)->19009K(20928K)
[2025-08-28T13:51:11.888+0000][1099278][info ][gc          ] GC(189) Pause Young (Normal) (G1 Evacuation Pause) 400M->100M(512M) 1.880ms
[2025-08-28T13:51:11.888+0000][1099278][info ][gc,cpu      ] GC(189) User=0.00s Sys=0.00s Real=0.00s
[2025-08-28T13:51:11.888+0000][1099278][info ][safepoint   ] Safepoint "G1CollectForAllocation", Time since last: 4023815563 ns, Reaching safepoint: 45739 ns, Cleanup: 4146 ns, At safepoint: 1992854 ns, Total: 2042739 ns
[2025-08-28T13:51:14.889+0000][1099278][info ][safepoint   ] Safepoint "Cleanup", Time since last: 3000224102 ns, Reaching safepoint: 45318 ns, Cleanup: 12309 ns, At safepoint: 3024 ns, Total: 60651 ns
[2025-08-28T13:51:16.024+0000][1099278][info ][gc,start    ] GC(190) Pause Young (Normal) (G1 Evacuation Pause)
[2025-08-28T13:51:16.024+0000][1099278][info ][gc,task     ] GC(190) Using 12 workers of 33 for evacuation
[2025-08-28T13:51:16.024+0000][1099278][debug][gc,age      ] GC(190) Desired survivor size 20971520 bytes, new threshold 15 (max threshold 15)
[2025-08-28T13:51:16.026+0000][1099278][info ][gc,phases   ] GC(190)   Pre Evacuate Collection Set: 0.2ms
[2025-08-28T13:51:16.026+0000][1099278][info ][gc,phases   ] GC(190)   Merge Heap Roots: 0.0ms
[2025-08-28T13:51:16.026+0000][1099278][info ][gc,phases   ] GC(190)   Evacuate Collection Set: 1.0ms
[2025-08-28T13:51:16.026+0000][1099278][info ][gc,phases   ] GC(190)   Post Evacuate Collection Set: 0.3ms
[2025-08-28T13:51:16.026+0000][1099278][info ][gc,phases   ] GC(190)   Other: 0.0ms
[2025-08-28T13:51:16.026+0000][1099278][trace][gc,age      ] GC(190) Age table with threshold 15 (max threshold 15)
[2025-08-28T13:51:16.026+0000][1099278][trace][gc,age      ] GC(190) - age   1:     541424 bytes,     541424 total
[2025-08-28T13:51:16.026+0000][1099278][trace][gc,age      ] GC(190) - age   3:      11408 bytes,     552832 total
[2025-08-28T13:51:16.026+0000][1099278][trace][gc,age      ] GC(190) - age   4:        576 bytes,     553408 total
[2025-08-28T13:51:16.026+0000][1099278][trace][gc,age      ] GC(190) - age   5:       1664 bytes,     555072 total
[2025-08-28T13:51:16.026+0000][1099278][trace][gc,age      ] GC(190) - age   7:        504 bytes,     555576 total
[2025-08-28T13:51:16.026+0000][1099278][trace][gc,age      ] GC(190) - age   8:       1072 bytes,     556648 total
[2025-08-28T13:51:16.026+0000][1099278][trace][gc,age      ] GC(190) - age   9:       1328 bytes,     557976 total
[2025-08-28T13:51:16.026+0000][1099278][trace][gc,age      ] GC(190) - age  10:        544 bytes,     558520 total
[2025-08-28T13:51:16.026+0000][1099278][trace][gc,age      ] GC(190) - age  12:        160 bytes,     558680 total
[2025-08-28T13:51:16.026+0000][1099278][trace][gc,age      ] GC(190) - age  13:        280 bytes,     558960 total
[2025-08-28T13:51:16.026+0000][1099278][trace][gc,age      ] GC(190) - age  14:        848 bytes,     559808 total
[2025-08-28T13:51:16.026+0000][1099278][trace][gc,age      ] GC(190) - age  15:        224 bytes,     560032 total
[2025-08-28T13:51:16.026+0000][1099278][info ][gc,heap     ] GC(190) Eden regions: 75->0(75)
[2025-08-28T13:51:16.026+0000][1099278][info ][gc,heap     ] GC(190) Survivor regions: 1->1(10)
[2025-08-28T13:51:16.026+0000][1099278][info ][gc,heap     ] GC(190) Old regions: 25->25
[2025-08-28T13:51:16.026+0000][1099278][info ][gc,heap     ] GC(190) Humongous regions: 0->0
[2025-08-28T13:51:16.026+0000][1099278][info ][gc,metaspace] GC(190) Metaspace: 139684K(143616K)->139684K(143616K) NonClass: 120675K(122688K)->120675K(122688K) Class: 19009K(20928K)->19009K(20928K)
[2025-08-28T13:51:16.026+0000][1099278][info ][gc          ] GC(190) Pause Young (Normal) (G1 Evacuation Pause) 400M->100M(512M) 1.706ms
[2025-08-28T13:51:16.026+0000][1099278][info ][gc,cpu      ] GC(190) User=0.00s Sys=0.00s Real=0.00s
[2025-08-28T13:51:16.026+0000][1099278][info ][safepoint   ] Safepoint "G1CollectForAllocation", Time since last: 1135203707 ns, Reaching safepoint: 13861 ns, Cleanup: 4146 ns, At safepoint: 1784812 ns, Total: 1802819 ns
[2025-08-28T13:51:20.212+0000][1099278][info ][gc,start    ] GC(191) Pause Young (Normal) (G1 Evacuation Pause)
[2025-08-28T13:51:20.212+0000][1099278][info ][gc,task     ] GC(191) Using 12 workers of 33 for evacuation
[2025-08-28T13:51:20.212+0000][1099278][debug][gc,age      ] GC(191) Desired survivor size 20971520 bytes, new threshold 15 (max threshold 15)
[2025-08-28T13:51:20.214+0000][1099278][info ][gc,phases   ] GC(191)   Pre Evacuate Collection Set: 0.1ms
[2025-08-28T13:51:20.214+0000][1099278][info ][gc,phases   ] GC(191)   Merge Heap Roots: 0.0ms
[2025-08-28T13:51:20.214+0000][1099278][info ][gc,phases   ] GC(191)   Evacuate Collection Set: 1.0ms
[2025-08-28T13:51:20.214+0000][1099278][info ][gc,phases   ] GC(191)   Post Evacuate Collection Set: 0.3ms
[2025-08-28T13:51:20.214+0000][1099278][info ][gc,phases   ] GC(191)   Other: 0.1ms
[2025-08-28T13:51:20.214+0000][1099278][trace][gc,age      ] GC(191) Age table with threshold 15 (max threshold 15)
[2025-08-28T13:51:20.214+0000][1099278][trace][gc,age      ] GC(191) - age   1:     551960 bytes,     551960 total
[2025-08-28T13:51:20.214+0000][1099278][trace][gc,age      ] GC(191) - age   2:       1488 bytes,     553448 total
[2025-08-28T13:51:20.214+0000][1099278][trace][gc,age      ] GC(191) - age   4:       1560 bytes,     555008 total
[2025-08-28T13:51:20.214+0000][1099278][trace][gc,age      ] GC(191) - age   5:        576 bytes,     555584 total
[2025-08-28T13:51:20.214+0000][1099278][trace][gc,age      ] GC(191) - age   6:       1352 bytes,     556936 total
[2025-08-28T13:51:20.214+0000][1099278][trace][gc,age      ] GC(191) - age   8:        192 bytes,     557128 total
[2025-08-28T13:51:20.214+0000][1099278][trace][gc,age      ] GC(191) - age   9:        336 bytes,     557464 total
[2025-08-28T13:51:20.214+0000][1099278][trace][gc,age      ] GC(191) - age  10:       1328 bytes,     558792 total
[2025-08-28T13:51:20.214+0000][1099278][trace][gc,age      ] GC(191) - age  11:        544 bytes,     559336 total
[2025-08-28T13:51:20.214+0000][1099278][trace][gc,age      ] GC(191) - age  13:        160 bytes,     559496 total
[2025-08-28T13:51:20.214+0000][1099278][trace][gc,age      ] GC(191) - age  14:        280 bytes,     559776 total
[2025-08-28T13:51:20.214+0000][1099278][trace][gc,age      ] GC(191) - age  15:        848 bytes,     560624 total
[2025-08-28T13:51:20.214+0000][1099278][info ][gc,heap     ] GC(191) Eden regions: 75->0(75)
[2025-08-28T13:51:20.214+0000][1099278][info ][gc,heap     ] GC(191) Survivor regions: 1->1(10)
[2025-08-28T13:51:20.214+0000][1099278][info ][gc,heap     ] GC(191) Old regions: 25->25
[2025-08-28T13:51:20.214+0000][1099278][info ][gc,heap     ] GC(191) Humongous regions: 0->0
[2025-08-28T13:51:20.214+0000][1099278][info ][gc,metaspace] GC(191) Metaspace: 139688K(143616K)->139688K(143616K) NonClass: 120679K(122688K)->120679K(122688K) Class: 19009K(20928K)->19009K(20928K)
[2025-08-28T13:51:20.214+0000][1099278][info ][gc          ] GC(191) Pause Young (Normal) (G1 Evacuation Pause) 400M->100M(512M) 1.656ms
[2025-08-28T13:51:20.214+0000][1099278][info ][gc,cpu      ] GC(191) User=0.01s Sys=0.00s Real=0.00s
[2025-08-28T13:51:20.214+0000][1099278][info ][safepoint   ] Safepoint "G1CollectForAllocation", Time since last: 4186432082 ns, Reaching safepoint: 39830 ns, Cleanup: 3785 ns, At safepoint: 1728607 ns, Total: 1772222 ns
[2025-08-28T13:51:23.214+0000][1099278][info ][safepoint   ] Safepoint "Cleanup", Time since last: 3000198644 ns, Reaching safepoint: 13370 ns, Cleanup: 10766 ns, At safepoint: 2474 ns, Total: 26610 ns
[2025-08-28T13:51:24.262+0000][1099278][info ][gc,start    ] GC(192) Pause Young (Normal) (G1 Evacuation Pause)
[2025-08-28T13:51:24.262+0000][1099278][info ][gc,task     ] GC(192) Using 12 workers of 33 for evacuation
[2025-08-28T13:51:24.262+0000][1099278][debug][gc,age      ] GC(192) Desired survivor size 20971520 bytes, new threshold 15 (max threshold 15)
[2025-08-28T13:51:24.264+0000][1099278][info ][gc,phases   ] GC(192)   Pre Evacuate Collection Set: 0.1ms
[2025-08-28T13:51:24.264+0000][1099278][info ][gc,phases   ] GC(192)   Merge Heap Roots: 0.1ms
[2025-08-28T13:51:24.264+0000][1099278][info ][gc,phases   ] GC(192)   Evacuate Collection Set: 0.9ms
[2025-08-28T13:51:24.264+0000][1099278][info ][gc,phases   ] GC(192)   Post Evacuate Collection Set: 0.3ms
[2025-08-28T13:51:24.264+0000][1099278][info ][gc,phases   ] GC(192)   Other: 0.0ms
[2025-08-28T13:51:24.264+0000][1099278][trace][gc,age      ] GC(192) Age table with threshold 15 (max threshold 15)
[2025-08-28T13:51:24.264+0000][1099278][trace][gc,age      ] GC(192) - age   1:     539648 bytes,     539648 total
[2025-08-28T13:51:24.264+0000][1099278][trace][gc,age      ] GC(192) - age   2:      12232 bytes,     551880 total
[2025-08-28T13:51:24.264+0000][1099278][trace][gc,age      ] GC(192) - age   3:       1488 bytes,     553368 total
[2025-08-28T13:51:24.264+0000][1099278][trace][gc,age      ] GC(192) - age   5:       1560 bytes,     554928 total
[2025-08-28T13:51:24.264+0000][1099278][trace][gc,age      ] GC(192) - age   6:        576 bytes,     555504 total
[2025-08-28T13:51:24.264+0000][1099278][trace][gc,age      ] GC(192) - age   7:       1352 bytes,     556856 total
[2025-08-28T13:51:24.264+0000][1099278][trace][gc,age      ] GC(192) - age   9:        192 bytes,     557048 total
[2025-08-28T13:51:24.264+0000][1099278][trace][gc,age      ] GC(192) - age  10:        336 bytes,     557384 total
[2025-08-28T13:51:24.264+0000][1099278][trace][gc,age      ] GC(192) - age  11:       1328 bytes,     558712 total
[2025-08-28T13:51:24.264+0000][1099278][trace][gc,age      ] GC(192) - age  12:        544 bytes,     559256 total
[2025-08-28T13:51:24.264+0000][1099278][trace][gc,age      ] GC(192) - age  14:        160 bytes,     559416 total
[2025-08-28T13:51:24.264+0000][1099278][trace][gc,age      ] GC(192) - age  15:        248 bytes,     559664 total
[2025-08-28T13:51:24.264+0000][1099278][info ][gc,heap     ] GC(192) Eden regions: 75->0(75)
[2025-08-28T13:51:24.264+0000][1099278][info ][gc,heap     ] GC(192) Survivor regions: 1->1(10)
[2025-08-28T13:51:24.264+0000][1099278][info ][gc,heap     ] GC(192) Old regions: 25->25
[2025-08-28T13:51:24.264+0000][1099278][info ][gc,heap     ] GC(192) Humongous regions: 0->0
[2025-08-28T13:51:24.264+0000][1099278][info ][gc,metaspace] GC(192) Metaspace: 139691K(143616K)->139691K(143616K) NonClass: 120682K(122688K)->120682K(122688K) Class: 19009K(20928K)->19009K(20928K)
[2025-08-28T13:51:24.264+0000][1099278][info ][gc          ] GC(192) Pause Young (Normal) (G1 Evacuation Pause) 400M->100M(512M) 1.612ms
[2025-08-28T13:51:24.264+0000][1099278][info ][gc,cpu      ] GC(192) User=0.01s Sys=0.00s Real=0.00s
[2025-08-28T13:51:24.264+0000][1099278][info ][safepoint   ] Safepoint "G1CollectForAllocation", Time since last: 1048000085 ns, Reaching safepoint: 13510 ns, Cleanup: 3856 ns, At safepoint: 1690650 ns, Total: 1708016 ns
[2025-08-28T13:51:26.264+0000][1099278][info ][safepoint   ] Safepoint "Cleanup", Time since last: 2000170867 ns, Reaching safepoint: 40501 ns, Cleanup: 11787 ns, At safepoint: 3045 ns, Total: 55333 ns
[2025-08-28T13:51:28.517+0000][1099278][info ][gc,start    ] GC(193) Pause Young (Normal) (G1 Evacuation Pause)
[2025-08-28T13:51:28.517+0000][1099278][info ][gc,task     ] GC(193) Using 12 workers of 33 for evacuation
[2025-08-28T13:51:28.517+0000][1099278][debug][gc,age      ] GC(193) Desired survivor size 20971520 bytes, new threshold 15 (max threshold 15)
[2025-08-28T13:51:28.518+0000][1099278][info ][gc,phases   ] GC(193)   Pre Evacuate Collection Set: 0.1ms
[2025-08-28T13:51:28.518+0000][1099278][info ][gc,phases   ] GC(193)   Merge Heap Roots: 0.1ms
[2025-08-28T13:51:28.518+0000][1099278][info ][gc,phases   ] GC(193)   Evacuate Collection Set: 0.7ms
[2025-08-28T13:51:28.518+0000][1099278][info ][gc,phases   ] GC(193)   Post Evacuate Collection Set: 0.4ms
[2025-08-28T13:51:28.518+0000][1099278][info ][gc,phases   ] GC(193)   Other: 0.1ms
[2025-08-28T13:51:28.518+0000][1099278][trace][gc,age      ] GC(193) Age table with threshold 15 (max threshold 15)
[2025-08-28T13:51:28.518+0000][1099278][trace][gc,age      ] GC(193) - age   1:     566440 bytes,     566440 total
[2025-08-28T13:51:28.518+0000][1099278][trace][gc,age      ] GC(193) - age   2:         32 bytes,     566472 total
[2025-08-28T13:51:28.518+0000][1099278][trace][gc,age      ] GC(193) - age   3:       1960 bytes,     568432 total
[2025-08-28T13:51:28.518+0000][1099278][trace][gc,age      ] GC(193) - age   4:       1248 bytes,     569680 total
[2025-08-28T13:51:28.518+0000][1099278][trace][gc,age      ] GC(193) - age   6:       1560 bytes,     571240 total
[2025-08-28T13:51:28.518+0000][1099278][trace][gc,age      ] GC(193) - age   7:        576 bytes,     571816 total
[2025-08-28T13:51:28.518+0000][1099278][trace][gc,age      ] GC(193) - age   8:       1352 bytes,     573168 total
[2025-08-28T13:51:28.518+0000][1099278][trace][gc,age      ] GC(193) - age  10:        192 bytes,     573360 total
[2025-08-28T13:51:28.518+0000][1099278][trace][gc,age      ] GC(193) - age  11:        336 bytes,     573696 total
[2025-08-28T13:51:28.518+0000][1099278][trace][gc,age      ] GC(193) - age  12:       1328 bytes,     575024 total
[2025-08-28T13:51:28.518+0000][1099278][trace][gc,age      ] GC(193) - age  13:        544 bytes,     575568 total
[2025-08-28T13:51:28.518+0000][1099278][trace][gc,age      ] GC(193) - age  15:        160 bytes,     575728 total
[2025-08-28T13:51:28.518+0000][1099278][info ][gc,heap     ] GC(193) Eden regions: 75->0(75)
[2025-08-28T13:51:28.518+0000][1099278][info ][gc,heap     ] GC(193) Survivor regions: 1->1(10)
[2025-08-28T13:51:28.518+0000][1099278][info ][gc,heap     ] GC(193) Old regions: 25->25
[2025-08-28T13:51:28.518+0000][1099278][info ][gc,heap     ] GC(193) Humongous regions: 0->0
[2025-08-28T13:51:28.518+0000][1099278][info ][gc,metaspace] GC(193) Metaspace: 139691K(143616K)->139691K(143616K) NonClass: 120682K(122688K)->120682K(122688K) Class: 19009K(20928K)->19009K(20928K)
[2025-08-28T13:51:28.518+0000][1099278][info ][gc          ] GC(193) Pause Young (Normal) (G1 Evacuation Pause) 400M->100M(512M) 1.519ms
[2025-08-28T13:51:28.518+0000][1099278][info ][gc,cpu      ] GC(193) User=0.00s Sys=0.00s Real=0.00s
[2025-08-28T13:51:28.518+0000][1099278][info ][safepoint   ] Safepoint "G1CollectForAllocation", Time since last: 2252437584 ns, Reaching safepoint: 13480 ns, Cleanup: 10636 ns, At safepoint: 1681507 ns, Total: 1705623 ns
[2025-08-28T13:51:31.519+0000][1099278][info ][safepoint   ] Safepoint "Cleanup", Time since last: 3000259585 ns, Reaching safepoint: 51127 ns, Cleanup: 20450 ns, At safepoint: 3486 ns, Total: 75063 ns
[2025-08-28T13:51:32.730+0000][1099278][info ][gc,start    ] GC(194) Pause Young (Normal) (G1 Evacuation Pause)
[2025-08-28T13:51:32.730+0000][1099278][info ][gc,task     ] GC(194) Using 12 workers of 33 for evacuation
[2025-08-28T13:51:32.730+0000][1099278][debug][gc,age      ] GC(194) Desired survivor size 20971520 bytes, new threshold 15 (max threshold 15)
[2025-08-28T13:51:32.731+0000][1099278][info ][gc,phases   ] GC(194)   Pre Evacuate Collection Set: 0.2ms
[2025-08-28T13:51:32.731+0000][1099278][info ][gc,phases   ] GC(194)   Merge Heap Roots: 0.0ms
[2025-08-28T13:51:32.731+0000][1099278][info ][gc,phases   ] GC(194)   Evacuate Collection Set: 1.0ms
[2025-08-28T13:51:32.731+0000][1099278][info ][gc,phases   ] GC(194)   Post Evacuate Collection Set: 0.4ms
[2025-08-28T13:51:32.731+0000][1099278][info ][gc,phases   ] GC(194)   Other: 0.1ms
[2025-08-28T13:51:32.731+0000][1099278][trace][gc,age      ] GC(194) Age table with threshold 15 (max threshold 15)
[2025-08-28T13:51:32.731+0000][1099278][trace][gc,age      ] GC(194) - age   1:     539488 bytes,     539488 total
[2025-08-28T13:51:32.731+0000][1099278][trace][gc,age      ] GC(194) - age   2:      11424 bytes,     550912 total
[2025-08-28T13:51:32.731+0000][1099278][trace][gc,age      ] GC(194) - age   3:         32 bytes,     550944 total
[2025-08-28T13:51:32.731+0000][1099278][trace][gc,age      ] GC(194) - age   4:       1960 bytes,     552904 total
[2025-08-28T13:51:32.731+0000][1099278][trace][gc,age      ] GC(194) - age   5:       1248 bytes,     554152 total
[2025-08-28T13:51:32.731+0000][1099278][trace][gc,age      ] GC(194) - age   7:       1560 bytes,     555712 total
[2025-08-28T13:51:32.731+0000][1099278][trace][gc,age      ] GC(194) - age   8:        352 bytes,     556064 total
[2025-08-28T13:51:32.731+0000][1099278][trace][gc,age      ] GC(194) - age   9:       1352 bytes,     557416 total
[2025-08-28T13:51:32.731+0000][1099278][trace][gc,age      ] GC(194) - age  11:        192 bytes,     557608 total
[2025-08-28T13:51:32.731+0000][1099278][trace][gc,age      ] GC(194) - age  12:        336 bytes,     557944 total
[2025-08-28T13:51:32.731+0000][1099278][trace][gc,age      ] GC(194) - age  13:       1328 bytes,     559272 total
[2025-08-28T13:51:32.731+0000][1099278][trace][gc,age      ] GC(194) - age  14:        544 bytes,     559816 total
[2025-08-28T13:51:32.731+0000][1099278][info ][gc,heap     ] GC(194) Eden regions: 75->0(75)
[2025-08-28T13:51:32.731+0000][1099278][info ][gc,heap     ] GC(194) Survivor regions: 1->1(10)
[2025-08-28T13:51:32.731+0000][1099278][info ][gc,heap     ] GC(194) Old regions: 25->25
[2025-08-28T13:51:32.731+0000][1099278][info ][gc,heap     ] GC(194) Humongous regions: 0->0
[2025-08-28T13:51:32.731+0000][1099278][info ][gc,metaspace] GC(194) Metaspace: 139691K(143616K)->139691K(143616K) NonClass: 120682K(122688K)->120682K(122688K) Class: 19009K(20928K)->19009K(20928K)
[2025-08-28T13:51:32.732+0000][1099278][info ][gc          ] GC(194) Pause Young (Normal) (G1 Evacuation Pause) 400M->100M(512M) 1.854ms
[2025-08-28T13:51:32.732+0000][1099278][info ][gc,cpu      ] GC(194) User=0.01s Sys=0.00s Real=0.01s
[2025-08-28T13:51:32.732+0000][1099278][info ][safepoint   ] Safepoint "G1CollectForAllocation", Time since last: 1210997335 ns, Reaching safepoint: 14562 ns, Cleanup: 11758 ns, At safepoint: 1992644 ns, Total: 2018964 ns
[2025-08-28T13:51:33.732+0000][1099278][info ][safepoint   ] Safepoint "Cleanup", Time since last: 1000101848 ns, Reaching safepoint: 16985 ns, Cleanup: 35033 ns, At safepoint: 4186 ns, Total: 56204 ns
[2025-08-28T13:51:34.732+0000][1099278][info ][safepoint   ] Safepoint "Cleanup", Time since last: 1000127427 ns, Reaching safepoint: 51467 ns, Cleanup: 19009 ns, At safepoint: 6620 ns, Total: 77096 ns
[2025-08-28T13:51:35.732+0000][1099278][info ][safepoint   ] Safepoint "Cleanup", Time since last: 1000122869 ns, Reaching safepoint: 17867 ns, Cleanup: 18788 ns, At safepoint: 3636 ns, Total: 40291 ns
[2025-08-28T13:51:37.677+0000][1099278][info ][safepoint   ] Safepoint "Cleanup", Time since last: 1937458322 ns, Reaching safepoint: 7367700 ns, Cleanup: 54942 ns, At safepoint: 6070 ns, Total: 7428712 ns
[2025-08-28T13:51:38.677+0000][1099278][info ][safepoint   ] Safepoint "Cleanup", Time since last: 1000102869 ns, Reaching safepoint: 12749 ns, Cleanup: 47141 ns, At safepoint: 3045 ns, Total: 62935 ns
[2025-08-28T13:51:46.678+0000][1099278][info ][safepoint   ] Safepoint "Cleanup", Time since last: 8000534197 ns, Reaching safepoint: 50295 ns, Cleanup: 21733 ns, At safepoint: 3065 ns, Total: 75093 ns
[2025-08-28T13:51:47.678+0000][1099278][info ][safepoint   ] Safepoint "Cleanup", Time since last: 1000071803 ns, Reaching safepoint: 9404 ns, Cleanup: 6239 ns, At safepoint: 2043 ns, Total: 17686 ns
[2025-08-28T13:51:48.678+0000][1099278][info ][safepoint   ] Safepoint "Cleanup", Time since last: 1000055669 ns, Reaching safepoint: 10586 ns, Cleanup: 6860 ns, At safepoint: 2173 ns, Total: 19619 ns
[2025-08-28T13:51:51.678+0000][1099278][info ][safepoint   ] Safepoint "Cleanup", Time since last: 3000151534 ns, Reaching safepoint: 41462 ns, Cleanup: 12298 ns, At safepoint: 2915 ns, Total: 56675 ns
[2025-08-28T13:51:55.678+0000][1099278][info ][safepoint   ] Safepoint "Cleanup", Time since last: 4000217487 ns, Reaching safepoint: 41693 ns, Cleanup: 12078 ns, At safepoint: 5268 ns, Total: 59039 ns
[2025-08-28T13:52:02.946+0000][1099278][info ][safepoint   ] Safepoint "Cleanup", Time since last: 7267885990 ns, Reaching safepoint: 11978 ns, Cleanup: 10085 ns, At safepoint: 2644 ns, Total: 24707 ns
[2025-08-28T13:52:03.946+0000][1099278][info ][safepoint   ] Safepoint "Cleanup", Time since last: 1000056690 ns, Reaching safepoint: 9755 ns, Cleanup: 13921 ns, At safepoint: 2424 ns, Total: 26100 ns
[2025-08-28T13:52:04.947+0000][1099278][info ][safepoint   ] Safepoint "Cleanup", Time since last: 1000069038 ns, Reaching safepoint: 9114 ns, Cleanup: 4657 ns, At safepoint: 1903 ns, Total: 15674 ns
[2025-08-28T13:52:24.948+0000][1099278][info ][safepoint   ] Safepoint "Cleanup", Time since last: 20001024162 ns, Reaching safepoint: 173651 ns, Cleanup: 8282 ns, At safepoint: 2694 ns, Total: 184627 ns
[2025-08-28T13:52:44.949+0000][1099278][info ][safepoint   ] Safepoint "Cleanup", Time since last: 20001205895 ns, Reaching safepoint: 43185 ns, Cleanup: 11598 ns, At safepoint: 2744 ns, Total: 57527 ns
[2025-08-28T13:52:59.669+0000][1099278][info ][gc,start    ] GC(195) Pause Young (Normal) (G1 Evacuation Pause)
[2025-08-28T13:52:59.669+0000][1099278][info ][gc,task     ] GC(195) Using 12 workers of 33 for evacuation
[2025-08-28T13:52:59.669+0000][1099278][debug][gc,age      ] GC(195) Desired survivor size 20971520 bytes, new threshold 15 (max threshold 15)
[2025-08-28T13:52:59.671+0000][1099278][info ][gc,phases   ] GC(195)   Pre Evacuate Collection Set: 0.1ms
[2025-08-28T13:52:59.671+0000][1099278][info ][gc,phases   ] GC(195)   Merge Heap Roots: 0.1ms
[2025-08-28T13:52:59.671+0000][1099278][info ][gc,phases   ] GC(195)   Evacuate Collection Set: 1.1ms
[2025-08-28T13:52:59.671+0000][1099278][info ][gc,phases   ] GC(195)   Post Evacuate Collection Set: 0.4ms
[2025-08-28T13:52:59.671+0000][1099278][info ][gc,phases   ] GC(195)   Other: 0.1ms
[2025-08-28T13:52:59.671+0000][1099278][trace][gc,age      ] GC(195) Age table with threshold 15 (max threshold 15)
[2025-08-28T13:52:59.671+0000][1099278][trace][gc,age      ] GC(195) - age   1:    2476320 bytes,    2476320 total
[2025-08-28T13:52:59.671+0000][1099278][trace][gc,age      ] GC(195) - age   2:        360 bytes,    2476680 total
[2025-08-28T13:52:59.671+0000][1099278][trace][gc,age      ] GC(195) - age   3:        160 bytes,    2476840 total
[2025-08-28T13:52:59.671+0000][1099278][trace][gc,age      ] GC(195) - age   5:        704 bytes,    2477544 total
[2025-08-28T13:52:59.671+0000][1099278][trace][gc,age      ] GC(195) - age   8:        560 bytes,    2478104 total
[2025-08-28T13:52:59.671+0000][1099278][trace][gc,age      ] GC(195) - age  10:       1192 bytes,    2479296 total
[2025-08-28T13:52:59.671+0000][1099278][trace][gc,age      ] GC(195) - age  13:        112 bytes,    2479408 total
[2025-08-28T13:52:59.671+0000][1099278][trace][gc,age      ] GC(195) - age  14:       1328 bytes,    2480736 total
[2025-08-28T13:52:59.671+0000][1099278][trace][gc,age      ] GC(195) - age  15:        384 bytes,    2481120 total
[2025-08-28T13:52:59.671+0000][1099278][info ][gc,heap     ] GC(195) Eden regions: 75->0(75)
[2025-08-28T13:52:59.671+0000][1099278][info ][gc,heap     ] GC(195) Survivor regions: 1->1(10)
[2025-08-28T13:52:59.671+0000][1099278][info ][gc,heap     ] GC(195) Old regions: 25->25
[2025-08-28T13:52:59.671+0000][1099278][info ][gc,heap     ] GC(195) Humongous regions: 0->0
[2025-08-28T13:52:59.671+0000][1099278][info ][gc,metaspace] GC(195) Metaspace: 139779K(143680K)->139779K(143680K) NonClass: 120761K(122752K)->120761K(122752K) Class: 19018K(20928K)->19018K(20928K)
[2025-08-28T13:52:59.671+0000][1099278][info ][gc          ] GC(195) Pause Young (Normal) (G1 Evacuation Pause) 400M->102M(512M) 1.891ms
[2025-08-28T13:52:59.671+0000][1099278][info ][gc,cpu      ] GC(195) User=0.01s Sys=0.00s Real=0.01s
[2025-08-28T13:52:59.671+0000][1099278][info ][safepoint   ] Safepoint "G1CollectForAllocation", Time since last: 14720032689 ns, Reaching safepoint: 13120 ns, Cleanup: 4196 ns, At safepoint: 1964872 ns, Total: 1982188 ns
[2025-08-28T13:53:04.671+0000][1099278][info ][safepoint   ] Safepoint "Cleanup", Time since last: 5000373708 ns, Reaching safepoint: 12499 ns, Cleanup: 12569 ns, At safepoint: 2944 ns, Total: 28012 ns
[2025-08-28T13:53:16.672+0000][1099278][info ][safepoint   ] Safepoint "Cleanup", Time since last: 12000890003 ns, Reaching safepoint: 42114 ns, Cleanup: 13590 ns, At safepoint: 2744 ns, Total: 58448 ns
[2025-08-28T13:54:16.676+0000][1099278][info ][safepoint   ] Safepoint "Cleanup", Time since last: 60003922995 ns, Reaching safepoint: 43826 ns, Cleanup: 13510 ns, At safepoint: 2554 ns, Total: 59890 ns
[2025-08-28T13:55:00.680+0000][1099278][info ][safepoint   ] Safepoint "Cleanup", Time since last: 44003394332 ns, Reaching safepoint: 41974 ns, Cleanup: 21522 ns, At safepoint: 2844 ns, Total: 66340 ns
[2025-08-28T13:55:16.681+0000][1099278][info ][safepoint   ] Safepoint "Cleanup", Time since last: 16001225082 ns, Reaching safepoint: 71858 ns, Cleanup: 11638 ns, At safepoint: 5148 ns, Total: 88644 ns
[2025-08-28T13:56:16.685+0000][1099278][info ][safepoint   ] Safepoint "Cleanup", Time since last: 60003718266 ns, Reaching safepoint: 45308 ns, Cleanup: 11377 ns, At safepoint: 5539 ns, Total: 62224 ns
[2025-08-28T13:56:23.685+0000][1099278][info ][safepoint   ] Safepoint "Cleanup", Time since last: 7000502955 ns, Reaching safepoint: 66731 ns, Cleanup: 11437 ns, At safepoint: 5398 ns, Total: 83566 ns
[2025-08-28T13:56:38.687+0000][1099278][info ][safepoint   ] Safepoint "Cleanup", Time since last: 15001060844 ns, Reaching safepoint: 51236 ns, Cleanup: 20802 ns, At safepoint: 2994 ns, Total: 75032 ns
[2025-08-28T13:57:03.688+0000][1099278][info ][safepoint   ] Safepoint "Cleanup", Time since last: 25001749316 ns, Reaching safepoint: 11837 ns, Cleanup: 11387 ns, At safepoint: 37166 ns, Total: 60390 ns
[2025-08-28T13:58:16.693+0000][1099278][info ][safepoint   ] Safepoint "Cleanup", Time since last: 73004991975 ns, Reaching safepoint: 46169 ns, Cleanup: 12689 ns, At safepoint: 2955 ns, Total: 61813 ns
[2025-08-28T13:58:26.695+0000][1099278][info ][safepoint   ] Safepoint "Cleanup", Time since last: 10001037399 ns, Reaching safepoint: 64747 ns, Cleanup: 11427 ns, At safepoint: 2724 ns, Total: 78898 ns
[2025-08-28T13:58:34.695+0000][1099278][info ][safepoint   ] Safepoint "Cleanup", Time since last: 8000556777 ns, Reaching safepoint: 45769 ns, Cleanup: 11647 ns, At safepoint: 5228 ns, Total: 62644 ns
[2025-08-28T13:58:35.695+0000][1099278][info ][safepoint   ] Safepoint "Cleanup", Time since last: 1000098398 ns, Reaching safepoint: 11968 ns, Cleanup: 12609 ns, At safepoint: 2554 ns, Total: 27131 ns
[2025-08-28T13:58:46.696+0000][1099278][info ][safepoint   ] Safepoint "Cleanup", Time since last: 11000826422 ns, Reaching safepoint: 45769 ns, Cleanup: 13961 ns, At safepoint: 2634 ns, Total: 62364 ns
[2025-08-28T13:58:50.697+0000][1099278][info ][safepoint   ] Safepoint "Cleanup", Time since last: 4000341082 ns, Reaching safepoint: 38929 ns, Cleanup: 11287 ns, At safepoint: 2694 ns, Total: 52910 ns
[2025-08-28T13:59:13.698+0000][1099278][info ][safepoint   ] Safepoint "Cleanup", Time since last: 23001517720 ns, Reaching safepoint: 45879 ns, Cleanup: 10706 ns, At safepoint: 5268 ns, Total: 61853 ns
[2025-08-28T13:59:35.700+0000][1099278][info ][safepoint   ] Safepoint "Cleanup", Time since last: 22001519664 ns, Reaching safepoint: 46761 ns, Cleanup: 11547 ns, At safepoint: 2844 ns, Total: 61152 ns
[2025-08-28T13:59:45.701+0000][1099278][info ][safepoint   ] Safepoint "Cleanup", Time since last: 10000727863 ns, Reaching safepoint: 47111 ns, Cleanup: 15584 ns, At safepoint: 2734 ns, Total: 65429 ns
[2025-08-28T13:59:46.701+0000][1099278][info ][safepoint   ] Safepoint "Cleanup", Time since last: 1000129360 ns, Reaching safepoint: 47301 ns, Cleanup: 13310 ns, At safepoint: 5408 ns, Total: 66019 ns
[2025-08-28T13:59:54.701+0000][1099278][info ][safepoint   ] Safepoint "Cleanup", Time since last: 8000588612 ns, Reaching safepoint: 49104 ns, Cleanup: 11658 ns, At safepoint: 2784 ns, Total: 63546 ns
[2025-08-28T13:59:55.702+0000][1099278][info ][safepoint   ] Safepoint "Cleanup", Time since last: 1000127417 ns, Reaching safepoint: 18698 ns, Cleanup: 11237 ns, At safepoint: 2724 ns, Total: 32659 ns
[2025-08-28T14:00:43.705+0000][1099278][info ][safepoint   ] Safepoint "Cleanup", Time since last: 48003263304 ns, Reaching safepoint: 47451 ns, Cleanup: 11307 ns, At safepoint: 5218 ns, Total: 63976 ns
[2025-08-28T14:01:01.706+0000][1099278][info ][safepoint   ] Safepoint "Cleanup", Time since last: 18001354031 ns, Reaching safepoint: 73160 ns, Cleanup: 11337 ns, At safepoint: 2664 ns, Total: 87161 ns
[2025-08-28T14:01:17.708+0000][1099278][info ][safepoint   ] Safepoint "Cleanup", Time since last: 16001194305 ns, Reaching safepoint: 57556 ns, Cleanup: 13000 ns, At safepoint: 2744 ns, Total: 73300 ns
[2025-08-28T14:01:25.182+0000][1099278][info ][gc,start    ] GC(196) Pause Young (Normal) (G1 Evacuation Pause)
[2025-08-28T14:01:25.182+0000][1099278][info ][gc,task     ] GC(196) Using 12 workers of 33 for evacuation
[2025-08-28T14:01:25.182+0000][1099278][debug][gc,age      ] GC(196) Desired survivor size 20971520 bytes, new threshold 15 (max threshold 15)
[2025-08-28T14:01:25.184+0000][1099278][info ][gc,phases   ] GC(196)   Pre Evacuate Collection Set: 0.2ms
[2025-08-28T14:01:25.184+0000][1099278][info ][gc,phases   ] GC(196)   Merge Heap Roots: 0.1ms
[2025-08-28T14:01:25.184+0000][1099278][info ][gc,phases   ] GC(196)   Evacuate Collection Set: 1.1ms
[2025-08-28T14:01:25.184+0000][1099278][info ][gc,phases   ] GC(196)   Post Evacuate Collection Set: 0.4ms
[2025-08-28T14:01:25.184+0000][1099278][info ][gc,phases   ] GC(196)   Other: 0.1ms
[2025-08-28T14:01:25.184+0000][1099278][trace][gc,age      ] GC(196) Age table with threshold 15 (max threshold 15)
[2025-08-28T14:01:25.184+0000][1099278][trace][gc,age      ] GC(196) - age   1:     289088 bytes,     289088 total
[2025-08-28T14:01:25.184+0000][1099278][trace][gc,age      ] GC(196) - age   2:    2374128 bytes,    2663216 total
[2025-08-28T14:01:25.184+0000][1099278][trace][gc,age      ] GC(196) - age   3:        360 bytes,    2663576 total
[2025-08-28T14:01:25.184+0000][1099278][trace][gc,age      ] GC(196) - age   4:        160 bytes,    2663736 total
[2025-08-28T14:01:25.184+0000][1099278][trace][gc,age      ] GC(196) - age   6:        592 bytes,    2664328 total
[2025-08-28T14:01:25.184+0000][1099278][trace][gc,age      ] GC(196) - age   9:        560 bytes,    2664888 total
[2025-08-28T14:01:25.184+0000][1099278][trace][gc,age      ] GC(196) - age  11:       1192 bytes,    2666080 total
[2025-08-28T14:01:25.184+0000][1099278][trace][gc,age      ] GC(196) - age  15:       1328 bytes,    2667408 total
[2025-08-28T14:01:25.184+0000][1099278][info ][gc,heap     ] GC(196) Eden regions: 75->0(75)
[2025-08-28T14:01:25.184+0000][1099278][info ][gc,heap     ] GC(196) Survivor regions: 1->1(10)
[2025-08-28T14:01:25.184+0000][1099278][info ][gc,heap     ] GC(196) Old regions: 25->25
[2025-08-28T14:01:25.184+0000][1099278][info ][gc,heap     ] GC(196) Humongous regions: 0->0
[2025-08-28T14:01:25.184+0000][1099278][info ][gc,metaspace] GC(196) Metaspace: 139855K(143744K)->139855K(143744K) NonClass: 120832K(122816K)->120832K(122816K) Class: 19022K(20928K)->19022K(20928K)
[2025-08-28T14:01:25.184+0000][1099278][info ][gc          ] GC(196) Pause Young (Normal) (G1 Evacuation Pause) 402M->102M(512M) 2.053ms
[2025-08-28T14:01:25.184+0000][1099278][info ][gc,cpu      ] GC(196) User=0.01s Sys=0.00s Real=0.00s
[2025-08-28T14:01:25.185+0000][1099278][info ][safepoint   ] Safepoint "G1CollectForAllocation", Time since last: 7474639452 ns, Reaching safepoint: 35423 ns, Cleanup: 4326 ns, At safepoint: 2205648 ns, Total: 2245397 ns
[2025-08-28T14:02:16.188+0000][1099278][info ][safepoint   ] Safepoint "Cleanup", Time since last: 51003370070 ns, Reaching safepoint: 56285 ns, Cleanup: 18618 ns, At safepoint: 3695 ns, Total: 78598 ns
[2025-08-28T14:02:47.190+0000][1099278][info ][safepoint   ] Safepoint "Cleanup", Time since last: 31002084155 ns, Reaching safepoint: 82364 ns, Cleanup: 27511 ns, At safepoint: 3726 ns, Total: 113601 ns
[2025-08-28T14:03:16.192+0000][1099278][info ][safepoint   ] Safepoint "Cleanup", Time since last: 29002093414 ns, Reaching safepoint: 53831 ns, Cleanup: 19039 ns, At safepoint: 6459 ns, Total: 79329 ns
[2025-08-28T14:03:21.193+0000][1099278][info ][safepoint   ] Safepoint "Cleanup", Time since last: 5000397996 ns, Reaching safepoint: 49425 ns, Cleanup: 21041 ns, At safepoint: 6480 ns, Total: 76946 ns
[2025-08-28T14:04:35.198+0000][1099278][info ][safepoint   ] Safepoint "Cleanup", Time since last: 74005427852 ns, Reaching safepoint: 54011 ns, Cleanup: 19289 ns, At safepoint: 6870 ns, Total: 80170 ns
[2025-08-28T14:04:46.200+0000][1099278][info ][safepoint   ] Safepoint "Cleanup", Time since last: 11001393896 ns, Reaching safepoint: 52640 ns, Cleanup: 18838 ns, At safepoint: 3695 ns, Total: 75173 ns
[2025-08-28T14:04:57.201+0000][1099278][info ][safepoint   ] Safepoint "Cleanup", Time since last: 11000973074 ns, Reaching safepoint: 17657 ns, Cleanup: 25799 ns, At safepoint: 3545 ns, Total: 47001 ns
[2025-08-28T14:05:16.203+0000][1099278][info ][safepoint   ] Safepoint "Cleanup", Time since last: 19001726758 ns, Reaching safepoint: 64067 ns, Cleanup: 19479 ns, At safepoint: 3716 ns, Total: 87262 ns
[2025-08-28T14:09:46.224+0000][1099278][info ][safepoint   ] Safepoint "Cleanup", Time since last: 270021314583 ns, Reaching safepoint: 54722 ns, Cleanup: 19038 ns, At safepoint: 4086 ns, Total: 77846 ns
[2025-08-28T14:09:55.225+0000][1099278][info ][safepoint   ] Safepoint "Cleanup", Time since last: 9001272200 ns, Reaching safepoint: 82654 ns, Cleanup: 19500 ns, At safepoint: 6690 ns, Total: 108844 ns
[2025-08-28T14:10:04.172+0000][1099278][info ][gc,start    ] GC(197) Pause Young (Normal) (G1 Evacuation Pause)
[2025-08-28T14:10:04.172+0000][1099278][info ][gc,task     ] GC(197) Using 12 workers of 33 for evacuation
[2025-08-28T14:10:04.172+0000][1099278][debug][gc,age      ] GC(197) Desired survivor size 20971520 bytes, new threshold 15 (max threshold 15)
[2025-08-28T14:10:04.174+0000][1099278][info ][gc,phases   ] GC(197)   Pre Evacuate Collection Set: 0.2ms
[2025-08-28T14:10:04.174+0000][1099278][info ][gc,phases   ] GC(197)   Merge Heap Roots: 0.1ms
[2025-08-28T14:10:04.174+0000][1099278][info ][gc,phases   ] GC(197)   Evacuate Collection Set: 1.0ms
[2025-08-28T14:10:04.174+0000][1099278][info ][gc,phases   ] GC(197)   Post Evacuate Collection Set: 0.5ms
[2025-08-28T14:10:04.174+0000][1099278][info ][gc,phases   ] GC(197)   Other: 0.1ms
[2025-08-28T14:10:04.174+0000][1099278][trace][gc,age      ] GC(197) Age table with threshold 15 (max threshold 15)
[2025-08-28T14:10:04.174+0000][1099278][trace][gc,age      ] GC(197) - age   1:      48640 bytes,      48640 total
[2025-08-28T14:10:04.174+0000][1099278][trace][gc,age      ] GC(197) - age   2:     279008 bytes,     327648 total
[2025-08-28T14:10:04.174+0000][1099278][trace][gc,age      ] GC(197) - age   3:    2365000 bytes,    2692648 total
[2025-08-28T14:10:04.174+0000][1099278][trace][gc,age      ] GC(197) - age   4:        360 bytes,    2693008 total
[2025-08-28T14:10:04.174+0000][1099278][trace][gc,age      ] GC(197) - age   5:        160 bytes,    2693168 total
[2025-08-28T14:10:04.174+0000][1099278][trace][gc,age      ] GC(197) - age   7:        592 bytes,    2693760 total
[2025-08-28T14:10:04.174+0000][1099278][trace][gc,age      ] GC(197) - age  10:        560 bytes,    2694320 total
[2025-08-28T14:10:04.174+0000][1099278][trace][gc,age      ] GC(197) - age  12:       1192 bytes,    2695512 total
[2025-08-28T14:10:04.174+0000][1099278][info ][gc,heap     ] GC(197) Eden regions: 75->0(75)
[2025-08-28T14:10:04.174+0000][1099278][info ][gc,heap     ] GC(197) Survivor regions: 1->1(10)
[2025-08-28T14:10:04.174+0000][1099278][info ][gc,heap     ] GC(197) Old regions: 25->25
[2025-08-28T14:10:04.174+0000][1099278][info ][gc,heap     ] GC(197) Humongous regions: 0->0
[2025-08-28T14:10:04.174+0000][1099278][info ][gc,metaspace] GC(197) Metaspace: 139909K(143872K)->139909K(143872K) NonClass: 120886K(122944K)->120886K(122944K) Class: 19023K(20928K)->19023K(20928K)
[2025-08-28T14:10:04.174+0000][1099278][info ][gc          ] GC(197) Pause Young (Normal) (G1 Evacuation Pause) 402M->102M(512M) 2.053ms
[2025-08-28T14:10:04.174+0000][1099278][info ][gc,cpu      ] GC(197) User=0.01s Sys=0.00s Real=0.00s
[2025-08-28T14:10:04.174+0000][1099278][info ][safepoint   ] Safepoint "G1CollectForAllocation", Time since last: 8945825347 ns, Reaching safepoint: 273111 ns, Cleanup: 6870 ns, At safepoint: 2192335 ns, Total: 2472316 ns
[2025-08-28T14:11:43.181+0000][1099278][info ][safepoint   ] Safepoint "Cleanup", Time since last: 99007703405 ns, Reaching safepoint: 55924 ns, Cleanup: 19279 ns, At safepoint: 6280 ns, Total: 81483 ns
[2025-08-28T14:11:54.183+0000][1099278][info ][safepoint   ] Safepoint "Cleanup", Time since last: 11001273756 ns, Reaching safepoint: 56125 ns, Cleanup: 19439 ns, At safepoint: 7171 ns, Total: 82735 ns
[2025-08-28T14:12:17.185+0000][1099278][info ][safepoint   ] Safepoint "Cleanup", Time since last: 23001645372 ns, Reaching safepoint: 85248 ns, Cleanup: 25508 ns, At safepoint: 4027 ns, Total: 114783 ns
[2025-08-28T14:12:23.185+0000][1099278][info ][safepoint   ] Safepoint "Cleanup", Time since last: 6000548110 ns, Reaching safepoint: 56114 ns, Cleanup: 20501 ns, At safepoint: 3836 ns, Total: 80451 ns
[2025-08-28T14:12:38.187+0000][1099278][info ][safepoint   ] Safepoint "Cleanup", Time since last: 15001236495 ns, Reaching safepoint: 56255 ns, Cleanup: 18778 ns, At safepoint: 3966 ns, Total: 78999 ns
[2025-08-28T14:12:45.187+0000][1099278][info ][safepoint   ] Safepoint "Cleanup", Time since last: 7000582346 ns, Reaching safepoint: 58729 ns, Cleanup: 24036 ns, At safepoint: 6710 ns, Total: 89475 ns
[2025-08-28T14:12:46.187+0000][1099278][info ][safepoint   ] Safepoint "Cleanup", Time since last: 1000130310 ns, Reaching safepoint: 18578 ns, Cleanup: 23866 ns, At safepoint: 4016 ns, Total: 46460 ns
[2025-08-28T14:17:37.211+0000][1099278][info ][safepoint   ] Safepoint "Cleanup", Time since last: 291023714243 ns, Reaching safepoint: 83776 ns, Cleanup: 21663 ns, At safepoint: 4066 ns, Total: 109505 ns
[2025-08-28T14:17:38.212+0000][1099278][info ][safepoint   ] Safepoint "Cleanup", Time since last: 1000550183 ns, Reaching safepoint: 19630 ns, Cleanup: 18427 ns, At safepoint: 3736 ns, Total: 41793 ns
[2025-08-28T14:18:17.215+0000][1099278][info ][safepoint   ] Safepoint "Cleanup", Time since last: 39003460827 ns, Reaching safepoint: 53631 ns, Cleanup: 19128 ns, At safepoint: 6760 ns, Total: 79519 ns
[2025-08-28T14:18:19.216+0000][1099278][info ][safepoint   ] Safepoint "Cleanup", Time since last: 2000227484 ns, Reaching safepoint: 43255 ns, Cleanup: 19259 ns, At safepoint: 3956 ns, Total: 66470 ns
[2025-08-28T14:18:44.142+0000][1099278][info ][gc,start    ] GC(198) Pause Young (Normal) (G1 Evacuation Pause)
[2025-08-28T14:18:44.142+0000][1099278][info ][gc,task     ] GC(198) Using 12 workers of 33 for evacuation
[2025-08-28T14:18:44.142+0000][1099278][debug][gc,age      ] GC(198) Desired survivor size 20971520 bytes, new threshold 15 (max threshold 15)
[2025-08-28T14:18:44.144+0000][1099278][info ][gc,phases   ] GC(198)   Pre Evacuate Collection Set: 0.2ms
[2025-08-28T14:18:44.144+0000][1099278][info ][gc,phases   ] GC(198)   Merge Heap Roots: 0.1ms
[2025-08-28T14:18:44.144+0000][1099278][info ][gc,phases   ] GC(198)   Evacuate Collection Set: 1.2ms
[2025-08-28T14:18:44.144+0000][1099278][info ][gc,phases   ] GC(198)   Post Evacuate Collection Set: 0.5ms
[2025-08-28T14:18:44.144+0000][1099278][info ][gc,phases   ] GC(198)   Other: 0.1ms
[2025-08-28T14:18:44.144+0000][1099278][trace][gc,age      ] GC(198) Age table with threshold 15 (max threshold 15)
[2025-08-28T14:18:44.144+0000][1099278][trace][gc,age      ] GC(198) - age   1:      24232 bytes,      24232 total
[2025-08-28T14:18:44.144+0000][1099278][trace][gc,age      ] GC(198) - age   2:      39064 bytes,      63296 total
[2025-08-28T14:18:44.144+0000][1099278][trace][gc,age      ] GC(198) - age   3:     278432 bytes,     341728 total
[2025-08-28T14:18:44.144+0000][1099278][trace][gc,age      ] GC(198) - age   4:    2365000 bytes,    2706728 total
[2025-08-28T14:18:44.144+0000][1099278][trace][gc,age      ] GC(198) - age   5:        360 bytes,    2707088 total
[2025-08-28T14:18:44.144+0000][1099278][trace][gc,age      ] GC(198) - age   6:        160 bytes,    2707248 total
[2025-08-28T14:18:44.144+0000][1099278][trace][gc,age      ] GC(198) - age   8:        592 bytes,    2707840 total
[2025-08-28T14:18:44.144+0000][1099278][trace][gc,age      ] GC(198) - age  11:        560 bytes,    2708400 total
[2025-08-28T14:18:44.144+0000][1099278][trace][gc,age      ] GC(198) - age  13:       1192 bytes,    2709592 total
[2025-08-28T14:18:44.144+0000][1099278][info ][gc,heap     ] GC(198) Eden regions: 75->0(75)
[2025-08-28T14:18:44.144+0000][1099278][info ][gc,heap     ] GC(198) Survivor regions: 1->1(10)
[2025-08-28T14:18:44.144+0000][1099278][info ][gc,heap     ] GC(198) Old regions: 25->25
[2025-08-28T14:18:44.144+0000][1099278][info ][gc,heap     ] GC(198) Humongous regions: 0->0
[2025-08-28T14:18:44.144+0000][1099278][info ][gc,metaspace] GC(198) Metaspace: 139937K(143872K)->139937K(143872K) NonClass: 120914K(122944K)->120914K(122944K) Class: 19023K(20928K)->19023K(20928K)
[2025-08-28T14:18:44.144+0000][1099278][info ][gc          ] GC(198) Pause Young (Normal) (G1 Evacuation Pause) 402M->102M(512M) 2.178ms
[2025-08-28T14:18:44.144+0000][1099278][info ][gc,cpu      ] GC(198) User=0.01s Sys=0.00s Real=0.00s
[2025-08-28T14:18:44.144+0000][1099278][info ][safepoint   ] Safepoint "G1CollectForAllocation", Time since last: 24926318185 ns, Reaching safepoint: 46921 ns, Cleanup: 7020 ns, At safepoint: 2292124 ns, Total: 2346065 ns
[2025-08-28T14:20:15.150+0000][1099278][info ][safepoint   ] Safepoint "Cleanup", Time since last: 91005497313 ns, Reaching safepoint: 57075 ns, Cleanup: 48283 ns, At safepoint: 6660 ns, Total: 112018 ns
[2025-08-28T14:20:17.150+0000][1099278][info ][safepoint   ] Safepoint "Cleanup", Time since last: 2000546847 ns, Reaching safepoint: 20120 ns, Cleanup: 18829 ns, At safepoint: 4316 ns, Total: 43265 ns
[2025-08-28T14:20:48.153+0000][1099278][info ][safepoint   ] Safepoint "Cleanup", Time since last: 31002438336 ns, Reaching safepoint: 19960 ns, Cleanup: 120772 ns, At safepoint: 4116 ns, Total: 144848 ns
[2025-08-28T14:20:50.153+0000][1099278][info ][safepoint   ] Safepoint "Cleanup", Time since last: 2000253941 ns, Reaching safepoint: 19810 ns, Cleanup: 19049 ns, At safepoint: 3956 ns, Total: 42815 ns
[2025-08-28T14:21:02.419+0000][1099278][info ][safepoint   ] Safepoint "Cleanup", Time since last: 12265828813 ns, Reaching safepoint: 56615 ns, Cleanup: 19439 ns, At safepoint: 6430 ns, Total: 82484 ns
[2025-08-28T14:21:57.423+0000][1099278][info ][safepoint   ] Safepoint "Cleanup", Time since last: 55003621911 ns, Reaching safepoint: 84808 ns, Cleanup: 19008 ns, At safepoint: 6500 ns, Total: 110316 ns
[2025-08-28T14:26:47.456+0000][1099278][info ][safepoint   ] Safepoint "Cleanup", Time since last: 290033038791 ns, Reaching safepoint: 88002 ns, Cleanup: 18859 ns, At safepoint: 3705 ns, Total: 110566 ns
[2025-08-28T14:26:48.457+0000][1099278][info ][safepoint   ] Safepoint "Cleanup", Time since last: 1000461622 ns, Reaching safepoint: 20471 ns, Cleanup: 18758 ns, At safepoint: 3876 ns, Total: 43105 ns
[2025-08-28T14:27:06.487+0000][1099278][info ][gc,start    ] GC(199) Pause Young (Normal) (G1 Evacuation Pause)
[2025-08-28T14:27:06.487+0000][1099278][info ][gc,task     ] GC(199) Using 12 workers of 33 for evacuation
[2025-08-28T14:27:06.487+0000][1099278][debug][gc,age      ] GC(199) Desired survivor size 20971520 bytes, new threshold 15 (max threshold 15)
[2025-08-28T14:27:06.489+0000][1099278][info ][gc,phases   ] GC(199)   Pre Evacuate Collection Set: 0.2ms
[2025-08-28T14:27:06.489+0000][1099278][info ][gc,phases   ] GC(199)   Merge Heap Roots: 0.1ms
[2025-08-28T14:27:06.489+0000][1099278][info ][gc,phases   ] GC(199)   Evacuate Collection Set: 1.0ms
[2025-08-28T14:27:06.489+0000][1099278][info ][gc,phases   ] GC(199)   Post Evacuate Collection Set: 0.5ms
[2025-08-28T14:27:06.489+0000][1099278][info ][gc,phases   ] GC(199)   Other: 0.1ms
[2025-08-28T14:27:06.489+0000][1099278][trace][gc,age      ] GC(199) Age table with threshold 15 (max threshold 15)
[2025-08-28T14:27:06.489+0000][1099278][trace][gc,age      ] GC(199) - age   1:      96192 bytes,      96192 total
[2025-08-28T14:27:06.489+0000][1099278][trace][gc,age      ] GC(199) - age   2:      12976 bytes,     109168 total
[2025-08-28T14:27:06.489+0000][1099278][trace][gc,age      ] GC(199) - age   3:      38880 bytes,     148048 total
[2025-08-28T14:27:06.489+0000][1099278][trace][gc,age      ] GC(199) - age   4:     278112 bytes,     426160 total
[2025-08-28T14:27:06.489+0000][1099278][trace][gc,age      ] GC(199) - age   5:    2364960 bytes,    2791120 total
[2025-08-28T14:27:06.489+0000][1099278][trace][gc,age      ] GC(199) - age   6:        360 bytes,    2791480 total
[2025-08-28T14:27:06.489+0000][1099278][trace][gc,age      ] GC(199) - age   7:        160 bytes,    2791640 total
[2025-08-28T14:27:06.489+0000][1099278][trace][gc,age      ] GC(199) - age   9:        592 bytes,    2792232 total
[2025-08-28T14:27:06.489+0000][1099278][trace][gc,age      ] GC(199) - age  12:        560 bytes,    2792792 total
[2025-08-28T14:27:06.489+0000][1099278][trace][gc,age      ] GC(199) - age  14:       1192 bytes,    2793984 total
[2025-08-28T14:27:06.489+0000][1099278][info ][gc,heap     ] GC(199) Eden regions: 75->0(75)
[2025-08-28T14:27:06.489+0000][1099278][info ][gc,heap     ] GC(199) Survivor regions: 1->1(10)
[2025-08-28T14:27:06.489+0000][1099278][info ][gc,heap     ] GC(199) Old regions: 25->25
[2025-08-28T14:27:06.489+0000][1099278][info ][gc,heap     ] GC(199) Humongous regions: 0->0
[2025-08-28T14:27:06.489+0000][1099278][info ][gc,metaspace] GC(199) Metaspace: 140029K(144000K)->140029K(144000K) NonClass: 121002K(123072K)->121002K(123072K) Class: 19026K(20928K)->19026K(20928K)
[2025-08-28T14:27:06.489+0000][1099278][info ][gc          ] GC(199) Pause Young (Normal) (G1 Evacuation Pause) 402M->102M(512M) 2.014ms
[2025-08-28T14:27:06.489+0000][1099278][info ][gc,cpu      ] GC(199) User=0.01s Sys=0.00s Real=0.00s
[2025-08-28T14:27:06.489+0000][1099278][info ][safepoint   ] Safepoint "G1CollectForAllocation", Time since last: 18030404013 ns, Reaching safepoint: 47011 ns, Cleanup: 7261 ns, At safepoint: 2134447 ns, Total: 2188719 ns
[2025-08-28T14:32:03.510+0000][1099278][info ][safepoint   ] Safepoint "Cleanup", Time since last: 297021004744 ns, Reaching safepoint: 20911 ns, Cleanup: 20241 ns, At safepoint: 72048 ns, Total: 113200 ns
[2025-08-28T14:32:08.511+0000][1099278][info ][safepoint   ] Safepoint "Cleanup", Time since last: 5000783478 ns, Reaching safepoint: 87351 ns, Cleanup: 19339 ns, At safepoint: 7221 ns, Total: 113911 ns
[2025-08-28T14:32:10.511+0000][1099278][info ][safepoint   ] Safepoint "Cleanup", Time since last: 2000169519 ns, Reaching safepoint: 16936 ns, Cleanup: 11817 ns, At safepoint: 3195 ns, Total: 31948 ns
[2025-08-28T14:34:08.519+0000][1099278][info ][safepoint   ] Safepoint "Cleanup", Time since last: 118007431898 ns, Reaching safepoint: 62174 ns, Cleanup: 18287 ns, At safepoint: 4998 ns, Total: 85459 ns
[2025-08-28T14:35:17.524+0000][1099278][info ][safepoint   ] Safepoint "Cleanup", Time since last: 69004866646 ns, Reaching safepoint: 59169 ns, Cleanup: 29484 ns, At safepoint: 5178 ns, Total: 93831 ns
[2025-08-28T14:35:45.638+0000][1099278][info ][gc,start    ] GC(200) Pause Young (Normal) (G1 Evacuation Pause)
[2025-08-28T14:35:45.638+0000][1099278][info ][gc,task     ] GC(200) Using 12 workers of 33 for evacuation
[2025-08-28T14:35:45.638+0000][1099278][debug][gc,age      ] GC(200) Desired survivor size 20971520 bytes, new threshold 15 (max threshold 15)
[2025-08-28T14:35:45.640+0000][1099278][info ][gc,phases   ] GC(200)   Pre Evacuate Collection Set: 0.2ms
[2025-08-28T14:35:45.640+0000][1099278][info ][gc,phases   ] GC(200)   Merge Heap Roots: 0.1ms
[2025-08-28T14:35:45.640+0000][1099278][info ][gc,phases   ] GC(200)   Evacuate Collection Set: 1.1ms
[2025-08-28T14:35:45.640+0000][1099278][info ][gc,phases   ] GC(200)   Post Evacuate Collection Set: 0.5ms
[2025-08-28T14:35:45.640+0000][1099278][info ][gc,phases   ] GC(200)   Other: 0.1ms
[2025-08-28T14:35:45.640+0000][1099278][trace][gc,age      ] GC(200) Age table with threshold 15 (max threshold 15)
[2025-08-28T14:35:45.640+0000][1099278][trace][gc,age      ] GC(200) - age   1:      15336 bytes,      15336 total
[2025-08-28T14:35:45.640+0000][1099278][trace][gc,age      ] GC(200) - age   2:      69064 bytes,      84400 total
[2025-08-28T14:35:45.640+0000][1099278][trace][gc,age      ] GC(200) - age   3:      12976 bytes,      97376 total
[2025-08-28T14:35:45.640+0000][1099278][trace][gc,age      ] GC(200) - age   4:      38608 bytes,     135984 total
[2025-08-28T14:35:45.640+0000][1099278][trace][gc,age      ] GC(200) - age   5:     278080 bytes,     414064 total
[2025-08-28T14:35:45.640+0000][1099278][trace][gc,age      ] GC(200) - age   6:    2364960 bytes,    2779024 total
[2025-08-28T14:35:45.640+0000][1099278][trace][gc,age      ] GC(200) - age   7:        360 bytes,    2779384 total
[2025-08-28T14:35:45.640+0000][1099278][trace][gc,age      ] GC(200) - age   8:        160 bytes,    2779544 total
[2025-08-28T14:35:45.640+0000][1099278][trace][gc,age      ] GC(200) - age  10:        592 bytes,    2780136 total
[2025-08-28T14:35:45.640+0000][1099278][trace][gc,age      ] GC(200) - age  13:        560 bytes,    2780696 total
[2025-08-28T14:35:45.640+0000][1099278][trace][gc,age      ] GC(200) - age  15:       1192 bytes,    2781888 total
[2025-08-28T14:35:45.640+0000][1099278][info ][gc,heap     ] GC(200) Eden regions: 75->0(75)
[2025-08-28T14:35:45.640+0000][1099278][info ][gc,heap     ] GC(200) Survivor regions: 1->1(10)
[2025-08-28T14:35:45.640+0000][1099278][info ][gc,heap     ] GC(200) Old regions: 25->25
[2025-08-28T14:35:45.640+0000][1099278][info ][gc,heap     ] GC(200) Humongous regions: 0->0
[2025-08-28T14:35:45.640+0000][1099278][info ][gc,metaspace] GC(200) Metaspace: 140040K(144000K)->140040K(144000K) NonClass: 121014K(123072K)->121014K(123072K) Class: 19026K(20928K)->19026K(20928K)
[2025-08-28T14:35:45.640+0000][1099278][info ][gc          ] GC(200) Pause Young (Normal) (G1 Evacuation Pause) 402M->102M(512M) 2.103ms
[2025-08-28T14:35:45.640+0000][1099278][info ][gc,cpu      ] GC(200) User=0.01s Sys=0.00s Real=0.00s
[2025-08-28T14:35:45.640+0000][1099278][info ][safepoint   ] Safepoint "G1CollectForAllocation", Time since last: 28113463251 ns, Reaching safepoint: 46670 ns, Cleanup: 6770 ns, At safepoint: 2289260 ns, Total: 2342700 ns
[2025-08-28T14:35:47.640+0000][1099278][info ][safepoint   ] Safepoint "Cleanup", Time since last: 2000146967 ns, Reaching safepoint: 75022 ns, Cleanup: 11678 ns, At safepoint: 5258 ns, Total: 91958 ns
[2025-08-28T14:37:03.645+0000][1099278][info ][safepoint   ] Safepoint "Cleanup", Time since last: 76004543122 ns, Reaching safepoint: 63245 ns, Cleanup: 12930 ns, At safepoint: 7241 ns, Total: 83416 ns
[2025-08-28T14:39:40.655+0000][1099278][info ][safepoint   ] Safepoint "Cleanup", Time since last: 157009806050 ns, Reaching safepoint: 49124 ns, Cleanup: 18227 ns, At safepoint: 5368 ns, Total: 72719 ns
[2025-08-28T14:43:16.669+0000][1099278][info ][safepoint   ] Safepoint "Cleanup", Time since last: 216014455196 ns, Reaching safepoint: 71568 ns, Cleanup: 13049 ns, At safepoint: 3005 ns, Total: 87622 ns
[2025-08-28T14:44:16.674+0000][1099278][info ][safepoint   ] Safepoint "Cleanup", Time since last: 60005298443 ns, Reaching safepoint: 49044 ns, Cleanup: 10946 ns, At safepoint: 5518 ns, Total: 65508 ns
[2025-08-28T14:44:22.294+0000][1099278][info ][gc,start    ] GC(201) Pause Young (Normal) (G1 Evacuation Pause)
[2025-08-28T14:44:22.294+0000][1099278][info ][gc,task     ] GC(201) Using 12 workers of 33 for evacuation
[2025-08-28T14:44:22.294+0000][1099278][debug][gc,age      ] GC(201) Desired survivor size 20971520 bytes, new threshold 15 (max threshold 15)
[2025-08-28T14:44:22.296+0000][1099278][info ][gc,phases   ] GC(201)   Pre Evacuate Collection Set: 0.2ms
[2025-08-28T14:44:22.296+0000][1099278][info ][gc,phases   ] GC(201)   Merge Heap Roots: 0.1ms
[2025-08-28T14:44:22.296+0000][1099278][info ][gc,phases   ] GC(201)   Evacuate Collection Set: 1.2ms
[2025-08-28T14:44:22.296+0000][1099278][info ][gc,phases   ] GC(201)   Post Evacuate Collection Set: 0.4ms
[2025-08-28T14:44:22.296+0000][1099278][info ][gc,phases   ] GC(201)   Other: 0.1ms
[2025-08-28T14:44:22.296+0000][1099278][trace][gc,age      ] GC(201) Age table with threshold 15 (max threshold 15)
[2025-08-28T14:44:22.296+0000][1099278][trace][gc,age      ] GC(201) - age   1:      17360 bytes,      17360 total
[2025-08-28T14:44:22.296+0000][1099278][trace][gc,age      ] GC(201) - age   2:       5856 bytes,      23216 total
[2025-08-28T14:44:22.296+0000][1099278][trace][gc,age      ] GC(201) - age   3:      68456 bytes,      91672 total
[2025-08-28T14:44:22.296+0000][1099278][trace][gc,age      ] GC(201) - age   4:      12976 bytes,     104648 total
[2025-08-28T14:44:22.296+0000][1099278][trace][gc,age      ] GC(201) - age   5:      38608 bytes,     143256 total
[2025-08-28T14:44:22.296+0000][1099278][trace][gc,age      ] GC(201) - age   6:     278080 bytes,     421336 total
[2025-08-28T14:44:22.296+0000][1099278][trace][gc,age      ] GC(201) - age   7:    2364960 bytes,    2786296 total
[2025-08-28T14:44:22.296+0000][1099278][trace][gc,age      ] GC(201) - age   8:        360 bytes,    2786656 total
[2025-08-28T14:44:22.296+0000][1099278][trace][gc,age      ] GC(201) - age   9:        160 bytes,    2786816 total
[2025-08-28T14:44:22.296+0000][1099278][trace][gc,age      ] GC(201) - age  11:        592 bytes,    2787408 total
[2025-08-28T14:44:22.296+0000][1099278][trace][gc,age      ] GC(201) - age  14:        560 bytes,    2787968 total
[2025-08-28T14:44:22.296+0000][1099278][info ][gc,heap     ] GC(201) Eden regions: 75->0(75)
[2025-08-28T14:44:22.296+0000][1099278][info ][gc,heap     ] GC(201) Survivor regions: 1->1(10)
[2025-08-28T14:44:22.296+0000][1099278][info ][gc,heap     ] GC(201) Old regions: 25->25
[2025-08-28T14:44:22.296+0000][1099278][info ][gc,heap     ] GC(201) Humongous regions: 0->0
[2025-08-28T14:44:22.296+0000][1099278][info ][gc,metaspace] GC(201) Metaspace: 140069K(144000K)->140069K(144000K) NonClass: 121041K(123072K)->121041K(123072K) Class: 19027K(20928K)->19027K(20928K)
[2025-08-28T14:44:22.296+0000][1099278][info ][gc          ] GC(201) Pause Young (Normal) (G1 Evacuation Pause) 402M->102M(512M) 1.994ms
[2025-08-28T14:44:22.296+0000][1099278][info ][gc,cpu      ] GC(201) User=0.01s Sys=0.00s Real=0.00s
[2025-08-28T14:44:22.296+0000][1099278][info ][safepoint   ] Safepoint "G1CollectForAllocation", Time since last: 5619798410 ns, Reaching safepoint: 35644 ns, Cleanup: 4196 ns, At safepoint: 2090031 ns, Total: 2129871 ns
[2025-08-28T14:45:16.301+0000][1099278][info ][safepoint   ] Safepoint "Cleanup", Time since last: 54004164372 ns, Reaching safepoint: 48633 ns, Cleanup: 18218 ns, At safepoint: 2894 ns, Total: 69745 ns
[2025-08-28T14:45:17.301+0000][1099278][info ][safepoint   ] Safepoint "Cleanup", Time since last: 1000123125 ns, Reaching safepoint: 14392 ns, Cleanup: 10525 ns, At safepoint: 2835 ns, Total: 27752 ns
[2025-08-28T14:45:48.303+0000][1099278][info ][safepoint   ] Safepoint "Cleanup", Time since last: 31002222446 ns, Reaching safepoint: 48162 ns, Cleanup: 11377 ns, At safepoint: 3055 ns, Total: 62594 ns
[2025-08-28T14:46:18.305+0000][1099278][info ][safepoint   ] Safepoint "Cleanup", Time since last: 30002079631 ns, Reaching safepoint: 73290 ns, Cleanup: 11938 ns, At safepoint: 6760 ns, Total: 91988 ns
[2025-08-28T14:46:46.307+0000][1099278][info ][safepoint   ] Safepoint "Cleanup", Time since last: 28001883743 ns, Reaching safepoint: 49214 ns, Cleanup: 13110 ns, At safepoint: 5288 ns, Total: 67612 ns
[2025-08-28T14:48:48.315+0000][1099278][info ][safepoint   ] Safepoint "Cleanup", Time since last: 122008231590 ns, Reaching safepoint: 51076 ns, Cleanup: 10556 ns, At safepoint: 2785 ns, Total: 64417 ns
[2025-08-28T14:50:56.325+0000][1099278][info ][safepoint   ] Safepoint "Cleanup", Time since last: 128009564536 ns, Reaching safepoint: 47932 ns, Cleanup: 5589 ns, At safepoint: 3545 ns, Total: 57066 ns
[2025-08-28T14:51:26.328+0000][1099278][info ][safepoint   ] Safepoint "Cleanup", Time since last: 30002477235 ns, Reaching safepoint: 58908 ns, Cleanup: 7181 ns, At safepoint: 6670 ns, Total: 72759 ns
[2025-08-28T14:51:53.330+0000][1099278][info ][safepoint   ] Safepoint "Cleanup", Time since last: 27001914665 ns, Reaching safepoint: 60020 ns, Cleanup: 10335 ns, At safepoint: 6911 ns, Total: 77266 ns
[2025-08-28T14:52:38.333+0000][1099278][info ][safepoint   ] Safepoint "Cleanup", Time since last: 45003276463 ns, Reaching safepoint: 53400 ns, Cleanup: 10846 ns, At safepoint: 5368 ns, Total: 69614 ns
[2025-08-28T14:53:00.373+0000][1099278][info ][gc,start    ] GC(202) Pause Young (Normal) (G1 Evacuation Pause)
[2025-08-28T14:53:00.373+0000][1099278][info ][gc,task     ] GC(202) Using 12 workers of 33 for evacuation
[2025-08-28T14:53:00.373+0000][1099278][debug][gc,age      ] GC(202) Desired survivor size 20971520 bytes, new threshold 15 (max threshold 15)
[2025-08-28T14:53:00.376+0000][1099278][info ][gc,phases   ] GC(202)   Pre Evacuate Collection Set: 0.2ms
[2025-08-28T14:53:00.376+0000][1099278][info ][gc,phases   ] GC(202)   Merge Heap Roots: 0.1ms
[2025-08-28T14:53:00.376+0000][1099278][info ][gc,phases   ] GC(202)   Evacuate Collection Set: 1.6ms
[2025-08-28T14:53:00.376+0000][1099278][info ][gc,phases   ] GC(202)   Post Evacuate Collection Set: 0.4ms
[2025-08-28T14:53:00.376+0000][1099278][info ][gc,phases   ] GC(202)   Other: 0.1ms
[2025-08-28T14:53:00.376+0000][1099278][trace][gc,age      ] GC(202) Age table with threshold 15 (max threshold 15)
[2025-08-28T14:53:00.376+0000][1099278][trace][gc,age      ] GC(202) - age   1:      17632 bytes,      17632 total
[2025-08-28T14:53:00.376+0000][1099278][trace][gc,age      ] GC(202) - age   2:       7848 bytes,      25480 total
[2025-08-28T14:53:00.376+0000][1099278][trace][gc,age      ] GC(202) - age   3:       5856 bytes,      31336 total
[2025-08-28T14:53:00.376+0000][1099278][trace][gc,age      ] GC(202) - age   4:      68424 bytes,      99760 total
[2025-08-28T14:53:00.376+0000][1099278][trace][gc,age      ] GC(202) - age   5:      12976 bytes,     112736 total
[2025-08-28T14:53:00.376+0000][1099278][trace][gc,age      ] GC(202) - age   6:      38608 bytes,     151344 total
[2025-08-28T14:53:00.376+0000][1099278][trace][gc,age      ] GC(202) - age   7:     278080 bytes,     429424 total
[2025-08-28T14:53:00.376+0000][1099278][trace][gc,age      ] GC(202) - age   8:    2364960 bytes,    2794384 total
[2025-08-28T14:53:00.376+0000][1099278][trace][gc,age      ] GC(202) - age   9:        360 bytes,    2794744 total
[2025-08-28T14:53:00.376+0000][1099278][trace][gc,age      ] GC(202) - age  10:        160 bytes,    2794904 total
[2025-08-28T14:53:00.376+0000][1099278][trace][gc,age      ] GC(202) - age  12:        592 bytes,    2795496 total
[2025-08-28T14:53:00.376+0000][1099278][trace][gc,age      ] GC(202) - age  15:        560 bytes,    2796056 total
[2025-08-28T14:53:00.376+0000][1099278][info ][gc,heap     ] GC(202) Eden regions: 75->0(75)
[2025-08-28T14:53:00.376+0000][1099278][info ][gc,heap     ] GC(202) Survivor regions: 1->1(10)
[2025-08-28T14:53:00.376+0000][1099278][info ][gc,heap     ] GC(202) Old regions: 25->25
[2025-08-28T14:53:00.376+0000][1099278][info ][gc,heap     ] GC(202) Humongous regions: 0->0
[2025-08-28T14:53:00.376+0000][1099278][info ][gc,metaspace] GC(202) Metaspace: 140176K(144128K)->140176K(144128K) NonClass: 121148K(123200K)->121148K(123200K) Class: 19027K(20928K)->19027K(20928K)
[2025-08-28T14:53:00.376+0000][1099278][info ][gc          ] GC(202) Pause Young (Normal) (G1 Evacuation Pause) 402M->102M(512M) 2.424ms
[2025-08-28T14:53:00.376+0000][1099278][info ][gc,cpu      ] GC(202) User=0.01s Sys=0.01s Real=0.00s
[2025-08-28T14:53:00.376+0000][1099278][info ][safepoint   ] Safepoint "G1CollectForAllocation", Time since last: 22040189054 ns, Reaching safepoint: 15503 ns, Cleanup: 4077 ns, At safepoint: 2525614 ns, Total: 2545194 ns
[2025-08-28T14:54:48.383+0000][1099278][info ][safepoint   ] Safepoint "Cleanup", Time since last: 108007368996 ns, Reaching safepoint: 47571 ns, Cleanup: 12339 ns, At safepoint: 5208 ns, Total: 65118 ns
[2025-08-28T14:55:48.388+0000][1099278][info ][safepoint   ] Safepoint "Cleanup", Time since last: 60004641283 ns, Reaching safepoint: 47912 ns, Cleanup: 11297 ns, At safepoint: 5438 ns, Total: 64647 ns
[2025-08-28T14:56:04.389+0000][1099278][info ][safepoint   ] Safepoint "Cleanup", Time since last: 16001192441 ns, Reaching safepoint: 47982 ns, Cleanup: 10476 ns, At safepoint: 5177 ns, Total: 63635 ns
[2025-08-28T14:56:46.392+0000][1099278][info ][safepoint   ] Safepoint "Cleanup", Time since last: 42003097865 ns, Reaching safepoint: 52178 ns, Cleanup: 10456 ns, At safepoint: 5759 ns, Total: 68393 ns
[2025-08-28T15:01:38.843+0000][1099278][info ][gc,start    ] GC(203) Pause Young (Normal) (G1 Evacuation Pause)
[2025-08-28T15:01:38.843+0000][1099278][info ][gc,task     ] GC(203) Using 12 workers of 33 for evacuation
[2025-08-28T15:01:38.843+0000][1099278][debug][gc,age      ] GC(203) Desired survivor size 20971520 bytes, new threshold 15 (max threshold 15)
[2025-08-28T15:01:38.845+0000][1099278][info ][gc,phases   ] GC(203)   Pre Evacuate Collection Set: 0.2ms
[2025-08-28T15:01:38.845+0000][1099278][info ][gc,phases   ] GC(203)   Merge Heap Roots: 0.1ms
[2025-08-28T15:01:38.845+0000][1099278][info ][gc,phases   ] GC(203)   Evacuate Collection Set: 1.1ms
[2025-08-28T15:01:38.845+0000][1099278][info ][gc,phases   ] GC(203)   Post Evacuate Collection Set: 0.4ms
[2025-08-28T15:01:38.845+0000][1099278][info ][gc,phases   ] GC(203)   Other: 0.1ms
[2025-08-28T15:01:38.845+0000][1099278][trace][gc,age      ] GC(203) Age table with threshold 15 (max threshold 15)
[2025-08-28T15:01:38.845+0000][1099278][trace][gc,age      ] GC(203) - age   1:      12040 bytes,      12040 total
[2025-08-28T15:01:38.845+0000][1099278][trace][gc,age      ] GC(203) - age   2:       6840 bytes,      18880 total
[2025-08-28T15:01:38.845+0000][1099278][trace][gc,age      ] GC(203) - age   3:       7320 bytes,      26200 total
[2025-08-28T15:01:38.845+0000][1099278][trace][gc,age      ] GC(203) - age   4:       5856 bytes,      32056 total
[2025-08-28T15:01:38.845+0000][1099278][trace][gc,age      ] GC(203) - age   5:      68424 bytes,     100480 total
[2025-08-28T15:01:38.845+0000][1099278][trace][gc,age      ] GC(203) - age   6:      12976 bytes,     113456 total
[2025-08-28T15:01:38.845+0000][1099278][trace][gc,age      ] GC(203) - age   7:      38608 bytes,     152064 total
[2025-08-28T15:01:38.845+0000][1099278][trace][gc,age      ] GC(203) - age   8:     278080 bytes,     430144 total
[2025-08-28T15:01:38.845+0000][1099278][trace][gc,age      ] GC(203) - age   9:    2364960 bytes,    2795104 total
[2025-08-28T15:01:38.845+0000][1099278][trace][gc,age      ] GC(203) - age  10:        360 bytes,    2795464 total
[2025-08-28T15:01:38.845+0000][1099278][trace][gc,age      ] GC(203) - age  11:        160 bytes,    2795624 total
[2025-08-28T15:01:38.845+0000][1099278][trace][gc,age      ] GC(203) - age  13:        592 bytes,    2796216 total
[2025-08-28T15:01:38.845+0000][1099278][info ][gc,heap     ] GC(203) Eden regions: 75->0(75)
[2025-08-28T15:01:38.845+0000][1099278][info ][gc,heap     ] GC(203) Survivor regions: 1->1(10)
[2025-08-28T15:01:38.845+0000][1099278][info ][gc,heap     ] GC(203) Old regions: 25->25
[2025-08-28T15:01:38.845+0000][1099278][info ][gc,heap     ] GC(203) Humongous regions: 0->0
[2025-08-28T15:01:38.845+0000][1099278][info ][gc,metaspace] GC(203) Metaspace: 140176K(144128K)->140176K(144128K) NonClass: 121148K(123200K)->121148K(123200K) Class: 19027K(20928K)->19027K(20928K)
[2025-08-28T15:01:38.845+0000][1099278][info ][gc          ] GC(203) Pause Young (Normal) (G1 Evacuation Pause) 402M->102M(512M) 2.287ms
[2025-08-28T15:01:38.845+0000][1099278][info ][gc,cpu      ] GC(203) User=0.01s Sys=0.01s Real=0.00s
[2025-08-28T15:01:38.845+0000][1099278][info ][safepoint   ] Safepoint "G1CollectForAllocation", Time since last: 292450511504 ns, Reaching safepoint: 36706 ns, Cleanup: 4236 ns, At safepoint: 2388709 ns, Total: 2429651 ns
[2025-08-28T15:03:18.049+0000][1099278][info ][safepoint   ] Safepoint "Cleanup", Time since last: 99203673305 ns, Reaching safepoint: 76295 ns, Cleanup: 10736 ns, At safepoint: 2884 ns, Total: 89915 ns
[2025-08-28T15:05:50.059+0000][1099278][info ][safepoint   ] Safepoint "Cleanup", Time since last: 152010051504 ns, Reaching safepoint: 75614 ns, Cleanup: 10826 ns, At safepoint: 5608 ns, Total: 92048 ns
[2025-08-28T15:06:15.061+0000][1099278][info ][safepoint   ] Safepoint "Cleanup", Time since last: 25001944447 ns, Reaching safepoint: 74953 ns, Cleanup: 10666 ns, At safepoint: 5468 ns, Total: 91087 ns
[2025-08-28T15:07:06.065+0000][1099278][info ][safepoint   ] Safepoint "Cleanup", Time since last: 51003384221 ns, Reaching safepoint: 44347 ns, Cleanup: 24647 ns, At safepoint: 2834 ns, Total: 71828 ns
[2025-08-28T15:07:39.067+0000][1099278][info ][safepoint   ] Safepoint "Cleanup", Time since last: 33002350558 ns, Reaching safepoint: 52178 ns, Cleanup: 22854 ns, At safepoint: 3095 ns, Total: 78127 ns
[2025-08-28T15:10:04.143+0000][1099278][info ][gc,start    ] GC(204) Pause Young (Normal) (G1 Evacuation Pause)
[2025-08-28T15:10:04.143+0000][1099278][info ][gc,task     ] GC(204) Using 12 workers of 33 for evacuation
[2025-08-28T15:10:04.143+0000][1099278][debug][gc,age      ] GC(204) Desired survivor size 20971520 bytes, new threshold 15 (max threshold 15)
[2025-08-28T15:10:04.145+0000][1099278][info ][gc,phases   ] GC(204)   Pre Evacuate Collection Set: 0.1ms
[2025-08-28T15:10:04.145+0000][1099278][info ][gc,phases   ] GC(204)   Merge Heap Roots: 0.1ms
[2025-08-28T15:10:04.145+0000][1099278][info ][gc,phases   ] GC(204)   Evacuate Collection Set: 1.3ms
[2025-08-28T15:10:04.145+0000][1099278][info ][gc,phases   ] GC(204)   Post Evacuate Collection Set: 0.4ms
[2025-08-28T15:10:04.145+0000][1099278][info ][gc,phases   ] GC(204)   Other: 0.1ms
[2025-08-28T15:10:04.145+0000][1099278][trace][gc,age      ] GC(204) Age table with threshold 15 (max threshold 15)
[2025-08-28T15:10:04.145+0000][1099278][trace][gc,age      ] GC(204) - age   1:      69816 bytes,      69816 total
[2025-08-28T15:10:04.146+0000][1099278][trace][gc,age      ] GC(204) - age   2:       2808 bytes,      72624 total
[2025-08-28T15:10:04.146+0000][1099278][trace][gc,age      ] GC(204) - age   3:       6472 bytes,      79096 total
[2025-08-28T15:10:04.146+0000][1099278][trace][gc,age      ] GC(204) - age   4:       7320 bytes,      86416 total
[2025-08-28T15:10:04.146+0000][1099278][trace][gc,age      ] GC(204) - age   5:       5856 bytes,      92272 total
[2025-08-28T15:10:04.146+0000][1099278][trace][gc,age      ] GC(204) - age   6:      35656 bytes,     127928 total
[2025-08-28T15:10:04.146+0000][1099278][trace][gc,age      ] GC(204) - age   7:      12976 bytes,     140904 total
[2025-08-28T15:10:04.146+0000][1099278][trace][gc,age      ] GC(204) - age   8:      38608 bytes,     179512 total
[2025-08-28T15:10:04.146+0000][1099278][trace][gc,age      ] GC(204) - age   9:     277984 bytes,     457496 total
[2025-08-28T15:10:04.146+0000][1099278][trace][gc,age      ] GC(204) - age  10:    2364784 bytes,    2822280 total
[2025-08-28T15:10:04.146+0000][1099278][trace][gc,age      ] GC(204) - age  11:        360 bytes,    2822640 total
[2025-08-28T15:10:04.146+0000][1099278][trace][gc,age      ] GC(204) - age  12:        160 bytes,    2822800 total
[2025-08-28T15:10:04.146+0000][1099278][trace][gc,age      ] GC(204) - age  14:        592 bytes,    2823392 total
[2025-08-28T15:10:04.146+0000][1099278][info ][gc,heap     ] GC(204) Eden regions: 75->0(75)
[2025-08-28T15:10:04.146+0000][1099278][info ][gc,heap     ] GC(204) Survivor regions: 1->1(10)
[2025-08-28T15:10:04.146+0000][1099278][info ][gc,heap     ] GC(204) Old regions: 25->25
[2025-08-28T15:10:04.146+0000][1099278][info ][gc,heap     ] GC(204) Humongous regions: 0->0
[2025-08-28T15:10:04.146+0000][1099278][info ][gc,metaspace] GC(204) Metaspace: 140222K(144192K)->140222K(144192K) NonClass: 121194K(123264K)->121194K(123264K) Class: 19027K(20928K)->19027K(20928K)
[2025-08-28T15:10:04.146+0000][1099278][info ][gc          ] GC(204) Pause Young (Normal) (G1 Evacuation Pause) 402M->102M(512M) 2.666ms
[2025-08-28T15:10:04.146+0000][1099278][info ][gc,cpu      ] GC(204) User=0.01s Sys=0.00s Real=0.00s
[2025-08-28T15:10:04.146+0000][1099278][info ][safepoint   ] Safepoint "G1CollectForAllocation", Time since last: 145075812541 ns, Reaching safepoint: 38608 ns, Cleanup: 4346 ns, At safepoint: 2855251 ns, Total: 2898205 ns
[2025-08-28T15:10:19.147+0000][1099278][info ][safepoint   ] Safepoint "Cleanup", Time since last: 15001027049 ns, Reaching safepoint: 89976 ns, Cleanup: 18017 ns, At safepoint: 4547 ns, Total: 112540 ns
[2025-08-28T15:10:37.148+0000][1099278][info ][safepoint   ] Safepoint "Cleanup", Time since last: 18001186534 ns, Reaching safepoint: 323877 ns, Cleanup: 17436 ns, At safepoint: 3946 ns, Total: 345259 ns
[2025-08-28T15:11:48.153+0000][1099278][info ][safepoint   ] Safepoint "Cleanup", Time since last: 71004471946 ns, Reaching safepoint: 89044 ns, Cleanup: 18538 ns, At safepoint: 6690 ns, Total: 114272 ns
[2025-08-28T15:13:51.161+0000][1099278][info ][safepoint   ] Safepoint "Cleanup", Time since last: 123008305805 ns, Reaching safepoint: 56245 ns, Cleanup: 16494 ns, At safepoint: 6731 ns, Total: 79470 ns
[2025-08-28T15:18:19.179+0000][1099278][info ][safepoint   ] Safepoint "Cleanup", Time since last: 268017115317 ns, Reaching safepoint: 60471 ns, Cleanup: 20781 ns, At safepoint: 7261 ns, Total: 88513 ns
[2025-08-28T15:18:42.501+0000][1099278][info ][gc,start    ] GC(205) Pause Young (Normal) (G1 Evacuation Pause)
[2025-08-28T15:18:42.501+0000][1099278][info ][gc,task     ] GC(205) Using 12 workers of 33 for evacuation
[2025-08-28T15:18:42.501+0000][1099278][debug][gc,age      ] GC(205) Desired survivor size 20971520 bytes, new threshold 15 (max threshold 15)
[2025-08-28T15:18:42.503+0000][1099278][info ][gc,phases   ] GC(205)   Pre Evacuate Collection Set: 0.2ms
[2025-08-28T15:18:42.503+0000][1099278][info ][gc,phases   ] GC(205)   Merge Heap Roots: 0.1ms
[2025-08-28T15:18:42.503+0000][1099278][info ][gc,phases   ] GC(205)   Evacuate Collection Set: 1.2ms
[2025-08-28T15:18:42.503+0000][1099278][info ][gc,phases   ] GC(205)   Post Evacuate Collection Set: 0.4ms
[2025-08-28T15:18:42.503+0000][1099278][info ][gc,phases   ] GC(205)   Other: 0.1ms
[2025-08-28T15:18:42.503+0000][1099278][trace][gc,age      ] GC(205) Age table with threshold 15 (max threshold 15)
[2025-08-28T15:18:42.503+0000][1099278][trace][gc,age      ] GC(205) - age   1:      12072 bytes,      12072 total
[2025-08-28T15:18:42.503+0000][1099278][trace][gc,age      ] GC(205) - age   2:      59672 bytes,      71744 total
[2025-08-28T15:18:42.503+0000][1099278][trace][gc,age      ] GC(205) - age   3:       2456 bytes,      74200 total
[2025-08-28T15:18:42.503+0000][1099278][trace][gc,age      ] GC(205) - age   4:       6472 bytes,      80672 total
[2025-08-28T15:18:42.503+0000][1099278][trace][gc,age      ] GC(205) - age   5:       7288 bytes,      87960 total
[2025-08-28T15:18:42.503+0000][1099278][trace][gc,age      ] GC(205) - age   6:       5856 bytes,      93816 total
[2025-08-28T15:18:42.503+0000][1099278][trace][gc,age      ] GC(205) - age   7:      35656 bytes,     129472 total
[2025-08-28T15:18:42.503+0000][1099278][trace][gc,age      ] GC(205) - age   8:      12976 bytes,     142448 total
[2025-08-28T15:18:42.503+0000][1099278][trace][gc,age      ] GC(205) - age   9:      38512 bytes,     180960 total
[2025-08-28T15:18:42.503+0000][1099278][trace][gc,age      ] GC(205) - age  10:     277792 bytes,     458752 total
[2025-08-28T15:18:42.503+0000][1099278][trace][gc,age      ] GC(205) - age  11:    2364784 bytes,    2823536 total
[2025-08-28T15:18:42.503+0000][1099278][trace][gc,age      ] GC(205) - age  12:        360 bytes,    2823896 total
[2025-08-28T15:18:42.503+0000][1099278][trace][gc,age      ] GC(205) - age  13:        160 bytes,    2824056 total
[2025-08-28T15:18:42.503+0000][1099278][trace][gc,age      ] GC(205) - age  15:        592 bytes,    2824648 total
[2025-08-28T15:18:42.504+0000][1099278][info ][gc,heap     ] GC(205) Eden regions: 75->0(75)
[2025-08-28T15:18:42.504+0000][1099278][info ][gc,heap     ] GC(205) Survivor regions: 1->1(10)
[2025-08-28T15:18:42.504+0000][1099278][info ][gc,heap     ] GC(205) Old regions: 25->25
[2025-08-28T15:18:42.504+0000][1099278][info ][gc,heap     ] GC(205) Humongous regions: 0->0
[2025-08-28T15:18:42.504+0000][1099278][info ][gc,metaspace] GC(205) Metaspace: 140235K(144192K)->140235K(144192K) NonClass: 121208K(123264K)->121208K(123264K) Class: 19027K(20928K)->19027K(20928K)
[2025-08-28T15:18:42.504+0000][1099278][info ][gc          ] GC(205) Pause Young (Normal) (G1 Evacuation Pause) 402M->102M(512M) 2.233ms
[2025-08-28T15:18:42.504+0000][1099278][info ][gc,cpu      ] GC(205) User=0.01s Sys=0.01s Real=0.00s
[2025-08-28T15:18:42.504+0000][1099278][info ][safepoint   ] Safepoint "G1CollectForAllocation", Time since last: 23322581661 ns, Reaching safepoint: 49514 ns, Cleanup: 6921 ns, At safepoint: 2443553 ns, Total: 2499988 ns
