[2025-08-21T16:39:22.780+0000][3183685][info][gc,init] CardTable entry size: 512
[2025-08-21T16:39:22.780+0000][3183685][info][gc     ] Using G1
[2025-08-21T16:39:25.636+0000][3183685][info][gc,init] Version: 21.0.2+13-58 (release)
[2025-08-21T16:39:25.636+0000][3183685][info][gc,init] CPUs: 96 total, 1 available
[2025-08-21T16:39:25.636+0000][3183685][info][gc,init] Memory: 125G
[2025-08-21T16:39:25.636+0000][3183685][info][gc,init] Large Page Support: Disabled
[2025-08-21T16:39:25.636+0000][3183685][info][gc,init] NUMA Support: Disabled
[2025-08-21T16:39:25.636+0000][3183685][info][gc,init] Compressed Oops: Enabled (32-bit)
[2025-08-21T16:39:25.636+0000][3183685][info][gc,init] Heap Region Size: 4M
[2025-08-21T16:39:25.636+0000][3183685][info][gc,init] Heap Min Capacity: 512M
[2025-08-21T16:39:25.636+0000][3183685][info][gc,init] Heap Initial Capacity: 512M
[2025-08-21T16:39:25.636+0000][3183685][info][gc,init] Heap Max Capacity: 512M
[2025-08-21T16:39:25.636+0000][3183685][info][gc,init] Pre-touch: Enabled
[2025-08-21T16:39:25.636+0000][3183685][info][gc,init] Parallel Workers: 1
[2025-08-21T16:39:25.636+0000][3183685][info][gc,init] Concurrent Workers: 1
[2025-08-21T16:39:25.636+0000][3183685][info][gc,init] Concurrent Refinement Workers: 1
[2025-08-21T16:39:25.636+0000][3183685][info][gc,init] Periodic GC: Disabled
[2025-08-21T16:39:25.646+0000][3183685][info][gc,metaspace] CDS archive(s) mapped at: [0x00001457a3000000-0x00001457a3ca6000-0x00001457a3ca6000), size 13262848, SharedBaseAddress: 0x00001457a3000000, ArchiveRelocationMode: 1.
[2025-08-21T16:39:25.646+0000][3183685][info][gc,metaspace] Compressed class space mapped at: 0x00001457a4000000-0x00001457e4000000, reserved size: 1073741824
[2025-08-21T16:39:25.646+0000][3183685][info][gc,metaspace] Narrow klass base: 0x00001457a3000000, Narrow klass shift: 0, Narrow klass range: 0x100000000
[2025-08-21T16:39:27.090+0000][3183685][info][safepoint   ] Safepoint "Cleanup", Time since last: 1352080122 ns, Reaching safepoint: 1622 ns, Cleanup: 49385 ns, At safepoint: 1181 ns, Total: 52188 ns
[2025-08-21T16:39:27.408+0000][3183685][info][gc,start    ] GC(0) Pause Young (Normal) (G1 Evacuation Pause)
[2025-08-21T16:39:27.408+0000][3183685][info][gc,task     ] GC(0) Using 1 workers of 1 for evacuation
[2025-08-21T16:39:27.408+0000][3183685][debug][gc,age      ] GC(0) Desired survivor size 2097152 bytes, new threshold 15 (max threshold 15)
[2025-08-21T16:39:27.410+0000][3183685][info ][gc,phases   ] GC(0)   Pre Evacuate Collection Set: 0.0ms
[2025-08-21T16:39:27.410+0000][3183685][info ][gc,phases   ] GC(0)   Merge Heap Roots: 0.0ms
[2025-08-21T16:39:27.410+0000][3183685][info ][gc,phases   ] GC(0)   Evacuate Collection Set: 1.7ms
[2025-08-21T16:39:27.410+0000][3183685][info ][gc,phases   ] GC(0)   Post Evacuate Collection Set: 0.1ms
[2025-08-21T16:39:27.410+0000][3183685][info ][gc,phases   ] GC(0)   Other: 0.0ms
[2025-08-21T16:39:27.410+0000][3183685][trace][gc,age      ] GC(0) Age table with threshold 15 (max threshold 15)
[2025-08-21T16:39:27.410+0000][3183685][trace][gc,age      ] GC(0) - age   1:    2261296 bytes,    2261296 total
[2025-08-21T16:39:27.410+0000][3183685][info ][gc,heap     ] GC(0) Eden regions: 6->0(5)
[2025-08-21T16:39:27.410+0000][3183685][info ][gc,heap     ] GC(0) Survivor regions: 0->1(1)
[2025-08-21T16:39:27.410+0000][3183685][info ][gc,heap     ] GC(0) Old regions: 1->1
[2025-08-21T16:39:27.410+0000][3183685][info ][gc,heap     ] GC(0) Humongous regions: 0->0
[2025-08-21T16:39:27.410+0000][3183685][info ][gc,metaspace] GC(0) Metaspace: 1154K(1344K)->1154K(1344K) NonClass: 1071K(1152K)->1071K(1152K) Class: 82K(192K)->82K(192K)
[2025-08-21T16:39:27.410+0000][3183685][info ][gc          ] GC(0) Pause Young (Normal) (G1 Evacuation Pause) 25M->3M(512M) 2.018ms
[2025-08-21T16:39:27.410+0000][3183685][info ][gc,cpu      ] GC(0) User=0.01s Sys=0.00s Real=0.00s
[2025-08-21T16:39:27.410+0000][3183685][info ][safepoint   ] Safepoint "G1CollectForAllocation", Time since last: 318236898 ns, Reaching safepoint: 2844 ns, Cleanup: 20401 ns, At safepoint: 2039419 ns, Total: 2062664 ns
[2025-08-21T16:39:28.947+0000][3183685][info ][safepoint   ] Safepoint "Cleanup", Time since last: 1536923871 ns, Reaching safepoint: 2674 ns, Cleanup: 80451 ns, At safepoint: 1543 ns, Total: 84668 ns
[2025-08-21T16:39:29.650+0000][3183685][info ][gc,start    ] GC(1) Pause Young (Normal) (G1 Evacuation Pause)
[2025-08-21T16:39:29.650+0000][3183685][info ][gc,task     ] GC(1) Using 1 workers of 1 for evacuation
[2025-08-21T16:39:29.650+0000][3183685][debug][gc,age      ] GC(1) Desired survivor size 2097152 bytes, new threshold 1 (max threshold 15)
[2025-08-21T16:39:29.653+0000][3183685][info ][gc,phases   ] GC(1)   Pre Evacuate Collection Set: 0.0ms
[2025-08-21T16:39:29.653+0000][3183685][info ][gc,phases   ] GC(1)   Merge Heap Roots: 0.0ms
[2025-08-21T16:39:29.653+0000][3183685][info ][gc,phases   ] GC(1)   Evacuate Collection Set: 2.8ms
[2025-08-21T16:39:29.653+0000][3183685][info ][gc,phases   ] GC(1)   Post Evacuate Collection Set: 0.1ms
[2025-08-21T16:39:29.653+0000][3183685][info ][gc,phases   ] GC(1)   Other: 0.0ms
[2025-08-21T16:39:29.653+0000][3183685][trace][gc,age      ] GC(1) Age table with threshold 1 (max threshold 15)
[2025-08-21T16:39:29.653+0000][3183685][trace][gc,age      ] GC(1) - age   1:    1903984 bytes,    1903984 total
[2025-08-21T16:39:29.653+0000][3183685][info ][gc,heap     ] GC(1) Eden regions: 5->0(5)
[2025-08-21T16:39:29.653+0000][3183685][info ][gc,heap     ] GC(1) Survivor regions: 1->1(1)
[2025-08-21T16:39:29.653+0000][3183685][info ][gc,heap     ] GC(1) Old regions: 1->2
[2025-08-21T16:39:29.653+0000][3183685][info ][gc,heap     ] GC(1) Humongous regions: 0->0
[2025-08-21T16:39:29.653+0000][3183685][info ][gc,metaspace] GC(1) Metaspace: 6648K(6912K)->6648K(6912K) NonClass: 5895K(6016K)->5895K(6016K) Class: 753K(896K)->753K(896K)
[2025-08-21T16:39:29.653+0000][3183685][info ][gc          ] GC(1) Pause Young (Normal) (G1 Evacuation Pause) 23M->5M(512M) 3.108ms
[2025-08-21T16:39:29.653+0000][3183685][info ][gc,cpu      ] GC(1) User=0.00s Sys=0.00s Real=0.00s
[2025-08-21T16:39:29.653+0000][3183685][info ][safepoint   ] Safepoint "G1CollectForAllocation", Time since last: 703154124 ns, Reaching safepoint: 2263 ns, Cleanup: 31698 ns, At safepoint: 3131388 ns, Total: 3165349 ns
[2025-08-21T16:39:30.867+0000][3183685][info ][safepoint   ] Safepoint "Cleanup", Time since last: 1213746894 ns, Reaching safepoint: 1462 ns, Cleanup: 67442 ns, At safepoint: 1222 ns, Total: 70126 ns
[2025-08-21T16:39:31.450+0000][3183685][info ][gc,start    ] GC(2) Pause Young (Normal) (G1 Evacuation Pause)
[2025-08-21T16:39:31.450+0000][3183685][info ][gc,task     ] GC(2) Using 1 workers of 1 for evacuation
[2025-08-21T16:39:31.450+0000][3183685][debug][gc,age      ] GC(2) Desired survivor size 2097152 bytes, new threshold 15 (max threshold 15)
[2025-08-21T16:39:31.454+0000][3183685][info ][gc,phases   ] GC(2)   Pre Evacuate Collection Set: 0.0ms
[2025-08-21T16:39:31.454+0000][3183685][info ][gc,phases   ] GC(2)   Merge Heap Roots: 0.0ms
[2025-08-21T16:39:31.454+0000][3183685][info ][gc,phases   ] GC(2)   Evacuate Collection Set: 3.7ms
[2025-08-21T16:39:31.454+0000][3183685][info ][gc,phases   ] GC(2)   Post Evacuate Collection Set: 0.2ms
[2025-08-21T16:39:31.454+0000][3183685][info ][gc,phases   ] GC(2)   Other: 0.0ms
[2025-08-21T16:39:31.454+0000][3183685][trace][gc,age      ] GC(2) Age table with threshold 15 (max threshold 15)
[2025-08-21T16:39:31.454+0000][3183685][trace][gc,age      ] GC(2) - age   1:    1925840 bytes,    1925840 total
[2025-08-21T16:39:31.454+0000][3183685][trace][gc,age      ] GC(2) - age   2:    1867752 bytes,    3793592 total
[2025-08-21T16:39:31.454+0000][3183685][info ][gc,heap     ] GC(2) Eden regions: 5->0(5)
[2025-08-21T16:39:31.454+0000][3183685][info ][gc,heap     ] GC(2) Survivor regions: 1->1(1)
[2025-08-21T16:39:31.454+0000][3183685][info ][gc,heap     ] GC(2) Old regions: 2->2
[2025-08-21T16:39:31.454+0000][3183685][info ][gc,heap     ] GC(2) Humongous regions: 0->0
[2025-08-21T16:39:31.454+0000][3183685][info ][gc,metaspace] GC(2) Metaspace: 9707K(9984K)->9707K(9984K) NonClass: 8545K(8704K)->8545K(8704K) Class: 1162K(1280K)->1162K(1280K)
[2025-08-21T16:39:31.454+0000][3183685][info ][gc          ] GC(2) Pause Young (Normal) (G1 Evacuation Pause) 25M->7M(512M) 4.114ms
[2025-08-21T16:39:31.454+0000][3183685][info ][gc,cpu      ] GC(2) User=0.00s Sys=0.00s Real=0.00s
[2025-08-21T16:39:31.454+0000][3183685][info ][safepoint   ] Safepoint "G1CollectForAllocation", Time since last: 582999046 ns, Reaching safepoint: 2484 ns, Cleanup: 58939 ns, At safepoint: 4142195 ns, Total: 4203618 ns
[2025-08-21T16:39:32.756+0000][3183685][info ][safepoint   ] Safepoint "Cleanup", Time since last: 1301531351 ns, Reaching safepoint: 1782 ns, Cleanup: 38268 ns, At safepoint: 1623 ns, Total: 41673 ns
[2025-08-21T16:39:34.184+0000][3183685][info ][safepoint   ] Safepoint "Cleanup", Time since last: 1427959952 ns, Reaching safepoint: 1873 ns, Cleanup: 56825 ns, At safepoint: 1222 ns, Total: 59920 ns
[2025-08-21T16:39:34.893+0000][3183685][info ][gc,start    ] GC(3) Pause Young (Normal) (G1 Evacuation Pause)
[2025-08-21T16:39:34.893+0000][3183685][info ][gc,task     ] GC(3) Using 1 workers of 1 for evacuation
[2025-08-21T16:39:34.893+0000][3183685][debug][gc,age      ] GC(3) Desired survivor size 2097152 bytes, new threshold 2 (max threshold 15)
[2025-08-21T16:39:34.899+0000][3183685][info ][gc,phases   ] GC(3)   Pre Evacuate Collection Set: 0.0ms
[2025-08-21T16:39:34.899+0000][3183685][info ][gc,phases   ] GC(3)   Merge Heap Roots: 0.0ms
[2025-08-21T16:39:34.899+0000][3183685][info ][gc,phases   ] GC(3)   Evacuate Collection Set: 5.3ms
[2025-08-21T16:39:34.899+0000][3183685][info ][gc,phases   ] GC(3)   Post Evacuate Collection Set: 0.3ms
[2025-08-21T16:39:34.899+0000][3183685][info ][gc,phases   ] GC(3)   Other: 0.0ms
[2025-08-21T16:39:34.899+0000][3183685][trace][gc,age      ] GC(3) Age table with threshold 2 (max threshold 15)
[2025-08-21T16:39:34.899+0000][3183685][trace][gc,age      ] GC(3) - age   1:    2301624 bytes,    2301624 total
[2025-08-21T16:39:34.899+0000][3183685][trace][gc,age      ] GC(3) - age   2:    1807648 bytes,    4109272 total
[2025-08-21T16:39:34.899+0000][3183685][info ][gc,heap     ] GC(3) Eden regions: 5->0(5)
[2025-08-21T16:39:34.899+0000][3183685][info ][gc,heap     ] GC(3) Survivor regions: 1->1(1)
[2025-08-21T16:39:34.899+0000][3183685][info ][gc,heap     ] GC(3) Old regions: 2->3
[2025-08-21T16:39:34.899+0000][3183685][info ][gc,heap     ] GC(3) Humongous regions: 0->0
[2025-08-21T16:39:34.899+0000][3183685][info ][gc,metaspace] GC(3) Metaspace: 15536K(16064K)->15536K(16064K) NonClass: 13622K(13952K)->13622K(13952K) Class: 1914K(2112K)->1914K(2112K)
[2025-08-21T16:39:34.899+0000][3183685][info ][gc          ] GC(3) Pause Young (Normal) (G1 Evacuation Pause) 27M->9M(512M) 6.000ms
[2025-08-21T16:39:34.899+0000][3183685][info ][gc,cpu      ] GC(3) User=0.00s Sys=0.00s Real=0.01s
[2025-08-21T16:39:34.899+0000][3183685][info ][safepoint   ] Safepoint "G1CollectForAllocation", Time since last: 708511714 ns, Reaching safepoint: 2834 ns, Cleanup: 67362 ns, At safepoint: 6023836 ns, Total: 6094032 ns
[2025-08-21T16:39:36.341+0000][3183685][info ][safepoint   ] Safepoint "Cleanup", Time since last: 1441906181 ns, Reaching safepoint: 1883 ns, Cleanup: 33421 ns, At safepoint: 1272 ns, Total: 36576 ns
[2025-08-21T16:39:37.343+0000][3183685][info ][safepoint   ] Safepoint "Cleanup", Time since last: 1000078708 ns, Reaching safepoint: 2061503 ns, Cleanup: 44167 ns, At safepoint: 4116 ns, Total: 2109786 ns
[2025-08-21T16:39:37.464+0000][3183685][info ][gc,start    ] GC(4) Pause Young (Normal) (G1 Evacuation Pause)
[2025-08-21T16:39:37.464+0000][3183685][info ][gc,task     ] GC(4) Using 1 workers of 1 for evacuation
[2025-08-21T16:39:37.464+0000][3183685][debug][gc,age      ] GC(4) Desired survivor size 2097152 bytes, new threshold 1 (max threshold 15)
[2025-08-21T16:39:37.468+0000][3183685][info ][gc,phases   ] GC(4)   Pre Evacuate Collection Set: 0.0ms
[2025-08-21T16:39:37.468+0000][3183685][info ][gc,phases   ] GC(4)   Merge Heap Roots: 0.0ms
[2025-08-21T16:39:37.468+0000][3183685][info ][gc,phases   ] GC(4)   Evacuate Collection Set: 4.4ms
[2025-08-21T16:39:37.468+0000][3183685][info ][gc,phases   ] GC(4)   Post Evacuate Collection Set: 0.3ms
[2025-08-21T16:39:37.469+0000][3183685][info ][gc,phases   ] GC(4)   Other: 0.0ms
[2025-08-21T16:39:37.469+0000][3183685][trace][gc,age      ] GC(4) Age table with threshold 1 (max threshold 15)
[2025-08-21T16:39:37.469+0000][3183685][trace][gc,age      ] GC(4) - age   1:     789016 bytes,     789016 total
[2025-08-21T16:39:37.469+0000][3183685][info ][gc,heap     ] GC(4) Eden regions: 5->0(12)
[2025-08-21T16:39:37.469+0000][3183685][info ][gc,heap     ] GC(4) Survivor regions: 1->1(1)
[2025-08-21T16:39:37.469+0000][3183685][info ][gc,heap     ] GC(4) Old regions: 3->3
[2025-08-21T16:39:37.469+0000][3183685][info ][gc,heap     ] GC(4) Humongous regions: 0->0
[2025-08-21T16:39:37.469+0000][3183685][info ][gc,metaspace] GC(4) Metaspace: 20225K(20800K)->20225K(20800K) NonClass: 17955K(18304K)->17955K(18304K) Class: 2270K(2496K)->2270K(2496K)
[2025-08-21T16:39:37.469+0000][3183685][info ][gc          ] GC(4) Pause Young (Normal) (G1 Evacuation Pause) 29M->9M(512M) 4.808ms
[2025-08-21T16:39:37.469+0000][3183685][info ][gc,cpu      ] GC(4) User=0.00s Sys=0.00s Real=0.01s
[2025-08-21T16:39:37.469+0000][3183685][info ][safepoint   ] Safepoint "G1CollectForAllocation", Time since last: 96953403 ns, Reaching safepoint: 23936054 ns, Cleanup: 13620 ns, At safepoint: 4839058 ns, Total: 28788732 ns
[2025-08-21T16:39:38.469+0000][3183685][info ][safepoint   ] Safepoint "Cleanup", Time since last: 1000173722 ns, Reaching safepoint: 89284 ns, Cleanup: 28203 ns, At safepoint: 2324 ns, Total: 119811 ns
[2025-08-21T16:39:39.469+0000][3183685][info ][safepoint   ] Safepoint "Cleanup", Time since last: 1000078929 ns, Reaching safepoint: 3495 ns, Cleanup: 50226 ns, At safepoint: 1702 ns, Total: 55423 ns
[2025-08-21T16:39:39.755+0000][3183685][info ][gc,start    ] GC(5) Pause Young (Normal) (G1 Evacuation Pause)
[2025-08-21T16:39:39.755+0000][3183685][info ][gc,task     ] GC(5) Using 1 workers of 1 for evacuation
[2025-08-21T16:39:39.755+0000][3183685][debug][gc,age      ] GC(5) Desired survivor size 4194304 bytes, new threshold 15 (max threshold 15)
[2025-08-21T16:39:39.759+0000][3183685][info ][gc,phases   ] GC(5)   Pre Evacuate Collection Set: 0.1ms
[2025-08-21T16:39:39.759+0000][3183685][info ][gc,phases   ] GC(5)   Merge Heap Roots: 0.0ms
[2025-08-21T16:39:39.759+0000][3183685][info ][gc,phases   ] GC(5)   Evacuate Collection Set: 3.7ms
[2025-08-21T16:39:39.759+0000][3183685][info ][gc,phases   ] GC(5)   Post Evacuate Collection Set: 0.2ms
[2025-08-21T16:39:39.759+0000][3183685][info ][gc,phases   ] GC(5)   Other: 0.0ms
[2025-08-21T16:39:39.759+0000][3183685][trace][gc,age      ] GC(5) Age table with threshold 15 (max threshold 15)
[2025-08-21T16:39:39.759+0000][3183685][trace][gc,age      ] GC(5) - age   1:    2502896 bytes,    2502896 total
[2025-08-21T16:39:39.759+0000][3183685][trace][gc,age      ] GC(5) - age   2:     731944 bytes,    3234840 total
[2025-08-21T16:39:39.759+0000][3183685][info ][gc,heap     ] GC(5) Eden regions: 13->0(75)
[2025-08-21T16:39:39.759+0000][3183685][info ][gc,heap     ] GC(5) Survivor regions: 1->1(2)
[2025-08-21T16:39:39.759+0000][3183685][info ][gc,heap     ] GC(5) Old regions: 3->3
[2025-08-21T16:39:39.759+0000][3183685][info ][gc,heap     ] GC(5) Humongous regions: 0->0
[2025-08-21T16:39:39.759+0000][3183685][info ][gc,metaspace] GC(5) Metaspace: 20899K(21504K)->20899K(21504K) NonClass: 18588K(18944K)->18588K(18944K) Class: 2311K(2560K)->2311K(2560K)
[2025-08-21T16:39:39.759+0000][3183685][info ][gc          ] GC(5) Pause Young (Normal) (G1 Evacuation Pause) 61M->11M(512M) 4.129ms
[2025-08-21T16:39:39.759+0000][3183685][info ][gc,cpu      ] GC(5) User=0.00s Sys=0.00s Real=0.01s
[2025-08-21T16:39:39.759+0000][3183685][info ][safepoint   ] Safepoint "G1CollectForAllocation", Time since last: 286255715 ns, Reaching safepoint: 2894 ns, Cleanup: 22094 ns, At safepoint: 4153612 ns, Total: 4178600 ns
[2025-08-21T16:39:39.927+0000][3183685][info ][gc,start    ] GC(6) Pause Young (Concurrent Start) (Metadata GC Threshold)
[2025-08-21T16:39:39.927+0000][3183685][info ][gc,task     ] GC(6) Using 1 workers of 1 for evacuation
[2025-08-21T16:39:39.927+0000][3183685][debug][gc,age      ] GC(6) Desired survivor size 20971520 bytes, new threshold 15 (max threshold 15)
[2025-08-21T16:39:39.929+0000][3183685][info ][gc,phases   ] GC(6)   Pre Evacuate Collection Set: 0.0ms
[2025-08-21T16:39:39.929+0000][3183685][info ][gc,phases   ] GC(6)   Merge Heap Roots: 0.0ms
[2025-08-21T16:39:39.929+0000][3183685][info ][gc,phases   ] GC(6)   Evacuate Collection Set: 2.0ms
[2025-08-21T16:39:39.929+0000][3183685][info ][gc,phases   ] GC(6)   Post Evacuate Collection Set: 0.2ms
[2025-08-21T16:39:39.929+0000][3183685][info ][gc,phases   ] GC(6)   Other: 0.0ms
[2025-08-21T16:39:39.929+0000][3183685][trace][gc,age      ] GC(6) Age table with threshold 15 (max threshold 15)
[2025-08-21T16:39:39.929+0000][3183685][trace][gc,age      ] GC(6) - age   1:      58600 bytes,      58600 total
[2025-08-21T16:39:39.929+0000][3183685][trace][gc,age      ] GC(6) - age   2:     941696 bytes,    1000296 total
[2025-08-21T16:39:39.929+0000][3183685][trace][gc,age      ] GC(6) - age   3:     731912 bytes,    1732208 total
[2025-08-21T16:39:39.929+0000][3183685][info ][gc,heap     ] GC(6) Eden regions: 2->0(75)
[2025-08-21T16:39:39.929+0000][3183685][info ][gc,heap     ] GC(6) Survivor regions: 1->1(10)
[2025-08-21T16:39:39.929+0000][3183685][info ][gc,heap     ] GC(6) Old regions: 3->3
[2025-08-21T16:39:39.929+0000][3183685][info ][gc,heap     ] GC(6) Humongous regions: 0->0
[2025-08-21T16:39:39.929+0000][3183685][info ][gc,metaspace] GC(6) Metaspace: 20966K(21504K)->20966K(21504K) NonClass: 18644K(18944K)->18644K(18944K) Class: 2322K(2560K)->2322K(2560K)
[2025-08-21T16:39:39.929+0000][3183685][info ][gc          ] GC(6) Pause Young (Concurrent Start) (Metadata GC Threshold) 19M->10M(512M) 2.337ms
[2025-08-21T16:39:39.929+0000][3183685][info ][gc,cpu      ] GC(6) User=0.00s Sys=0.00s Real=0.00s
[2025-08-21T16:39:39.929+0000][3183685][info ][safepoint   ] Safepoint "CollectForMetadataAllocation", Time since last: 167226006 ns, Reaching safepoint: 2834 ns, Cleanup: 19510 ns, At safepoint: 2401386 ns, Total: 2423730 ns
[2025-08-21T16:39:39.932+0000][3183685][info ][gc          ] GC(7) Concurrent Mark Cycle
[2025-08-21T16:39:39.932+0000][3183685][info ][gc,marking  ] GC(7) Concurrent Scan Root Regions
[2025-08-21T16:39:39.934+0000][3183685][info ][gc,marking  ] GC(7) Concurrent Scan Root Regions 1.315ms
[2025-08-21T16:39:39.934+0000][3183685][info ][gc,marking  ] GC(7) Concurrent Mark
[2025-08-21T16:39:39.934+0000][3183685][info ][gc,marking  ] GC(7) Concurrent Mark From Roots
[2025-08-21T16:39:39.934+0000][3183685][info ][gc,task     ] GC(7) Using 1 workers of 1 for marking
[2025-08-21T16:39:39.943+0000][3183685][info ][gc,marking  ] GC(7) Concurrent Mark From Roots 9.178ms
[2025-08-21T16:39:39.943+0000][3183685][info ][gc,marking  ] GC(7) Concurrent Preclean
[2025-08-21T16:39:39.943+0000][3183685][info ][gc,marking  ] GC(7) Concurrent Preclean 0.010ms
[2025-08-21T16:39:39.974+0000][3183685][info ][gc,start    ] GC(7) Pause Remark
[2025-08-21T16:39:39.982+0000][3183685][info ][gc          ] GC(7) Pause Remark 10M->10M(512M) 8.103ms
[2025-08-21T16:39:39.982+0000][3183685][info ][gc,cpu      ] GC(7) User=0.01s Sys=0.00s Real=0.01s
[2025-08-21T16:39:39.984+0000][3183685][info ][safepoint   ] Safepoint "G1PauseRemark", Time since last: 23369969 ns, Reaching safepoint: 21928493 ns, Cleanup: 3055 ns, At safepoint: 10024086 ns, Total: 31955634 ns
[2025-08-21T16:39:39.984+0000][3183685][info ][gc,marking  ] GC(7) Concurrent Mark 50.725ms
[2025-08-21T16:39:39.984+0000][3183685][info ][gc,marking  ] GC(7) Concurrent Rebuild Remembered Sets and Scrub Regions
[2025-08-21T16:39:39.988+0000][3183685][info ][gc,marking  ] GC(7) Concurrent Rebuild Remembered Sets and Scrub Regions 3.717ms
[2025-08-21T16:39:39.988+0000][3183685][info ][gc,start    ] GC(7) Pause Cleanup
[2025-08-21T16:39:39.989+0000][3183685][info ][gc          ] GC(7) Pause Cleanup 12M->12M(512M) 0.027ms
[2025-08-21T16:39:39.989+0000][3183685][info ][gc,cpu      ] GC(7) User=0.00s Sys=0.00s Real=0.00s
[2025-08-21T16:39:39.989+0000][3183685][info ][safepoint   ] Safepoint "G1PauseCleanup", Time since last: 3756162 ns, Reaching safepoint: 316889 ns, Cleanup: 1101 ns, At safepoint: 43466 ns, Total: 361456 ns
[2025-08-21T16:39:39.989+0000][3183685][info ][gc,marking  ] GC(7) Concurrent Clear Claimed Marks
[2025-08-21T16:39:39.989+0000][3183685][info ][gc,marking  ] GC(7) Concurrent Clear Claimed Marks 0.011ms
[2025-08-21T16:39:39.989+0000][3183685][info ][gc,marking  ] GC(7) Concurrent Cleanup for Next Mark
[2025-08-21T16:39:39.989+0000][3183685][info ][gc,marking  ] GC(7) Concurrent Cleanup for Next Mark 0.371ms
[2025-08-21T16:39:39.989+0000][3183685][info ][gc          ] GC(7) Concurrent Mark Cycle 56.559ms
[2025-08-21T16:39:40.991+0000][3183685][info ][safepoint   ] Safepoint "Cleanup", Time since last: 1000497491 ns, Reaching safepoint: 2096075 ns, Cleanup: 54552 ns, At safepoint: 3035 ns, Total: 2153662 ns
[2025-08-21T16:39:41.992+0000][3183685][info ][safepoint   ] Safepoint "Cleanup", Time since last: 1000311610 ns, Reaching safepoint: 2795 ns, Cleanup: 56705 ns, At safepoint: 2023 ns, Total: 61523 ns
[2025-08-21T16:39:42.992+0000][3183685][info ][safepoint   ] Safepoint "Cleanup", Time since last: 1000080942 ns, Reaching safepoint: 67602 ns, Cleanup: 30877 ns, At safepoint: 2073 ns, Total: 100552 ns
[2025-08-21T16:39:44.004+0000][3183685][info ][safepoint   ] Safepoint "Cleanup", Time since last: 1000310659 ns, Reaching safepoint: 11963285 ns, Cleanup: 83075 ns, At safepoint: 3816 ns, Total: 12050176 ns
[2025-08-21T16:39:45.167+0000][3183685][info ][gc,start    ] GC(8) Pause Young (Prepare Mixed) (G1 Evacuation Pause)
[2025-08-21T16:39:45.167+0000][3183685][info ][gc,task     ] GC(8) Using 1 workers of 1 for evacuation
[2025-08-21T16:39:45.167+0000][3183685][debug][gc,age      ] GC(8) Desired survivor size 20971520 bytes, new threshold 15 (max threshold 15)
[2025-08-21T16:39:45.177+0000][3183685][info ][gc,phases   ] GC(8)   Pre Evacuate Collection Set: 0.0ms
[2025-08-21T16:39:45.177+0000][3183685][info ][gc,phases   ] GC(8)   Merge Heap Roots: 0.0ms
[2025-08-21T16:39:45.177+0000][3183685][info ][gc,phases   ] GC(8)   Evacuate Collection Set: 9.6ms
[2025-08-21T16:39:45.177+0000][3183685][info ][gc,phases   ] GC(8)   Post Evacuate Collection Set: 0.4ms
[2025-08-21T16:39:45.177+0000][3183685][info ][gc,phases   ] GC(8)   Other: 0.0ms
[2025-08-21T16:39:45.177+0000][3183685][trace][gc,age      ] GC(8) Age table with threshold 15 (max threshold 15)
[2025-08-21T16:39:45.177+0000][3183685][trace][gc,age      ] GC(8) - age   1:    9210624 bytes,    9210624 total
[2025-08-21T16:39:45.177+0000][3183685][trace][gc,age      ] GC(8) - age   2:      55920 bytes,    9266544 total
[2025-08-21T16:39:45.177+0000][3183685][trace][gc,age      ] GC(8) - age   3:     941368 bytes,   10207912 total
[2025-08-21T16:39:45.177+0000][3183685][trace][gc,age      ] GC(8) - age   4:     729848 bytes,   10937760 total
[2025-08-21T16:39:45.177+0000][3183685][info ][gc,heap     ] GC(8) Eden regions: 75->0(41)
[2025-08-21T16:39:45.177+0000][3183685][info ][gc,heap     ] GC(8) Survivor regions: 1->3(10)
[2025-08-21T16:39:45.177+0000][3183685][info ][gc,heap     ] GC(8) Old regions: 3->3
[2025-08-21T16:39:45.177+0000][3183685][info ][gc,heap     ] GC(8) Humongous regions: 0->0
[2025-08-21T16:39:45.177+0000][3183685][info ][gc,metaspace] GC(8) Metaspace: 29443K(30144K)->29443K(30144K) NonClass: 26082K(26496K)->26082K(26496K) Class: 3361K(3648K)->3361K(3648K)
[2025-08-21T16:39:45.177+0000][3183685][info ][gc          ] GC(8) Pause Young (Prepare Mixed) (G1 Evacuation Pause) 310M->19M(512M) 10.155ms
[2025-08-21T16:39:45.177+0000][3183685][info ][gc,cpu      ] GC(8) User=0.01s Sys=0.00s Real=0.01s
[2025-08-21T16:39:45.177+0000][3183685][info ][safepoint   ] Safepoint "G1CollectForAllocation", Time since last: 1162348741 ns, Reaching safepoint: 2765 ns, Cleanup: 86690 ns, At safepoint: 10180644 ns, Total: 10270099 ns
[2025-08-21T16:39:46.177+0000][3183685][info ][safepoint   ] Safepoint "Cleanup", Time since last: 1000074692 ns, Reaching safepoint: 270278 ns, Cleanup: 58408 ns, At safepoint: 2023 ns, Total: 330709 ns
[2025-08-21T16:39:46.367+0000][3183685][info ][gc,start    ] GC(9) Pause Young (Mixed) (G1 Evacuation Pause)
[2025-08-21T16:39:46.367+0000][3183685][info ][gc,task     ] GC(9) Using 1 workers of 1 for evacuation
[2025-08-21T16:39:46.367+0000][3183685][debug][gc,age      ] GC(9) Desired survivor size 12582912 bytes, new threshold 15 (max threshold 15)
[2025-08-21T16:39:46.379+0000][3183685][info ][gc,phases   ] GC(9)   Pre Evacuate Collection Set: 0.0ms
[2025-08-21T16:39:46.379+0000][3183685][info ][gc,phases   ] GC(9)   Merge Heap Roots: 0.0ms
[2025-08-21T16:39:46.379+0000][3183685][info ][gc,phases   ] GC(9)   Evacuate Collection Set: 11.5ms
[2025-08-21T16:39:46.379+0000][3183685][info ][gc,phases   ] GC(9)   Post Evacuate Collection Set: 0.6ms
[2025-08-21T16:39:46.379+0000][3183685][info ][gc,phases   ] GC(9)   Other: 0.0ms
[2025-08-21T16:39:46.379+0000][3183685][trace][gc,age      ] GC(9) Age table with threshold 15 (max threshold 15)
[2025-08-21T16:39:46.379+0000][3183685][trace][gc,age      ] GC(9) - age   1:    2563272 bytes,    2563272 total
[2025-08-21T16:39:46.379+0000][3183685][trace][gc,age      ] GC(9) - age   2:    8527872 bytes,   11091144 total
[2025-08-21T16:39:46.379+0000][3183685][trace][gc,age      ] GC(9) - age   3:      55888 bytes,   11147032 total
[2025-08-21T16:39:46.379+0000][3183685][trace][gc,age      ] GC(9) - age   4:     941368 bytes,   12088400 total
[2025-08-21T16:39:46.379+0000][3183685][trace][gc,age      ] GC(9) - age   5:     729848 bytes,   12818248 total
[2025-08-21T16:39:46.379+0000][3183685][info ][gc,heap     ] GC(9) Eden regions: 40->0(34)
[2025-08-21T16:39:46.379+0000][3183685][info ][gc,heap     ] GC(9) Survivor regions: 3->4(6)
[2025-08-21T16:39:46.379+0000][3183685][info ][gc,heap     ] GC(9) Old regions: 3->3
[2025-08-21T16:39:46.379+0000][3183685][info ][gc,heap     ] GC(9) Humongous regions: 0->0
[2025-08-21T16:39:46.379+0000][3183685][info ][gc,metaspace] GC(9) Metaspace: 29838K(30528K)->29838K(30528K) NonClass: 26438K(26816K)->26438K(26816K) Class: 3400K(3712K)->3400K(3712K)
[2025-08-21T16:39:46.379+0000][3183685][info ][gc          ] GC(9) Pause Young (Mixed) (G1 Evacuation Pause) 179M->22M(512M) 12.301ms
[2025-08-21T16:39:46.379+0000][3183685][info ][gc,cpu      ] GC(9) User=0.01s Sys=0.00s Real=0.01s
[2025-08-21T16:39:46.379+0000][3183685][info ][safepoint   ] Safepoint "G1CollectForAllocation", Time since last: 189536005 ns, Reaching safepoint: 2925 ns, Cleanup: 8703 ns, At safepoint: 12327044 ns, Total: 12338672 ns
[2025-08-21T16:39:47.439+0000][3183685][info ][gc,start    ] GC(10) Pause Young (Normal) (G1 Evacuation Pause)
[2025-08-21T16:39:47.439+0000][3183685][info ][gc,task     ] GC(10) Using 1 workers of 1 for evacuation
[2025-08-21T16:39:47.439+0000][3183685][debug][gc,age      ] GC(10) Desired survivor size 10485760 bytes, new threshold 2 (max threshold 15)
[2025-08-21T16:39:47.446+0000][3183685][info ][gc,phases   ] GC(10)   Pre Evacuate Collection Set: 0.0ms
[2025-08-21T16:39:47.446+0000][3183685][info ][gc,phases   ] GC(10)   Merge Heap Roots: 0.0ms
[2025-08-21T16:39:47.446+0000][3183685][info ][gc,phases   ] GC(10)   Evacuate Collection Set: 7.2ms
[2025-08-21T16:39:47.446+0000][3183685][info ][gc,phases   ] GC(10)   Post Evacuate Collection Set: 0.3ms
[2025-08-21T16:39:47.446+0000][3183685][info ][gc,phases   ] GC(10)   Other: 0.0ms
[2025-08-21T16:39:47.446+0000][3183685][trace][gc,age      ] GC(10) Age table with threshold 2 (max threshold 15)
[2025-08-21T16:39:47.446+0000][3183685][trace][gc,age      ] GC(10) - age   1:    1088120 bytes,    1088120 total
[2025-08-21T16:39:47.446+0000][3183685][trace][gc,age      ] GC(10) - age   2:    1957992 bytes,    3046112 total
[2025-08-21T16:39:47.446+0000][3183685][info ][gc,heap     ] GC(10) Eden regions: 29->0(75)
[2025-08-21T16:39:47.446+0000][3183685][info ][gc,heap     ] GC(10) Survivor regions: 4->1(5)
[2025-08-21T16:39:47.446+0000][3183685][info ][gc,heap     ] GC(10) Old regions: 3->5
[2025-08-21T16:39:47.446+0000][3183685][info ][gc,heap     ] GC(10) Humongous regions: 0->0
[2025-08-21T16:39:47.446+0000][3183685][info ][gc,metaspace] GC(10) Metaspace: 30211K(30976K)->30211K(30976K) NonClass: 26758K(27200K)->26758K(27200K) Class: 3452K(3776K)->3452K(3776K)
[2025-08-21T16:39:47.446+0000][3183685][info ][gc          ] GC(10) Pause Young (Normal) (G1 Evacuation Pause) 138M->22M(512M) 7.677ms
[2025-08-21T16:39:47.446+0000][3183685][info ][gc,cpu      ] GC(10) User=0.01s Sys=0.00s Real=0.01s
[2025-08-21T16:39:47.446+0000][3183685][info ][safepoint   ] Safepoint "G1CollectForAllocation", Time since last: 1059505846 ns, Reaching safepoint: 2844 ns, Cleanup: 38869 ns, At safepoint: 7701870 ns, Total: 7743583 ns
[2025-08-21T16:39:48.983+0000][3183685][info ][safepoint   ] Safepoint "Cleanup", Time since last: 1537067748 ns, Reaching safepoint: 1933 ns, Cleanup: 71087 ns, At safepoint: 1292 ns, Total: 74312 ns
[2025-08-21T16:39:49.515+0000][3183685][info ][gc,start    ] GC(11) Pause Young (Concurrent Start) (Metadata GC Threshold)
[2025-08-21T16:39:49.515+0000][3183685][info ][gc,task     ] GC(11) Using 1 workers of 1 for evacuation
[2025-08-21T16:39:49.515+0000][3183685][debug][gc,age      ] GC(11) Desired survivor size 20971520 bytes, new threshold 15 (max threshold 15)
[2025-08-21T16:39:49.520+0000][3183685][info ][gc,phases   ] GC(11)   Pre Evacuate Collection Set: 0.0ms
[2025-08-21T16:39:49.520+0000][3183685][info ][gc,phases   ] GC(11)   Merge Heap Roots: 0.0ms
[2025-08-21T16:39:49.520+0000][3183685][info ][gc,phases   ] GC(11)   Evacuate Collection Set: 3.8ms
[2025-08-21T16:39:49.520+0000][3183685][info ][gc,phases   ] GC(11)   Post Evacuate Collection Set: 0.3ms
[2025-08-21T16:39:49.520+0000][3183685][info ][gc,phases   ] GC(11)   Other: 0.0ms
[2025-08-21T16:39:49.520+0000][3183685][trace][gc,age      ] GC(11) Age table with threshold 15 (max threshold 15)
[2025-08-21T16:39:49.520+0000][3183685][trace][gc,age      ] GC(11) - age   1:    3186960 bytes,    3186960 total
[2025-08-21T16:39:49.520+0000][3183685][trace][gc,age      ] GC(11) - age   2:     789312 bytes,    3976272 total
[2025-08-21T16:39:49.520+0000][3183685][trace][gc,age      ] GC(11) - age   3:    1957992 bytes,    5934264 total
[2025-08-21T16:39:49.520+0000][3183685][info ][gc,heap     ] GC(11) Eden regions: 42->0(74)
[2025-08-21T16:39:49.520+0000][3183685][info ][gc,heap     ] GC(11) Survivor regions: 1->2(10)
[2025-08-21T16:39:49.520+0000][3183685][info ][gc,heap     ] GC(11) Old regions: 5->5
[2025-08-21T16:39:49.520+0000][3183685][info ][gc,heap     ] GC(11) Humongous regions: 0->0
[2025-08-21T16:39:49.520+0000][3183685][info ][gc,metaspace] GC(11) Metaspace: 35174K(35968K)->35174K(35968K) NonClass: 31201K(31616K)->31201K(31616K) Class: 3972K(4352K)->3972K(4352K)
[2025-08-21T16:39:49.520+0000][3183685][info ][gc          ] GC(11) Pause Young (Concurrent Start) (Metadata GC Threshold) 188M->24M(512M) 4.242ms
[2025-08-21T16:39:49.520+0000][3183685][info ][gc,cpu      ] GC(11) User=0.01s Sys=0.00s Real=0.00s
[2025-08-21T16:39:49.520+0000][3183685][info ][safepoint   ] Safepoint "CollectForMetadataAllocation", Time since last: 532042670 ns, Reaching safepoint: 2153 ns, Cleanup: 32960 ns, At safepoint: 4300845 ns, Total: 4335958 ns
[2025-08-21T16:39:49.523+0000][3183685][info ][gc          ] GC(12) Concurrent Mark Cycle
[2025-08-21T16:39:49.523+0000][3183685][info ][gc,marking  ] GC(12) Concurrent Scan Root Regions
[2025-08-21T16:39:49.525+0000][3183685][info ][gc,marking  ] GC(12) Concurrent Scan Root Regions 1.241ms
[2025-08-21T16:39:49.525+0000][3183685][info ][gc,marking  ] GC(12) Concurrent Mark
[2025-08-21T16:39:49.525+0000][3183685][info ][gc,marking  ] GC(12) Concurrent Mark From Roots
[2025-08-21T16:39:49.525+0000][3183685][info ][gc,task     ] GC(12) Using 1 workers of 1 for marking
[2025-08-21T16:39:49.539+0000][3183685][info ][gc,marking  ] GC(12) Concurrent Mark From Roots 14.671ms
[2025-08-21T16:39:49.539+0000][3183685][info ][gc,marking  ] GC(12) Concurrent Preclean
[2025-08-21T16:39:49.539+0000][3183685][info ][gc,marking  ] GC(12) Concurrent Preclean 0.025ms
[2025-08-21T16:39:49.597+0000][3183685][info ][gc,start    ] GC(12) Pause Remark
[2025-08-21T16:39:49.606+0000][3183685][info ][gc          ] GC(12) Pause Remark 24M->24M(512M) 8.965ms
[2025-08-21T16:39:49.606+0000][3183685][info ][gc,cpu      ] GC(12) User=0.01s Sys=0.00s Real=0.01s
[2025-08-21T16:39:49.606+0000][3183685][info ][safepoint   ] Safepoint "G1PauseRemark", Time since last: 73999571 ns, Reaching safepoint: 2910826 ns, Cleanup: 3214 ns, At safepoint: 9396550 ns, Total: 12310590 ns
[2025-08-21T16:39:49.606+0000][3183685][info ][gc,marking  ] GC(12) Concurrent Mark 81.459ms
[2025-08-21T16:39:49.606+0000][3183685][info ][gc,marking  ] GC(12) Concurrent Rebuild Remembered Sets and Scrub Regions
[2025-08-21T16:39:49.610+0000][3183685][info ][gc,marking  ] GC(12) Concurrent Rebuild Remembered Sets and Scrub Regions 4.151ms
[2025-08-21T16:39:49.610+0000][3183685][info ][gc,start    ] GC(12) Pause Cleanup
[2025-08-21T16:39:49.610+0000][3183685][info ][gc          ] GC(12) Pause Cleanup 24M->24M(512M) 0.026ms
[2025-08-21T16:39:49.610+0000][3183685][info ][gc,cpu      ] GC(12) User=0.00s Sys=0.00s Real=0.00s
[2025-08-21T16:39:49.610+0000][3183685][info ][safepoint   ] Safepoint "G1PauseCleanup", Time since last: 4195004 ns, Reaching safepoint: 1543 ns, Cleanup: 5368 ns, At safepoint: 38608 ns, Total: 45519 ns
[2025-08-21T16:39:49.610+0000][3183685][info ][gc,marking  ] GC(12) Concurrent Clear Claimed Marks
[2025-08-21T16:39:49.610+0000][3183685][info ][gc,marking  ] GC(12) Concurrent Clear Claimed Marks 0.028ms
[2025-08-21T16:39:49.610+0000][3183685][info ][gc,marking  ] GC(12) Concurrent Cleanup for Next Mark
[2025-08-21T16:39:49.611+0000][3183685][info ][gc,marking  ] GC(12) Concurrent Cleanup for Next Mark 0.282ms
[2025-08-21T16:39:49.611+0000][3183685][info ][gc          ] GC(12) Concurrent Mark Cycle 87.266ms
[2025-08-21T16:39:50.616+0000][3183685][info ][safepoint   ] Safepoint "Cleanup", Time since last: 1000067602 ns, Reaching safepoint: 5272211 ns, Cleanup: 39790 ns, At safepoint: 3275 ns, Total: 5315276 ns
[2025-08-21T16:39:51.641+0000][3183685][info ][safepoint   ] Safepoint "Cleanup", Time since last: 1000473875 ns, Reaching safepoint: 25021393 ns, Cleanup: 39590 ns, At safepoint: 3095 ns, Total: 25064078 ns
[2025-08-21T16:39:52.316+0000][3183685][info ][gc,start    ] GC(13) Pause Young (Normal) (G1 Evacuation Pause)
[2025-08-21T16:39:52.316+0000][3183685][info ][gc,task     ] GC(13) Using 1 workers of 1 for evacuation
[2025-08-21T16:39:52.316+0000][3183685][debug][gc,age      ] GC(13) Desired survivor size 20971520 bytes, new threshold 15 (max threshold 15)
[2025-08-21T16:39:52.322+0000][3183685][info ][gc,phases   ] GC(13)   Pre Evacuate Collection Set: 0.0ms
[2025-08-21T16:39:52.322+0000][3183685][info ][gc,phases   ] GC(13)   Merge Heap Roots: 0.0ms
[2025-08-21T16:39:52.322+0000][3183685][info ][gc,phases   ] GC(13)   Evacuate Collection Set: 5.9ms
[2025-08-21T16:39:52.322+0000][3183685][info ][gc,phases   ] GC(13)   Post Evacuate Collection Set: 0.3ms
[2025-08-21T16:39:52.322+0000][3183685][info ][gc,phases   ] GC(13)   Other: 0.0ms
[2025-08-21T16:39:52.322+0000][3183685][trace][gc,age      ] GC(13) Age table with threshold 15 (max threshold 15)
[2025-08-21T16:39:52.322+0000][3183685][trace][gc,age      ] GC(13) - age   1:    6120688 bytes,    6120688 total
[2025-08-21T16:39:52.322+0000][3183685][trace][gc,age      ] GC(13) - age   2:    3167552 bytes,    9288240 total
[2025-08-21T16:39:52.322+0000][3183685][trace][gc,age      ] GC(13) - age   3:     788584 bytes,   10076824 total
[2025-08-21T16:39:52.322+0000][3183685][trace][gc,age      ] GC(13) - age   4:    1956696 bytes,   12033520 total
[2025-08-21T16:39:52.322+0000][3183685][info ][gc,heap     ] GC(13) Eden regions: 74->0(73)
[2025-08-21T16:39:52.322+0000][3183685][info ][gc,heap     ] GC(13) Survivor regions: 2->3(10)
[2025-08-21T16:39:52.322+0000][3183685][info ][gc,heap     ] GC(13) Old regions: 5->5
[2025-08-21T16:39:52.322+0000][3183685][info ][gc,heap     ] GC(13) Humongous regions: 0->0
[2025-08-21T16:39:52.322+0000][3183685][info ][gc,metaspace] GC(13) Metaspace: 37428K(38336K)->37428K(38336K) NonClass: 33151K(33664K)->33151K(33664K) Class: 4276K(4672K)->4276K(4672K)
[2025-08-21T16:39:52.322+0000][3183685][info ][gc          ] GC(13) Pause Young (Normal) (G1 Evacuation Pause) 320M->30M(512M) 6.444ms
[2025-08-21T16:39:52.322+0000][3183685][info ][gc,cpu      ] GC(13) User=0.01s Sys=0.00s Real=0.00s
[2025-08-21T16:39:52.322+0000][3183685][info ][safepoint   ] Safepoint "G1CollectForAllocation", Time since last: 674297760 ns, Reaching safepoint: 2603 ns, Cleanup: 74012 ns, At safepoint: 6468137 ns, Total: 6544752 ns
[2025-08-21T16:39:53.333+0000][3183685][info ][safepoint   ] Safepoint "Cleanup", Time since last: 1000067502 ns, Reaching safepoint: 10496119 ns, Cleanup: 18378 ns, At safepoint: 3465 ns, Total: 10517962 ns
[2025-08-21T16:39:53.844+0000][3183685][info ][gc,start    ] GC(14) Pause Young (Normal) (G1 Evacuation Pause)
[2025-08-21T16:39:53.844+0000][3183685][info ][gc,task     ] GC(14) Using 1 workers of 1 for evacuation
[2025-08-21T16:39:53.844+0000][3183685][debug][gc,age      ] GC(14) Desired survivor size 20971520 bytes, new threshold 15 (max threshold 15)
[2025-08-21T16:39:53.852+0000][3183685][info ][gc,phases   ] GC(14)   Pre Evacuate Collection Set: 0.0ms
[2025-08-21T16:39:53.852+0000][3183685][info ][gc,phases   ] GC(14)   Merge Heap Roots: 0.0ms
[2025-08-21T16:39:53.852+0000][3183685][info ][gc,phases   ] GC(14)   Evacuate Collection Set: 7.4ms
[2025-08-21T16:39:53.852+0000][3183685][info ][gc,phases   ] GC(14)   Post Evacuate Collection Set: 0.4ms
[2025-08-21T16:39:53.852+0000][3183685][info ][gc,phases   ] GC(14)   Other: 0.0ms
[2025-08-21T16:39:53.852+0000][3183685][trace][gc,age      ] GC(14) Age table with threshold 15 (max threshold 15)
[2025-08-21T16:39:53.852+0000][3183685][trace][gc,age      ] GC(14) - age   1:    5257784 bytes,    5257784 total
[2025-08-21T16:39:53.852+0000][3183685][trace][gc,age      ] GC(14) - age   2:    5695896 bytes,   10953680 total
[2025-08-21T16:39:53.852+0000][3183685][trace][gc,age      ] GC(14) - age   3:    3165424 bytes,   14119104 total
[2025-08-21T16:39:53.852+0000][3183685][trace][gc,age      ] GC(14) - age   4:     788488 bytes,   14907592 total
[2025-08-21T16:39:53.852+0000][3183685][trace][gc,age      ] GC(14) - age   5:    1956360 bytes,   16863952 total
[2025-08-21T16:39:53.852+0000][3183685][info ][gc,heap     ] GC(14) Eden regions: 73->0(71)
[2025-08-21T16:39:53.852+0000][3183685][info ][gc,heap     ] GC(14) Survivor regions: 3->5(10)
[2025-08-21T16:39:53.852+0000][3183685][info ][gc,heap     ] GC(14) Old regions: 5->5
[2025-08-21T16:39:53.852+0000][3183685][info ][gc,heap     ] GC(14) Humongous regions: 0->0
[2025-08-21T16:39:53.852+0000][3183685][info ][gc,metaspace] GC(14) Metaspace: 38105K(39040K)->38105K(39040K) NonClass: 33735K(34304K)->33735K(34304K) Class: 4370K(4736K)->4370K(4736K)
[2025-08-21T16:39:53.852+0000][3183685][info ][gc          ] GC(14) Pause Young (Normal) (G1 Evacuation Pause) 322M->36M(512M) 8.043ms
[2025-08-21T16:39:53.852+0000][3183685][info ][gc,cpu      ] GC(14) User=0.01s Sys=0.00s Real=0.01s
[2025-08-21T16:39:53.852+0000][3183685][info ][safepoint   ] Safepoint "G1CollectForAllocation", Time since last: 511681465 ns, Reaching safepoint: 2854 ns, Cleanup: 31988 ns, At safepoint: 8071078 ns, Total: 8105920 ns
[2025-08-21T16:39:54.859+0000][3183685][info ][safepoint   ] Safepoint "Cleanup", Time since last: 1000070476 ns, Reaching safepoint: 6309307 ns, Cleanup: 46471 ns, At safepoint: 3535 ns, Total: 6359313 ns
[2025-08-21T16:39:55.983+0000][3183685][info ][safepoint   ] Safepoint "Cleanup", Time since last: 1109503423 ns, Reaching safepoint: 14762672 ns, Cleanup: 107813 ns, At safepoint: 4737 ns, Total: 14875222 ns
[2025-08-21T16:39:56.992+0000][3183685][info ][safepoint   ] Safepoint "Cleanup", Time since last: 1000103706 ns, Reaching safepoint: 8453355 ns, Cleanup: 36115 ns, At safepoint: 4016 ns, Total: 8493486 ns
[2025-08-21T16:39:57.993+0000][3183685][info ][safepoint   ] Safepoint "Cleanup", Time since last: 1000092900 ns, Reaching safepoint: 548438 ns, Cleanup: 27271 ns, At safepoint: 2404 ns, Total: 578113 ns
[2025-08-21T16:39:59.008+0000][3183685][info ][safepoint   ] Safepoint "Cleanup", Time since last: 1000087742 ns, Reaching safepoint: 15203448 ns, Cleanup: 51978 ns, At safepoint: 4257 ns, Total: 15259683 ns
[2025-08-21T16:39:59.012+0000][3183685][info ][gc,start    ] GC(15) Pause Young (Normal) (G1 Evacuation Pause)
[2025-08-21T16:39:59.012+0000][3183685][info ][gc,task     ] GC(15) Using 1 workers of 1 for evacuation
[2025-08-21T16:39:59.012+0000][3183685][debug][gc,age      ] GC(15) Desired survivor size 20971520 bytes, new threshold 15 (max threshold 15)
[2025-08-21T16:39:59.025+0000][3183685][info ][gc,phases   ] GC(15)   Pre Evacuate Collection Set: 0.1ms
[2025-08-21T16:39:59.025+0000][3183685][info ][gc,phases   ] GC(15)   Merge Heap Roots: 0.0ms
[2025-08-21T16:39:59.025+0000][3183685][info ][gc,phases   ] GC(15)   Evacuate Collection Set: 12.0ms
[2025-08-21T16:39:59.025+0000][3183685][info ][gc,phases   ] GC(15)   Post Evacuate Collection Set: 0.7ms
[2025-08-21T16:39:59.025+0000][3183685][info ][gc,phases   ] GC(15)   Other: 0.0ms
[2025-08-21T16:39:59.025+0000][3183685][trace][gc,age      ] GC(15) Age table with threshold 15 (max threshold 15)
[2025-08-21T16:39:59.025+0000][3183685][trace][gc,age      ] GC(15) - age   1:    4809832 bytes,    4809832 total
[2025-08-21T16:39:59.025+0000][3183685][trace][gc,age      ] GC(15) - age   2:    3315408 bytes,    8125240 total
[2025-08-21T16:39:59.025+0000][3183685][trace][gc,age      ] GC(15) - age   3:    5676696 bytes,   13801936 total
[2025-08-21T16:39:59.025+0000][3183685][trace][gc,age      ] GC(15) - age   4:    3159184 bytes,   16961120 total
[2025-08-21T16:39:59.025+0000][3183685][trace][gc,age      ] GC(15) - age   5:     787984 bytes,   17749104 total
[2025-08-21T16:39:59.025+0000][3183685][trace][gc,age      ] GC(15) - age   6:    1953744 bytes,   19702848 total
[2025-08-21T16:39:59.025+0000][3183685][info ][gc,heap     ] GC(15) Eden regions: 71->0(71)
[2025-08-21T16:39:59.025+0000][3183685][info ][gc,heap     ] GC(15) Survivor regions: 5->5(10)
[2025-08-21T16:39:59.025+0000][3183685][info ][gc,heap     ] GC(15) Old regions: 5->5
[2025-08-21T16:39:59.025+0000][3183685][info ][gc,heap     ] GC(15) Humongous regions: 0->0
[2025-08-21T16:39:59.025+0000][3183685][info ][gc,metaspace] GC(15) Metaspace: 49186K(50432K)->49186K(50432K) NonClass: 43427K(44160K)->43427K(44160K) Class: 5758K(6272K)->5758K(6272K)
[2025-08-21T16:39:59.025+0000][3183685][info ][gc          ] GC(15) Pause Young (Normal) (G1 Evacuation Pause) 320M->38M(512M) 13.006ms
[2025-08-21T16:39:59.025+0000][3183685][info ][gc,cpu      ] GC(15) User=0.01s Sys=0.00s Real=0.01s
[2025-08-21T16:39:59.025+0000][3183685][info ][safepoint   ] Safepoint "G1CollectForAllocation", Time since last: 3777674 ns, Reaching safepoint: 1462 ns, Cleanup: 742 ns, At safepoint: 13036235 ns, Total: 13038439 ns
[2025-08-21T16:39:59.247+0000][3183685][info ][gc,heap,exit] Heap
[2025-08-21T16:39:59.247+0000][3183685][info ][gc,heap,exit]  garbage-first heap   total 524288K, used 51717K [0x00000000e0000000, 0x0000000100000000)
[2025-08-21T16:39:59.247+0000][3183685][info ][gc,heap,exit]   region size 4096K, 8 young (32768K), 5 survivors (20480K)
[2025-08-21T16:39:59.247+0000][3183685][info ][gc,heap,exit]  Metaspace       used 49435K, committed 50688K, reserved 1114112K
[2025-08-21T16:39:59.247+0000][3183685][info ][gc,heap,exit]   class space    used 5797K, committed 6272K, reserved 1048576K
